Mar  8 14:50:48 UbuntuApp kernel: [  835.164886] kauditd_printk_skb: 29 callbacks suppressed
Mar  8 14:50:48 UbuntuApp kernel: [  835.164888] audit: type=1305 audit(1583679048.487:82): audit_pid=0 old=6409 auid=4294967295 ses=4294967295 res=1
Mar  8 14:50:48 UbuntuApp kernel: [  835.166048] audit: type=1130 audit(1583679048.487:83): pid=1 uid=0 auid=4294967295 ses=4294967295 msg='unit=auditd comm="systemd" exe="/lib/systemd/systemd" hostname=? addr=? terminal=? res=success'
Mar  8 14:50:48 UbuntuApp kernel: [  835.166052] audit: type=1131 audit(1583679048.487:84): pid=1 uid=0 auid=4294967295 ses=4294967295 msg='unit=auditd comm="systemd" exe="/lib/systemd/systemd" hostname=? addr=? terminal=? res=success'
Mar  8 14:50:48 UbuntuApp kernel: [  835.183391] audit: type=1305 audit(1583679048.503:85): audit_enabled=1 old=1 auid=4294967295 ses=4294967295 res=1
Mar  8 15:04:16 UbuntuApp kernel: [ 1643.235670] audit: type=1305 audit(1583679856.557:121): audit_pid=0 old=7345 auid=4294967295 ses=4294967295 res=1
Mar  8 15:04:16 UbuntuApp kernel: [ 1643.239061] audit: type=1131 audit(1583679856.561:122): pid=1 uid=0 auid=4294967295 ses=4294967295 msg='unit=auditd comm="systemd" exe="/lib/systemd/systemd" hostname=? addr=? terminal=? res=success'
Mar  8 15:04:16 UbuntuApp kernel: [ 1643.261136] audit: type=1305 audit(1583679856.585:123): audit_enabled=1 old=1 auid=4294967295 ses=4294967295 res=1
Mar  8 16:05:57 UbuntuApp kernel: [ 5344.191475] hv_utils: Shutdown request received - graceful shutdown initiated
Mar  8 16:05:57 UbuntuApp kernel: [ 5344.307129] rfkill: input handler enabled
Mar  9 12:58:38 UbuntuApp kernel: [    0.000000] Linux version 5.0.0-1032-azure (buildd@lcy01-amd64-016) (gcc version 7.4.0 (Ubuntu 7.4.0-1ubuntu1~18.04.1)) #34-Ubuntu SMP Mon Feb 10 19:37:25 UTC 2020 (Ubuntu 5.0.0-1032.34-azure 5.0.21)
Mar  9 12:58:38 UbuntuApp kernel: [    0.000000] Command line: BOOT_IMAGE=/boot/vmlinuz-5.0.0-1032-azure root=UUID=5604f71e-1e5f-443c-a99e-b82bb5c201df ro console=tty1 console=ttyS0 earlyprintk=ttyS0 rootdelay=300
Mar  9 12:58:38 UbuntuApp kernel: [    0.000000] KERNEL supported cpus:
Mar  9 12:58:38 UbuntuApp kernel: [    0.000000]   Intel GenuineIntel
Mar  9 12:58:38 UbuntuApp kernel: [    0.000000]   AMD AuthenticAMD
Mar  9 12:58:38 UbuntuApp kernel: [    0.000000]   Hygon HygonGenuine
Mar  9 12:58:38 UbuntuApp kernel: [    0.000000]   Centaur CentaurHauls
Mar  9 12:58:38 UbuntuApp kernel: [    0.000000] x86/fpu: Supporting XSAVE feature 0x001: 'x87 floating point registers'
Mar  9 12:58:38 UbuntuApp kernel: [    0.000000] x86/fpu: Supporting XSAVE feature 0x002: 'SSE registers'
Mar  9 12:58:38 UbuntuApp kernel: [    0.000000] x86/fpu: Supporting XSAVE feature 0x004: 'AVX registers'
Mar  9 12:58:38 UbuntuApp kernel: [    0.000000] x86/fpu: xstate_offset[2]:  576, xstate_sizes[2]:  256
Mar  9 12:58:38 UbuntuApp kernel: [    0.000000] x86/fpu: Enabled xstate features 0x7, context size is 832 bytes, using 'standard' format.
Mar  9 12:58:38 UbuntuApp kernel: [    0.000000] BIOS-provided physical RAM map:
Mar  9 12:58:38 UbuntuApp kernel: [    0.000000] BIOS-e820: [mem 0x0000000000000000-0x000000000009fbff] usable
Mar  9 12:58:38 UbuntuApp kernel: [    0.000000] BIOS-e820: [mem 0x000000000009fc00-0x000000000009ffff] reserved
Mar  9 12:58:38 UbuntuApp kernel: [    0.000000] BIOS-e820: [mem 0x00000000000e0000-0x00000000000fffff] reserved
Mar  9 12:58:38 UbuntuApp kernel: [    0.000000] BIOS-e820: [mem 0x0000000000100000-0x000000003ffeffff] usable
Mar  9 12:58:38 UbuntuApp kernel: [    0.000000] BIOS-e820: [mem 0x000000003fff0000-0x000000003fffefff] ACPI data
Mar  9 12:58:38 UbuntuApp kernel: [    0.000000] BIOS-e820: [mem 0x000000003ffff000-0x000000003fffffff] ACPI NVS
Mar  9 12:58:38 UbuntuApp kernel: [    0.000000] BIOS-e820: [mem 0x0000000100000000-0x00000002bfffffff] usable
Mar  9 12:58:38 UbuntuApp kernel: [    0.000000] printk: bootconsole [earlyser0] enabled
Mar  9 12:58:38 UbuntuApp kernel: [    0.000000] NX (Execute Disable) protection: active
Mar  9 12:58:38 UbuntuApp kernel: [    0.000000] SMBIOS 2.3 present.
Mar  9 12:58:38 UbuntuApp kernel: [    0.000000] DMI: Microsoft Corporation Virtual Machine/Virtual Machine, BIOS 090007  06/02/2017
Mar  9 12:58:38 UbuntuApp kernel: [    0.000000] Hypervisor detected: Microsoft Hyper-V
Mar  9 12:58:38 UbuntuApp kernel: [    0.000000] Hyper-V: features 0x2e7f, hints 0x44c2c
Mar  9 12:58:38 UbuntuApp kernel: [    0.000000] Hyper-V Host Build:14393-10.0-0-0.305
Mar  9 12:58:38 UbuntuApp kernel: [    0.000000] Hyper-V: LAPIC Timer Frequency: 0xc3500
Mar  9 12:58:38 UbuntuApp kernel: [    0.000000] tsc: Marking TSC unstable due to running on Hyper-V
Mar  9 12:58:38 UbuntuApp kernel: [    0.000000] Hyper-V: Using hypercall for remote TLB flush
Mar  9 12:58:38 UbuntuApp kernel: [    0.000000] tsc: Detected 2294.682 MHz processor
Mar  9 12:58:38 UbuntuApp kernel: [    0.001565] e820: update [mem 0x00000000-0x00000fff] usable ==> reserved
Mar  9 12:58:38 UbuntuApp kernel: [    0.001567] e820: remove [mem 0x000a0000-0x000fffff] usable
Mar  9 12:58:38 UbuntuApp kernel: [    0.001571] last_pfn = 0x2c0000 max_arch_pfn = 0x400000000
Mar  9 12:58:38 UbuntuApp kernel: [    0.005016] MTRR default type: uncachable
Mar  9 12:58:38 UbuntuApp kernel: [    0.005018] MTRR fixed ranges enabled:
Mar  9 12:58:38 UbuntuApp kernel: [    0.005019]   00000-9FFFF write-back
Mar  9 12:58:38 UbuntuApp kernel: [    0.005019]   A0000-DFFFF uncachable
Mar  9 12:58:38 UbuntuApp kernel: [    0.005020]   E0000-FFFFF write-back
Mar  9 12:58:38 UbuntuApp kernel: [    0.005020] MTRR variable ranges enabled:
Mar  9 12:58:38 UbuntuApp kernel: [    0.005022]   0 base 00000000000 mask FFFC0000000 write-back
Mar  9 12:58:38 UbuntuApp kernel: [    0.005023]   1 base 00100000000 mask FF000000000 write-back
Mar  9 12:58:38 UbuntuApp kernel: [    0.005023]   2 disabled
Mar  9 12:58:38 UbuntuApp kernel: [    0.005024]   3 disabled
Mar  9 12:58:38 UbuntuApp kernel: [    0.005024]   4 disabled
Mar  9 12:58:38 UbuntuApp kernel: [    0.005024]   5 disabled
Mar  9 12:58:38 UbuntuApp kernel: [    0.005025]   6 disabled
Mar  9 12:58:38 UbuntuApp kernel: [    0.005025]   7 disabled
Mar  9 12:58:38 UbuntuApp kernel: [    0.005035] x86/PAT: Configuration [0-7]: WB  WC  UC- UC  WB  WP  UC- WT  
Mar  9 12:58:38 UbuntuApp kernel: [    0.009080] e820: update [mem 0x40000000-0xffffffff] usable ==> reserved
Mar  9 12:58:38 UbuntuApp kernel: [    0.010965] last_pfn = 0x3fff0 max_arch_pfn = 0x400000000
Mar  9 12:58:38 UbuntuApp kernel: [    0.022260] found SMP MP-table at [mem 0x000ff780-0x000ff78f]
Mar  9 12:58:38 UbuntuApp kernel: [    0.026209] check: Scanning 1 areas for low memory corruption
Mar  9 12:58:38 UbuntuApp kernel: [    0.030183] Using GB pages for direct mapping
Mar  9 12:58:38 UbuntuApp kernel: [    0.032938] BRK [0x220402000, 0x220402fff] PGTABLE
Mar  9 12:58:38 UbuntuApp kernel: [    0.032940] BRK [0x220403000, 0x220403fff] PGTABLE
Mar  9 12:58:38 UbuntuApp kernel: [    0.032941] BRK [0x220404000, 0x220404fff] PGTABLE
Mar  9 12:58:38 UbuntuApp kernel: [    0.032964] BRK [0x220405000, 0x220405fff] PGTABLE
Mar  9 12:58:38 UbuntuApp kernel: [    0.033005] BRK [0x220406000, 0x220406fff] PGTABLE
Mar  9 12:58:38 UbuntuApp kernel: [    0.033025] RAMDISK: [mem 0x351e7000-0x368eafff]
Mar  9 12:58:38 UbuntuApp kernel: [    0.035838] ACPI: Early table checksum verification disabled
Mar  9 12:58:38 UbuntuApp kernel: [    0.039464] ACPI: RSDP 0x00000000000F5BF0 000014 (v00 ACPIAM)
Mar  9 12:58:38 UbuntuApp kernel: [    0.042912] ACPI: RSDT 0x000000003FFF0000 000040 (v01 VRTUAL MICROSFT 06001702 MSFT 00000097)
Mar  9 12:58:38 UbuntuApp kernel: [    0.048783] ACPI: FACP 0x000000003FFF0200 000081 (v02 VRTUAL MICROSFT 06001702 MSFT 00000097)
Mar  9 12:58:38 UbuntuApp kernel: [    0.054102] ACPI: DSDT 0x000000003FFF1D24 003CBE (v01 MSFTVM MSFTVM02 00000002 INTL 02002026)
Mar  9 12:58:38 UbuntuApp kernel: [    0.059307] ACPI: FACS 0x000000003FFFF000 000040
Mar  9 12:58:38 UbuntuApp kernel: [    0.062490] ACPI: WAET 0x000000003FFF1A80 000028 (v01 VRTUAL MICROSFT 06001702 MSFT 00000097)
Mar  9 12:58:38 UbuntuApp kernel: [    0.067832] ACPI: SLIC 0x000000003FFF1AC0 000176 (v01 VRTUAL MICROSFT 06001702 MSFT 00000097)
Mar  9 12:58:38 UbuntuApp kernel: [    0.072959] ACPI: OEM0 0x000000003FFF1CC0 000064 (v01 VRTUAL MICROSFT 06001702 MSFT 00000097)
Mar  9 12:58:38 UbuntuApp kernel: [    0.078268] ACPI: SRAT 0x000000003FFF0800 000140 (v02 VRTUAL MICROSFT 00000001 MSFT 00000001)
Mar  9 12:58:38 UbuntuApp kernel: [    0.083507] ACPI: APIC 0x000000003FFF0300 000452 (v01 VRTUAL MICROSFT 06001702 MSFT 00000097)
Mar  9 12:58:38 UbuntuApp kernel: [    0.088639] ACPI: OEMB 0x000000003FFFF040 000064 (v01 VRTUAL MICROSFT 06001702 MSFT 00000097)
Mar  9 12:58:38 UbuntuApp kernel: [    0.093709] ACPI: Local APIC address 0xfee00000
Mar  9 12:58:38 UbuntuApp kernel: [    0.093747] SRAT: PXM 0 -> APIC 0x00 -> Node 0
Mar  9 12:58:38 UbuntuApp kernel: [    0.096076] SRAT: PXM 0 -> APIC 0x01 -> Node 0
Mar  9 12:58:38 UbuntuApp kernel: [    0.098806] ACPI: SRAT: Node 0 PXM 0 [mem 0x00000000-0x3fffffff] hotplug
Mar  9 12:58:38 UbuntuApp kernel: [    0.103094] ACPI: SRAT: Node 0 PXM 0 [mem 0x100000000-0x2bfffffff] hotplug
Mar  9 12:58:38 UbuntuApp kernel: [    0.107511] ACPI: SRAT: Node 0 PXM 0 [mem 0x2c0200000-0xfdfffffff] hotplug
Mar  9 12:58:38 UbuntuApp kernel: [    0.112376] ACPI: SRAT: Node 0 PXM 0 [mem 0x1000000000-0xffffffffff] hotplug
Mar  9 12:58:38 UbuntuApp kernel: [    0.117080] ACPI: SRAT: Node 0 PXM 0 [mem 0x10000200000-0x1ffffffffff] hotplug
Mar  9 12:58:38 UbuntuApp kernel: [    0.122267] ACPI: SRAT: Node 0 PXM 0 [mem 0x20000200000-0x3ffffffffff] hotplug
Mar  9 12:58:38 UbuntuApp kernel: [    0.126723] NUMA: Node 0 [mem 0x00000000-0x3fffffff] + [mem 0x100000000-0x2bfffffff] -> [mem 0x00000000-0x2bfffffff]
Mar  9 12:58:38 UbuntuApp kernel: [    0.134495] NODE_DATA(0) allocated [mem 0x2bffd5000-0x2bfffffff]
Mar  9 12:58:38 UbuntuApp kernel: [    0.138435] Zone ranges:
Mar  9 12:58:38 UbuntuApp kernel: [    0.140042]   DMA      [mem 0x0000000000001000-0x0000000000ffffff]
Mar  9 12:58:38 UbuntuApp kernel: [    0.144061]   DMA32    [mem 0x0000000001000000-0x00000000ffffffff]
Mar  9 12:58:38 UbuntuApp kernel: [    0.147835]   Normal   [mem 0x0000000100000000-0x00000002bfffffff]
Mar  9 12:58:38 UbuntuApp kernel: [    0.152665]   Device   empty
Mar  9 12:58:38 UbuntuApp kernel: [    0.154316] Movable zone start for each node
Mar  9 12:58:38 UbuntuApp kernel: [    0.157491] Early memory node ranges
Mar  9 12:58:38 UbuntuApp kernel: [    0.160354]   node   0: [mem 0x0000000000001000-0x000000000009efff]
Mar  9 12:58:38 UbuntuApp kernel: [    0.164190]   node   0: [mem 0x0000000000100000-0x000000003ffeffff]
Mar  9 12:58:38 UbuntuApp kernel: [    0.168454]   node   0: [mem 0x0000000100000000-0x00000002bfffffff]
Mar  9 12:58:38 UbuntuApp kernel: [    0.172180] Zeroed struct page in unavailable ranges: 114 pages
Mar  9 12:58:38 UbuntuApp kernel: [    0.172182] Initmem setup node 0 [mem 0x0000000000001000-0x00000002bfffffff]
Mar  9 12:58:38 UbuntuApp kernel: [    0.180811] On node 0 totalpages: 2097038
Mar  9 12:58:38 UbuntuApp kernel: [    0.180812]   DMA zone: 64 pages used for memmap
Mar  9 12:58:38 UbuntuApp kernel: [    0.180812]   DMA zone: 21 pages reserved
Mar  9 12:58:38 UbuntuApp kernel: [    0.180813]   DMA zone: 3998 pages, LIFO batch:0
Mar  9 12:58:38 UbuntuApp kernel: [    0.180979]   DMA32 zone: 4032 pages used for memmap
Mar  9 12:58:38 UbuntuApp kernel: [    0.180980]   DMA32 zone: 258032 pages, LIFO batch:63
Mar  9 12:58:38 UbuntuApp kernel: [    0.189877]   Normal zone: 28672 pages used for memmap
Mar  9 12:58:38 UbuntuApp kernel: [    0.189878]   Normal zone: 1835008 pages, LIFO batch:63
Mar  9 12:58:38 UbuntuApp kernel: [    0.239358] ACPI: PM-Timer IO Port: 0x408
Mar  9 12:58:38 UbuntuApp kernel: [    0.242258] ACPI: Local APIC address 0xfee00000
Mar  9 12:58:38 UbuntuApp kernel: [    0.242280] ACPI: LAPIC_NMI (acpi_id[0xff] dfl dfl lint[0x1])
Mar  9 12:58:38 UbuntuApp kernel: [    0.249901] IOAPIC[0]: apic_id 0, version 17, address 0xfec00000, GSI 0-23
Mar  9 12:58:38 UbuntuApp kernel: [    0.255335] ACPI: INT_SRC_OVR (bus 0 bus_irq 0 global_irq 2 dfl dfl)
Mar  9 12:58:38 UbuntuApp kernel: [    0.259386] ACPI: INT_SRC_OVR (bus 0 bus_irq 9 global_irq 9 high level)
Mar  9 12:58:38 UbuntuApp kernel: [    0.268666] ACPI: IRQ0 used by override.
Mar  9 12:58:38 UbuntuApp kernel: [    0.268668] ACPI: IRQ9 used by override.
Mar  9 12:58:38 UbuntuApp kernel: [    0.268670] Using ACPI (MADT) for SMP configuration information
Mar  9 12:58:38 UbuntuApp kernel: [    0.272310] smpboot: Allowing 128 CPUs, 126 hotplug CPUs
Mar  9 12:58:38 UbuntuApp kernel: [    0.276418] PM: Registered nosave memory: [mem 0x00000000-0x00000fff]
Mar  9 12:58:38 UbuntuApp kernel: [    0.280852] PM: Registered nosave memory: [mem 0x0009f000-0x0009ffff]
Mar  9 12:58:38 UbuntuApp kernel: [    0.284815] PM: Registered nosave memory: [mem 0x000a0000-0x000dffff]
Mar  9 12:58:38 UbuntuApp kernel: [    0.288944] PM: Registered nosave memory: [mem 0x000e0000-0x000fffff]
Mar  9 12:58:38 UbuntuApp kernel: [    0.293459] PM: Registered nosave memory: [mem 0x3fff0000-0x3fffefff]
Mar  9 12:58:38 UbuntuApp kernel: [    0.297798] PM: Registered nosave memory: [mem 0x3ffff000-0x3fffffff]
Mar  9 12:58:38 UbuntuApp kernel: [    0.301674] PM: Registered nosave memory: [mem 0x40000000-0xffffffff]
Mar  9 12:58:38 UbuntuApp kernel: [    0.306528] [mem 0x40000000-0xffffffff] available for PCI devices
Mar  9 12:58:38 UbuntuApp kernel: [    0.309937] Booting paravirtualized kernel on bare hardware
Mar  9 12:58:38 UbuntuApp kernel: [    0.314903] clocksource: refined-jiffies: mask: 0xffffffff max_cycles: 0xffffffff, max_idle_ns: 7645519600211568 ns
Mar  9 12:58:38 UbuntuApp kernel: [    0.322738] random: get_random_bytes called from start_kernel+0x93/0x503 with crng_init=0
Mar  9 12:58:38 UbuntuApp kernel: [    0.328082] setup_percpu: NR_CPUS:8192 nr_cpumask_bits:128 nr_cpu_ids:128 nr_node_ids:1
Mar  9 12:58:38 UbuntuApp kernel: [    0.341871] percpu: Embedded 45 pages/cpu s147456 r8192 d28672 u262144
Mar  9 12:58:38 UbuntuApp kernel: [    0.346819] pcpu-alloc: s147456 r8192 d28672 u262144 alloc=1*2097152
Mar  9 12:58:38 UbuntuApp kernel: [    0.346821] pcpu-alloc: [0] 000 001 002 003 004 005 006 007 
Mar  9 12:58:38 UbuntuApp kernel: [    0.346823] pcpu-alloc: [0] 008 009 010 011 012 013 014 015 
Mar  9 12:58:38 UbuntuApp kernel: [    0.346824] pcpu-alloc: [0] 016 017 018 019 020 021 022 023 
Mar  9 12:58:38 UbuntuApp kernel: [    0.346826] pcpu-alloc: [0] 024 025 026 027 028 029 030 031 
Mar  9 12:58:38 UbuntuApp kernel: [    0.346828] pcpu-alloc: [0] 032 033 034 035 036 037 038 039 
Mar  9 12:58:38 UbuntuApp kernel: [    0.346829] pcpu-alloc: [0] 040 041 042 043 044 045 046 047 
Mar  9 12:58:38 UbuntuApp kernel: [    0.346831] pcpu-alloc: [0] 048 049 050 051 052 053 054 055 
Mar  9 12:58:38 UbuntuApp kernel: [    0.346833] pcpu-alloc: [0] 056 057 058 059 060 061 062 063 
Mar  9 12:58:38 UbuntuApp kernel: [    0.346834] pcpu-alloc: [0] 064 065 066 067 068 069 070 071 
Mar  9 12:58:38 UbuntuApp kernel: [    0.346836] pcpu-alloc: [0] 072 073 074 075 076 077 078 079 
Mar  9 12:58:38 UbuntuApp kernel: [    0.346838] pcpu-alloc: [0] 080 081 082 083 084 085 086 087 
Mar  9 12:58:38 UbuntuApp kernel: [    0.346839] pcpu-alloc: [0] 088 089 090 091 092 093 094 095 
Mar  9 12:58:38 UbuntuApp kernel: [    0.346841] pcpu-alloc: [0] 096 097 098 099 100 101 102 103 
Mar  9 12:58:38 UbuntuApp kernel: [    0.346842] pcpu-alloc: [0] 104 105 106 107 108 109 110 111 
Mar  9 12:58:38 UbuntuApp kernel: [    0.346844] pcpu-alloc: [0] 112 113 114 115 116 117 118 119 
Mar  9 12:58:38 UbuntuApp kernel: [    0.346845] pcpu-alloc: [0] 120 121 122 123 124 125 126 127 
Mar  9 12:58:38 UbuntuApp kernel: [    0.346871] Hyper-V: PV spinlocks enabled
Mar  9 12:58:38 UbuntuApp kernel: [    0.349295] PV qspinlock hash table entries: 512 (order: 1, 8192 bytes)
Mar  9 12:58:38 UbuntuApp kernel: [    0.353481] Built 1 zonelists, mobility grouping on.  Total pages: 2064249
Mar  9 12:58:38 UbuntuApp kernel: [    0.357369] Policy zone: Normal
Mar  9 12:58:38 UbuntuApp kernel: [    0.359205] Kernel command line: BOOT_IMAGE=/boot/vmlinuz-5.0.0-1032-azure root=UUID=5604f71e-1e5f-443c-a99e-b82bb5c201df ro console=tty1 console=ttyS0 earlyprintk=ttyS0 rootdelay=300
Mar  9 12:58:38 UbuntuApp kernel: [    0.369847] printk: log_buf_len individual max cpu contribution: 4096 bytes
Mar  9 12:58:38 UbuntuApp kernel: [    0.373941] printk: log_buf_len total cpu_extra contributions: 520192 bytes
Mar  9 12:58:38 UbuntuApp kernel: [    0.377781] printk: log_buf_len min size: 262144 bytes
Mar  9 12:58:38 UbuntuApp kernel: [    0.381057] printk: log_buf_len: 1048576 bytes
Mar  9 12:58:38 UbuntuApp kernel: [    0.383556] printk: early log buf free: 251912(96%)
Mar  9 12:58:38 UbuntuApp kernel: [    0.402853] Calgary: detecting Calgary via BIOS EBDA area
Mar  9 12:58:38 UbuntuApp kernel: [    0.402856] Calgary: Unable to locate Rio Grande table in EBDA - bailing!
Mar  9 12:58:38 UbuntuApp kernel: [    0.428769] Memory: 8114236K/8388152K available (12292K kernel code, 2233K rwdata, 3944K rodata, 2360K init, 5524K bss, 273916K reserved, 0K cma-reserved)
Mar  9 12:58:38 UbuntuApp kernel: [    0.437819] SLUB: HWalign=64, Order=0-3, MinObjects=0, CPUs=128, Nodes=1
Mar  9 12:58:38 UbuntuApp kernel: [    0.441982] Kernel/User page tables isolation: enabled
Mar  9 12:58:38 UbuntuApp kernel: [    0.445143] ftrace: allocating 38709 entries in 152 pages
Mar  9 12:58:38 UbuntuApp kernel: [    0.465305] rcu: Hierarchical RCU implementation.
Mar  9 12:58:38 UbuntuApp kernel: [    0.468136] rcu: 	RCU restricting CPUs from NR_CPUS=8192 to nr_cpu_ids=128.
Mar  9 12:58:38 UbuntuApp kernel: [    0.471825] 	Tasks RCU enabled.
Mar  9 12:58:38 UbuntuApp kernel: [    0.473357] rcu: RCU calculated value of scheduler-enlistment delay is 25 jiffies.
Mar  9 12:58:38 UbuntuApp kernel: [    0.477429] rcu: Adjusting geometry for rcu_fanout_leaf=16, nr_cpu_ids=128
Mar  9 12:58:38 UbuntuApp kernel: [    0.484495] NR_IRQS: 524544, nr_irqs: 1448, preallocated irqs: 16
Mar  9 12:58:38 UbuntuApp kernel: [    0.494898] Console: colour VGA+ 80x25
Mar  9 12:58:38 UbuntuApp kernel: [    1.013438] printk: console [tty1] enabled
Mar  9 12:58:38 UbuntuApp kernel: [    1.016643] printk: console [ttyS0] enabled
Mar  9 12:58:38 UbuntuApp kernel: [    1.022630] printk: bootconsole [earlyser0] disabled
Mar  9 12:58:38 UbuntuApp kernel: [    1.028836] ACPI: Core revision 20181213
Mar  9 12:58:38 UbuntuApp kernel: [    1.031929] APIC: Switch to symmetric I/O mode setup
Mar  9 12:58:38 UbuntuApp kernel: [    1.035696] Switched APIC routing to physical flat.
Mar  9 12:58:38 UbuntuApp kernel: [    1.039356] Hyper-V: Using IPI hypercalls
Mar  9 12:58:38 UbuntuApp kernel: [    1.042159] Hyper-V: Using enlightened APIC (xapic mode)
Mar  9 12:58:38 UbuntuApp kernel: [    1.042165] clocksource: hyperv_clocksource_tsc_page: mask: 0xffffffffffffffff max_cycles: 0x24e6a1710, max_idle_ns: 440795202120 ns
Mar  9 12:58:38 UbuntuApp kernel: [    1.084402] Calibrating delay loop (skipped), value calculated using timer frequency.. 4589.36 BogoMIPS (lpj=9178728)
Mar  9 12:58:38 UbuntuApp kernel: [    1.088387] pid_max: default: 131072 minimum: 1024
Mar  9 12:58:38 UbuntuApp kernel: [    1.088387] LSM: Security Framework initializing
Mar  9 12:58:38 UbuntuApp kernel: [    1.088387] Yama: becoming mindful.
Mar  9 12:58:38 UbuntuApp kernel: [    1.088387] AppArmor: AppArmor initialized
Mar  9 12:58:38 UbuntuApp kernel: [    1.088387] Dentry cache hash table entries: 1048576 (order: 11, 8388608 bytes)
Mar  9 12:58:38 UbuntuApp kernel: [    1.088387] Inode-cache hash table entries: 524288 (order: 10, 4194304 bytes)
Mar  9 12:58:38 UbuntuApp kernel: [    1.088387] Mount-cache hash table entries: 16384 (order: 5, 131072 bytes)
Mar  9 12:58:38 UbuntuApp kernel: [    1.088387] Mountpoint-cache hash table entries: 16384 (order: 5, 131072 bytes)
Mar  9 12:58:38 UbuntuApp kernel: [    1.088387] Last level iTLB entries: 4KB 64, 2MB 8, 4MB 8
Mar  9 12:58:38 UbuntuApp kernel: [    1.088387] Last level dTLB entries: 4KB 64, 2MB 0, 4MB 0, 1GB 4
Mar  9 12:58:38 UbuntuApp kernel: [    1.088387] Spectre V1 : Mitigation: usercopy/swapgs barriers and __user pointer sanitization
Mar  9 12:58:38 UbuntuApp kernel: [    1.088387] Spectre V2 : Mitigation: Full generic retpoline
Mar  9 12:58:38 UbuntuApp kernel: [    1.088387] Spectre V2 : Spectre v2 / SpectreRSB mitigation: Filling RSB on context switch
Mar  9 12:58:38 UbuntuApp kernel: [    1.088387] Speculative Store Bypass: Vulnerable
Mar  9 12:58:38 UbuntuApp kernel: [    1.088387] TAA: Mitigation: Clear CPU buffers
Mar  9 12:58:38 UbuntuApp kernel: [    1.088387] MDS: Mitigation: Clear CPU buffers
Mar  9 12:58:38 UbuntuApp kernel: [    1.088387] Freeing SMP alternatives memory: 36K
Mar  9 12:58:38 UbuntuApp kernel: [    1.088387] smpboot: CPU0: Intel(R) Xeon(R) CPU E5-2673 v4 @ 2.30GHz (family: 0x6, model: 0x4f, stepping: 0x1)
Mar  9 12:58:38 UbuntuApp kernel: [    1.088622] Performance Events: unsupported p6 CPU model 79 no PMU driver, software events only.
Mar  9 12:58:38 UbuntuApp kernel: [    1.092434] rcu: Hierarchical SRCU implementation.
Mar  9 12:58:38 UbuntuApp kernel: [    1.096965] random: crng done (trusting CPU's manufacturer)
Mar  9 12:58:38 UbuntuApp kernel: [    1.100418] NMI watchdog: Perf NMI watchdog permanently disabled
Mar  9 12:58:38 UbuntuApp kernel: [    1.106271] smp: Bringing up secondary CPUs ...
Mar  9 12:58:38 UbuntuApp kernel: [    1.108543] x86: Booting SMP configuration:
Mar  9 12:58:38 UbuntuApp kernel: [    1.112394] .... node  #0, CPUs:          #1
Mar  9 12:58:38 UbuntuApp kernel: [    1.113852] MDS CPU bug present and SMT on, data leak possible. See https://www.kernel.org/doc/html/latest/admin-guide/hw-vuln/mds.html for more details.
Mar  9 12:58:38 UbuntuApp kernel: [    1.120391] TAA CPU bug present and SMT on, data leak possible. See https://www.kernel.org/doc/html/latest/admin-guide/hw-vuln/tsx_async_abort.html for more details.
Mar  9 12:58:38 UbuntuApp kernel: [    1.124392] smp: Brought up 1 node, 2 CPUs
Mar  9 12:58:38 UbuntuApp kernel: [    1.128390] smpboot: Max logical packages: 64
Mar  9 12:58:38 UbuntuApp kernel: [    1.132392] smpboot: Total of 2 processors activated (9178.72 BogoMIPS)
Mar  9 12:58:38 UbuntuApp kernel: [    1.137122] devtmpfs: initialized
Mar  9 12:58:38 UbuntuApp kernel: [    1.140473] x86/mm: Memory block size: 128MB
Mar  9 12:58:38 UbuntuApp kernel: [    1.144428] PM: Registering ACPI NVS region [mem 0x3ffff000-0x3fffffff] (4096 bytes)
Mar  9 12:58:38 UbuntuApp kernel: [    1.148550] clocksource: jiffies: mask: 0xffffffff max_cycles: 0xffffffff, max_idle_ns: 7645041785100000 ns
Mar  9 12:58:38 UbuntuApp kernel: [    1.156458] futex hash table entries: 32768 (order: 9, 2097152 bytes)
Mar  9 12:58:38 UbuntuApp kernel: [    1.161145] pinctrl core: initialized pinctrl subsystem
Mar  9 12:58:38 UbuntuApp kernel: [    1.168871] RTC time: 11:58:15, date: 2020-03-09
Mar  9 12:58:38 UbuntuApp kernel: [    1.172810] NET: Registered protocol family 16
Mar  9 12:58:38 UbuntuApp kernel: [    1.176500] audit: initializing netlink subsys (disabled)
Mar  9 12:58:38 UbuntuApp kernel: [    1.180420] audit: type=2000 audit(1583755094.096:1): state=initialized audit_enabled=0 res=1
Mar  9 12:58:38 UbuntuApp kernel: [    1.180534] EISA bus registered
Mar  9 12:58:38 UbuntuApp kernel: [    1.188412] cpuidle: using governor ladder
Mar  9 12:58:38 UbuntuApp kernel: [    1.192408] cpuidle: using governor menu
Mar  9 12:58:38 UbuntuApp kernel: [    1.196461] ACPI: bus type PCI registered
Mar  9 12:58:38 UbuntuApp kernel: [    1.199501] acpiphp: ACPI Hot Plug PCI Controller Driver version: 0.5
Mar  9 12:58:38 UbuntuApp kernel: [    1.200871] PCI: Using configuration type 1 for base access
Mar  9 12:58:38 UbuntuApp kernel: [    1.205701] HugeTLB registered 1.00 GiB page size, pre-allocated 0 pages
Mar  9 12:58:38 UbuntuApp kernel: [    1.208398] HugeTLB registered 2.00 MiB page size, pre-allocated 0 pages
Mar  9 12:58:38 UbuntuApp kernel: [    1.212641] ACPI: Added _OSI(Module Device)
Mar  9 12:58:38 UbuntuApp kernel: [    1.216395] ACPI: Added _OSI(Processor Device)
Mar  9 12:58:38 UbuntuApp kernel: [    1.220395] ACPI: Added _OSI(3.0 _SCP Extensions)
Mar  9 12:58:38 UbuntuApp kernel: [    1.224389] ACPI: Added _OSI(Processor Aggregator Device)
Mar  9 12:58:38 UbuntuApp kernel: [    1.228041] ACPI: Added _OSI(Linux-Dell-Video)
Mar  9 12:58:38 UbuntuApp kernel: [    1.228390] ACPI: Added _OSI(Linux-Lenovo-NV-HDMI-Audio)
Mar  9 12:58:38 UbuntuApp kernel: [    1.232390] ACPI: Added _OSI(Linux-HPI-Hybrid-Graphics)
Mar  9 12:58:38 UbuntuApp kernel: [    1.240764] ACPI: 1 ACPI AML tables successfully acquired and loaded
Mar  9 12:58:38 UbuntuApp kernel: [    1.247254] ACPI: Interpreter enabled
Mar  9 12:58:38 UbuntuApp kernel: [    1.248399] ACPI: (supports S0 S5)
Mar  9 12:58:38 UbuntuApp kernel: [    1.252389] ACPI: Using IOAPIC for interrupt routing
Mar  9 12:58:38 UbuntuApp kernel: [    1.256411] PCI: Using host bridge windows from ACPI; if necessary, use "pci=nocrs" and report a bug
Mar  9 12:58:38 UbuntuApp kernel: [    1.260653] ACPI: Enabled 1 GPEs in block 00 to 0F
Mar  9 12:58:38 UbuntuApp kernel: [    1.287746] ACPI: PCI Root Bridge [PCI0] (domain 0000 [bus 00-ff])
Mar  9 12:58:38 UbuntuApp kernel: [    1.288394] acpi PNP0A03:00: _OSC: OS supports [ASPM ClockPM Segments MSI]
Mar  9 12:58:38 UbuntuApp kernel: [    1.292403] acpi PNP0A03:00: fail to add MMCONFIG information, can't access extended PCI configuration space under this bridge.
Mar  9 12:58:38 UbuntuApp kernel: [    1.296560] PCI host bridge to bus 0000:00
Mar  9 12:58:38 UbuntuApp kernel: [    1.299294] pci_bus 0000:00: root bus resource [mem 0xfe0000000-0xfffffffff window]
Mar  9 12:58:38 UbuntuApp kernel: [    1.300392] pci_bus 0000:00: root bus resource [io  0x0000-0x0cf7 window]
Mar  9 12:58:38 UbuntuApp kernel: [    1.304392] pci_bus 0000:00: root bus resource [io  0x0d00-0xffff window]
Mar  9 12:58:38 UbuntuApp kernel: [    1.308392] pci_bus 0000:00: root bus resource [mem 0x000a0000-0x000bffff window]
Mar  9 12:58:38 UbuntuApp kernel: [    1.312392] pci_bus 0000:00: root bus resource [mem 0x40000000-0xfffbffff window]
Mar  9 12:58:38 UbuntuApp kernel: [    1.316392] pci_bus 0000:00: root bus resource [bus 00-ff]
Mar  9 12:58:38 UbuntuApp kernel: [    1.320564] pci 0000:00:00.0: [8086:7192] type 00 class 0x060000
Mar  9 12:58:38 UbuntuApp kernel: [    1.325853] pci 0000:00:07.0: [8086:7110] type 00 class 0x060100
Mar  9 12:58:38 UbuntuApp kernel: [    1.328811] pci 0000:00:07.1: [8086:7111] type 00 class 0x010180
Mar  9 12:58:38 UbuntuApp kernel: [    1.331526] pci 0000:00:07.1: reg 0x20: [io  0xffa0-0xffaf]
Mar  9 12:58:38 UbuntuApp kernel: [    1.332467] pci 0000:00:07.1: legacy IDE quirk: reg 0x10: [io  0x01f0-0x01f7]
Mar  9 12:58:38 UbuntuApp kernel: [    1.336390] pci 0000:00:07.1: legacy IDE quirk: reg 0x14: [io  0x03f6]
Mar  9 12:58:38 UbuntuApp kernel: [    1.340390] pci 0000:00:07.1: legacy IDE quirk: reg 0x18: [io  0x0170-0x0177]
Mar  9 12:58:38 UbuntuApp kernel: [    1.344389] pci 0000:00:07.1: legacy IDE quirk: reg 0x1c: [io  0x0376]
Mar  9 12:58:38 UbuntuApp kernel: [    1.348983] pci 0000:00:07.3: [8086:7113] type 00 class 0x068000
Mar  9 12:58:38 UbuntuApp kernel: [    1.349020] * Found PM-Timer Bug on the chipset. Due to workarounds for a bug,
Mar  9 12:58:38 UbuntuApp kernel: [    1.349020] * this clock source is slow. Consider trying other clock sources
Mar  9 12:58:38 UbuntuApp kernel: [    1.355063] pci 0000:00:07.3: quirk: [io  0x0400-0x043f] claimed by PIIX4 ACPI
Mar  9 12:58:38 UbuntuApp kernel: [    1.357472] pci 0000:00:08.0: [1414:5353] type 00 class 0x030000
Mar  9 12:58:38 UbuntuApp kernel: [    1.358446] pci 0000:00:08.0: reg 0x10: [mem 0xf8000000-0xfbffffff]
Mar  9 12:58:38 UbuntuApp kernel: [    1.379089] ACPI: PCI Interrupt Link [LNKA] (IRQs 3 4 5 7 9 10 *11 12 14 15)
Mar  9 12:58:38 UbuntuApp kernel: [    1.380680] ACPI: PCI Interrupt Link [LNKB] (IRQs 3 4 5 7 9 10 11 12 14 15) *0, disabled.
Mar  9 12:58:38 UbuntuApp kernel: [    1.384656] ACPI: PCI Interrupt Link [LNKC] (IRQs 3 4 5 7 9 10 11 12 14 15) *0, disabled.
Mar  9 12:58:38 UbuntuApp kernel: [    1.388626] ACPI: PCI Interrupt Link [LNKD] (IRQs 3 4 5 7 9 10 11 12 14 15) *0, disabled.
Mar  9 12:58:38 UbuntuApp kernel: [    1.392774] SCSI subsystem initialized
Mar  9 12:58:38 UbuntuApp kernel: [    1.396459] libata version 3.00 loaded.
Mar  9 12:58:38 UbuntuApp kernel: [    1.396482] pci 0000:00:08.0: vgaarb: setting as boot VGA device
Mar  9 12:58:38 UbuntuApp kernel: [    1.400387] pci 0000:00:08.0: vgaarb: VGA device added: decodes=io+mem,owns=io+mem,locks=none
Mar  9 12:58:38 UbuntuApp kernel: [    1.400393] pci 0000:00:08.0: vgaarb: bridge control possible
Mar  9 12:58:38 UbuntuApp kernel: [    1.404390] vgaarb: loaded
Mar  9 12:58:38 UbuntuApp kernel: [    1.406739] pps_core: LinuxPPS API ver. 1 registered
Mar  9 12:58:38 UbuntuApp kernel: [    1.408389] pps_core: Software ver. 5.3.6 - Copyright 2005-2007 Rodolfo Giometti <giometti@linux.it>
Mar  9 12:58:38 UbuntuApp kernel: [    1.412393] PTP clock support registered
Mar  9 12:58:38 UbuntuApp kernel: [    1.415504] EDAC MC: Ver: 3.0.0
Mar  9 12:58:38 UbuntuApp kernel: [    1.416981] hv_vmbus: Vmbus version:4.0
Mar  9 12:58:38 UbuntuApp kernel: [    1.420432] PCI: Using ACPI for IRQ routing
Mar  9 12:58:38 UbuntuApp kernel: [    1.428395] PCI: pci_cache_line_size set to 64 bytes
Mar  9 12:58:38 UbuntuApp kernel: [    1.429000] e820: reserve RAM buffer [mem 0x0009fc00-0x0009ffff]
Mar  9 12:58:38 UbuntuApp kernel: [    1.429001] e820: reserve RAM buffer [mem 0x3fff0000-0x3fffffff]
Mar  9 12:58:38 UbuntuApp kernel: [    1.429368] NetLabel: Initializing
Mar  9 12:58:38 UbuntuApp kernel: [    1.432052] NetLabel:  domain hash size = 128
Mar  9 12:58:38 UbuntuApp kernel: [    1.464393] NetLabel:  protocols = UNLABELED CIPSOv4 CALIPSO
Mar  9 12:58:38 UbuntuApp kernel: [    1.468406] NetLabel:  unlabeled traffic allowed by default
Mar  9 12:58:38 UbuntuApp kernel: [    1.472479] clocksource: Switched to clocksource hyperv_clocksource_tsc_page
Mar  9 12:58:38 UbuntuApp kernel: [    1.496806] VFS: Disk quotas dquot_6.6.0
Mar  9 12:58:38 UbuntuApp kernel: [    1.500134] VFS: Dquot-cache hash table entries: 512 (order 0, 4096 bytes)
Mar  9 12:58:38 UbuntuApp kernel: [    1.505473] AppArmor: AppArmor Filesystem Enabled
Mar  9 12:58:38 UbuntuApp kernel: [    1.509142] pnp: PnP ACPI init
Mar  9 12:58:38 UbuntuApp kernel: [    1.511877] pnp 00:00: Plug and Play ACPI device, IDs PNP0b00 (active)
Mar  9 12:58:38 UbuntuApp kernel: [    1.511937] pnp 00:01: Plug and Play ACPI device, IDs PNP0303 PNP030b (active)
Mar  9 12:58:38 UbuntuApp kernel: [    1.511973] pnp 00:02: Plug and Play ACPI device, IDs PNP0f03 PNP0f13 (active)
Mar  9 12:58:38 UbuntuApp kernel: [    1.512753] pnp 00:03: [dma 0 disabled]
Mar  9 12:58:38 UbuntuApp kernel: [    1.512775] pnp 00:03: Plug and Play ACPI device, IDs PNP0501 (active)
Mar  9 12:58:38 UbuntuApp kernel: [    1.513512] pnp 00:04: [dma 0 disabled]
Mar  9 12:58:38 UbuntuApp kernel: [    1.513543] pnp 00:04: Plug and Play ACPI device, IDs PNP0501 (active)
Mar  9 12:58:38 UbuntuApp kernel: [    1.514318] pnp 00:05: [dma 2]
Mar  9 12:58:38 UbuntuApp kernel: [    1.514349] pnp 00:05: Plug and Play ACPI device, IDs PNP0700 (active)
Mar  9 12:58:38 UbuntuApp kernel: [    1.514385] system 00:06: [io  0x01e0-0x01ef] has been reserved
Mar  9 12:58:38 UbuntuApp kernel: [    1.520279] system 00:06: [io  0x0160-0x016f] has been reserved
Mar  9 12:58:38 UbuntuApp kernel: [    1.524663] system 00:06: [io  0x0278-0x027f] has been reserved
Mar  9 12:58:38 UbuntuApp kernel: [    1.529030] system 00:06: [io  0x0378-0x037f] has been reserved
Mar  9 12:58:38 UbuntuApp kernel: [    1.533224] system 00:06: [io  0x0678-0x067f] has been reserved
Mar  9 12:58:38 UbuntuApp kernel: [    1.537635] system 00:06: [io  0x0778-0x077f] has been reserved
Mar  9 12:58:38 UbuntuApp kernel: [    1.541886] system 00:06: [io  0x04d0-0x04d1] has been reserved
Mar  9 12:58:38 UbuntuApp kernel: [    1.546270] system 00:06: Plug and Play ACPI device, IDs PNP0c02 (active)
Mar  9 12:58:38 UbuntuApp kernel: [    1.546442] system 00:07: [io  0x0400-0x043f] has been reserved
Mar  9 12:58:38 UbuntuApp kernel: [    1.550512] system 00:07: [io  0x0370-0x0371] has been reserved
Mar  9 12:58:38 UbuntuApp kernel: [    1.554647] system 00:07: [io  0x0440-0x044f] has been reserved
Mar  9 12:58:38 UbuntuApp kernel: [    1.559963] system 00:07: [mem 0xfec00000-0xfec00fff] could not be reserved
Mar  9 12:58:38 UbuntuApp kernel: [    1.565347] system 00:07: [mem 0xfee00000-0xfee00fff] has been reserved
Mar  9 12:58:38 UbuntuApp kernel: [    1.570355] system 00:07: Plug and Play ACPI device, IDs PNP0c02 (active)
Mar  9 12:58:38 UbuntuApp kernel: [    1.570485] system 00:08: [mem 0x00000000-0x0009ffff] could not be reserved
Mar  9 12:58:38 UbuntuApp kernel: [    1.576409] system 00:08: [mem 0x000c0000-0x000dffff] could not be reserved
Mar  9 12:58:38 UbuntuApp kernel: [    1.582489] system 00:08: [mem 0x000e0000-0x000fffff] could not be reserved
Mar  9 12:58:38 UbuntuApp kernel: [    1.595335] system 00:08: [mem 0x00100000-0x3fffffff] could not be reserved
Mar  9 12:58:38 UbuntuApp kernel: [    1.600177] system 00:08: [mem 0xfffc0000-0xffffffff] has been reserved
Mar  9 12:58:38 UbuntuApp kernel: [    1.604643] system 00:08: Plug and Play ACPI device, IDs PNP0c01 (active)
Mar  9 12:58:38 UbuntuApp kernel: [    1.604916] pnp: PnP ACPI: found 9 devices
Mar  9 12:58:38 UbuntuApp kernel: [    1.616340] clocksource: acpi_pm: mask: 0xffffff max_cycles: 0xffffff, max_idle_ns: 2085701024 ns
Mar  9 12:58:38 UbuntuApp kernel: [    1.622941] pci_bus 0000:00: resource 4 [mem 0xfe0000000-0xfffffffff window]
Mar  9 12:58:38 UbuntuApp kernel: [    1.622942] pci_bus 0000:00: resource 5 [io  0x0000-0x0cf7 window]
Mar  9 12:58:38 UbuntuApp kernel: [    1.622943] pci_bus 0000:00: resource 6 [io  0x0d00-0xffff window]
Mar  9 12:58:38 UbuntuApp kernel: [    1.622944] pci_bus 0000:00: resource 7 [mem 0x000a0000-0x000bffff window]
Mar  9 12:58:38 UbuntuApp kernel: [    1.622945] pci_bus 0000:00: resource 8 [mem 0x40000000-0xfffbffff window]
Mar  9 12:58:38 UbuntuApp kernel: [    1.623104] NET: Registered protocol family 2
Mar  9 12:58:38 UbuntuApp kernel: [    1.626918] tcp_listen_portaddr_hash hash table entries: 4096 (order: 4, 65536 bytes)
Mar  9 12:58:38 UbuntuApp kernel: [    1.633413] TCP established hash table entries: 65536 (order: 7, 524288 bytes)
Mar  9 12:58:38 UbuntuApp kernel: [    1.639377] TCP bind hash table entries: 65536 (order: 8, 1048576 bytes)
Mar  9 12:58:38 UbuntuApp kernel: [    1.644722] TCP: Hash tables configured (established 65536 bind 65536)
Mar  9 12:58:38 UbuntuApp kernel: [    1.649898] UDP hash table entries: 4096 (order: 5, 131072 bytes)
Mar  9 12:58:38 UbuntuApp kernel: [    1.654403] UDP-Lite hash table entries: 4096 (order: 5, 131072 bytes)
Mar  9 12:58:38 UbuntuApp kernel: [    1.659916] NET: Registered protocol family 1
Mar  9 12:58:38 UbuntuApp kernel: [    1.663683] NET: Registered protocol family 44
Mar  9 12:58:38 UbuntuApp kernel: [    1.668775] pci 0000:00:00.0: Limiting direct PCI/PCI transfers
Mar  9 12:58:38 UbuntuApp kernel: [    1.674432] pci 0000:00:08.0: Video device with shadowed ROM at [mem 0x000c0000-0x000dffff]
Mar  9 12:58:38 UbuntuApp kernel: [    1.680646] PCI: CLS 0 bytes, default 64
Mar  9 12:58:38 UbuntuApp kernel: [    1.680691] Unpacking initramfs...
Mar  9 12:58:38 UbuntuApp kernel: [    2.055311] Freeing initrd memory: 23568K
Mar  9 12:58:38 UbuntuApp kernel: [    2.058199] PCI-DMA: Using software bounce buffering for IO (SWIOTLB)
Mar  9 12:58:38 UbuntuApp kernel: [    2.062575] software IO TLB: mapped [mem 0x3bff0000-0x3fff0000] (64MB)
Mar  9 12:58:38 UbuntuApp kernel: [    2.067600] check: Scanning for low memory corruption every 60 seconds
Mar  9 12:58:38 UbuntuApp kernel: [    2.075652] Initialise system trusted keyrings
Mar  9 12:58:38 UbuntuApp kernel: [    2.078940] Key type blacklist registered
Mar  9 12:58:38 UbuntuApp kernel: [    2.082165] workingset: timestamp_bits=36 max_order=21 bucket_order=0
Mar  9 12:58:38 UbuntuApp kernel: [    2.088051] zbud: loaded
Mar  9 12:58:38 UbuntuApp kernel: [    2.090855] squashfs: version 4.0 (2009/01/31) Phillip Lougher
Mar  9 12:58:38 UbuntuApp kernel: [    2.095260] fuse init (API version 7.28)
Mar  9 12:58:38 UbuntuApp kernel: [    2.136770] Key type asymmetric registered
Mar  9 12:58:38 UbuntuApp kernel: [    2.139924] Asymmetric key parser 'x509' registered
Mar  9 12:58:38 UbuntuApp kernel: [    2.143741] Block layer SCSI generic (bsg) driver version 0.4 loaded (major 243)
Mar  9 12:58:38 UbuntuApp kernel: [    2.149922] shpchp: Standard Hot Plug PCI Controller Driver version: 0.4
Mar  9 12:58:38 UbuntuApp kernel: [    2.154825] intel_idle: Please enable MWAIT in BIOS SETUP
Mar  9 12:58:38 UbuntuApp kernel: [    2.154909] input: Power Button as /devices/LNXSYSTM:00/LNXPWRBN:00/input/input0
Mar  9 12:58:38 UbuntuApp kernel: [    2.160499] ACPI: Power Button [PWRF]
Mar  9 12:58:38 UbuntuApp kernel: [    2.163696] Serial: 8250/16550 driver, 32 ports, IRQ sharing enabled
Mar  9 12:58:38 UbuntuApp kernel: [    2.196806] 00:03: ttyS0 at I/O 0x3f8 (irq = 4, base_baud = 115200) is a 16550A
Mar  9 12:58:38 UbuntuApp kernel: [    2.231664] 00:04: ttyS1 at I/O 0x2f8 (irq = 3, base_baud = 115200) is a 16550A
Mar  9 12:58:38 UbuntuApp kernel: [    2.239456] Linux agpgart interface v0.103
Mar  9 12:58:38 UbuntuApp kernel: [    2.255046] loop: module loaded
Mar  9 12:58:38 UbuntuApp kernel: [    2.257732] hv_vmbus: registering driver hv_storvsc
Mar  9 12:58:38 UbuntuApp kernel: [    2.262277] ata_piix 0000:00:07.1: version 2.13
Mar  9 12:58:38 UbuntuApp kernel: [    2.262500] ata_piix 0000:00:07.1: Hyper-V Virtual Machine detected, ATA device ignore set
Mar  9 12:58:38 UbuntuApp kernel: [    2.263223] scsi host0: storvsc_host_t
Mar  9 12:58:38 UbuntuApp kernel: [    2.287816] scsi host1: ata_piix
Mar  9 12:58:38 UbuntuApp kernel: [    2.291957] scsi host2: ata_piix
Mar  9 12:58:38 UbuntuApp kernel: [    2.295891] ata1: PATA max UDMA/33 cmd 0x1f0 ctl 0x3f6 bmdma 0xffa0 irq 14
Mar  9 12:58:38 UbuntuApp kernel: [    2.296049] scsi 0:0:0:0: Direct-Access     Msft     Virtual Disk     1.0  PQ: 0 ANSI: 5
Mar  9 12:58:38 UbuntuApp kernel: [    2.301979] ata2: PATA max UDMA/33 cmd 0x170 ctl 0x376 bmdma 0xffa8 irq 15
Mar  9 12:58:38 UbuntuApp kernel: [    2.302274] libphy: Fixed MDIO Bus: probed
Mar  9 12:58:38 UbuntuApp kernel: [    2.309947] sd 0:0:0:0: Attached scsi generic sg0 type 0
Mar  9 12:58:38 UbuntuApp kernel: [    2.317203] tun: Universal TUN/TAP device driver, 1.6
Mar  9 12:58:38 UbuntuApp kernel: [    2.328079] sd 0:0:0:0: [sda] 62916608 512-byte logical blocks: (32.2 GB/30.0 GiB)
Mar  9 12:58:38 UbuntuApp kernel: [    2.336209] PPP generic driver version 2.4.2
Mar  9 12:58:38 UbuntuApp kernel: [    2.337631] sd 0:0:0:0: [sda] 4096-byte physical blocks
Mar  9 12:58:38 UbuntuApp kernel: [    2.337743] sd 0:0:0:0: [sda] Write Protect is off
Mar  9 12:58:38 UbuntuApp kernel: [    2.356604] i8042: PNP: PS/2 Controller [PNP0303:PS2K,PNP0f03:PS2M] at 0x60,0x64 irq 1,12
Mar  9 12:58:38 UbuntuApp kernel: [    2.360897] sd 0:0:0:0: [sda] Mode Sense: 0f 00 10 00
Mar  9 12:58:38 UbuntuApp kernel: [    2.361244] sd 0:0:0:0: [sda] Write cache: enabled, read cache: enabled, supports DPO and FUA
Mar  9 12:58:38 UbuntuApp kernel: [    2.384879] serio: i8042 KBD port at 0x60,0x64 irq 1
Mar  9 12:58:38 UbuntuApp kernel: [    2.405026] serio: i8042 AUX port at 0x60,0x64 irq 12
Mar  9 12:58:38 UbuntuApp kernel: [    2.409872]  sda: sda1 sda14 sda15
Mar  9 12:58:38 UbuntuApp kernel: [    2.414362] mousedev: PS/2 mouse device common for all mice
Mar  9 12:58:38 UbuntuApp kernel: [    2.417825] scsi host3: storvsc_host_t
Mar  9 12:58:38 UbuntuApp kernel: [    2.426959] rtc_cmos 00:00: RTC can wake from S4
Mar  9 12:58:38 UbuntuApp kernel: [    2.448191] sd 0:0:0:0: [sda] Attached SCSI disk
Mar  9 12:58:38 UbuntuApp kernel: [    2.466223] scsi 3:0:1:0: Direct-Access     Msft     Virtual Disk     1.0  PQ: 0 ANSI: 5
Mar  9 12:58:38 UbuntuApp kernel: [    2.467668] rtc_cmos 00:00: registered as rtc0
Mar  9 12:58:38 UbuntuApp kernel: [    2.485177] rtc_cmos 00:00: alarms up to one month, 114 bytes nvram
Mar  9 12:58:38 UbuntuApp kernel: [    2.485761] sd 3:0:1:0: Attached scsi generic sg1 type 0
Mar  9 12:58:38 UbuntuApp kernel: [    2.495272] device-mapper: uevent: version 1.0.3
Mar  9 12:58:38 UbuntuApp kernel: [    2.506440] input: AT Translated Set 2 keyboard as /devices/platform/i8042/serio0/input/input1
Mar  9 12:58:38 UbuntuApp kernel: [    2.508113] device-mapper: ioctl: 4.39.0-ioctl (2018-04-03) initialised: dm-devel@redhat.com
Mar  9 12:58:38 UbuntuApp kernel: [    2.527508] ata1.01: host indicates ignore ATA devices, ignored
Mar  9 12:58:38 UbuntuApp kernel: [    2.534268] platform eisa.0: Probing EISA bus 0
Mar  9 12:58:38 UbuntuApp kernel: [    2.537072] ata1.00: host indicates ignore ATA devices, ignored
Mar  9 12:58:38 UbuntuApp kernel: [    2.541631] platform eisa.0: EISA: Cannot allocate resource for mainboard
Mar  9 12:58:38 UbuntuApp kernel: [    2.546592] platform eisa.0: Cannot allocate resource for EISA slot 1
Mar  9 12:58:38 UbuntuApp kernel: [    2.548505] sd 3:0:1:0: [sdb] 33554432 512-byte logical blocks: (17.2 GB/16.0 GiB)
Mar  9 12:58:38 UbuntuApp kernel: [    2.555932] platform eisa.0: Cannot allocate resource for EISA slot 2
Mar  9 12:58:38 UbuntuApp kernel: [    2.563105] sd 3:0:1:0: [sdb] 4096-byte physical blocks
Mar  9 12:58:38 UbuntuApp kernel: [    2.573813] platform eisa.0: Cannot allocate resource for EISA slot 3
Mar  9 12:58:38 UbuntuApp kernel: [    2.585238] sd 3:0:1:0: [sdb] Write Protect is off
Mar  9 12:58:38 UbuntuApp kernel: [    2.594065] platform eisa.0: Cannot allocate resource for EISA slot 4
Mar  9 12:58:38 UbuntuApp kernel: [    2.606604] sd 3:0:1:0: [sdb] Mode Sense: 0f 00 10 00
Mar  9 12:58:38 UbuntuApp kernel: [    2.612695] platform eisa.0: Cannot allocate resource for EISA slot 5
Mar  9 12:58:38 UbuntuApp kernel: [    2.613047] sd 3:0:1:0: [sdb] Write cache: disabled, read cache: enabled, supports DPO and FUA
Mar  9 12:58:38 UbuntuApp kernel: [    2.623651] platform eisa.0: Cannot allocate resource for EISA slot 6
Mar  9 12:58:38 UbuntuApp kernel: [    2.623653] platform eisa.0: Cannot allocate resource for EISA slot 7
Mar  9 12:58:38 UbuntuApp kernel: [    2.634942] scsi host4: storvsc_host_t
Mar  9 12:58:38 UbuntuApp kernel: [    2.643390] platform eisa.0: Cannot allocate resource for EISA slot 8
Mar  9 12:58:38 UbuntuApp kernel: [    2.650542]  sdb: sdb1
Mar  9 12:58:38 UbuntuApp kernel: [    2.657099] platform eisa.0: EISA: Detected 0 cards
Mar  9 12:58:38 UbuntuApp kernel: [    2.674687] NET: Registered protocol family 10
Mar  9 12:58:38 UbuntuApp kernel: [    2.681765] scsi host5: storvsc_host_t
Mar  9 12:58:38 UbuntuApp kernel: [    2.685937] sd 3:0:1:0: [sdb] Attached SCSI disk
Mar  9 12:58:38 UbuntuApp kernel: [    2.697265] Segment Routing with IPv6
Mar  9 12:58:38 UbuntuApp kernel: [    2.700216] NET: Registered protocol family 17
Mar  9 12:58:38 UbuntuApp kernel: [    2.704062] Key type dns_resolver registered
Mar  9 12:58:38 UbuntuApp kernel: [    2.707544] mce: Using 1 MCE banks
Mar  9 12:58:38 UbuntuApp kernel: [    2.710546] RAS: Correctable Errors collector initialized.
Mar  9 12:58:38 UbuntuApp kernel: [    2.714653] registered taskstats version 1
Mar  9 12:58:38 UbuntuApp kernel: [    2.717887] Loading compiled-in X.509 certificates
Mar  9 12:58:38 UbuntuApp kernel: [    2.723568] Loaded X.509 cert 'Build time autogenerated kernel key: 9c13c25bb46bb08aadac8fd6055952f30e111a90'
Mar  9 12:58:38 UbuntuApp kernel: [    2.730273] zswap: loaded using pool lzo/zbud
Mar  9 12:58:38 UbuntuApp kernel: [    2.740833] Key type big_key registered
Mar  9 12:58:38 UbuntuApp kernel: [    2.744012] Key type trusted registered
Mar  9 12:58:38 UbuntuApp kernel: [    2.749731] Key type encrypted registered
Mar  9 12:58:38 UbuntuApp kernel: [    2.753048] AppArmor: AppArmor sha1 policy hashing enabled
Mar  9 12:58:38 UbuntuApp kernel: [    2.757326] ima: No TPM chip found, activating TPM-bypass!
Mar  9 12:58:38 UbuntuApp kernel: [    2.761935] ima: Allocated hash algorithm: sha1
Mar  9 12:58:38 UbuntuApp kernel: [    2.765451] No architecture policies found
Mar  9 12:58:38 UbuntuApp kernel: [    2.768316] evm: Initialising EVM extended attributes:
Mar  9 12:58:38 UbuntuApp kernel: [    2.772187] evm: security.selinux
Mar  9 12:58:38 UbuntuApp kernel: [    2.774746] evm: security.SMACK64
Mar  9 12:58:38 UbuntuApp kernel: [    2.777723] evm: security.SMACK64EXEC
Mar  9 12:58:38 UbuntuApp kernel: [    2.780649] evm: security.SMACK64TRANSMUTE
Mar  9 12:58:38 UbuntuApp kernel: [    2.783830] evm: security.SMACK64MMAP
Mar  9 12:58:38 UbuntuApp kernel: [    2.786841] evm: security.apparmor
Mar  9 12:58:38 UbuntuApp kernel: [    2.789607] evm: security.ima
Mar  9 12:58:38 UbuntuApp kernel: [    2.791874] evm: security.capability
Mar  9 12:58:38 UbuntuApp kernel: [    2.794673] evm: HMAC attrs: 0x1
Mar  9 12:58:38 UbuntuApp kernel: [    2.797690]   Magic number: 12:265:984
Mar  9 12:58:38 UbuntuApp kernel: [    2.801510] rtc_cmos 00:00: setting system clock to 2020-03-09T11:58:17 UTC (1583755097)
Mar  9 12:58:38 UbuntuApp kernel: [    2.807664] Unstable clock detected, switching default tracing clock to "global"
Mar  9 12:58:38 UbuntuApp kernel: [    2.807664] If you want to keep using the local clock, then add:
Mar  9 12:58:38 UbuntuApp kernel: [    2.807664]   "trace_clock=local"
Mar  9 12:58:38 UbuntuApp kernel: [    2.807664] on the kernel command line
Mar  9 12:58:38 UbuntuApp kernel: [    2.823428] Freeing unused decrypted memory: 2040K
Mar  9 12:58:38 UbuntuApp kernel: [    2.827503] Freeing unused kernel image memory: 2360K
Mar  9 12:58:38 UbuntuApp kernel: [    2.836431] Write protecting the kernel read-only data: 18432k
Mar  9 12:58:38 UbuntuApp kernel: [    2.841177] Freeing unused kernel image memory: 2008K
Mar  9 12:58:38 UbuntuApp kernel: [    2.844790] Freeing unused kernel image memory: 152K
Mar  9 12:58:38 UbuntuApp kernel: [    2.859628] x86/mm: Checked W+X mappings: passed, no W+X pages found.
Mar  9 12:58:38 UbuntuApp kernel: [    2.864396] x86/mm: Checking user space page tables
Mar  9 12:58:38 UbuntuApp kernel: [    2.878816] x86/mm: Checked W+X mappings: passed, no W+X pages found.
Mar  9 12:58:38 UbuntuApp kernel: [    2.884367] Run /init as init process
Mar  9 12:58:38 UbuntuApp kernel: [    3.002445] hv_vmbus: registering driver hyperv_fb
Mar  9 12:58:38 UbuntuApp kernel: [    3.011235] hyperv_fb: Screen resolution: 1152x864, Color depth: 32
Mar  9 12:58:38 UbuntuApp kernel: [    3.019969] Console: switching to colour frame buffer device 144x54
Mar  9 12:58:38 UbuntuApp kernel: [    3.042882] hv_utils: Registering HyperV Utility Driver
Mar  9 12:58:38 UbuntuApp kernel: [    3.047203] hv_vmbus: registering driver hv_utils
Mar  9 12:58:38 UbuntuApp kernel: [    3.058128] hv_vmbus: registering driver hyperv_keyboard
Mar  9 12:58:38 UbuntuApp kernel: [    3.063098] hidraw: raw HID events driver (C) Jiri Kosina
Mar  9 12:58:38 UbuntuApp kernel: [    3.068431] hv_vmbus: registering driver hv_netvsc
Mar  9 12:58:38 UbuntuApp kernel: [    3.072827] input: AT Translated Set 2 keyboard as /devices/LNXSYSTM:00/LNXSYBUS:00/PNP0A03:00/device:07/VMBUS:01/d34b2567-b9b6-42b9-8778-0a4ec0b955bf/serio2/input/input3
Mar  9 12:58:38 UbuntuApp kernel: [    3.086318] hv_utils: Heartbeat IC version 3.0
Mar  9 12:58:38 UbuntuApp kernel: [    3.089978] hv_utils: Shutdown IC version 3.0
Mar  9 12:58:38 UbuntuApp kernel: [    3.094379] hv_utils: TimeSync IC version 4.0
Mar  9 12:58:38 UbuntuApp kernel: [    3.098325] hv_utils: VSS IC version 5.0
Mar  9 12:58:38 UbuntuApp kernel: [    3.108027] hv_vmbus: registering driver hid_hyperv
Mar  9 12:58:38 UbuntuApp kernel: [    3.112521] input: Microsoft Vmbus HID-compliant Mouse as /devices/0006:045E:0621.0001/input/input4
Mar  9 12:58:38 UbuntuApp kernel: [    3.129342] hid 0006:045E:0621.0001: input: <UNKNOWN> HID v0.01 Mouse [Microsoft Vmbus HID-compliant Mouse] on 
Mar  9 12:58:38 UbuntuApp kernel: [    3.142407] cryptd: max_cpu_qlen set to 1000
Mar  9 12:58:38 UbuntuApp kernel: [    3.170431] AVX2 version of gcm_enc/dec engaged.
Mar  9 12:58:38 UbuntuApp kernel: [    3.174551] AES CTR mode by8 optimization enabled
Mar  9 12:58:38 UbuntuApp kernel: [    6.500417] raid6: avx2x4   gen() 23589 MB/s
Mar  9 12:58:38 UbuntuApp kernel: [    6.548400] raid6: avx2x4   xor() 14183 MB/s
Mar  9 12:58:38 UbuntuApp kernel: [    6.596402] raid6: avx2x2   gen() 18651 MB/s
Mar  9 12:58:38 UbuntuApp kernel: [    6.644405] raid6: avx2x2   xor() 11576 MB/s
Mar  9 12:58:38 UbuntuApp kernel: [    6.692405] raid6: avx2x1   gen() 16939 MB/s
Mar  9 12:58:38 UbuntuApp kernel: [    6.740396] raid6: avx2x1   xor() 10891 MB/s
Mar  9 12:58:38 UbuntuApp kernel: [    6.788427] raid6: sse2x4   gen() 11435 MB/s
Mar  9 12:58:38 UbuntuApp kernel: [    6.836423] raid6: sse2x4   xor()  7794 MB/s
Mar  9 12:58:38 UbuntuApp kernel: [    6.884408] raid6: sse2x2   gen() 10350 MB/s
Mar  9 12:58:38 UbuntuApp kernel: [    6.932398] raid6: sse2x2   xor()  6472 MB/s
Mar  9 12:58:38 UbuntuApp kernel: [    6.980402] raid6: sse2x1   gen()  8440 MB/s
Mar  9 12:58:38 UbuntuApp kernel: [    7.028407] raid6: sse2x1   xor()  6030 MB/s
Mar  9 12:58:38 UbuntuApp kernel: [    7.032103] raid6: using algorithm avx2x4 gen() 23589 MB/s
Mar  9 12:58:38 UbuntuApp kernel: [    7.036041] raid6: .... xor() 14183 MB/s, rmw enabled
Mar  9 12:58:38 UbuntuApp kernel: [    7.040351] raid6: using avx2x2 recovery algorithm
Mar  9 12:58:38 UbuntuApp kernel: [    7.045381] xor: automatically using best checksumming function   avx       
Mar  9 12:58:38 UbuntuApp kernel: [    7.052718] async_tx: api initialized (async)
Mar  9 12:58:38 UbuntuApp kernel: [    7.116499] Btrfs loaded, crc32c=crc32c-intel
Mar  9 12:58:38 UbuntuApp kernel: [    7.190014] EXT4-fs (sda1): mounted filesystem with ordered data mode. Opts: (null)
Mar  9 12:58:38 UbuntuApp kernel: [    9.465960] lp: driver loaded but no devices found
Mar  9 12:58:38 UbuntuApp kernel: [    9.516382] ppdev: user-space parallel port driver
Mar  9 12:58:38 UbuntuApp kernel: [    9.564496] EXT4-fs (sda1): re-mounted. Opts: discard
Mar  9 12:58:38 UbuntuApp kernel: [    9.596107] Loading iSCSI transport class v2.0-870.
Mar  9 12:58:38 UbuntuApp kernel: [    9.647329] iscsi: registered transport (tcp)
Mar  9 12:58:38 UbuntuApp kernel: [    9.825693] iscsi: registered transport (iser)
Mar  9 12:58:39 UbuntuApp kernel: [   11.130121] hv_vmbus: registering driver hv_balloon
Mar  9 12:58:39 UbuntuApp kernel: [   11.136573] hv_balloon: Using Dynamic Memory protocol version 2.0
Mar  9 12:58:39 UbuntuApp kernel: [   11.731885] KVM: vmx: using Hyper-V Enlightened VMCS
Mar  9 12:58:39 UbuntuApp kernel: [   12.083542] hv_utils: KVP IC version 4.0
Mar  9 12:58:39 UbuntuApp kernel: [   17.067357] IPv6: ADDRCONF(NETDEV_CHANGE): eth0: link becomes ready
Mar  9 12:58:39 UbuntuApp kernel: [   20.438352]  sdb: sdb1
Mar  9 12:58:39 UbuntuApp kernel: [   22.816719] EXT4-fs (sdb1): mounted filesystem with ordered data mode. Opts: (null)
Mar  9 12:58:39 UbuntuApp kernel: [   24.157436] hv_utils: VSS: userspace daemon ver. 129 connected
Mar  9 12:58:39 UbuntuApp kernel: [   24.521153] new mount options do not match the existing superblock, will be ignored
Mar  9 12:58:46 UbuntuApp kernel: [   30.876719] bpfilter: Loaded bpfilter_umh pid 2164
Mar  9 12:59:14 UbuntuApp kernel: [   59.237223] hv_balloon: Max. dynamic memory size: 8192 MB
Mar  9 13:52:05 UbuntuApp kernel: [ 3230.221506] hv_utils: Shutdown request received - graceful shutdown initiated
Mar  9 21:19:52 UbuntuApp kernel: [    0.000000] Linux version 5.0.0-1032-azure (buildd@lcy01-amd64-016) (gcc version 7.4.0 (Ubuntu 7.4.0-1ubuntu1~18.04.1)) #34-Ubuntu SMP Mon Feb 10 19:37:25 UTC 2020 (Ubuntu 5.0.0-1032.34-azure 5.0.21)
Mar  9 21:19:52 UbuntuApp kernel: [    0.000000] Command line: BOOT_IMAGE=/boot/vmlinuz-5.0.0-1032-azure root=UUID=5604f71e-1e5f-443c-a99e-b82bb5c201df ro console=tty1 console=ttyS0 earlyprintk=ttyS0 rootdelay=300
Mar  9 21:19:52 UbuntuApp kernel: [    0.000000] KERNEL supported cpus:
Mar  9 21:19:52 UbuntuApp kernel: [    0.000000]   Intel GenuineIntel
Mar  9 21:19:52 UbuntuApp kernel: [    0.000000]   AMD AuthenticAMD
Mar  9 21:19:52 UbuntuApp kernel: [    0.000000]   Hygon HygonGenuine
Mar  9 21:19:52 UbuntuApp kernel: [    0.000000]   Centaur CentaurHauls
Mar  9 21:19:52 UbuntuApp kernel: [    0.000000] x86/fpu: Supporting XSAVE feature 0x001: 'x87 floating point registers'
Mar  9 21:19:52 UbuntuApp kernel: [    0.000000] x86/fpu: Supporting XSAVE feature 0x002: 'SSE registers'
Mar  9 21:19:52 UbuntuApp kernel: [    0.000000] x86/fpu: Supporting XSAVE feature 0x004: 'AVX registers'
Mar  9 21:19:52 UbuntuApp kernel: [    0.000000] x86/fpu: xstate_offset[2]:  576, xstate_sizes[2]:  256
Mar  9 21:19:52 UbuntuApp kernel: [    0.000000] x86/fpu: Enabled xstate features 0x7, context size is 832 bytes, using 'standard' format.
Mar  9 21:19:52 UbuntuApp kernel: [    0.000000] BIOS-provided physical RAM map:
Mar  9 21:19:52 UbuntuApp kernel: [    0.000000] BIOS-e820: [mem 0x0000000000000000-0x000000000009fbff] usable
Mar  9 21:19:52 UbuntuApp kernel: [    0.000000] BIOS-e820: [mem 0x000000000009fc00-0x000000000009ffff] reserved
Mar  9 21:19:52 UbuntuApp kernel: [    0.000000] BIOS-e820: [mem 0x00000000000e0000-0x00000000000fffff] reserved
Mar  9 21:19:52 UbuntuApp kernel: [    0.000000] BIOS-e820: [mem 0x0000000000100000-0x000000003ffeffff] usable
Mar  9 21:19:52 UbuntuApp kernel: [    0.000000] BIOS-e820: [mem 0x000000003fff0000-0x000000003fffefff] ACPI data
Mar  9 21:19:52 UbuntuApp kernel: [    0.000000] BIOS-e820: [mem 0x000000003ffff000-0x000000003fffffff] ACPI NVS
Mar  9 21:19:52 UbuntuApp kernel: [    0.000000] BIOS-e820: [mem 0x0000000100000000-0x00000002bfffffff] usable
Mar  9 21:19:52 UbuntuApp kernel: [    0.000000] printk: bootconsole [earlyser0] enabled
Mar  9 21:19:52 UbuntuApp kernel: [    0.000000] NX (Execute Disable) protection: active
Mar  9 21:19:52 UbuntuApp kernel: [    0.000000] SMBIOS 2.3 present.
Mar  9 21:19:52 UbuntuApp kernel: [    0.000000] DMI: Microsoft Corporation Virtual Machine/Virtual Machine, BIOS 090007  06/02/2017
Mar  9 21:19:52 UbuntuApp kernel: [    0.000000] Hypervisor detected: Microsoft Hyper-V
Mar  9 21:19:52 UbuntuApp kernel: [    0.000000] Hyper-V: features 0x2e7f, hints 0x44c2c
Mar  9 21:19:52 UbuntuApp kernel: [    0.000000] Hyper-V Host Build:14393-10.0-0-0.305
Mar  9 21:19:52 UbuntuApp kernel: [    0.000000] Hyper-V: LAPIC Timer Frequency: 0xc3500
Mar  9 21:19:52 UbuntuApp kernel: [    0.000000] tsc: Marking TSC unstable due to running on Hyper-V
Mar  9 21:19:52 UbuntuApp kernel: [    0.000000] Hyper-V: Using hypercall for remote TLB flush
Mar  9 21:19:52 UbuntuApp kernel: [    0.000000] tsc: Detected 2394.453 MHz processor
Mar  9 21:19:52 UbuntuApp kernel: [    0.001369] e820: update [mem 0x00000000-0x00000fff] usable ==> reserved
Mar  9 21:19:52 UbuntuApp kernel: [    0.001370] e820: remove [mem 0x000a0000-0x000fffff] usable
Mar  9 21:19:52 UbuntuApp kernel: [    0.001374] last_pfn = 0x2c0000 max_arch_pfn = 0x400000000
Mar  9 21:19:52 UbuntuApp kernel: [    0.004739] MTRR default type: uncachable
Mar  9 21:19:52 UbuntuApp kernel: [    0.004739] MTRR fixed ranges enabled:
Mar  9 21:19:52 UbuntuApp kernel: [    0.004741]   00000-9FFFF write-back
Mar  9 21:19:52 UbuntuApp kernel: [    0.004741]   A0000-DFFFF uncachable
Mar  9 21:19:52 UbuntuApp kernel: [    0.004742]   E0000-FFFFF write-back
Mar  9 21:19:52 UbuntuApp kernel: [    0.004742] MTRR variable ranges enabled:
Mar  9 21:19:52 UbuntuApp kernel: [    0.004744]   0 base 00000000000 mask FFFC0000000 write-back
Mar  9 21:19:52 UbuntuApp kernel: [    0.004745]   1 base 00100000000 mask FF000000000 write-back
Mar  9 21:19:52 UbuntuApp kernel: [    0.004745]   2 disabled
Mar  9 21:19:52 UbuntuApp kernel: [    0.004746]   3 disabled
Mar  9 21:19:52 UbuntuApp kernel: [    0.004746]   4 disabled
Mar  9 21:19:52 UbuntuApp kernel: [    0.004746]   5 disabled
Mar  9 21:19:52 UbuntuApp kernel: [    0.004747]   6 disabled
Mar  9 21:19:52 UbuntuApp kernel: [    0.004747]   7 disabled
Mar  9 21:19:52 UbuntuApp kernel: [    0.004755] x86/PAT: Configuration [0-7]: WB  WC  UC- UC  WB  WP  UC- WT  
Mar  9 21:19:52 UbuntuApp kernel: [    0.008443] e820: update [mem 0x40000000-0xffffffff] usable ==> reserved
Mar  9 21:19:52 UbuntuApp kernel: [    0.010273] last_pfn = 0x3fff0 max_arch_pfn = 0x400000000
Mar  9 21:19:52 UbuntuApp kernel: [    0.020996] found SMP MP-table at [mem 0x000ff780-0x000ff78f]
Mar  9 21:19:52 UbuntuApp kernel: [    0.024323] check: Scanning 1 areas for low memory corruption
Mar  9 21:19:52 UbuntuApp kernel: [    0.027566] Using GB pages for direct mapping
Mar  9 21:19:52 UbuntuApp kernel: [    0.030013] BRK [0x172e02000, 0x172e02fff] PGTABLE
Mar  9 21:19:52 UbuntuApp kernel: [    0.030014] BRK [0x172e03000, 0x172e03fff] PGTABLE
Mar  9 21:19:52 UbuntuApp kernel: [    0.030015] BRK [0x172e04000, 0x172e04fff] PGTABLE
Mar  9 21:19:52 UbuntuApp kernel: [    0.030054] BRK [0x172e05000, 0x172e05fff] PGTABLE
Mar  9 21:19:52 UbuntuApp kernel: [    0.030124] BRK [0x172e06000, 0x172e06fff] PGTABLE
Mar  9 21:19:52 UbuntuApp kernel: [    0.030169] RAMDISK: [mem 0x351e7000-0x368eafff]
Mar  9 21:19:52 UbuntuApp kernel: [    0.032780] ACPI: Early table checksum verification disabled
Mar  9 21:19:52 UbuntuApp kernel: [    0.036038] ACPI: RSDP 0x00000000000F5BF0 000014 (v00 ACPIAM)
Mar  9 21:19:52 UbuntuApp kernel: [    0.039146] ACPI: RSDT 0x000000003FFF0000 000040 (v01 VRTUAL MICROSFT 06001702 MSFT 00000097)
Mar  9 21:19:52 UbuntuApp kernel: [    0.043888] ACPI: FACP 0x000000003FFF0200 000081 (v02 VRTUAL MICROSFT 06001702 MSFT 00000097)
Mar  9 21:19:52 UbuntuApp kernel: [    0.048211] ACPI: DSDT 0x000000003FFF1D24 003CBE (v01 MSFTVM MSFTVM02 00000002 INTL 02002026)
Mar  9 21:19:52 UbuntuApp kernel: [    0.052864] ACPI: FACS 0x000000003FFFF000 000040
Mar  9 21:19:52 UbuntuApp kernel: [    0.055335] ACPI: WAET 0x000000003FFF1A80 000028 (v01 VRTUAL MICROSFT 06001702 MSFT 00000097)
Mar  9 21:19:52 UbuntuApp kernel: [    0.060126] ACPI: SLIC 0x000000003FFF1AC0 000176 (v01 VRTUAL MICROSFT 06001702 MSFT 00000097)
Mar  9 21:19:52 UbuntuApp kernel: [    0.065712] ACPI: OEM0 0x000000003FFF1CC0 000064 (v01 VRTUAL MICROSFT 06001702 MSFT 00000097)
Mar  9 21:19:52 UbuntuApp kernel: [    0.070765] ACPI: SRAT 0x000000003FFF0800 000140 (v02 VRTUAL MICROSFT 00000001 MSFT 00000001)
Mar  9 21:19:52 UbuntuApp kernel: [    0.075586] ACPI: APIC 0x000000003FFF0300 000452 (v01 VRTUAL MICROSFT 06001702 MSFT 00000097)
Mar  9 21:19:52 UbuntuApp kernel: [    0.080618] ACPI: OEMB 0x000000003FFFF040 000064 (v01 VRTUAL MICROSFT 06001702 MSFT 00000097)
Mar  9 21:19:52 UbuntuApp kernel: [    0.085187] ACPI: Local APIC address 0xfee00000
Mar  9 21:19:52 UbuntuApp kernel: [    0.085221] SRAT: PXM 0 -> APIC 0x00 -> Node 0
Mar  9 21:19:52 UbuntuApp kernel: [    0.087882] SRAT: PXM 0 -> APIC 0x01 -> Node 0
Mar  9 21:19:52 UbuntuApp kernel: [    0.090499] ACPI: SRAT: Node 0 PXM 0 [mem 0x00000000-0x3fffffff] hotplug
Mar  9 21:19:52 UbuntuApp kernel: [    0.094231] ACPI: SRAT: Node 0 PXM 0 [mem 0x100000000-0x2bfffffff] hotplug
Mar  9 21:19:52 UbuntuApp kernel: [    0.097991] ACPI: SRAT: Node 0 PXM 0 [mem 0x2c0200000-0xfdfffffff] hotplug
Mar  9 21:19:52 UbuntuApp kernel: [    0.101772] ACPI: SRAT: Node 0 PXM 0 [mem 0x1000000000-0xffffffffff] hotplug
Mar  9 21:19:52 UbuntuApp kernel: [    0.105650] ACPI: SRAT: Node 0 PXM 0 [mem 0x10000200000-0x1ffffffffff] hotplug
Mar  9 21:19:52 UbuntuApp kernel: [    0.109557] ACPI: SRAT: Node 0 PXM 0 [mem 0x20000200000-0x3ffffffffff] hotplug
Mar  9 21:19:52 UbuntuApp kernel: [    0.113627] NUMA: Node 0 [mem 0x00000000-0x3fffffff] + [mem 0x100000000-0x2bfffffff] -> [mem 0x00000000-0x2bfffffff]
Mar  9 21:19:52 UbuntuApp kernel: [    0.119453] NODE_DATA(0) allocated [mem 0x2bffd5000-0x2bfffffff]
Mar  9 21:19:52 UbuntuApp kernel: [    0.123088] Zone ranges:
Mar  9 21:19:52 UbuntuApp kernel: [    0.124492]   DMA      [mem 0x0000000000001000-0x0000000000ffffff]
Mar  9 21:19:52 UbuntuApp kernel: [    0.128316]   DMA32    [mem 0x0000000001000000-0x00000000ffffffff]
Mar  9 21:19:52 UbuntuApp kernel: [    0.131622]   Normal   [mem 0x0000000100000000-0x00000002bfffffff]
Mar  9 21:19:52 UbuntuApp kernel: [    0.135310]   Device   empty
Mar  9 21:19:52 UbuntuApp kernel: [    0.137042] Movable zone start for each node
Mar  9 21:19:52 UbuntuApp kernel: [    0.139459] Early memory node ranges
Mar  9 21:19:52 UbuntuApp kernel: [    0.141460]   node   0: [mem 0x0000000000001000-0x000000000009efff]
Mar  9 21:19:52 UbuntuApp kernel: [    0.145109]   node   0: [mem 0x0000000000100000-0x000000003ffeffff]
Mar  9 21:19:52 UbuntuApp kernel: [    0.148626]   node   0: [mem 0x0000000100000000-0x00000002bfffffff]
Mar  9 21:19:52 UbuntuApp kernel: [    0.152176] Zeroed struct page in unavailable ranges: 114 pages
Mar  9 21:19:52 UbuntuApp kernel: [    0.152177] Initmem setup node 0 [mem 0x0000000000001000-0x00000002bfffffff]
Mar  9 21:19:52 UbuntuApp kernel: [    0.159591] On node 0 totalpages: 2097038
Mar  9 21:19:52 UbuntuApp kernel: [    0.159592]   DMA zone: 64 pages used for memmap
Mar  9 21:19:52 UbuntuApp kernel: [    0.159593]   DMA zone: 21 pages reserved
Mar  9 21:19:52 UbuntuApp kernel: [    0.159593]   DMA zone: 3998 pages, LIFO batch:0
Mar  9 21:19:52 UbuntuApp kernel: [    0.159715]   DMA32 zone: 4032 pages used for memmap
Mar  9 21:19:52 UbuntuApp kernel: [    0.159716]   DMA32 zone: 258032 pages, LIFO batch:63
Mar  9 21:19:52 UbuntuApp kernel: [    0.168275]   Normal zone: 28672 pages used for memmap
Mar  9 21:19:52 UbuntuApp kernel: [    0.168276]   Normal zone: 1835008 pages, LIFO batch:63
Mar  9 21:19:52 UbuntuApp kernel: [    0.212090] ACPI: PM-Timer IO Port: 0x408
Mar  9 21:19:52 UbuntuApp kernel: [    0.214200] ACPI: Local APIC address 0xfee00000
Mar  9 21:19:52 UbuntuApp kernel: [    0.214210] ACPI: LAPIC_NMI (acpi_id[0xff] dfl dfl lint[0x1])
Mar  9 21:19:52 UbuntuApp kernel: [    0.217947] IOAPIC[0]: apic_id 0, version 17, address 0xfec00000, GSI 0-23
Mar  9 21:19:52 UbuntuApp kernel: [    0.221837] ACPI: INT_SRC_OVR (bus 0 bus_irq 0 global_irq 2 dfl dfl)
Mar  9 21:19:52 UbuntuApp kernel: [    0.225220] ACPI: INT_SRC_OVR (bus 0 bus_irq 9 global_irq 9 high level)
Mar  9 21:19:52 UbuntuApp kernel: [    0.228645] ACPI: IRQ0 used by override.
Mar  9 21:19:52 UbuntuApp kernel: [    0.228646] ACPI: IRQ9 used by override.
Mar  9 21:19:52 UbuntuApp kernel: [    0.228648] Using ACPI (MADT) for SMP configuration information
Mar  9 21:19:52 UbuntuApp kernel: [    0.232088] smpboot: Allowing 128 CPUs, 126 hotplug CPUs
Mar  9 21:19:52 UbuntuApp kernel: [    0.234985] PM: Registered nosave memory: [mem 0x00000000-0x00000fff]
Mar  9 21:19:52 UbuntuApp kernel: [    0.239081] PM: Registered nosave memory: [mem 0x0009f000-0x0009ffff]
Mar  9 21:19:52 UbuntuApp kernel: [    0.242783] PM: Registered nosave memory: [mem 0x000a0000-0x000dffff]
Mar  9 21:19:52 UbuntuApp kernel: [    0.246146] PM: Registered nosave memory: [mem 0x000e0000-0x000fffff]
Mar  9 21:19:52 UbuntuApp kernel: [    0.249575] PM: Registered nosave memory: [mem 0x3fff0000-0x3fffefff]
Mar  9 21:19:52 UbuntuApp kernel: [    0.253070] PM: Registered nosave memory: [mem 0x3ffff000-0x3fffffff]
Mar  9 21:19:52 UbuntuApp kernel: [    0.256559] PM: Registered nosave memory: [mem 0x40000000-0xffffffff]
Mar  9 21:19:52 UbuntuApp kernel: [    0.260157] [mem 0x40000000-0xffffffff] available for PCI devices
Mar  9 21:19:52 UbuntuApp kernel: [    0.263421] Booting paravirtualized kernel on bare hardware
Mar  9 21:19:52 UbuntuApp kernel: [    0.266394] clocksource: refined-jiffies: mask: 0xffffffff max_cycles: 0xffffffff, max_idle_ns: 7645519600211568 ns
Mar  9 21:19:52 UbuntuApp kernel: [    0.272053] random: get_random_bytes called from start_kernel+0x93/0x503 with crng_init=0
Mar  9 21:19:52 UbuntuApp kernel: [    0.276457] setup_percpu: NR_CPUS:8192 nr_cpumask_bits:128 nr_cpu_ids:128 nr_node_ids:1
Mar  9 21:19:52 UbuntuApp kernel: [    0.288139] percpu: Embedded 45 pages/cpu s147456 r8192 d28672 u262144
Mar  9 21:19:52 UbuntuApp kernel: [    0.291716] pcpu-alloc: s147456 r8192 d28672 u262144 alloc=1*2097152
Mar  9 21:19:52 UbuntuApp kernel: [    0.291717] pcpu-alloc: [0] 000 001 002 003 004 005 006 007 
Mar  9 21:19:52 UbuntuApp kernel: [    0.291719] pcpu-alloc: [0] 008 009 010 011 012 013 014 015 
Mar  9 21:19:52 UbuntuApp kernel: [    0.291721] pcpu-alloc: [0] 016 017 018 019 020 021 022 023 
Mar  9 21:19:52 UbuntuApp kernel: [    0.291722] pcpu-alloc: [0] 024 025 026 027 028 029 030 031 
Mar  9 21:19:52 UbuntuApp kernel: [    0.291724] pcpu-alloc: [0] 032 033 034 035 036 037 038 039 
Mar  9 21:19:52 UbuntuApp kernel: [    0.291726] pcpu-alloc: [0] 040 041 042 043 044 045 046 047 
Mar  9 21:19:52 UbuntuApp kernel: [    0.291728] pcpu-alloc: [0] 048 049 050 051 052 053 054 055 
Mar  9 21:19:52 UbuntuApp kernel: [    0.291729] pcpu-alloc: [0] 056 057 058 059 060 061 062 063 
Mar  9 21:19:52 UbuntuApp kernel: [    0.291731] pcpu-alloc: [0] 064 065 066 067 068 069 070 071 
Mar  9 21:19:52 UbuntuApp kernel: [    0.291733] pcpu-alloc: [0] 072 073 074 075 076 077 078 079 
Mar  9 21:19:52 UbuntuApp kernel: [    0.291734] pcpu-alloc: [0] 080 081 082 083 084 085 086 087 
Mar  9 21:19:52 UbuntuApp kernel: [    0.291736] pcpu-alloc: [0] 088 089 090 091 092 093 094 095 
Mar  9 21:19:52 UbuntuApp kernel: [    0.291738] pcpu-alloc: [0] 096 097 098 099 100 101 102 103 
Mar  9 21:19:52 UbuntuApp kernel: [    0.291739] pcpu-alloc: [0] 104 105 106 107 108 109 110 111 
Mar  9 21:19:52 UbuntuApp kernel: [    0.291741] pcpu-alloc: [0] 112 113 114 115 116 117 118 119 
Mar  9 21:19:52 UbuntuApp kernel: [    0.291743] pcpu-alloc: [0] 120 121 122 123 124 125 126 127 
Mar  9 21:19:52 UbuntuApp kernel: [    0.291781] Hyper-V: PV spinlocks enabled
Mar  9 21:19:52 UbuntuApp kernel: [    0.294131] PV qspinlock hash table entries: 512 (order: 1, 8192 bytes)
Mar  9 21:19:52 UbuntuApp kernel: [    0.297826] Built 1 zonelists, mobility grouping on.  Total pages: 2064249
Mar  9 21:19:52 UbuntuApp kernel: [    0.301658] Policy zone: Normal
Mar  9 21:19:52 UbuntuApp kernel: [    0.303494] Kernel command line: BOOT_IMAGE=/boot/vmlinuz-5.0.0-1032-azure root=UUID=5604f71e-1e5f-443c-a99e-b82bb5c201df ro console=tty1 console=ttyS0 earlyprintk=ttyS0 rootdelay=300
Mar  9 21:19:52 UbuntuApp kernel: [    0.313676] printk: log_buf_len individual max cpu contribution: 4096 bytes
Mar  9 21:19:52 UbuntuApp kernel: [    0.318003] printk: log_buf_len total cpu_extra contributions: 520192 bytes
Mar  9 21:19:52 UbuntuApp kernel: [    0.322173] printk: log_buf_len min size: 262144 bytes
Mar  9 21:19:52 UbuntuApp kernel: [    0.325464] printk: log_buf_len: 1048576 bytes
Mar  9 21:19:52 UbuntuApp kernel: [    0.327900] printk: early log buf free: 251912(96%)
Mar  9 21:19:52 UbuntuApp kernel: [    0.342895] Calgary: detecting Calgary via BIOS EBDA area
Mar  9 21:19:52 UbuntuApp kernel: [    0.342897] Calgary: Unable to locate Rio Grande table in EBDA - bailing!
Mar  9 21:19:52 UbuntuApp kernel: [    0.366336] Memory: 8114236K/8388152K available (12292K kernel code, 2233K rwdata, 3944K rodata, 2360K init, 5524K bss, 273916K reserved, 0K cma-reserved)
Mar  9 21:19:52 UbuntuApp kernel: [    0.375202] SLUB: HWalign=64, Order=0-3, MinObjects=0, CPUs=128, Nodes=1
Mar  9 21:19:52 UbuntuApp kernel: [    0.378593] Kernel/User page tables isolation: enabled
Mar  9 21:19:52 UbuntuApp kernel: [    0.381695] ftrace: allocating 38709 entries in 152 pages
Mar  9 21:19:52 UbuntuApp kernel: [    0.401443] rcu: Hierarchical RCU implementation.
Mar  9 21:19:52 UbuntuApp kernel: [    0.404265] rcu: 	RCU restricting CPUs from NR_CPUS=8192 to nr_cpu_ids=128.
Mar  9 21:19:52 UbuntuApp kernel: [    0.408130] 	Tasks RCU enabled.
Mar  9 21:19:52 UbuntuApp kernel: [    0.409865] rcu: RCU calculated value of scheduler-enlistment delay is 25 jiffies.
Mar  9 21:19:52 UbuntuApp kernel: [    0.414010] rcu: Adjusting geometry for rcu_fanout_leaf=16, nr_cpu_ids=128
Mar  9 21:19:52 UbuntuApp kernel: [    0.420958] NR_IRQS: 524544, nr_irqs: 1448, preallocated irqs: 16
Mar  9 21:19:52 UbuntuApp kernel: [    0.429869] Console: colour VGA+ 80x25
Mar  9 21:19:52 UbuntuApp kernel: [    0.896804] printk: console [tty1] enabled
Mar  9 21:19:52 UbuntuApp kernel: [    0.900100] printk: console [ttyS0] enabled
Mar  9 21:19:52 UbuntuApp kernel: [    0.906622] printk: bootconsole [earlyser0] disabled
Mar  9 21:19:52 UbuntuApp kernel: [    0.913138] ACPI: Core revision 20181213
Mar  9 21:19:52 UbuntuApp kernel: [    0.916179] APIC: Switch to symmetric I/O mode setup
Mar  9 21:19:52 UbuntuApp kernel: [    0.920521] Switched APIC routing to physical flat.
Mar  9 21:19:52 UbuntuApp kernel: [    0.924072] Hyper-V: Using IPI hypercalls
Mar  9 21:19:52 UbuntuApp kernel: [    0.927143] Hyper-V: Using enlightened APIC (xapic mode)
Mar  9 21:19:52 UbuntuApp kernel: [    0.927152] clocksource: hyperv_clocksource_tsc_page: mask: 0xffffffffffffffff max_cycles: 0x24e6a1710, max_idle_ns: 440795202120 ns
Mar  9 21:19:52 UbuntuApp kernel: [    0.963260] Calibrating delay loop (skipped), value calculated using timer frequency.. 4788.90 BogoMIPS (lpj=9577812)
Mar  9 21:19:52 UbuntuApp kernel: [    0.967246] pid_max: default: 131072 minimum: 1024
Mar  9 21:19:52 UbuntuApp kernel: [    0.967246] LSM: Security Framework initializing
Mar  9 21:19:52 UbuntuApp kernel: [    0.967246] Yama: becoming mindful.
Mar  9 21:19:52 UbuntuApp kernel: [    0.967246] AppArmor: AppArmor initialized
Mar  9 21:19:52 UbuntuApp kernel: [    0.967246] Dentry cache hash table entries: 1048576 (order: 11, 8388608 bytes)
Mar  9 21:19:52 UbuntuApp kernel: [    0.967246] Inode-cache hash table entries: 524288 (order: 10, 4194304 bytes)
Mar  9 21:19:52 UbuntuApp kernel: [    0.967246] Mount-cache hash table entries: 16384 (order: 5, 131072 bytes)
Mar  9 21:19:52 UbuntuApp kernel: [    0.967246] Mountpoint-cache hash table entries: 16384 (order: 5, 131072 bytes)
Mar  9 21:19:52 UbuntuApp kernel: [    0.967246] Last level iTLB entries: 4KB 1024, 2MB 1024, 4MB 1024
Mar  9 21:19:52 UbuntuApp kernel: [    0.967246] Last level dTLB entries: 4KB 1024, 2MB 1024, 4MB 1024, 1GB 4
Mar  9 21:19:52 UbuntuApp kernel: [    0.967246] Spectre V1 : Mitigation: usercopy/swapgs barriers and __user pointer sanitization
Mar  9 21:19:52 UbuntuApp kernel: [    0.967246] Spectre V2 : Mitigation: Full generic retpoline
Mar  9 21:19:52 UbuntuApp kernel: [    0.967246] Spectre V2 : Spectre v2 / SpectreRSB mitigation: Filling RSB on context switch
Mar  9 21:19:52 UbuntuApp kernel: [    0.967246] Speculative Store Bypass: Vulnerable
Mar  9 21:19:52 UbuntuApp kernel: [    0.967246] MDS: Mitigation: Clear CPU buffers
Mar  9 21:19:52 UbuntuApp kernel: [    0.967246] Freeing SMP alternatives memory: 36K
Mar  9 21:19:52 UbuntuApp kernel: [    0.967246] smpboot: CPU0: Intel(R) Xeon(R) CPU E5-2673 v3 @ 2.40GHz (family: 0x6, model: 0x3f, stepping: 0x2)
Mar  9 21:19:52 UbuntuApp kernel: [    0.967427] Performance Events: unsupported p6 CPU model 63 no PMU driver, software events only.
Mar  9 21:19:52 UbuntuApp kernel: [    0.971299] rcu: Hierarchical SRCU implementation.
Mar  9 21:19:52 UbuntuApp kernel: [    0.975282] random: crng done (trusting CPU's manufacturer)
Mar  9 21:19:52 UbuntuApp kernel: [    0.979289] NMI watchdog: Perf NMI watchdog permanently disabled
Mar  9 21:19:52 UbuntuApp kernel: [    0.984555] smp: Bringing up secondary CPUs ...
Mar  9 21:19:52 UbuntuApp kernel: [    0.987385] x86: Booting SMP configuration:
Mar  9 21:19:52 UbuntuApp kernel: [    0.991252] .... node  #0, CPUs:          #1
Mar  9 21:19:52 UbuntuApp kernel: [    0.995272] MDS CPU bug present and SMT on, data leak possible. See https://www.kernel.org/doc/html/latest/admin-guide/hw-vuln/mds.html for more details.
Mar  9 21:19:52 UbuntuApp kernel: [    0.999254] smp: Brought up 1 node, 2 CPUs
Mar  9 21:19:52 UbuntuApp kernel: [    1.003251] smpboot: Max logical packages: 64
Mar  9 21:19:52 UbuntuApp kernel: [    1.007251] smpboot: Total of 2 processors activated (9577.81 BogoMIPS)
Mar  9 21:19:52 UbuntuApp kernel: [    1.012216] devtmpfs: initialized
Mar  9 21:19:52 UbuntuApp kernel: [    1.015333] x86/mm: Memory block size: 128MB
Mar  9 21:19:52 UbuntuApp kernel: [    1.019291] PM: Registering ACPI NVS region [mem 0x3ffff000-0x3fffffff] (4096 bytes)
Mar  9 21:19:52 UbuntuApp kernel: [    1.023395] clocksource: jiffies: mask: 0xffffffff max_cycles: 0xffffffff, max_idle_ns: 7645041785100000 ns
Mar  9 21:19:52 UbuntuApp kernel: [    1.027317] futex hash table entries: 32768 (order: 9, 2097152 bytes)
Mar  9 21:19:52 UbuntuApp kernel: [    1.032032] pinctrl core: initialized pinctrl subsystem
Mar  9 21:19:52 UbuntuApp kernel: [    1.039250] RTC time: 20:19:24, date: 2020-03-09
Mar  9 21:19:52 UbuntuApp kernel: [    1.042554] NET: Registered protocol family 16
Mar  9 21:19:52 UbuntuApp kernel: [    1.043365] audit: initializing netlink subsys (disabled)
Mar  9 21:19:52 UbuntuApp kernel: [    1.047281] audit: type=2000 audit(1583785163.084:1): state=initialized audit_enabled=0 res=1
Mar  9 21:19:52 UbuntuApp kernel: [    1.047702] EISA bus registered
Mar  9 21:19:52 UbuntuApp kernel: [    1.055271] cpuidle: using governor ladder
Mar  9 21:19:52 UbuntuApp kernel: [    1.058557] cpuidle: using governor menu
Mar  9 21:19:52 UbuntuApp kernel: [    1.058557] ACPI: bus type PCI registered
Mar  9 21:19:52 UbuntuApp kernel: [    1.063250] acpiphp: ACPI Hot Plug PCI Controller Driver version: 0.5
Mar  9 21:19:52 UbuntuApp kernel: [    1.067633] PCI: Using configuration type 1 for base access
Mar  9 21:19:52 UbuntuApp kernel: [    1.072341] HugeTLB registered 1.00 GiB page size, pre-allocated 0 pages
Mar  9 21:19:52 UbuntuApp kernel: [    1.075251] HugeTLB registered 2.00 MiB page size, pre-allocated 0 pages
Mar  9 21:19:52 UbuntuApp kernel: [    1.079472] ACPI: Added _OSI(Module Device)
Mar  9 21:19:52 UbuntuApp kernel: [    1.083255] ACPI: Added _OSI(Processor Device)
Mar  9 21:19:52 UbuntuApp kernel: [    1.086375] ACPI: Added _OSI(3.0 _SCP Extensions)
Mar  9 21:19:52 UbuntuApp kernel: [    1.087249] ACPI: Added _OSI(Processor Aggregator Device)
Mar  9 21:19:52 UbuntuApp kernel: [    1.091250] ACPI: Added _OSI(Linux-Dell-Video)
Mar  9 21:19:52 UbuntuApp kernel: [    1.095249] ACPI: Added _OSI(Linux-Lenovo-NV-HDMI-Audio)
Mar  9 21:19:52 UbuntuApp kernel: [    1.099250] ACPI: Added _OSI(Linux-HPI-Hybrid-Graphics)
Mar  9 21:19:52 UbuntuApp kernel: [    1.104600] ACPI: 1 ACPI AML tables successfully acquired and loaded
Mar  9 21:19:52 UbuntuApp kernel: [    1.109687] ACPI: Interpreter enabled
Mar  9 21:19:52 UbuntuApp kernel: [    1.115261] ACPI: (supports S0 S5)
Mar  9 21:19:52 UbuntuApp kernel: [    1.117624] ACPI: Using IOAPIC for interrupt routing
Mar  9 21:19:52 UbuntuApp kernel: [    1.119275] PCI: Using host bridge windows from ACPI; if necessary, use "pci=nocrs" and report a bug
Mar  9 21:19:52 UbuntuApp kernel: [    1.127535] ACPI: Enabled 1 GPEs in block 00 to 0F
Mar  9 21:19:52 UbuntuApp kernel: [    1.148725] ACPI: PCI Root Bridge [PCI0] (domain 0000 [bus 00-ff])
Mar  9 21:19:52 UbuntuApp kernel: [    1.155254] acpi PNP0A03:00: _OSC: OS supports [ASPM ClockPM Segments MSI]
Mar  9 21:19:52 UbuntuApp kernel: [    1.159260] acpi PNP0A03:00: fail to add MMCONFIG information, can't access extended PCI configuration space under this bridge.
Mar  9 21:19:52 UbuntuApp kernel: [    1.167397] PCI host bridge to bus 0000:00
Mar  9 21:19:52 UbuntuApp kernel: [    1.171251] pci_bus 0000:00: root bus resource [mem 0xfe0000000-0xfffffffff window]
Mar  9 21:19:52 UbuntuApp kernel: [    1.175251] pci_bus 0000:00: root bus resource [io  0x0000-0x0cf7 window]
Mar  9 21:19:52 UbuntuApp kernel: [    1.183250] pci_bus 0000:00: root bus resource [io  0x0d00-0xffff window]
Mar  9 21:19:52 UbuntuApp kernel: [    1.187251] pci_bus 0000:00: root bus resource [mem 0x000a0000-0x000bffff window]
Mar  9 21:19:52 UbuntuApp kernel: [    1.191268] pci_bus 0000:00: root bus resource [mem 0x40000000-0xfffbffff window]
Mar  9 21:19:52 UbuntuApp kernel: [    1.195251] pci_bus 0000:00: root bus resource [bus 00-ff]
Mar  9 21:19:52 UbuntuApp kernel: [    1.199390] pci 0000:00:00.0: [8086:7192] type 00 class 0x060000
Mar  9 21:19:52 UbuntuApp kernel: [    1.200340] pci 0000:00:07.0: [8086:7110] type 00 class 0x060100
Mar  9 21:19:52 UbuntuApp kernel: [    1.203308] pci 0000:00:07.1: [8086:7111] type 00 class 0x010180
Mar  9 21:19:52 UbuntuApp kernel: [    1.205650] pci 0000:00:07.1: reg 0x20: [io  0xffa0-0xffaf]
Mar  9 21:19:52 UbuntuApp kernel: [    1.206507] pci 0000:00:07.1: legacy IDE quirk: reg 0x10: [io  0x01f0-0x01f7]
Mar  9 21:19:52 UbuntuApp kernel: [    1.211250] pci 0000:00:07.1: legacy IDE quirk: reg 0x14: [io  0x03f6]
Mar  9 21:19:52 UbuntuApp kernel: [    1.219250] pci 0000:00:07.1: legacy IDE quirk: reg 0x18: [io  0x0170-0x0177]
Mar  9 21:19:52 UbuntuApp kernel: [    1.223250] pci 0000:00:07.1: legacy IDE quirk: reg 0x1c: [io  0x0376]
Mar  9 21:19:52 UbuntuApp kernel: [    1.227898] pci 0000:00:07.3: [8086:7113] type 00 class 0x068000
Mar  9 21:19:52 UbuntuApp kernel: [    1.228026] * Found PM-Timer Bug on the chipset. Due to workarounds for a bug,
Mar  9 21:19:52 UbuntuApp kernel: [    1.228026] * this clock source is slow. Consider trying other clock sources
Mar  9 21:19:52 UbuntuApp kernel: [    1.236352] pci 0000:00:07.3: quirk: [io  0x0400-0x043f] claimed by PIIX4 ACPI
Mar  9 21:19:52 UbuntuApp kernel: [    1.244378] pci 0000:00:08.0: [1414:5353] type 00 class 0x030000
Mar  9 21:19:52 UbuntuApp kernel: [    1.244979] pci 0000:00:08.0: reg 0x10: [mem 0xf8000000-0xfbffffff]
Mar  9 21:19:52 UbuntuApp kernel: [    1.260872] ACPI: PCI Interrupt Link [LNKA] (IRQs 3 4 5 7 9 10 *11 12 14 15)
Mar  9 21:19:52 UbuntuApp kernel: [    1.267473] ACPI: PCI Interrupt Link [LNKB] (IRQs 3 4 5 7 9 10 11 12 14 15) *0, disabled.
Mar  9 21:19:52 UbuntuApp kernel: [    1.271397] ACPI: PCI Interrupt Link [LNKC] (IRQs 3 4 5 7 9 10 11 12 14 15) *0, disabled.
Mar  9 21:19:52 UbuntuApp kernel: [    1.279472] ACPI: PCI Interrupt Link [LNKD] (IRQs 3 4 5 7 9 10 11 12 14 15) *0, disabled.
Mar  9 21:19:52 UbuntuApp kernel: [    1.283622] SCSI subsystem initialized
Mar  9 21:19:52 UbuntuApp kernel: [    1.287316] libata version 3.00 loaded.
Mar  9 21:19:52 UbuntuApp kernel: [    1.287373] pci 0000:00:08.0: vgaarb: setting as boot VGA device
Mar  9 21:19:52 UbuntuApp kernel: [    1.291238] pci 0000:00:08.0: vgaarb: VGA device added: decodes=io+mem,owns=io+mem,locks=none
Mar  9 21:19:52 UbuntuApp kernel: [    1.295250] pci 0000:00:08.0: vgaarb: bridge control possible
Mar  9 21:19:52 UbuntuApp kernel: [    1.299249] vgaarb: loaded
Mar  9 21:19:52 UbuntuApp kernel: [    1.303292] pps_core: LinuxPPS API ver. 1 registered
Mar  9 21:19:52 UbuntuApp kernel: [    1.307249] pps_core: Software ver. 5.3.6 - Copyright 2005-2007 Rodolfo Giometti <giometti@linux.it>
Mar  9 21:19:52 UbuntuApp kernel: [    1.311253] PTP clock support registered
Mar  9 21:19:52 UbuntuApp kernel: [    1.315334] EDAC MC: Ver: 3.0.0
Mar  9 21:19:52 UbuntuApp kernel: [    5.835259] hv_vmbus: Vmbus version:4.0
Mar  9 21:19:52 UbuntuApp kernel: [    5.840104] PCI: Using ACPI for IRQ routing
Mar  9 21:19:52 UbuntuApp kernel: [    5.843252] PCI: pci_cache_line_size set to 64 bytes
Mar  9 21:19:52 UbuntuApp kernel: [    5.843729] e820: reserve RAM buffer [mem 0x0009fc00-0x0009ffff]
Mar  9 21:19:52 UbuntuApp kernel: [    5.843731] e820: reserve RAM buffer [mem 0x3fff0000-0x3fffffff]
Mar  9 21:19:52 UbuntuApp kernel: [    5.843952] NetLabel: Initializing
Mar  9 21:19:52 UbuntuApp kernel: [    5.846644] NetLabel:  domain hash size = 128
Mar  9 21:19:52 UbuntuApp kernel: [    5.847250] NetLabel:  protocols = UNLABELED CIPSOv4 CALIPSO
Mar  9 21:19:52 UbuntuApp kernel: [    5.855272] NetLabel:  unlabeled traffic allowed by default
Mar  9 21:19:52 UbuntuApp kernel: [    5.859357] clocksource: Switched to clocksource hyperv_clocksource_tsc_page
Mar  9 21:19:52 UbuntuApp kernel: [    5.879849] VFS: Disk quotas dquot_6.6.0
Mar  9 21:19:52 UbuntuApp kernel: [    5.882564] VFS: Dquot-cache hash table entries: 512 (order 0, 4096 bytes)
Mar  9 21:19:52 UbuntuApp kernel: [    5.886983] AppArmor: AppArmor Filesystem Enabled
Mar  9 21:19:52 UbuntuApp kernel: [    5.890111] pnp: PnP ACPI init
Mar  9 21:19:52 UbuntuApp kernel: [    5.892436] pnp 00:00: Plug and Play ACPI device, IDs PNP0b00 (active)
Mar  9 21:19:52 UbuntuApp kernel: [    5.892483] pnp 00:01: Plug and Play ACPI device, IDs PNP0303 PNP030b (active)
Mar  9 21:19:52 UbuntuApp kernel: [    5.892520] pnp 00:02: Plug and Play ACPI device, IDs PNP0f03 PNP0f13 (active)
Mar  9 21:19:52 UbuntuApp kernel: [    5.893204] pnp 00:03: [dma 0 disabled]
Mar  9 21:19:52 UbuntuApp kernel: [    5.893232] pnp 00:03: Plug and Play ACPI device, IDs PNP0501 (active)
Mar  9 21:19:52 UbuntuApp kernel: [    5.893962] pnp 00:04: [dma 0 disabled]
Mar  9 21:19:52 UbuntuApp kernel: [    5.893983] pnp 00:04: Plug and Play ACPI device, IDs PNP0501 (active)
Mar  9 21:19:52 UbuntuApp kernel: [    5.894550] pnp 00:05: [dma 2]
Mar  9 21:19:52 UbuntuApp kernel: [    5.894580] pnp 00:05: Plug and Play ACPI device, IDs PNP0700 (active)
Mar  9 21:19:52 UbuntuApp kernel: [    5.894622] system 00:06: [io  0x01e0-0x01ef] has been reserved
Mar  9 21:19:52 UbuntuApp kernel: [    5.898435] system 00:06: [io  0x0160-0x016f] has been reserved
Mar  9 21:19:52 UbuntuApp kernel: [    5.902334] system 00:06: [io  0x0278-0x027f] has been reserved
Mar  9 21:19:52 UbuntuApp kernel: [    5.906007] system 00:06: [io  0x0378-0x037f] has been reserved
Mar  9 21:19:52 UbuntuApp kernel: [    5.909703] system 00:06: [io  0x0678-0x067f] has been reserved
Mar  9 21:19:52 UbuntuApp kernel: [    5.913423] system 00:06: [io  0x0778-0x077f] has been reserved
Mar  9 21:19:52 UbuntuApp kernel: [    5.917133] system 00:06: [io  0x04d0-0x04d1] has been reserved
Mar  9 21:19:52 UbuntuApp kernel: [    5.920869] system 00:06: Plug and Play ACPI device, IDs PNP0c02 (active)
Mar  9 21:19:52 UbuntuApp kernel: [    5.921000] system 00:07: [io  0x0400-0x043f] has been reserved
Mar  9 21:19:52 UbuntuApp kernel: [    5.924897] system 00:07: [io  0x0370-0x0371] has been reserved
Mar  9 21:19:52 UbuntuApp kernel: [    5.930637] system 00:07: [io  0x0440-0x044f] has been reserved
Mar  9 21:19:52 UbuntuApp kernel: [    5.934833] system 00:07: [mem 0xfec00000-0xfec00fff] could not be reserved
Mar  9 21:19:52 UbuntuApp kernel: [    5.939427] system 00:07: [mem 0xfee00000-0xfee00fff] has been reserved
Mar  9 21:19:52 UbuntuApp kernel: [    5.944149] system 00:07: Plug and Play ACPI device, IDs PNP0c02 (active)
Mar  9 21:19:52 UbuntuApp kernel: [    5.944260] system 00:08: [mem 0x00000000-0x0009ffff] could not be reserved
Mar  9 21:19:52 UbuntuApp kernel: [    5.949309] system 00:08: [mem 0x000c0000-0x000dffff] could not be reserved
Mar  9 21:19:52 UbuntuApp kernel: [    5.954514] system 00:08: [mem 0x000e0000-0x000fffff] could not be reserved
Mar  9 21:19:52 UbuntuApp kernel: [    5.960263] system 00:08: [mem 0x00100000-0x3fffffff] could not be reserved
Mar  9 21:19:52 UbuntuApp kernel: [    5.964599] system 00:08: [mem 0xfffc0000-0xffffffff] has been reserved
Mar  9 21:19:52 UbuntuApp kernel: [    5.970748] system 00:08: Plug and Play ACPI device, IDs PNP0c01 (active)
Mar  9 21:19:52 UbuntuApp kernel: [    5.970981] pnp: PnP ACPI: found 9 devices
Mar  9 21:19:52 UbuntuApp kernel: [    5.982587] clocksource: acpi_pm: mask: 0xffffff max_cycles: 0xffffff, max_idle_ns: 2085701024 ns
Mar  9 21:19:52 UbuntuApp kernel: [    5.988311] pci_bus 0000:00: resource 4 [mem 0xfe0000000-0xfffffffff window]
Mar  9 21:19:52 UbuntuApp kernel: [    5.988313] pci_bus 0000:00: resource 5 [io  0x0000-0x0cf7 window]
Mar  9 21:19:52 UbuntuApp kernel: [    5.988314] pci_bus 0000:00: resource 6 [io  0x0d00-0xffff window]
Mar  9 21:19:52 UbuntuApp kernel: [    5.988315] pci_bus 0000:00: resource 7 [mem 0x000a0000-0x000bffff window]
Mar  9 21:19:52 UbuntuApp kernel: [    5.988316] pci_bus 0000:00: resource 8 [mem 0x40000000-0xfffbffff window]
Mar  9 21:19:52 UbuntuApp kernel: [    5.988432] NET: Registered protocol family 2
Mar  9 21:19:52 UbuntuApp kernel: [    5.992454] tcp_listen_portaddr_hash hash table entries: 4096 (order: 4, 65536 bytes)
Mar  9 21:19:52 UbuntuApp kernel: [    5.998137] TCP established hash table entries: 65536 (order: 7, 524288 bytes)
Mar  9 21:19:52 UbuntuApp kernel: [    6.002685] TCP bind hash table entries: 65536 (order: 8, 1048576 bytes)
Mar  9 21:19:52 UbuntuApp kernel: [    6.007159] TCP: Hash tables configured (established 65536 bind 65536)
Mar  9 21:19:52 UbuntuApp kernel: [    6.011458] UDP hash table entries: 4096 (order: 5, 131072 bytes)
Mar  9 21:19:52 UbuntuApp kernel: [    6.015934] UDP-Lite hash table entries: 4096 (order: 5, 131072 bytes)
Mar  9 21:19:52 UbuntuApp kernel: [    6.021506] NET: Registered protocol family 1
Mar  9 21:19:52 UbuntuApp kernel: [    6.024477] NET: Registered protocol family 44
Mar  9 21:19:52 UbuntuApp kernel: [    6.028209] pci 0000:00:00.0: Limiting direct PCI/PCI transfers
Mar  9 21:19:52 UbuntuApp kernel: [    6.033311] pci 0000:00:08.0: Video device with shadowed ROM at [mem 0x000c0000-0x000dffff]
Mar  9 21:19:52 UbuntuApp kernel: [    6.038823] PCI: CLS 0 bytes, default 64
Mar  9 21:19:52 UbuntuApp kernel: [    6.038862] Unpacking initramfs...
Mar  9 21:19:52 UbuntuApp kernel: [    6.399856] Freeing initrd memory: 23568K
Mar  9 21:19:52 UbuntuApp kernel: [    6.402991] PCI-DMA: Using software bounce buffering for IO (SWIOTLB)
Mar  9 21:19:52 UbuntuApp kernel: [    6.407727] software IO TLB: mapped [mem 0x3bff0000-0x3fff0000] (64MB)
Mar  9 21:19:52 UbuntuApp kernel: [    6.412978] check: Scanning for low memory corruption every 60 seconds
Mar  9 21:19:52 UbuntuApp kernel: [    6.420858] Initialise system trusted keyrings
Mar  9 21:19:52 UbuntuApp kernel: [    6.424717] Key type blacklist registered
Mar  9 21:19:52 UbuntuApp kernel: [    6.428420] workingset: timestamp_bits=36 max_order=21 bucket_order=0
Mar  9 21:19:52 UbuntuApp kernel: [    6.434168] zbud: loaded
Mar  9 21:19:52 UbuntuApp kernel: [    6.437181] squashfs: version 4.0 (2009/01/31) Phillip Lougher
Mar  9 21:19:52 UbuntuApp kernel: [    6.441795] fuse init (API version 7.28)
Mar  9 21:19:52 UbuntuApp kernel: [    6.485317] Key type asymmetric registered
Mar  9 21:19:52 UbuntuApp kernel: [    6.488268] Asymmetric key parser 'x509' registered
Mar  9 21:19:52 UbuntuApp kernel: [    6.492214] Block layer SCSI generic (bsg) driver version 0.4 loaded (major 243)
Mar  9 21:19:52 UbuntuApp kernel: [    6.497779] shpchp: Standard Hot Plug PCI Controller Driver version: 0.4
Mar  9 21:19:52 UbuntuApp kernel: [    6.502577] intel_idle: Please enable MWAIT in BIOS SETUP
Mar  9 21:19:52 UbuntuApp kernel: [    6.502668] input: Power Button as /devices/LNXSYSTM:00/LNXPWRBN:00/input/input0
Mar  9 21:19:52 UbuntuApp kernel: [    6.506294] ACPI: Power Button [PWRF]
Mar  9 21:19:52 UbuntuApp kernel: [    6.508604] Serial: 8250/16550 driver, 32 ports, IRQ sharing enabled
Mar  9 21:19:52 UbuntuApp kernel: [    6.536710] 00:03: ttyS0 at I/O 0x3f8 (irq = 4, base_baud = 115200) is a 16550A
Mar  9 21:19:52 UbuntuApp kernel: [    6.565900] 00:04: ttyS1 at I/O 0x2f8 (irq = 3, base_baud = 115200) is a 16550A
Mar  9 21:19:52 UbuntuApp kernel: [    6.574098] Linux agpgart interface v0.103
Mar  9 21:19:52 UbuntuApp kernel: [    6.589404] loop: module loaded
Mar  9 21:19:52 UbuntuApp kernel: [    6.592097] hv_vmbus: registering driver hv_storvsc
Mar  9 21:19:52 UbuntuApp kernel: [    6.596793] ata_piix 0000:00:07.1: version 2.13
Mar  9 21:19:52 UbuntuApp kernel: [    6.597161] ata_piix 0000:00:07.1: Hyper-V Virtual Machine detected, ATA device ignore set
Mar  9 21:19:52 UbuntuApp kernel: [    6.597697] scsi host0: storvsc_host_t
Mar  9 21:19:52 UbuntuApp kernel: [    6.609875] scsi host1: ata_piix
Mar  9 21:19:52 UbuntuApp kernel: [    6.614037] scsi host2: ata_piix
Mar  9 21:19:52 UbuntuApp kernel: [    6.617648] scsi 0:0:0:0: Direct-Access     Msft     Virtual Disk     1.0  PQ: 0 ANSI: 5
Mar  9 21:19:52 UbuntuApp kernel: [    6.618000] ata1: PATA max UDMA/33 cmd 0x1f0 ctl 0x3f6 bmdma 0xffa0 irq 14
Mar  9 21:19:52 UbuntuApp kernel: [    6.626253] sd 0:0:0:0: Attached scsi generic sg0 type 0
Mar  9 21:19:52 UbuntuApp kernel: [    6.631208] ata2: PATA max UDMA/33 cmd 0x170 ctl 0x376 bmdma 0xffa8 irq 15
Mar  9 21:19:52 UbuntuApp kernel: [    6.642298] sd 0:0:0:0: [sda] 62916608 512-byte logical blocks: (32.2 GB/30.0 GiB)
Mar  9 21:19:52 UbuntuApp kernel: [    6.647953] libphy: Fixed MDIO Bus: probed
Mar  9 21:19:52 UbuntuApp kernel: [    6.654281] sd 0:0:0:0: [sda] 4096-byte physical blocks
Mar  9 21:19:52 UbuntuApp kernel: [    6.660965] tun: Universal TUN/TAP device driver, 1.6
Mar  9 21:19:52 UbuntuApp kernel: [    6.661021] PPP generic driver version 2.4.2
Mar  9 21:19:52 UbuntuApp kernel: [    6.670495] sd 0:0:0:0: [sda] Write Protect is off
Mar  9 21:19:52 UbuntuApp kernel: [    6.678509] i8042: PNP: PS/2 Controller [PNP0303:PS2K,PNP0f03:PS2M] at 0x60,0x64 irq 1,12
Mar  9 21:19:52 UbuntuApp kernel: [    6.684514] sd 0:0:0:0: [sda] Mode Sense: 0f 00 10 00
Mar  9 21:19:52 UbuntuApp kernel: [    6.697905] sd 0:0:0:0: [sda] Write cache: enabled, read cache: enabled, supports DPO and FUA
Mar  9 21:19:52 UbuntuApp kernel: [    6.699226] serio: i8042 KBD port at 0x60,0x64 irq 1
Mar  9 21:19:52 UbuntuApp kernel: [    6.710635] serio: i8042 AUX port at 0x60,0x64 irq 12
Mar  9 21:19:52 UbuntuApp kernel: [    6.710676] scsi host3: storvsc_host_t
Mar  9 21:19:52 UbuntuApp kernel: [    6.722283] mousedev: PS/2 mouse device common for all mice
Mar  9 21:19:52 UbuntuApp kernel: [    6.735229] scsi 3:0:1:0: Direct-Access     Msft     Virtual Disk     1.0  PQ: 0 ANSI: 5
Mar  9 21:19:52 UbuntuApp kernel: [    6.735753] rtc_cmos 00:00: RTC can wake from S4
Mar  9 21:19:52 UbuntuApp kernel: [    6.749090]  sda: sda1 sda14 sda15
Mar  9 21:19:52 UbuntuApp kernel: [    6.763771] sd 0:0:0:0: [sda] Attached SCSI disk
Mar  9 21:19:52 UbuntuApp kernel: [    6.777036] sd 3:0:1:0: Attached scsi generic sg1 type 0
Mar  9 21:19:52 UbuntuApp kernel: [    6.777080] input: AT Translated Set 2 keyboard as /devices/platform/i8042/serio0/input/input1
Mar  9 21:19:52 UbuntuApp kernel: [    6.783965] rtc_cmos 00:00: registered as rtc0
Mar  9 21:19:52 UbuntuApp kernel: [    6.799294] rtc_cmos 00:00: alarms up to one month, 114 bytes nvram
Mar  9 21:19:52 UbuntuApp kernel: [    6.804097] device-mapper: uevent: version 1.0.3
Mar  9 21:19:52 UbuntuApp kernel: [    6.807987] sd 3:0:1:0: [sdb] 33554432 512-byte logical blocks: (17.2 GB/16.0 GiB)
Mar  9 21:19:52 UbuntuApp kernel: [    6.812605] device-mapper: ioctl: 4.39.0-ioctl (2018-04-03) initialised: dm-devel@redhat.com
Mar  9 21:19:52 UbuntuApp kernel: [    6.829662] sd 3:0:1:0: [sdb] 4096-byte physical blocks
Mar  9 21:19:52 UbuntuApp kernel: [    6.829833] sd 3:0:1:0: [sdb] Write Protect is off
Mar  9 21:19:52 UbuntuApp kernel: [    6.844607] platform eisa.0: Probing EISA bus 0
Mar  9 21:19:52 UbuntuApp kernel: [    6.853618] sd 3:0:1:0: [sdb] Mode Sense: 0f 00 10 00
Mar  9 21:19:52 UbuntuApp kernel: [    6.858361] ata1.01: host indicates ignore ATA devices, ignored
Mar  9 21:19:52 UbuntuApp kernel: [    6.859399] platform eisa.0: EISA: Cannot allocate resource for mainboard
Mar  9 21:19:52 UbuntuApp kernel: [    6.865659] scsi host4: storvsc_host_t
Mar  9 21:19:52 UbuntuApp kernel: [    6.874278] platform eisa.0: Cannot allocate resource for EISA slot 1
Mar  9 21:19:52 UbuntuApp kernel: [    6.878065] ata1.00: host indicates ignore ATA devices, ignored
Mar  9 21:19:52 UbuntuApp kernel: [    6.884551] platform eisa.0: Cannot allocate resource for EISA slot 2
Mar  9 21:19:52 UbuntuApp kernel: [    6.891296] platform eisa.0: Cannot allocate resource for EISA slot 3
Mar  9 21:19:52 UbuntuApp kernel: [    6.891509] sd 3:0:1:0: [sdb] Write cache: disabled, read cache: enabled, supports DPO and FUA
Mar  9 21:19:52 UbuntuApp kernel: [    6.900553] platform eisa.0: Cannot allocate resource for EISA slot 4
Mar  9 21:19:52 UbuntuApp kernel: [    6.918746] platform eisa.0: Cannot allocate resource for EISA slot 5
Mar  9 21:19:52 UbuntuApp kernel: [    6.923829]  sdb: sdb1
Mar  9 21:19:52 UbuntuApp kernel: [    6.926241] platform eisa.0: Cannot allocate resource for EISA slot 6
Mar  9 21:19:52 UbuntuApp kernel: [    6.940188] platform eisa.0: Cannot allocate resource for EISA slot 7
Mar  9 21:19:52 UbuntuApp kernel: [    6.943911] sd 3:0:1:0: [sdb] Attached SCSI disk
Mar  9 21:19:52 UbuntuApp kernel: [    6.949880] platform eisa.0: Cannot allocate resource for EISA slot 8
Mar  9 21:19:52 UbuntuApp kernel: [    6.964281] platform eisa.0: EISA: Detected 0 cards
Mar  9 21:19:52 UbuntuApp kernel: [    6.964313] scsi host5: storvsc_host_t
Mar  9 21:19:52 UbuntuApp kernel: [    6.974554] NET: Registered protocol family 10
Mar  9 21:19:52 UbuntuApp kernel: [    6.995377] Segment Routing with IPv6
Mar  9 21:19:52 UbuntuApp kernel: [    6.997979] NET: Registered protocol family 17
Mar  9 21:19:52 UbuntuApp kernel: [    7.001421] Key type dns_resolver registered
Mar  9 21:19:52 UbuntuApp kernel: [    7.005072] mce: Using 1 MCE banks
Mar  9 21:19:52 UbuntuApp kernel: [    7.008122] RAS: Correctable Errors collector initialized.
Mar  9 21:19:52 UbuntuApp kernel: [    7.012921] registered taskstats version 1
Mar  9 21:19:52 UbuntuApp kernel: [    7.016409] Loading compiled-in X.509 certificates
Mar  9 21:19:52 UbuntuApp kernel: [    7.022527] Loaded X.509 cert 'Build time autogenerated kernel key: 9c13c25bb46bb08aadac8fd6055952f30e111a90'
Mar  9 21:19:52 UbuntuApp kernel: [    7.029461] zswap: loaded using pool lzo/zbud
Mar  9 21:19:52 UbuntuApp kernel: [    7.038411] Key type big_key registered
Mar  9 21:19:52 UbuntuApp kernel: [    7.041467] Key type trusted registered
Mar  9 21:19:52 UbuntuApp kernel: [    7.047670] Key type encrypted registered
Mar  9 21:19:52 UbuntuApp kernel: [    7.050977] AppArmor: AppArmor sha1 policy hashing enabled
Mar  9 21:19:52 UbuntuApp kernel: [    7.055125] ima: No TPM chip found, activating TPM-bypass!
Mar  9 21:19:52 UbuntuApp kernel: [    7.059136] ima: Allocated hash algorithm: sha1
Mar  9 21:19:52 UbuntuApp kernel: [    7.062723] No architecture policies found
Mar  9 21:19:52 UbuntuApp kernel: [    7.066020] evm: Initialising EVM extended attributes:
Mar  9 21:19:52 UbuntuApp kernel: [    7.069835] evm: security.selinux
Mar  9 21:19:52 UbuntuApp kernel: [    7.072257] evm: security.SMACK64
Mar  9 21:19:52 UbuntuApp kernel: [    7.074883] evm: security.SMACK64EXEC
Mar  9 21:19:52 UbuntuApp kernel: [    7.082696] evm: security.SMACK64TRANSMUTE
Mar  9 21:19:52 UbuntuApp kernel: [    7.086606] evm: security.SMACK64MMAP
Mar  9 21:19:52 UbuntuApp kernel: [    7.089315] evm: security.apparmor
Mar  9 21:19:52 UbuntuApp kernel: [    7.091947] evm: security.ima
Mar  9 21:19:52 UbuntuApp kernel: [    7.094216] evm: security.capability
Mar  9 21:19:52 UbuntuApp kernel: [    7.097449] evm: HMAC attrs: 0x1
Mar  9 21:19:52 UbuntuApp kernel: [    7.100501]   Magic number: 12:51:346
Mar  9 21:19:52 UbuntuApp kernel: [    7.103647] tty tty63: hash matches
Mar  9 21:19:52 UbuntuApp kernel: [    7.106842] rtc_cmos 00:00: setting system clock to 2020-03-09T20:19:30 UTC (1583785170)
Mar  9 21:19:52 UbuntuApp kernel: [    7.113002] Unstable clock detected, switching default tracing clock to "global"
Mar  9 21:19:52 UbuntuApp kernel: [    7.113002] If you want to keep using the local clock, then add:
Mar  9 21:19:52 UbuntuApp kernel: [    7.113002]   "trace_clock=local"
Mar  9 21:19:52 UbuntuApp kernel: [    7.113002] on the kernel command line
Mar  9 21:19:52 UbuntuApp kernel: [    7.129129] Freeing unused decrypted memory: 2040K
Mar  9 21:19:52 UbuntuApp kernel: [    7.133238] Freeing unused kernel image memory: 2360K
Mar  9 21:19:52 UbuntuApp kernel: [    7.151333] Write protecting the kernel read-only data: 18432k
Mar  9 21:19:52 UbuntuApp kernel: [    7.156423] Freeing unused kernel image memory: 2008K
Mar  9 21:19:52 UbuntuApp kernel: [    7.160085] Freeing unused kernel image memory: 152K
Mar  9 21:19:52 UbuntuApp kernel: [    7.174524] x86/mm: Checked W+X mappings: passed, no W+X pages found.
Mar  9 21:19:52 UbuntuApp kernel: [    7.178967] x86/mm: Checking user space page tables
Mar  9 21:19:52 UbuntuApp kernel: [    7.192567] x86/mm: Checked W+X mappings: passed, no W+X pages found.
Mar  9 21:19:52 UbuntuApp kernel: [    7.197399] Run /init as init process
Mar  9 21:19:52 UbuntuApp kernel: [    7.316003] hv_vmbus: registering driver hyperv_fb
Mar  9 21:19:52 UbuntuApp kernel: [    7.320253] hyperv_fb: Screen resolution: 1152x864, Color depth: 32
Mar  9 21:19:52 UbuntuApp kernel: [    7.333745] Console: switching to colour frame buffer device 144x54
Mar  9 21:19:52 UbuntuApp kernel: [    7.360900] hv_utils: Registering HyperV Utility Driver
Mar  9 21:19:52 UbuntuApp kernel: [    7.365040] hv_vmbus: registering driver hv_utils
Mar  9 21:19:52 UbuntuApp kernel: [    7.369410] hv_vmbus: registering driver hv_netvsc
Mar  9 21:19:52 UbuntuApp kernel: [    7.375592] hidraw: raw HID events driver (C) Jiri Kosina
Mar  9 21:19:52 UbuntuApp kernel: [    7.382930] hv_vmbus: registering driver hyperv_keyboard
Mar  9 21:19:52 UbuntuApp kernel: [    7.387116] input: AT Translated Set 2 keyboard as /devices/LNXSYSTM:00/LNXSYBUS:00/PNP0A03:00/device:07/VMBUS:01/d34b2567-b9b6-42b9-8778-0a4ec0b955bf/serio2/input/input3
Mar  9 21:19:52 UbuntuApp kernel: [    7.398956] hv_vmbus: registering driver hid_hyperv
Mar  9 21:19:52 UbuntuApp kernel: [    7.406747] hv_utils: Heartbeat IC version 3.0
Mar  9 21:19:52 UbuntuApp kernel: [    7.418811] hv_utils: Shutdown IC version 3.0
Mar  9 21:19:52 UbuntuApp kernel: [    7.423280] hv_utils: TimeSync IC version 4.0
Mar  9 21:19:52 UbuntuApp kernel: [    7.429021] input: Microsoft Vmbus HID-compliant Mouse as /devices/0006:045E:0621.0001/input/input4
Mar  9 21:19:52 UbuntuApp kernel: [    7.442861] hv_utils: VSS IC version 5.0
Mar  9 21:19:52 UbuntuApp kernel: [    7.446127] hid 0006:045E:0621.0001: input: <UNKNOWN> HID v0.01 Mouse [Microsoft Vmbus HID-compliant Mouse] on 
Mar  9 21:19:52 UbuntuApp kernel: [    7.462428] cryptd: max_cpu_qlen set to 1000
Mar  9 21:19:52 UbuntuApp kernel: [    7.490998] AVX2 version of gcm_enc/dec engaged.
Mar  9 21:19:52 UbuntuApp kernel: [    7.494874] AES CTR mode by8 optimization enabled
Mar  9 21:19:52 UbuntuApp kernel: [    9.491286] raid6: avx2x4   gen() 23370 MB/s
Mar  9 21:19:52 UbuntuApp kernel: [    9.539259] raid6: avx2x4   xor() 13545 MB/s
Mar  9 21:19:52 UbuntuApp kernel: [    9.587275] raid6: avx2x2   gen() 21001 MB/s
Mar  9 21:19:52 UbuntuApp kernel: [    9.635267] raid6: avx2x2   xor() 11777 MB/s
Mar  9 21:19:52 UbuntuApp kernel: [    9.683270] raid6: avx2x1   gen() 17207 MB/s
Mar  9 21:19:52 UbuntuApp kernel: [    9.735264] raid6: avx2x1   xor() 12344 MB/s
Mar  9 21:19:52 UbuntuApp kernel: [    9.783266] raid6: sse2x4   gen() 13464 MB/s
Mar  9 21:19:52 UbuntuApp kernel: [    9.831258] raid6: sse2x4   xor()  8624 MB/s
Mar  9 21:19:52 UbuntuApp kernel: [    9.879268] raid6: sse2x2   gen() 11101 MB/s
