Mar 11 09:58:11 UbuntuApp rsyslogd:  [origin software="rsyslogd" swVersion="8.32.0" x-pid="1475" x-info="http://www.rsyslog.com"] rsyslogd was HUPed
Mar 11 09:58:16 UbuntuApp python3[1825]: 2020-03-11T08:58:16.819921Z INFO ExtHandler Stopped tracking cgroup: Microsoft.OSTCExtensions.VMAccessForLinux-1.5.4, path: /sys/fs/cgroup/cpu/system.slice/Microsoft.OSTCExtensions.VMAccessForLinux_1.5.4_b5ee727e-9722-4cc9-93d1-519758a1f774.scope
Mar 11 09:58:16 UbuntuApp python3[1825]: 2020-03-11T08:58:16.820504Z INFO ExtHandler Stopped tracking cgroup: Microsoft.OSTCExtensions.VMAccessForLinux-1.5.4, path: /sys/fs/cgroup/memory/system.slice/Microsoft.OSTCExtensions.VMAccessForLinux_1.5.4_b5ee727e-9722-4cc9-93d1-519758a1f774.scope
Mar 11 09:58:18 UbuntuApp anacron[1455]: Job `cron.daily' terminated
Mar 11 10:02:39 UbuntuApp systemd-resolved[1167]: Server returned error NXDOMAIN, mitigating potential DNS violation DVE-2018-0001, retrying transaction with reduced feature level UDP.
Mar 11 10:02:50 UbuntuApp systemd-resolved[1167]: message repeated 2 times: [ Server returned error NXDOMAIN, mitigating potential DNS violation DVE-2018-0001, retrying transaction with reduced feature level UDP.]
Mar 11 10:03:10 UbuntuApp anacron[1455]: Job `cron.weekly' started
Mar 11 10:03:10 UbuntuApp anacron[4609]: Updated timestamp for job `cron.weekly' to 2020-03-11
Mar 11 10:03:11 UbuntuApp anacron[1455]: Job `cron.weekly' terminated
Mar 11 10:03:11 UbuntuApp anacron[1455]: Normal exit (2 jobs run)
Mar 11 10:03:11 UbuntuApp systemd[1]: Started Run anacron jobs.
Mar 11 10:03:11 UbuntuApp anacron[4620]: Anacron 2.3 started on 2020-03-11
Mar 11 10:03:11 UbuntuApp anacron[4620]: Normal exit (0 jobs run)
Mar 11 10:08:13 UbuntuApp systemd[1]: Starting Cleanup of Temporary Directories...
Mar 11 10:08:13 UbuntuApp systemd[1]: Started Cleanup of Temporary Directories.
Mar 11 10:08:15 UbuntuApp python3[1825]: 2020/03/11 10:08:15.147740 INFO Daemon Agent WALinuxAgent-2.2.46 launched with command 'python3 -u bin/WALinuxAgent-2.2.46-py2.7.egg -run-exthandlers' is successfully running
Mar 11 10:09:01 UbuntuApp systemd[1]: Starting Clean php session files...
Mar 11 10:09:01 UbuntuApp CRON[5068]: (root) CMD (  [ -x /usr/lib/php/sessionclean ] && if [ ! -d /run/systemd/system ]; then /usr/lib/php/sessionclean; fi)
Mar 11 10:09:01 UbuntuApp systemd[1]: Started Clean php session files.
Mar 11 10:17:01 UbuntuApp CRON[5619]: (root) CMD (   cd / && run-parts --report /etc/cron.hourly)
Mar 11 10:24:25 UbuntuApp xrdp[1823]: (1823)(140114419967808)[INFO ] Socket 12: AF_INET6 connection received from ::ffff:13.94.132.146 port 1792
Mar 11 10:24:25 UbuntuApp xrdp[1823]: (1823)(140114419967808)[DEBUG] Closed socket 12 (AF_INET6 ::ffff:10.0.0.7 port 3389)
Mar 11 10:24:25 UbuntuApp xrdp[6132]: (6132)(140114419967808)[DEBUG] Closed socket 11 (AF_INET6 :: port 3389)
Mar 11 10:24:25 UbuntuApp xrdp[6132]: (6132)(140114419967808)[INFO ] Using default X.509 certificate: /etc/xrdp/cert.pem
Mar 11 10:24:25 UbuntuApp xrdp[6132]: (6132)(140114419967808)[INFO ] Using default X.509 key file: /etc/xrdp/key.pem
Mar 11 10:24:25 UbuntuApp xrdp[6132]: (6132)(140114419967808)[ERROR] Cannot read private key file /etc/xrdp/key.pem: Permission denied
Mar 11 10:24:25 UbuntuApp xrdp[6132]: (6132)(140114419967808)[DEBUG] TLSv1.2 enabled
Mar 11 10:24:25 UbuntuApp xrdp[6132]: (6132)(140114419967808)[DEBUG] TLSv1.1 enabled
Mar 11 10:24:25 UbuntuApp xrdp[6132]: (6132)(140114419967808)[DEBUG] TLSv1 enabled
Mar 11 10:24:25 UbuntuApp xrdp[6132]: (6132)(140114419967808)[DEBUG] Closed socket 12 (AF_INET6 ::ffff:10.0.0.7 port 3389)
Mar 11 10:24:29 UbuntuApp xrdp[1823]: (1823)(140114419967808)[INFO ] Socket 12: AF_INET6 connection received from ::ffff:13.94.132.146 port 1793
Mar 11 10:24:29 UbuntuApp xrdp[1823]: (1823)(140114419967808)[DEBUG] Closed socket 12 (AF_INET6 ::ffff:10.0.0.7 port 3389)
Mar 11 10:24:29 UbuntuApp xrdp[6146]: (6146)(140114419967808)[DEBUG] Closed socket 11 (AF_INET6 :: port 3389)
Mar 11 10:24:29 UbuntuApp xrdp[6146]: (6146)(140114419967808)[INFO ] Using default X.509 certificate: /etc/xrdp/cert.pem
Mar 11 10:24:29 UbuntuApp xrdp[6146]: (6146)(140114419967808)[INFO ] Using default X.509 key file: /etc/xrdp/key.pem
Mar 11 10:24:29 UbuntuApp xrdp[6146]: (6146)(140114419967808)[ERROR] Cannot read private key file /etc/xrdp/key.pem: Permission denied
Mar 11 10:24:29 UbuntuApp xrdp[6146]: (6146)(140114419967808)[DEBUG] TLSv1.2 enabled
Mar 11 10:24:29 UbuntuApp xrdp[6146]: (6146)(140114419967808)[DEBUG] TLSv1.1 enabled
Mar 11 10:24:29 UbuntuApp xrdp[6146]: (6146)(140114419967808)[DEBUG] TLSv1 enabled
Mar 11 10:24:29 UbuntuApp xrdp[6146]: (6146)(140114419967808)[DEBUG] Closed socket 12 (AF_INET6 ::ffff:10.0.0.7 port 3389)
Mar 11 10:24:29 UbuntuApp xrdp[1823]: (1823)(140114419967808)[INFO ] Socket 12: AF_INET6 connection received from ::ffff:13.94.132.146 port 1794
Mar 11 10:24:29 UbuntuApp xrdp[1823]: (1823)(140114419967808)[DEBUG] Closed socket 12 (AF_INET6 ::ffff:10.0.0.7 port 3389)
Mar 11 10:24:29 UbuntuApp xrdp[6147]: (6147)(140114419967808)[DEBUG] Closed socket 11 (AF_INET6 :: port 3389)
Mar 11 10:24:29 UbuntuApp xrdp[6147]: (6147)(140114419967808)[INFO ] Using default X.509 certificate: /etc/xrdp/cert.pem
Mar 11 10:24:29 UbuntuApp xrdp[6147]: (6147)(140114419967808)[INFO ] Using default X.509 key file: /etc/xrdp/key.pem
Mar 11 10:24:29 UbuntuApp xrdp[6147]: (6147)(140114419967808)[ERROR] Cannot read private key file /etc/xrdp/key.pem: Permission denied
Mar 11 10:24:29 UbuntuApp xrdp[6147]: (6147)(140114419967808)[DEBUG] TLSv1.2 enabled
Mar 11 10:24:29 UbuntuApp xrdp[6147]: (6147)(140114419967808)[DEBUG] TLSv1.1 enabled
Mar 11 10:24:29 UbuntuApp xrdp[6147]: (6147)(140114419967808)[DEBUG] TLSv1 enabled
Mar 11 10:24:29 UbuntuApp xrdp[6147]: (6147)(140114419967808)[DEBUG] Security layer: requested 0, selected 0
Mar 11 10:24:29 UbuntuApp xrdp[6147]: (6147)(140114419967808)[DEBUG] Closed socket 12 (AF_INET6 ::ffff:10.0.0.7 port 3389)
Mar 11 10:24:29 UbuntuApp xrdp[1823]: (1823)(140114419967808)[INFO ] Socket 12: AF_INET6 connection received from ::ffff:13.94.132.146 port 1795
Mar 11 10:24:29 UbuntuApp xrdp[1823]: (1823)(140114419967808)[DEBUG] Closed socket 12 (AF_INET6 ::ffff:10.0.0.7 port 3389)
Mar 11 10:24:29 UbuntuApp xrdp[6148]: (6148)(140114419967808)[DEBUG] Closed socket 11 (AF_INET6 :: port 3389)
Mar 11 10:24:29 UbuntuApp xrdp[6148]: (6148)(140114419967808)[INFO ] Using default X.509 certificate: /etc/xrdp/cert.pem
Mar 11 10:24:29 UbuntuApp xrdp[6148]: (6148)(140114419967808)[INFO ] Using default X.509 key file: /etc/xrdp/key.pem
Mar 11 10:24:29 UbuntuApp xrdp[6148]: (6148)(140114419967808)[ERROR] Cannot read private key file /etc/xrdp/key.pem: Permission denied
Mar 11 10:24:29 UbuntuApp xrdp[6148]: (6148)(140114419967808)[DEBUG] TLSv1.2 enabled
Mar 11 10:24:29 UbuntuApp xrdp[6148]: (6148)(140114419967808)[DEBUG] TLSv1.1 enabled
Mar 11 10:24:29 UbuntuApp xrdp[6148]: (6148)(140114419967808)[DEBUG] TLSv1 enabled
Mar 11 10:24:29 UbuntuApp xrdp[6148]: (6148)(140114419967808)[DEBUG] Closed socket 12 (AF_INET6 ::ffff:10.0.0.7 port 3389)
Mar 11 10:24:29 UbuntuApp xrdp[1823]: (1823)(140114419967808)[INFO ] Socket 12: AF_INET6 connection received from ::ffff:13.94.132.146 port 1796
Mar 11 10:24:29 UbuntuApp xrdp[1823]: (1823)(140114419967808)[DEBUG] Closed socket 12 (AF_INET6 ::ffff:10.0.0.7 port 3389)
Mar 11 10:24:29 UbuntuApp xrdp[6149]: (6149)(140114419967808)[DEBUG] Closed socket 11 (AF_INET6 :: port 3389)
Mar 11 10:24:29 UbuntuApp xrdp[6149]: (6149)(140114419967808)[INFO ] Using default X.509 certificate: /etc/xrdp/cert.pem
Mar 11 10:24:29 UbuntuApp xrdp[6149]: (6149)(140114419967808)[INFO ] Using default X.509 key file: /etc/xrdp/key.pem
Mar 11 10:24:29 UbuntuApp xrdp[6149]: (6149)(140114419967808)[ERROR] Cannot read private key file /etc/xrdp/key.pem: Permission denied
Mar 11 10:24:29 UbuntuApp xrdp[6149]: (6149)(140114419967808)[DEBUG] TLSv1.2 enabled
Mar 11 10:24:29 UbuntuApp xrdp[6149]: (6149)(140114419967808)[DEBUG] TLSv1.1 enabled
Mar 11 10:24:29 UbuntuApp xrdp[6149]: (6149)(140114419967808)[DEBUG] TLSv1 enabled
Mar 11 10:24:29 UbuntuApp xrdp[6149]: (6149)(140114419967808)[DEBUG] Closed socket 12 (AF_INET6 ::ffff:10.0.0.7 port 3389)
Mar 11 10:25:19 UbuntuApp xrdp[1823]: (1823)(140114419967808)[INFO ] Socket 12: AF_INET6 connection received from ::ffff:13.94.132.146 port 1792
Mar 11 10:25:19 UbuntuApp xrdp[1823]: (1823)(140114419967808)[DEBUG] Closed socket 12 (AF_INET6 ::ffff:10.0.0.7 port 3389)
Mar 11 10:25:19 UbuntuApp xrdp[6244]: (6244)(140114419967808)[DEBUG] Closed socket 11 (AF_INET6 :: port 3389)
Mar 11 10:25:19 UbuntuApp xrdp[6244]: (6244)(140114419967808)[INFO ] Using default X.509 certificate: /etc/xrdp/cert.pem
Mar 11 10:25:19 UbuntuApp xrdp[6244]: (6244)(140114419967808)[INFO ] Using default X.509 key file: /etc/xrdp/key.pem
Mar 11 10:25:19 UbuntuApp xrdp[6244]: (6244)(140114419967808)[ERROR] Cannot read private key file /etc/xrdp/key.pem: Permission denied
Mar 11 10:25:19 UbuntuApp xrdp[6244]: (6244)(140114419967808)[DEBUG] TLSv1.2 enabled
Mar 11 10:25:19 UbuntuApp xrdp[6244]: (6244)(140114419967808)[DEBUG] TLSv1.1 enabled
Mar 11 10:25:19 UbuntuApp xrdp[6244]: (6244)(140114419967808)[DEBUG] TLSv1 enabled
Mar 11 10:25:25 UbuntuApp xrdp[1823]: (1823)(140114419967808)[INFO ] Socket 12: AF_INET6 connection received from ::ffff:13.94.132.146 port 1793
Mar 11 10:25:25 UbuntuApp xrdp[1823]: (1823)(140114419967808)[DEBUG] Closed socket 12 (AF_INET6 ::ffff:10.0.0.7 port 3389)
Mar 11 10:25:25 UbuntuApp xrdp[6256]: (6256)(140114419967808)[DEBUG] Closed socket 11 (AF_INET6 :: port 3389)
Mar 11 10:25:25 UbuntuApp xrdp[6256]: (6256)(140114419967808)[INFO ] Using default X.509 certificate: /etc/xrdp/cert.pem
Mar 11 10:25:25 UbuntuApp xrdp[6256]: (6256)(140114419967808)[INFO ] Using default X.509 key file: /etc/xrdp/key.pem
Mar 11 10:25:25 UbuntuApp xrdp[6256]: (6256)(140114419967808)[ERROR] Cannot read private key file /etc/xrdp/key.pem: Permission denied
Mar 11 10:25:25 UbuntuApp xrdp[6256]: (6256)(140114419967808)[DEBUG] TLSv1.2 enabled
Mar 11 10:25:25 UbuntuApp xrdp[6256]: (6256)(140114419967808)[DEBUG] TLSv1.1 enabled
Mar 11 10:25:25 UbuntuApp xrdp[6256]: (6256)(140114419967808)[DEBUG] TLSv1 enabled
Mar 11 10:25:25 UbuntuApp xrdp[6256]: (6256)(140114419967808)[DEBUG] Closed socket 12 (AF_INET6 ::ffff:10.0.0.7 port 3389)
Mar 11 10:25:29 UbuntuApp xrdp[6244]: (6244)(140114419967808)[DEBUG] Closed socket 12 (AF_INET6 ::ffff:10.0.0.7 port 3389)
Mar 11 10:25:29 UbuntuApp xrdp[1823]: (1823)(140114419967808)[INFO ] Socket 12: AF_INET6 connection received from ::ffff:13.94.132.146 port 1794
Mar 11 10:25:29 UbuntuApp xrdp[1823]: (1823)(140114419967808)[DEBUG] Closed socket 12 (AF_INET6 ::ffff:10.0.0.7 port 3389)
Mar 11 10:25:29 UbuntuApp xrdp[6261]: (6261)(140114419967808)[DEBUG] Closed socket 11 (AF_INET6 :: port 3389)
Mar 11 10:25:29 UbuntuApp xrdp[6261]: (6261)(140114419967808)[INFO ] Using default X.509 certificate: /etc/xrdp/cert.pem
Mar 11 10:25:29 UbuntuApp xrdp[6261]: (6261)(140114419967808)[INFO ] Using default X.509 key file: /etc/xrdp/key.pem
Mar 11 10:25:29 UbuntuApp xrdp[6261]: (6261)(140114419967808)[ERROR] Cannot read private key file /etc/xrdp/key.pem: Permission denied
Mar 11 10:25:29 UbuntuApp xrdp[6261]: (6261)(140114419967808)[DEBUG] TLSv1.2 enabled
Mar 11 10:25:29 UbuntuApp xrdp[6261]: (6261)(140114419967808)[DEBUG] TLSv1.1 enabled
Mar 11 10:25:30 UbuntuApp xrdp[6261]: (6261)(140114419967808)[DEBUG] TLSv1 enabled
Mar 11 10:25:39 UbuntuApp xrdp[6261]: (6261)(140114419967808)[DEBUG] Closed socket 12 (AF_INET6 ::ffff:10.0.0.7 port 3389)
Mar 11 10:25:40 UbuntuApp xrdp[1823]: (1823)(140114419967808)[INFO ] Socket 12: AF_INET6 connection received from ::ffff:13.94.132.146 port 1795
Mar 11 10:25:40 UbuntuApp xrdp[1823]: (1823)(140114419967808)[DEBUG] Closed socket 12 (AF_INET6 ::ffff:10.0.0.7 port 3389)
Mar 11 10:25:40 UbuntuApp xrdp[6278]: (6278)(140114419967808)[DEBUG] Closed socket 11 (AF_INET6 :: port 3389)
Mar 11 10:25:41 UbuntuApp xrdp[6278]: (6278)(140114419967808)[INFO ] Using default X.509 certificate: /etc/xrdp/cert.pem
Mar 11 10:25:41 UbuntuApp xrdp[6278]: (6278)(140114419967808)[INFO ] Using default X.509 key file: /etc/xrdp/key.pem
Mar 11 10:25:41 UbuntuApp xrdp[6278]: (6278)(140114419967808)[ERROR] Cannot read private key file /etc/xrdp/key.pem: Permission denied
Mar 11 10:25:41 UbuntuApp xrdp[6278]: (6278)(140114419967808)[DEBUG] TLSv1.2 enabled
Mar 11 10:25:41 UbuntuApp xrdp[6278]: (6278)(140114419967808)[DEBUG] TLSv1.1 enabled
Mar 11 10:25:41 UbuntuApp xrdp[6278]: (6278)(140114419967808)[DEBUG] TLSv1 enabled
Mar 11 10:25:41 UbuntuApp xrdp[6278]: (6278)(140114419967808)[DEBUG] Security layer: requested 1, selected 0
Mar 11 10:25:41 UbuntuApp xrdp[6278]: (6278)(140114419967808)[INFO ] connected client computer name: x1810
Mar 11 10:25:41 UbuntuApp xrdp[6278]: (6278)(140114419967808)[INFO ] Non-TLS connection established from ::ffff:13.94.132.146 port 1795: encrypted with standard RDP security
Mar 11 10:25:44 UbuntuApp xrdp[6278]: (6278)(140114419967808)[DEBUG] xrdp_00001886_wm_login_mode_event_00000001
Mar 11 10:25:44 UbuntuApp xrdp[6278]: (6278)(140114419967808)[INFO ] Loading keymap file /etc/xrdp/km-00000409.ini
Mar 11 10:25:44 UbuntuApp xrdp[6278]: (6278)(140114419967808)[WARN ] local keymap file for 0x00000409 found and doesn't match built in keymap, using local keymap file
Mar 11 10:25:59 UbuntuApp xrdp[6278]: (6278)(140114419967808)[DEBUG] Closed socket 12 (AF_INET6 ::ffff:10.0.0.7 port 3389)
Mar 11 10:25:59 UbuntuApp xrdp[6278]: (6278)(140114419967808)[DEBUG] xrdp_mm_module_cleanup
Mar 11 10:26:00 UbuntuApp xrdp[1823]: (1823)(140114419967808)[INFO ] Socket 12: AF_INET6 connection received from ::ffff:13.94.132.146 port 1792
Mar 11 10:26:00 UbuntuApp xrdp[1823]: (1823)(140114419967808)[DEBUG] Closed socket 12 (AF_INET6 ::ffff:10.0.0.7 port 3389)
Mar 11 10:26:00 UbuntuApp xrdp[6303]: (6303)(140114419967808)[DEBUG] Closed socket 11 (AF_INET6 :: port 3389)
Mar 11 10:26:00 UbuntuApp xrdp[6303]: (6303)(140114419967808)[INFO ] Using default X.509 certificate: /etc/xrdp/cert.pem
Mar 11 10:26:00 UbuntuApp xrdp[6303]: (6303)(140114419967808)[INFO ] Using default X.509 key file: /etc/xrdp/key.pem
Mar 11 10:26:00 UbuntuApp xrdp[6303]: (6303)(140114419967808)[ERROR] Cannot read private key file /etc/xrdp/key.pem: Permission denied
Mar 11 10:26:00 UbuntuApp xrdp[6303]: (6303)(140114419967808)[DEBUG] TLSv1.2 enabled
Mar 11 10:26:00 UbuntuApp xrdp[6303]: (6303)(140114419967808)[DEBUG] TLSv1.1 enabled
Mar 11 10:26:00 UbuntuApp xrdp[6303]: (6303)(140114419967808)[DEBUG] TLSv1 enabled
Mar 11 10:26:00 UbuntuApp xrdp[6303]: (6303)(140114419967808)[DEBUG] Security layer: requested 0, selected 0
Mar 11 10:26:00 UbuntuApp xrdp[6303]: (6303)(140114419967808)[DEBUG] Closed socket 12 (AF_INET6 ::ffff:10.0.0.7 port 3389)
Mar 11 10:26:25 UbuntuApp xrdp[1823]: (1823)(140114419967808)[INFO ] Socket 12: AF_INET6 connection received from ::ffff:13.94.132.146 port 1792
Mar 11 10:26:25 UbuntuApp xrdp[1823]: (1823)(140114419967808)[DEBUG] Closed socket 12 (AF_INET6 ::ffff:10.0.0.7 port 3389)
Mar 11 10:26:25 UbuntuApp xrdp[6339]: (6339)(140114419967808)[DEBUG] Closed socket 11 (AF_INET6 :: port 3389)
Mar 11 10:26:25 UbuntuApp xrdp[6339]: (6339)(140114419967808)[INFO ] Using default X.509 certificate: /etc/xrdp/cert.pem
Mar 11 10:26:25 UbuntuApp xrdp[6339]: (6339)(140114419967808)[INFO ] Using default X.509 key file: /etc/xrdp/key.pem
Mar 11 10:26:25 UbuntuApp xrdp[6339]: (6339)(140114419967808)[ERROR] Cannot read private key file /etc/xrdp/key.pem: Permission denied
Mar 11 10:26:25 UbuntuApp xrdp[6339]: (6339)(140114419967808)[DEBUG] TLSv1.2 enabled
Mar 11 10:26:25 UbuntuApp xrdp[6339]: (6339)(140114419967808)[DEBUG] TLSv1.1 enabled
Mar 11 10:26:25 UbuntuApp xrdp[6339]: (6339)(140114419967808)[DEBUG] TLSv1 enabled
Mar 11 10:26:25 UbuntuApp xrdp[6339]: (6339)(140114419967808)[DEBUG] Closed socket 12 (AF_INET6 ::ffff:10.0.0.7 port 3389)
Mar 11 10:39:01 UbuntuApp CRON[7253]: (root) CMD (  [ -x /usr/lib/php/sessionclean ] && if [ ! -d /run/systemd/system ]; then /usr/lib/php/sessionclean; fi)
Mar 11 10:39:13 UbuntuApp systemd[1]: Starting Clean php session files...
Mar 11 10:39:14 UbuntuApp systemd[1]: Started Clean php session files.
Mar 11 10:53:41 UbuntuApp xrdp[3095]: (3095)(140114419967808)[DEBUG] Closed socket 12 (AF_INET6 ::ffff:10.0.0.7 port 3389)
Mar 11 10:53:41 UbuntuApp xrdp[3095]: (3095)(140114419967808)[DEBUG] xrdp_mm_module_cleanup
Mar 11 10:53:41 UbuntuApp xrdp[3095]: (3095)(140114419967808)[DEBUG] Closed socket 17 (AF_UNIX)
Mar 11 10:53:41 UbuntuApp xrdp[3095]: (3095)(140114419967808)[DEBUG] Closed socket 18 (AF_UNIX)
Mar 11 10:53:52 UbuntuApp kernel: [ 3663.617305] hv_utils: Shutdown request received - graceful shutdown initiated
Mar 11 10:53:52 UbuntuApp systemd[1]: Stopped target Cloud-init target.
Mar 11 10:53:52 UbuntuApp systemd[1]: Stopping User Manager for UID 1000...
Mar 11 10:53:52 UbuntuApp systemd[1]: Stopping ACPI event daemon...
Mar 11 10:53:52 UbuntuApp systemd[1]: Closed Load/Save RF Kill Switch Status /dev/rfkill Watch.
Mar 11 10:53:52 UbuntuApp systemd[3113]: Stopping Accessibility services bus...
Mar 11 10:53:52 UbuntuApp kernel: [ 3663.662551] rfkill: input handler enabled
Mar 11 10:53:52 UbuntuApp gnome-session-binary[3125]: WARNING: Lost name on bus: org.gnome.SessionManager
Mar 11 10:53:52 UbuntuApp gnome-session[3125]: gnome-session-binary[3125]: WARNING: Lost name on bus: org.gnome.SessionManager
Mar 11 10:53:52 UbuntuApp gnome-session[3125]: gnome-session-binary[3125]: CRITICAL: We failed, but the fail whale is dead. Sorry....
Mar 11 10:53:52 UbuntuApp systemd[3113]: Stopping Evolution calendar service...
Mar 11 10:53:52 UbuntuApp gnome-session-binary[3125]: CRITICAL: We failed, but the fail whale is dead. Sorry....
Mar 11 10:53:52 UbuntuApp systemd[3113]: Stopping Evolution address book service...
Mar 11 10:53:52 UbuntuApp systemd[3113]: Stopping Virtual filesystem service - Apple File Conduit monitor...
Mar 11 10:53:52 UbuntuApp systemd[3113]: Stopping Virtual filesystem service - disk device monitor...
Mar 11 10:53:52 UbuntuApp systemd[3113]: Stopping Virtual filesystem service - GNOME Online Accounts monitor...
Mar 11 10:53:52 UbuntuApp systemd[3113]: Stopping Evolution source registry...
Mar 11 10:53:52 UbuntuApp systemd[3113]: Stopping GNOME Terminal Server...
Mar 11 10:53:52 UbuntuApp systemd[3113]: Stopped target Default.
Mar 11 10:53:52 UbuntuApp systemd[3113]: Stopping Virtual filesystem service - Media Transfer Protocol monitor...
Mar 11 10:53:52 UbuntuApp systemd[3113]: Stopping sandboxed app permission store...
Mar 11 10:53:52 UbuntuApp systemd[3113]: Stopping Virtual filesystem service...
Mar 11 10:53:52 UbuntuApp systemd[1]: Removed slice system-getty.slice.
Mar 11 10:53:52 UbuntuApp deja-dup-monito[4005]: Owner of volume monitor org.gtk.vfs.UDisks2VolumeMonitor disconnected from the bus; removing drives/volumes/mounts
Mar 11 10:53:52 UbuntuApp systemd[1]: Stopping /var/lib/waagent/Microsoft.Azure.NetworkWatcher.NetworkWatcherAgentLinux-1.4.1421.1/./install.sh enable.
Mar 11 10:53:52 UbuntuApp [3282]: Error releasing name org.freedesktop.portal.IBus: The connection is closed
Mar 11 10:53:52 UbuntuApp systemd[3113]: Stopping D-Bus User Message Bus...
Mar 11 10:53:52 UbuntuApp systemd[3113]: Stopping Virtual filesystem service - digital camera monitor...
Mar 11 10:53:52 UbuntuApp systemd[3113]: Stopped sandboxed app permission store.
Mar 11 10:53:52 UbuntuApp systemd[3113]: Stopped Virtual filesystem service - GNOME Online Accounts monitor.
Mar 11 10:53:52 UbuntuApp systemd[3113]: Stopped Virtual filesystem service - Media Transfer Protocol monitor.
Mar 11 10:53:52 UbuntuApp deja-dup-monito[4005]: Owner of volume monitor org.gtk.vfs.GoaVolumeMonitor disconnected from the bus; removing drives/volumes/mounts
Mar 11 10:53:52 UbuntuApp deja-dup-monito[4005]: Owner of volume monitor org.gtk.vfs.MTPVolumeMonitor disconnected from the bus; removing drives/volumes/mounts
Mar 11 10:53:52 UbuntuApp deja-dup-monito[4005]: Owner of volume monitor org.gtk.vfs.AfcVolumeMonitor disconnected from the bus; removing drives/volumes/mounts
Mar 11 10:53:52 UbuntuApp deja-dup-monito[4005]: Owner of volume monitor org.gtk.vfs.GPhoto2VolumeMonitor disconnected from the bus; removing drives/volumes/mounts
Mar 11 10:53:52 UbuntuApp systemd[1]: Stopping Thunderbolt system service...
Mar 11 10:53:52 UbuntuApp systemd[3113]: Stopped Virtual filesystem service - digital camera monitor.
Mar 11 10:53:52 UbuntuApp systemd[3113]: Stopped Virtual filesystem service - disk device monitor.
Mar 11 10:53:52 UbuntuApp systemd[1]: Unmounting /mnt...
Mar 11 10:53:52 UbuntuApp systemd[1]: Stopping Session c4 of user sepses.
Mar 11 10:53:52 UbuntuApp xrdp-sesman[3111]: (3111)(139680394335552)[INFO ] shutting down sesman 1
Mar 11 10:53:52 UbuntuApp systemd[1]: Stopping RealtimeKit Scheduling Policy Service...
Mar 11 10:53:52 UbuntuApp systemd[1]: Stopping Daemon for power management...
Mar 11 10:53:52 UbuntuApp gsd-media-keys[2800]: g_object_notify: object class 'UpDevice' has no property named 'g-name-owner'
Mar 11 10:53:52 UbuntuApp systemd[1]: Stopped Execute cloud user/final scripts.
Mar 11 10:53:52 UbuntuApp systemd[3113]: Stopped Virtual filesystem service - Apple File Conduit monitor.
Mar 11 10:53:52 UbuntuApp gnome-shell[2652]: g_object_notify: object class 'UpClient' has no property named 'g-name-owner'
Mar 11 10:53:52 UbuntuApp systemd[1]: Stopping PackageKit Daemon...
Mar 11 10:53:52 UbuntuApp gnome-shell[2652]: g_object_notify: object class 'UpClient' has no property named 'g-name-owner'
Mar 11 10:53:52 UbuntuApp systemd[1]: Stopping User Manager for UID 126...
Mar 11 10:53:52 UbuntuApp systemd[1]: Stopping Session c3 of user gdm.
Mar 11 10:53:52 UbuntuApp systemd[1]: Stopping Manage, Install and Generate Color Profiles...
Mar 11 10:53:52 UbuntuApp systemd[1]: Stopped target Graphical Interface.
Mar 11 10:53:52 UbuntuApp systemd[2599]: Stopped target Default.
Mar 11 10:53:52 UbuntuApp systemd[1]: Stopping Disk Manager...
Mar 11 10:53:52 UbuntuApp systemd[1]: Stopping GNOME Display Manager...
Mar 11 10:53:52 UbuntuApp systemd[2599]: Stopping Sound Service...
Mar 11 10:53:52 UbuntuApp xrdp-sesman[3111]: (3111)(139680394335552)[WARN ] receiving SIGHUP 1
Mar 11 10:53:52 UbuntuApp systemd[1]: Stopped target Multi-User System.
Mar 11 10:53:52 UbuntuApp udisksd[1439]: udisks daemon version 2.7.6 exiting
Mar 11 10:53:52 UbuntuApp systemd[1]: Stopping OpenBSD Secure Shell server...
Mar 11 10:53:52 UbuntuApp systemd[1]: Stopping LXD - container startup/shutdown...
Mar 11 10:53:52 UbuntuApp /usr/lib/gdm3/gdm-x-session[2611]: (**) Option "fd" "22"
Mar 11 10:53:52 UbuntuApp /usr/lib/gdm3/gdm-x-session[2611]: (II) event3  - Microsoft Vmbus HID-compliant Mouse: device removed
Mar 11 10:53:52 UbuntuApp /usr/lib/gdm3/gdm-x-session[2611]: (**) Option "fd" "25"
Mar 11 10:53:52 UbuntuApp /usr/lib/gdm3/gdm-x-session[2611]: (II) event0  - Power Button: device removed
Mar 11 10:53:52 UbuntuApp /usr/lib/gdm3/gdm-x-session[2611]: (**) Option "fd" "26"
Mar 11 10:53:52 UbuntuApp /usr/lib/gdm3/gdm-x-session[2611]: (II) event2  - AT Translated Set 2 keyboard: device removed
Mar 11 10:53:52 UbuntuApp /usr/lib/gdm3/gdm-x-session[2611]: (**) Option "fd" "27"
Mar 11 10:53:52 UbuntuApp /usr/lib/gdm3/gdm-x-session[2611]: (II) event1  - AT Translated Set 2 keyboard: device removed
Mar 11 10:53:52 UbuntuApp systemd[2599]: Stopping D-Bus User Message Bus...
Mar 11 10:53:52 UbuntuApp systemd[2599]: Stopping sandboxed app permission store...
Mar 11 10:53:52 UbuntuApp systemd[2599]: Stopping Accessibility services bus...
Mar 11 10:53:52 UbuntuApp systemd[1]: Stopping vsftpd FTP server...
Mar 11 10:53:52 UbuntuApp /usr/lib/gdm3/gdm-x-session[2611]: (II) UnloadModule: "libinput"
Mar 11 10:53:52 UbuntuApp /usr/lib/gdm3/gdm-x-session[2611]: (II) systemd-logind: releasing fd for 13:65
Mar 11 10:53:52 UbuntuApp xrdp-sesman[3111]: (3111)(139680394335552)[CORE ] window manager (pid 3125) did exit, cleaning up session
Mar 11 10:53:52 UbuntuApp systemd[1]: Stopped target Login Prompts.
Mar 11 10:53:52 UbuntuApp xrdp-sesman[3111]: (3111)(139680394335552)[INFO ] calling auth_stop_session and auth_end from pid 3111
Mar 11 10:53:52 UbuntuApp systemd[1]: Stopping LSB: Record successful boot for GRUB...
Mar 11 10:53:52 UbuntuApp systemd[2599]: Stopped Sound Service.
Mar 11 10:53:52 UbuntuApp systemd[2599]: xdg-permission-store.service: Main process exited, code=exited, status=1/FAILURE
Mar 11 10:53:52 UbuntuApp systemd[2599]: xdg-permission-store.service: Failed with result 'exit-code'.
Mar 11 10:53:52 UbuntuApp systemd[2599]: Stopped sandboxed app permission store.
Mar 11 10:53:52 UbuntuApp systemd[2599]: Stopped D-Bus User Message Bus.
Mar 11 10:53:52 UbuntuApp systemd[1]: Stopping MySQL Community Server...
Mar 11 10:53:52 UbuntuApp systemd[1]: Stopping The Apache HTTP Server...
Mar 11 10:53:52 UbuntuApp systemd[1]: Stopping Dispatcher daemon for systemd-networkd...
Mar 11 10:53:52 UbuntuApp systemd[3113]: Stopped D-Bus User Message Bus.
Mar 11 10:53:52 UbuntuApp systemd[3113]: Stopped Evolution source registry.
Mar 11 10:53:52 UbuntuApp systemd[3113]: Stopped Evolution calendar service.
Mar 11 10:53:52 UbuntuApp systemd[3113]: Stopped Evolution address book service.
Mar 11 10:53:52 UbuntuApp systemd[3113]: Stopped GNOME Terminal Server.
Mar 11 10:53:52 UbuntuApp systemd[3113]: Stopped Virtual filesystem service.
Mar 11 10:53:52 UbuntuApp systemd[1]: Stopping Azure Linux Agent...
Mar 11 10:53:52 UbuntuApp python3[1825]: 2020/03/11 10:53:52.432331 INFO Daemon Agent WALinuxAgent-2.2.45 forwarding signal 15 to WALinuxAgent-2.2.46
Mar 11 10:53:52 UbuntuApp systemd[1]: Stopping FUSE filesystem for LXC...
Mar 11 10:53:52 UbuntuApp systemd[1]: Stopping Make remote CUPS printers available locally...
Mar 14 11:37:55 UbuntuApp systemd-modules-load[499]: Inserted module 'lp'
Mar 14 11:37:55 UbuntuApp systemd-modules-load[499]: Inserted module 'ppdev'
Mar 14 11:37:55 UbuntuApp systemd-modules-load[499]: Inserted module 'parport_pc'
Mar 14 11:37:55 UbuntuApp keyboard-setup.sh[493]: cannot open file /run/tmpkbd.DULnWm
Mar 14 11:37:55 UbuntuApp kernel: [    0.000000] Linux version 5.0.0-1032-azure (buildd@lcy01-amd64-016) (gcc version 7.4.0 (Ubuntu 7.4.0-1ubuntu1~18.04.1)) #34-Ubuntu SMP Mon Feb 10 19:37:25 UTC 2020 (Ubuntu 5.0.0-1032.34-azure 5.0.21)
Mar 14 11:37:55 UbuntuApp kernel: [    0.000000] Command line: BOOT_IMAGE=/boot/vmlinuz-5.0.0-1032-azure root=UUID=5604f71e-1e5f-443c-a99e-b82bb5c201df ro console=tty1 console=ttyS0 earlyprintk=ttyS0 rootdelay=300
Mar 14 11:37:55 UbuntuApp kernel: [    0.000000] KERNEL supported cpus:
Mar 14 11:37:55 UbuntuApp kernel: [    0.000000]   Intel GenuineIntel
Mar 14 11:37:55 UbuntuApp kernel: [    0.000000]   AMD AuthenticAMD
Mar 14 11:37:55 UbuntuApp kernel: [    0.000000]   Hygon HygonGenuine
Mar 14 11:37:55 UbuntuApp kernel: [    0.000000]   Centaur CentaurHauls
Mar 14 11:37:55 UbuntuApp kernel: [    0.000000] x86/fpu: Supporting XSAVE feature 0x001: 'x87 floating point registers'
Mar 14 11:37:55 UbuntuApp kernel: [    0.000000] x86/fpu: Supporting XSAVE feature 0x002: 'SSE registers'
Mar 14 11:37:55 UbuntuApp kernel: [    0.000000] x86/fpu: Supporting XSAVE feature 0x004: 'AVX registers'
Mar 14 11:37:55 UbuntuApp kernel: [    0.000000] x86/fpu: xstate_offset[2]:  576, xstate_sizes[2]:  256
Mar 14 11:37:55 UbuntuApp kernel: [    0.000000] x86/fpu: Enabled xstate features 0x7, context size is 832 bytes, using 'standard' format.
Mar 14 11:37:55 UbuntuApp kernel: [    0.000000] BIOS-provided physical RAM map:
Mar 14 11:37:55 UbuntuApp kernel: [    0.000000] BIOS-e820: [mem 0x0000000000000000-0x000000000009fbff] usable
Mar 14 11:37:55 UbuntuApp kernel: [    0.000000] BIOS-e820: [mem 0x000000000009fc00-0x000000000009ffff] reserved
Mar 14 11:37:55 UbuntuApp kernel: [    0.000000] BIOS-e820: [mem 0x00000000000e0000-0x00000000000fffff] reserved
Mar 14 11:37:55 UbuntuApp kernel: [    0.000000] BIOS-e820: [mem 0x0000000000100000-0x000000003ffeffff] usable
Mar 14 11:37:55 UbuntuApp kernel: [    0.000000] BIOS-e820: [mem 0x000000003fff0000-0x000000003fffefff] ACPI data
Mar 14 11:37:55 UbuntuApp kernel: [    0.000000] BIOS-e820: [mem 0x000000003ffff000-0x000000003fffffff] ACPI NVS
Mar 14 11:37:55 UbuntuApp kernel: [    0.000000] BIOS-e820: [mem 0x0000000100000000-0x00000002bfffffff] usable
Mar 14 11:37:55 UbuntuApp kernel: [    0.000000] printk: bootconsole [earlyser0] enabled
Mar 14 11:37:55 UbuntuApp kernel: [    0.000000] NX (Execute Disable) protection: active
Mar 14 11:37:55 UbuntuApp kernel: [    0.000000] SMBIOS 2.3 present.
Mar 14 11:37:55 UbuntuApp kernel: [    0.000000] DMI: Microsoft Corporation Virtual Machine/Virtual Machine, BIOS 090007  06/02/2017
Mar 14 11:37:55 UbuntuApp kernel: [    0.000000] Hypervisor detected: Microsoft Hyper-V
Mar 14 11:37:55 UbuntuApp kernel: [    0.000000] Hyper-V: features 0x2e7f, hints 0x44c2c
Mar 14 11:37:55 UbuntuApp kernel: [    0.000000] Hyper-V Host Build:14393-10.0-0-0.305
Mar 14 11:37:55 UbuntuApp kernel: [    0.000000] Hyper-V: LAPIC Timer Frequency: 0xc3500
Mar 14 11:37:55 UbuntuApp kernel: [    0.000000] tsc: Marking TSC unstable due to running on Hyper-V
Mar 14 11:37:55 UbuntuApp kernel: [    0.000000] Hyper-V: Using hypercall for remote TLB flush
Mar 14 11:37:55 UbuntuApp kernel: [    0.000000] tsc: Detected 2294.684 MHz processor
Mar 14 11:37:55 UbuntuApp kernel: [    0.001605] e820: update [mem 0x00000000-0x00000fff] usable ==> reserved
Mar 14 11:37:55 UbuntuApp kernel: [    0.001608] e820: remove [mem 0x000a0000-0x000fffff] usable
Mar 14 11:37:55 UbuntuApp kernel: [    0.001612] last_pfn = 0x2c0000 max_arch_pfn = 0x400000000
Mar 14 11:37:55 UbuntuApp kernel: [    0.014359] MTRR default type: uncachable
Mar 14 11:37:55 UbuntuApp kernel: [    0.014360] MTRR fixed ranges enabled:
Mar 14 11:37:55 UbuntuApp kernel: [    0.014361]   00000-9FFFF write-back
Mar 14 11:37:55 UbuntuApp kernel: [    0.014362]   A0000-DFFFF uncachable
Mar 14 11:37:55 UbuntuApp kernel: [    0.014363]   E0000-FFFFF write-back
Mar 14 11:37:55 UbuntuApp kernel: [    0.014363] MTRR variable ranges enabled:
Mar 14 11:37:55 UbuntuApp kernel: [    0.014365]   0 base 00000000000 mask FFFC0000000 write-back
Mar 14 11:37:55 UbuntuApp kernel: [    0.014366]   1 base 00100000000 mask FF000000000 write-back
Mar 14 11:37:55 UbuntuApp kernel: [    0.014366]   2 disabled
Mar 14 11:37:55 UbuntuApp kernel: [    0.014367]   3 disabled
Mar 14 11:37:55 UbuntuApp kernel: [    0.014367]   4 disabled
Mar 14 11:37:55 UbuntuApp kernel: [    0.014367]   5 disabled
Mar 14 11:37:55 UbuntuApp kernel: [    0.014368]   6 disabled
Mar 14 11:37:55 UbuntuApp kernel: [    0.014368]   7 disabled
Mar 14 11:37:55 UbuntuApp kernel: [    0.014379] x86/PAT: Configuration [0-7]: WB  WC  UC- UC  WB  WP  UC- WT  
Mar 14 11:37:55 UbuntuApp kernel: [    0.019213] e820: update [mem 0x40000000-0xffffffff] usable ==> reserved
Mar 14 11:37:55 UbuntuApp kernel: [    0.021770] last_pfn = 0x3fff0 max_arch_pfn = 0x400000000
Mar 14 11:37:55 UbuntuApp kernel: [    0.038312] found SMP MP-table at [mem 0x000ff780-0x000ff78f]
Mar 14 11:37:55 UbuntuApp kernel: [    0.042025] check: Scanning 1 areas for low memory corruption
Mar 14 11:37:55 UbuntuApp kernel: [    0.045746] Using GB pages for direct mapping
Mar 14 11:37:55 UbuntuApp systemd[1]: Starting Flush Journal to Persistent Storage...
Mar 14 11:37:55 UbuntuApp kernel: [    0.048219] BRK [0x126a02000, 0x126a02fff] PGTABLE
Mar 14 11:37:55 UbuntuApp kernel: [    0.048221] BRK [0x126a03000, 0x126a03fff] PGTABLE
Mar 14 11:37:55 UbuntuApp kernel: [    0.048222] BRK [0x126a04000, 0x126a04fff] PGTABLE
Mar 14 11:37:55 UbuntuApp kernel: [    0.048245] BRK [0x126a05000, 0x126a05fff] PGTABLE
Mar 14 11:37:55 UbuntuApp kernel: [    0.048282] BRK [0x126a06000, 0x126a06fff] PGTABLE
Mar 14 11:37:55 UbuntuApp kernel: [    0.048300] RAMDISK: [mem 0x351e7000-0x368eafff]
Mar 14 11:37:55 UbuntuApp kernel: [    0.052293] ACPI: Early table checksum verification disabled
Mar 14 11:37:55 UbuntuApp kernel: [    0.055886] ACPI: RSDP 0x00000000000F5BF0 000014 (v00 ACPIAM)
Mar 14 11:37:55 UbuntuApp kernel: [    0.059454] ACPI: RSDT 0x000000003FFF0000 000040 (v01 VRTUAL MICROSFT 06001702 MSFT 00000097)
Mar 14 11:37:55 UbuntuApp systemd-modules-load[499]: Inserted module 'iscsi_tcp'
Mar 14 11:37:55 UbuntuApp kernel: [    0.064698] ACPI: FACP 0x000000003FFF0200 000081 (v02 VRTUAL MICROSFT 06001702 MSFT 00000097)
Mar 14 11:37:55 UbuntuApp kernel: [    0.069893] ACPI: DSDT 0x000000003FFF1D24 003CBE (v01 MSFTVM MSFTVM02 00000002 INTL 02002026)
Mar 14 11:37:55 UbuntuApp kernel: [    0.075628] ACPI: FACS 0x000000003FFFF000 000040
Mar 14 11:37:55 UbuntuApp kernel: [    0.078480] ACPI: WAET 0x000000003FFF1A80 000028 (v01 VRTUAL MICROSFT 06001702 MSFT 00000097)
Mar 14 11:37:55 UbuntuApp kernel: [    0.083495] ACPI: SLIC 0x000000003FFF1AC0 000176 (v01 VRTUAL MICROSFT 06001702 MSFT 00000097)
Mar 14 11:37:55 UbuntuApp kernel: [    0.089715] ACPI: OEM0 0x000000003FFF1CC0 000064 (v01 VRTUAL MICROSFT 06001702 MSFT 00000097)
Mar 14 11:37:55 UbuntuApp kernel: [    0.094704] ACPI: SRAT 0x000000003FFF0800 000140 (v02 VRTUAL MICROSFT 00000001 MSFT 00000001)
Mar 14 11:37:55 UbuntuApp systemd[1]: Started udev Coldplug all Devices.
Mar 14 11:37:55 UbuntuApp kernel: [    0.100234] ACPI: APIC 0x000000003FFF0300 000452 (v01 VRTUAL MICROSFT 06001702 MSFT 00000097)
Mar 14 11:37:55 UbuntuApp kernel: [    0.105931] ACPI: OEMB 0x000000003FFFF040 000064 (v01 VRTUAL MICROSFT 06001702 MSFT 00000097)
Mar 14 11:37:55 UbuntuApp kernel: [    0.111103] ACPI: Local APIC address 0xfee00000
Mar 14 11:37:55 UbuntuApp kernel: [    0.111143] SRAT: PXM 0 -> APIC 0x00 -> Node 0
Mar 14 11:37:55 UbuntuApp kernel: [    0.113890] SRAT: PXM 0 -> APIC 0x01 -> Node 0
Mar 14 11:37:55 UbuntuApp kernel: [    0.116787] ACPI: SRAT: Node 0 PXM 0 [mem 0x00000000-0x3fffffff] hotplug
Mar 14 11:37:55 UbuntuApp systemd[1]: Started Monitoring of LVM2 mirrors, snapshots etc. using dmeventd or progress polling.
Mar 14 11:37:55 UbuntuApp kernel: [    0.121103] ACPI: SRAT: Node 0 PXM 0 [mem 0x100000000-0x2bfffffff] hotplug
Mar 14 11:37:55 UbuntuApp kernel: [    0.125442] ACPI: SRAT: Node 0 PXM 0 [mem 0x2c0200000-0xfdfffffff] hotplug
Mar 14 11:37:55 UbuntuApp kernel: [    0.129664] ACPI: SRAT: Node 0 PXM 0 [mem 0x1000000000-0xffffffffff] hotplug
Mar 14 11:37:55 UbuntuApp kernel: [    0.135266] ACPI: SRAT: Node 0 PXM 0 [mem 0x10000200000-0x1ffffffffff] hotplug
Mar 14 11:37:55 UbuntuApp systemd[1]: Started Create Static Device Nodes in /dev.
Mar 14 11:37:55 UbuntuApp kernel: [    0.139510] ACPI: SRAT: Node 0 PXM 0 [mem 0x20000200000-0x3ffffffffff] hotplug
Mar 14 11:37:55 UbuntuApp kernel: [    0.143612] NUMA: Node 0 [mem 0x00000000-0x3fffffff] + [mem 0x100000000-0x2bfffffff] -> [mem 0x00000000-0x2bfffffff]
Mar 14 11:37:55 UbuntuApp kernel: [    0.150019] NODE_DATA(0) allocated [mem 0x2bffd5000-0x2bfffffff]
Mar 14 11:37:55 UbuntuApp systemd[1]: Starting udev Kernel Device Manager...
Mar 14 11:37:55 UbuntuApp kernel: [    0.154068] Zone ranges:
Mar 14 11:37:55 UbuntuApp kernel: [    0.155893]   DMA      [mem 0x0000000000001000-0x0000000000ffffff]
Mar 14 11:37:55 UbuntuApp kernel: [    0.159359]   DMA32    [mem 0x0000000001000000-0x00000000ffffffff]
Mar 14 11:37:55 UbuntuApp kernel: [    0.163063]   Normal   [mem 0x0000000100000000-0x00000002bfffffff]
Mar 14 11:37:55 UbuntuApp kernel: [    0.166826]   Device   empty
Mar 14 11:37:55 UbuntuApp kernel: [    0.168497] Movable zone start for each node
Mar 14 11:37:55 UbuntuApp systemd-modules-load[499]: Inserted module 'ib_iser'
Mar 14 11:37:55 UbuntuApp kernel: [    0.170991] Early memory node ranges
Mar 14 11:37:55 UbuntuApp kernel: [    0.173102]   node   0: [mem 0x0000000000001000-0x000000000009efff]
Mar 14 11:37:55 UbuntuApp kernel: [    0.176751]   node   0: [mem 0x0000000000100000-0x000000003ffeffff]
Mar 14 11:37:55 UbuntuApp kernel: [    0.180722]   node   0: [mem 0x0000000100000000-0x00000002bfffffff]
Mar 14 11:37:55 UbuntuApp kernel: [    0.184458] Zeroed struct page in unavailable ranges: 114 pages
Mar 14 11:37:55 UbuntuApp kernel: [    0.184460] Initmem setup node 0 [mem 0x0000000000001000-0x00000002bfffffff]
Mar 14 11:37:55 UbuntuApp kernel: [    0.192028] On node 0 totalpages: 2097038
Mar 14 11:37:55 UbuntuApp systemd[1]: Started Load Kernel Modules.
Mar 14 11:37:55 UbuntuApp kernel: [    0.192029]   DMA zone: 64 pages used for memmap
Mar 14 11:37:55 UbuntuApp kernel: [    0.192030]   DMA zone: 21 pages reserved
Mar 14 11:37:55 UbuntuApp kernel: [    0.192031]   DMA zone: 3998 pages, LIFO batch:0
Mar 14 11:37:55 UbuntuApp kernel: [    0.192168]   DMA32 zone: 4032 pages used for memmap
Mar 14 11:37:55 UbuntuApp kernel: [    0.192169]   DMA32 zone: 258032 pages, LIFO batch:63
Mar 14 11:37:55 UbuntuApp kernel: [    0.200538]   Normal zone: 28672 pages used for memmap
Mar 14 11:37:55 UbuntuApp systemd[1]: Mounting Kernel Configuration File System...
Mar 14 11:37:55 UbuntuApp kernel: [    0.200540]   Normal zone: 1835008 pages, LIFO batch:63
Mar 14 11:37:55 UbuntuApp kernel: [    0.245271] ACPI: PM-Timer IO Port: 0x408
Mar 14 11:37:55 UbuntuApp kernel: [    0.247278] ACPI: Local APIC address 0xfee00000
Mar 14 11:37:55 UbuntuApp systemd[1]: Mounting FUSE Control File System...
Mar 14 11:37:55 UbuntuApp kernel: [    0.247288] ACPI: LAPIC_NMI (acpi_id[0xff] dfl dfl lint[0x1])
Mar 14 11:37:55 UbuntuApp kernel: [    0.251244] IOAPIC[0]: apic_id 0, version 17, address 0xfec00000, GSI 0-23
Mar 14 11:37:55 UbuntuApp kernel: [    0.255593] ACPI: INT_SRC_OVR (bus 0 bus_irq 0 global_irq 2 dfl dfl)
Mar 14 11:37:55 UbuntuApp kernel: [    0.258780] ACPI: INT_SRC_OVR (bus 0 bus_irq 9 global_irq 9 high level)
Mar 14 11:37:55 UbuntuApp systemd[1]: Starting Apply Kernel Variables...
Mar 14 11:37:55 UbuntuApp kernel: [    0.262365] ACPI: IRQ0 used by override.
Mar 14 11:37:55 UbuntuApp kernel: [    0.262365] ACPI: IRQ9 used by override.
Mar 14 11:37:55 UbuntuApp kernel: [    0.262368] Using ACPI (MADT) for SMP configuration information
Mar 14 11:37:55 UbuntuApp kernel: [    0.265608] smpboot: Allowing 128 CPUs, 126 hotplug CPUs
Mar 14 11:37:55 UbuntuApp kernel: [    0.268465] PM: Registered nosave memory: [mem 0x00000000-0x00000fff]
Mar 14 11:37:55 UbuntuApp kernel: [    0.272017] PM: Registered nosave memory: [mem 0x0009f000-0x0009ffff]
Mar 14 11:37:55 UbuntuApp kernel: [    0.275843] PM: Registered nosave memory: [mem 0x000a0000-0x000dffff]
Mar 14 11:37:55 UbuntuApp kernel: [    0.279599] PM: Registered nosave memory: [mem 0x000e0000-0x000fffff]
Mar 14 11:37:55 UbuntuApp kernel: [    0.283176] PM: Registered nosave memory: [mem 0x3fff0000-0x3fffefff]
Mar 14 11:37:55 UbuntuApp kernel: [    0.286954] PM: Registered nosave memory: [mem 0x3ffff000-0x3fffffff]
Mar 14 11:37:55 UbuntuApp systemd[1]: Mounted Kernel Configuration File System.
Mar 14 11:37:55 UbuntuApp systemd[1]: Mounted FUSE Control File System.
Mar 14 11:37:55 UbuntuApp systemd[1]: Started Apply Kernel Variables.
Mar 14 11:37:55 UbuntuApp systemd[1]: Started udev Kernel Device Manager.
Mar 14 11:37:55 UbuntuApp systemd[1]: Started Flush Journal to Persistent Storage.
Mar 14 11:37:55 UbuntuApp systemd-udevd[553]: link_config: autonegotiation is unset or enabled, the speed and duplex are not writable.
Mar 14 11:37:55 UbuntuApp systemd-udevd[553]: Could not set WakeOnLan of eth0 to off: Operation not supported
Mar 14 11:37:55 UbuntuApp systemd[1]: Found device /dev/ttyS0.
Mar 14 11:37:55 UbuntuApp systemd[1]: Started Set the console keyboard layout.
Mar 14 11:37:55 UbuntuApp systemd[1]: Reached target Local File Systems (Pre).
Mar 14 11:37:55 UbuntuApp systemd-udevd[558]: link_config: autonegotiation is unset or enabled, the speed and duplex are not writable.
Mar 14 11:37:55 UbuntuApp systemd[1]: Mounting Mount unit for core18, revision 1668...
Mar 14 11:37:55 UbuntuApp kernel: [    0.290235] PM: Registered nosave memory: [mem 0x40000000-0xffffffff]
Mar 14 11:37:55 UbuntuApp systemd[1]: Mounting Mount unit for cmake, revision 283...
Mar 14 11:37:55 UbuntuApp kernel: [    0.294293] [mem 0x40000000-0xffffffff] available for PCI devices
Mar 14 11:37:55 UbuntuApp kernel: [    0.297646] Booting paravirtualized kernel on bare hardware
Mar 14 11:37:55 UbuntuApp kernel: [    0.301101] clocksource: refined-jiffies: mask: 0xffffffff max_cycles: 0xffffffff, max_idle_ns: 7645519600211568 ns
Mar 14 11:37:55 UbuntuApp systemd[1]: Mounting Mount unit for snapd, revision 6434...
Mar 14 11:37:55 UbuntuApp kernel: [    0.307784] random: get_random_bytes called from start_kernel+0x93/0x503 with crng_init=0
Mar 14 11:37:55 UbuntuApp kernel: [    0.312043] setup_percpu: NR_CPUS:8192 nr_cpumask_bits:128 nr_cpu_ids:128 nr_node_ids:1
Mar 14 11:37:55 UbuntuApp kernel: [    0.325395] percpu: Embedded 45 pages/cpu s147456 r8192 d28672 u262144
Mar 14 11:37:55 UbuntuApp kernel: [    0.329549] pcpu-alloc: s147456 r8192 d28672 u262144 alloc=1*2097152
Mar 14 11:37:55 UbuntuApp kernel: [    0.329550] pcpu-alloc: [0] 000 001 002 003 004 005 006 007 
Mar 14 11:37:55 UbuntuApp systemd[1]: Started Dispatch Password Requests to Console Directory Watch.
Mar 14 11:37:55 UbuntuApp kernel: [    0.329552] pcpu-alloc: [0] 008 009 010 011 012 013 014 015 
Mar 14 11:37:55 UbuntuApp kernel: [    0.329554] pcpu-alloc: [0] 016 017 018 019 020 021 022 023 
Mar 14 11:37:55 UbuntuApp kernel: [    0.329556] pcpu-alloc: [0] 024 025 026 027 028 029 030 031 
Mar 14 11:37:55 UbuntuApp kernel: [    0.329557] pcpu-alloc: [0] 032 033 034 035 036 037 038 039 
Mar 14 11:37:55 UbuntuApp kernel: [    0.329559] pcpu-alloc: [0] 040 041 042 043 044 045 046 047 
Mar 14 11:37:55 UbuntuApp kernel: [    0.329561] pcpu-alloc: [0] 048 049 050 051 052 053 054 055 
Mar 14 11:37:55 UbuntuApp kernel: [    0.329562] pcpu-alloc: [0] 056 057 058 059 060 061 062 063 
Mar 14 11:37:55 UbuntuApp systemd[1]: Reached target Local Encrypted Volumes.
Mar 14 11:37:55 UbuntuApp kernel: [    0.329564] pcpu-alloc: [0] 064 065 066 067 068 069 070 071 
Mar 14 11:37:55 UbuntuApp kernel: [    0.329565] pcpu-alloc: [0] 072 073 074 075 076 077 078 079 
Mar 14 11:37:55 UbuntuApp kernel: [    0.329567] pcpu-alloc: [0] 080 081 082 083 084 085 086 087 
Mar 14 11:37:55 UbuntuApp kernel: [    0.329568] pcpu-alloc: [0] 088 089 090 091 092 093 094 095 
Mar 14 11:37:55 UbuntuApp kernel: [    0.329570] pcpu-alloc: [0] 096 097 098 099 100 101 102 103 
Mar 14 11:37:55 UbuntuApp kernel: [    0.329572] pcpu-alloc: [0] 104 105 106 107 108 109 110 111 
Mar 14 11:37:55 UbuntuApp systemd[1]: Found device /sys/devices/virtual/misc/vmbus!hv_kvp.
Mar 14 11:37:55 UbuntuApp kernel: [    0.329573] pcpu-alloc: [0] 112 113 114 115 116 117 118 119 
Mar 14 11:37:55 UbuntuApp kernel: [    0.329575] pcpu-alloc: [0] 120 121 122 123 124 125 126 127 
Mar 14 11:37:55 UbuntuApp kernel: [    0.329601] Hyper-V: PV spinlocks enabled
Mar 14 11:37:55 UbuntuApp kernel: [    0.331647] PV qspinlock hash table entries: 512 (order: 1, 8192 bytes)
Mar 14 11:37:55 UbuntuApp kernel: [    0.335394] Built 1 zonelists, mobility grouping on.  Total pages: 2064249
Mar 14 11:37:55 UbuntuApp systemd[1]: Started Hyper-V KVP Protocol Daemon.
Mar 14 11:37:55 UbuntuApp kernel: [    0.339118] Policy zone: Normal
Mar 14 11:37:55 UbuntuApp kernel: [    0.341345] Kernel command line: BOOT_IMAGE=/boot/vmlinuz-5.0.0-1032-azure root=UUID=5604f71e-1e5f-443c-a99e-b82bb5c201df ro console=tty1 console=ttyS0 earlyprintk=ttyS0 rootdelay=300
Mar 14 11:37:55 UbuntuApp kernel: [    0.350624] printk: log_buf_len individual max cpu contribution: 4096 bytes
Mar 14 11:37:55 UbuntuApp kernel: [    0.354296] printk: log_buf_len total cpu_extra contributions: 520192 bytes
Mar 14 11:37:55 UbuntuApp systemd[1]: Listening on Load/Save RF Kill Switch Status /dev/rfkill Watch.
Mar 14 11:37:55 UbuntuApp kernel: [    0.358693] printk: log_buf_len min size: 262144 bytes
Mar 14 11:37:55 UbuntuApp kernel: [    0.361912] printk: log_buf_len: 1048576 bytes
Mar 14 11:37:55 UbuntuApp kernel: [    0.365161] printk: early log buf free: 251912(96%)
Mar 14 11:37:55 UbuntuApp kernel: [    0.382947] Calgary: detecting Calgary via BIOS EBDA area
Mar 14 11:37:55 UbuntuApp systemd[1]: Mounted Mount unit for core18, revision 1668.
Mar 14 11:37:55 UbuntuApp kernel: [    0.382949] Calgary: Unable to locate Rio Grande table in EBDA - bailing!
Mar 14 11:37:55 UbuntuApp kernel: [    0.407905] Memory: 8114236K/8388152K available (12292K kernel code, 2233K rwdata, 3944K rodata, 2360K init, 5524K bss, 273916K reserved, 0K cma-reserved)
Mar 14 11:37:55 UbuntuApp kernel: [    0.417629] SLUB: HWalign=64, Order=0-3, MinObjects=0, CPUs=128, Nodes=1
Mar 14 11:37:55 UbuntuApp kernel: [    0.422094] Kernel/User page tables isolation: enabled
Mar 14 11:37:55 UbuntuApp systemd[1]: Mounted Mount unit for cmake, revision 283.
Mar 14 11:37:55 UbuntuApp kernel: [    0.424883] ftrace: allocating 38709 entries in 152 pages
Mar 14 11:37:55 UbuntuApp kernel: [    0.445067] rcu: Hierarchical RCU implementation.
Mar 14 11:37:55 UbuntuApp kernel: [    0.447948] rcu: 	RCU restricting CPUs from NR_CPUS=8192 to nr_cpu_ids=128.
Mar 14 11:37:55 UbuntuApp kernel: [    0.452646] 	Tasks RCU enabled.
Mar 14 11:37:55 UbuntuApp kernel: [    0.454448] rcu: RCU calculated value of scheduler-enlistment delay is 25 jiffies.
Mar 14 11:37:55 UbuntuApp kernel: [    0.458394] rcu: Adjusting geometry for rcu_fanout_leaf=16, nr_cpu_ids=128
Mar 14 11:37:55 UbuntuApp kernel: [    0.466335] NR_IRQS: 524544, nr_irqs: 1448, preallocated irqs: 16
Mar 14 11:37:55 UbuntuApp kernel: [    0.475536] Console: colour VGA+ 80x25
Mar 14 11:37:55 UbuntuApp systemd[1]: Mounted Mount unit for snapd, revision 6434.
Mar 14 11:37:55 UbuntuApp kernel: [    0.957530] printk: console [tty1] enabled
Mar 14 11:37:55 UbuntuApp kernel: [    0.960571] printk: console [ttyS0] enabled
Mar 14 11:37:55 UbuntuApp kernel: [    0.966126] printk: bootconsole [earlyser0] disabled
Mar 14 11:37:55 UbuntuApp kernel: [    0.972919] ACPI: Core revision 20181213
Mar 14 11:37:55 UbuntuApp kernel: [    0.976183] APIC: Switch to symmetric I/O mode setup
Mar 14 11:37:55 UbuntuApp KVP: KVP starting; pid is:612
Mar 14 11:37:55 UbuntuApp kernel: [    0.980076] Switched APIC routing to physical flat.
Mar 14 11:37:55 UbuntuApp kernel: [    0.984086] Hyper-V: Using IPI hypercalls
Mar 14 11:37:55 UbuntuApp kernel: [    0.986759] Hyper-V: Using enlightened APIC (xapic mode)
Mar 14 11:37:55 UbuntuApp kernel: [    0.986766] clocksource: hyperv_clocksource_tsc_page: mask: 0xffffffffffffffff max_cycles: 0x24e6a1710, max_idle_ns: 440795202120 ns
Mar 14 11:37:55 UbuntuApp kernel: [    1.025770] Calibrating delay loop (skipped), value calculated using timer frequency.. 4589.36 BogoMIPS (lpj=9178736)
Mar 14 11:37:55 UbuntuApp KVP: KVP LIC Version: 3.1
Mar 14 11:37:55 UbuntuApp kernel: [    1.029757] pid_max: default: 131072 minimum: 1024
Mar 14 11:37:55 UbuntuApp kernel: [    1.029757] LSM: Security Framework initializing
Mar 14 11:37:55 UbuntuApp kernel: [    1.029757] Yama: becoming mindful.
Mar 14 11:37:55 UbuntuApp kernel: [    1.029757] AppArmor: AppArmor initialized
Mar 14 11:37:55 UbuntuApp kernel: [    1.029757] Dentry cache hash table entries: 1048576 (order: 11, 8388608 bytes)
Mar 14 11:37:55 UbuntuApp systemd[1]: Found device Virtual_Disk Temporary_Storage.
Mar 14 11:37:55 UbuntuApp kernel: [    1.029757] Inode-cache hash table entries: 524288 (order: 10, 4194304 bytes)
Mar 14 11:37:55 UbuntuApp kernel: [    1.029757] Mount-cache hash table entries: 16384 (order: 5, 131072 bytes)
Mar 14 11:37:55 UbuntuApp kernel: [    1.029757] Mountpoint-cache hash table entries: 16384 (order: 5, 131072 bytes)
Mar 14 11:37:55 UbuntuApp kernel: [    1.029757] Last level iTLB entries: 4KB 64, 2MB 8, 4MB 8
Mar 14 11:37:55 UbuntuApp kernel: [    1.029757] Last level dTLB entries: 4KB 64, 2MB 0, 4MB 0, 1GB 4
Mar 14 11:37:55 UbuntuApp systemd[1]: Found device Virtual_Disk UEFI.
Mar 14 11:37:55 UbuntuApp kernel: [    1.029757] Spectre V1 : Mitigation: usercopy/swapgs barriers and __user pointer sanitization
Mar 14 11:37:55 UbuntuApp kernel: [    1.029757] Spectre V2 : Mitigation: Full generic retpoline
Mar 14 11:37:55 UbuntuApp kernel: [    1.029757] Spectre V2 : Spectre v2 / SpectreRSB mitigation: Filling RSB on context switch
Mar 14 11:37:55 UbuntuApp kernel: [    1.029757] Speculative Store Bypass: Vulnerable
Mar 14 11:37:55 UbuntuApp kernel: [    1.029757] TAA: Vulnerable: Clear CPU buffers attempted, no microcode
Mar 14 11:37:55 UbuntuApp kernel: [    1.029757] MDS: Vulnerable: Clear CPU buffers attempted, no microcode
Mar 14 11:37:55 UbuntuApp kernel: [    1.029757] Freeing SMP alternatives memory: 36K
Mar 14 11:37:55 UbuntuApp systemd[1]: Mounting /boot/efi...
Mar 14 11:37:55 UbuntuApp kernel: [    1.029757] smpboot: CPU0: Intel(R) Xeon(R) CPU E5-2673 v4 @ 2.30GHz (family: 0x6, model: 0x4f, stepping: 0x1)
Mar 14 11:37:55 UbuntuApp kernel: [    1.029972] Performance Events: unsupported p6 CPU model 79 no PMU driver, software events only.
Mar 14 11:37:55 UbuntuApp kernel: [    1.033810] rcu: Hierarchical SRCU implementation.
Mar 14 11:37:55 UbuntuApp systemd[1]: Starting File System Check on /dev/disk/cloud/azure_resource-part1...
Mar 14 11:37:55 UbuntuApp kernel: [    1.038355] random: crng done (trusting CPU's manufacturer)
Mar 14 11:37:55 UbuntuApp kernel: [    1.041803] NMI watchdog: Perf NMI watchdog permanently disabled
Mar 14 11:37:55 UbuntuApp kernel: [    1.047431] smp: Bringing up secondary CPUs ...
Mar 14 11:37:55 UbuntuApp systemd-fsck[742]: fsck.ntfs doesn't exist, not checking file system on /dev/disk/cloud/azure_resource-part1.
Mar 14 11:37:55 UbuntuApp kernel: [    1.049890] x86: Booting SMP configuration:
Mar 14 11:37:55 UbuntuApp kernel: [    1.053762] .... node  #0, CPUs:          #1
Mar 14 11:37:55 UbuntuApp kernel: [    1.057778] MDS CPU bug present and SMT on, data leak possible. See https://www.kernel.org/doc/html/latest/admin-guide/hw-vuln/mds.html for more details.
Mar 14 11:37:55 UbuntuApp kernel: [    1.061762] TAA CPU bug present and SMT on, data leak possible. See https://www.kernel.org/doc/html/latest/admin-guide/hw-vuln/tsx_async_abort.html for more details.
Mar 14 11:37:55 UbuntuApp kernel: [    1.065762] smp: Brought up 1 node, 2 CPUs
Mar 14 11:37:55 UbuntuApp kernel: [    1.069009] smpboot: Max logical packages: 64
Mar 14 11:37:55 UbuntuApp systemd[1]: Started File System Check on /dev/disk/cloud/azure_resource-part1.
Mar 14 11:37:55 UbuntuApp kernel: [    1.069761] smpboot: Total of 2 processors activated (9178.73 BogoMIPS)
Mar 14 11:37:55 UbuntuApp kernel: [    1.074616] devtmpfs: initialized
Mar 14 11:37:55 UbuntuApp systemd[1]: Mounted /boot/efi.
Mar 14 11:37:55 UbuntuApp kernel: [    1.074616] x86/mm: Memory block size: 128MB
Mar 14 11:37:55 UbuntuApp kernel: [    1.078373] PM: Registering ACPI NVS region [mem 0x3ffff000-0x3fffffff] (4096 bytes)
Mar 14 11:37:55 UbuntuApp kernel: [    1.085903] clocksource: jiffies: mask: 0xffffffff max_cycles: 0xffffffff, max_idle_ns: 7645041785100000 ns
Mar 14 11:37:55 UbuntuApp kernel: [    1.089834] futex hash table entries: 32768 (order: 9, 2097152 bytes)
Mar 14 11:37:55 UbuntuApp kernel: [    1.094458] pinctrl core: initialized pinctrl subsystem
Mar 14 11:37:55 UbuntuApp systemd[1]: Reached target Local File Systems.
Mar 14 11:37:55 UbuntuApp kernel: [    1.098436] RTC time: 10:37:31, date: 2020-03-14
Mar 14 11:37:55 UbuntuApp kernel: [    1.102072] NET: Registered protocol family 16
Mar 14 11:37:55 UbuntuApp kernel: [    1.105855] audit: initializing netlink subsys (disabled)
Mar 14 11:37:55 UbuntuApp kernel: [    1.109790] audit: type=2000 audit(1584182250.084:1): state=initialized audit_enabled=0 res=1
Mar 14 11:37:55 UbuntuApp kernel: [    1.110028] EISA bus registered
Mar 14 11:37:55 UbuntuApp systemd[1]: Starting ebtables ruleset management...
Mar 14 11:37:55 UbuntuApp kernel: [    1.117782] cpuidle: using governor ladder
Mar 14 11:37:55 UbuntuApp kernel: [    1.121780] cpuidle: using governor menu
Mar 14 11:37:55 UbuntuApp systemd[1]: Starting Create Volatile Files and Directories...
Mar 14 11:37:55 UbuntuApp kernel: [    1.125844] ACPI: bus type PCI registered
Mar 14 11:37:55 UbuntuApp kernel: [    1.129759] acpiphp: ACPI Hot Plug PCI Controller Driver version: 0.5
Mar 14 11:37:55 UbuntuApp kernel: [    1.134341] PCI: Using configuration type 1 for base access
Mar 14 11:37:55 UbuntuApp kernel: [    1.139056] HugeTLB registered 1.00 GiB page size, pre-allocated 0 pages
Mar 14 11:37:55 UbuntuApp kernel: [    1.141762] HugeTLB registered 2.00 MiB page size, pre-allocated 0 pages
Mar 14 11:37:55 UbuntuApp kernel: [    1.145992] ACPI: Added _OSI(Module Device)
Mar 14 11:37:55 UbuntuApp systemd[1]: Starting Enable support for additional executable binary formats...
Mar 14 11:37:55 UbuntuApp kernel: [    1.149768] ACPI: Added _OSI(Processor Device)
Mar 14 11:37:55 UbuntuApp kernel: [    1.153759] ACPI: Added _OSI(3.0 _SCP Extensions)
Mar 14 11:37:55 UbuntuApp kernel: [    1.157761] ACPI: Added _OSI(Processor Aggregator Device)
Mar 14 11:37:55 UbuntuApp kernel: [    1.161761] ACPI: Added _OSI(Linux-Dell-Video)
Mar 14 11:37:55 UbuntuApp kernel: [    1.165761] ACPI: Added _OSI(Linux-Lenovo-NV-HDMI-Audio)
Mar 14 11:37:55 UbuntuApp kernel: [    1.165761] ACPI: Added _OSI(Linux-HPI-Hybrid-Graphics)
Mar 14 11:37:55 UbuntuApp systemd[1]: Starting Set console font and keymap...
Mar 14 11:37:55 UbuntuApp systemd[1]: Starting Tell Plymouth To Write Out Runtime Data...
Mar 14 11:37:55 UbuntuApp systemd[1]: Starting Clean up any mess left by 0dns-up...
Mar 14 11:37:55 UbuntuApp systemd[1]: Starting AppArmor initialization...
Mar 14 11:37:55 UbuntuApp systemd[1]: Started Set console font and keymap.
Mar 14 11:37:55 UbuntuApp systemd[1]: Started Tell Plymouth To Write Out Runtime Data.
Mar 14 11:37:55 UbuntuApp systemd[1]: proc-sys-fs-binfmt_misc.automount: Got automount request for /proc/sys/fs/binfmt_misc, triggered by 759 (update-binfmts)
Mar 14 11:37:55 UbuntuApp systemd[1]: Starting Tell Plymouth To Write Out Runtime Data...
Mar 14 11:37:55 UbuntuApp systemd[1]: Mounting Arbitrary Executable File Formats File System...
Mar 14 11:37:55 UbuntuApp apparmor[780]:  * Starting AppArmor profiles
Mar 14 11:37:55 UbuntuApp systemd[1]: Started ebtables ruleset management.
Mar 14 11:37:55 UbuntuApp systemd[1]: Started Tell Plymouth To Write Out Runtime Data.
Mar 14 11:37:55 UbuntuApp systemd[1]: Started Create Volatile Files and Directories.
Mar 14 11:37:55 UbuntuApp systemd[1]: Mounted Arbitrary Executable File Formats File System.
Mar 14 11:37:55 UbuntuApp systemd[1]: Starting Network Time Synchronization...
Mar 14 11:37:55 UbuntuApp systemd[1]: Starting Security Auditing Service...
Mar 14 11:37:55 UbuntuApp systemd[1]: Started Enable support for additional executable binary formats.
Mar 14 11:37:55 UbuntuApp kernel: [    1.171366] ACPI: 1 ACPI AML tables successfully acquired and loaded
Mar 14 11:37:55 UbuntuApp kernel: [    1.179422] ACPI: Interpreter enabled
Mar 14 11:37:55 UbuntuApp kernel: [    1.185772] ACPI: (supports S0 S5)
Mar 14 11:37:55 UbuntuApp kernel: [    1.185772] ACPI: Using IOAPIC for interrupt routing
Mar 14 11:37:55 UbuntuApp kernel: [    1.189475] PCI: Using host bridge windows from ACPI; if necessary, use "pci=nocrs" and report a bug
Mar 14 11:37:55 UbuntuApp auditd[836]: Started dispatcher: /sbin/audispd pid: 838
Mar 14 11:37:55 UbuntuApp kernel: [    1.198095] ACPI: Enabled 1 GPEs in block 00 to 0F
Mar 14 11:37:55 UbuntuApp kernel: [    1.221437] ACPI: PCI Root Bridge [PCI0] (domain 0000 [bus 00-ff])
Mar 14 11:37:55 UbuntuApp kernel: [    1.225764] acpi PNP0A03:00: _OSC: OS supports [ASPM ClockPM Segments MSI]
Mar 14 11:37:55 UbuntuApp systemd[1]: Started Clean up any mess left by 0dns-up.
Mar 14 11:37:55 UbuntuApp kernel: [    1.233796] acpi PNP0A03:00: fail to add MMCONFIG information, can't access extended PCI configuration space under this bridge.
Mar 14 11:37:55 UbuntuApp kernel: [    1.241935] PCI host bridge to bus 0000:00
Mar 14 11:37:55 UbuntuApp kernel: [    1.245761] pci_bus 0000:00: root bus resource [mem 0xfe0000000-0xfffffffff window]
Mar 14 11:37:55 UbuntuApp kernel: [    1.249761] pci_bus 0000:00: root bus resource [io  0x0000-0x0cf7 window]
Mar 14 11:37:55 UbuntuApp kernel: [    1.257762] pci_bus 0000:00: root bus resource [io  0x0d00-0xffff window]
Mar 14 11:37:55 UbuntuApp auditd[836]: Init complete, auditd 2.8.2 listening for events (startup state enable)
Mar 14 11:37:55 UbuntuApp kernel: [    1.261770] pci_bus 0000:00: root bus resource [mem 0x000a0000-0x000bffff window]
Mar 14 11:37:55 UbuntuApp kernel: [    1.265761] pci_bus 0000:00: root bus resource [mem 0x40000000-0xfffbffff window]
Mar 14 11:37:55 UbuntuApp kernel: [    1.273762] pci_bus 0000:00: root bus resource [bus 00-ff]
Mar 14 11:37:55 UbuntuApp kernel: [    1.282103] pci 0000:00:00.0: [8086:7192] type 00 class 0x060000
Mar 14 11:37:55 UbuntuApp kernel: [    1.282723] pci 0000:00:07.0: [8086:7110] type 00 class 0x060100
Mar 14 11:37:55 UbuntuApp kernel: [    1.286155] pci 0000:00:07.1: [8086:7111] type 00 class 0x010180
Mar 14 11:37:55 UbuntuApp kernel: [    1.288894] pci 0000:00:07.1: reg 0x20: [io  0xffa0-0xffaf]
Mar 14 11:37:55 UbuntuApp audispd: No plugins found, exiting
Mar 14 11:37:55 UbuntuApp kernel: [    1.289921] pci 0000:00:07.1: legacy IDE quirk: reg 0x10: [io  0x01f0-0x01f7]
Mar 14 11:37:55 UbuntuApp auditd[836]: dispatcher 838 reaped
Mar 14 11:37:55 UbuntuApp kernel: [    1.297761] pci 0000:00:07.1: legacy IDE quirk: reg 0x14: [io  0x03f6]
Mar 14 11:37:55 UbuntuApp kernel: [    1.301761] pci 0000:00:07.1: legacy IDE quirk: reg 0x18: [io  0x0170-0x0177]
Mar 14 11:37:55 UbuntuApp kernel: [    1.305760] pci 0000:00:07.1: legacy IDE quirk: reg 0x1c: [io  0x0376]
Mar 14 11:37:55 UbuntuApp kernel: [    1.314618] pci 0000:00:07.3: [8086:7113] type 00 class 0x068000
Mar 14 11:37:55 UbuntuApp kernel: [    1.314719] * Found PM-Timer Bug on the chipset. Due to workarounds for a bug,
Mar 14 11:37:55 UbuntuApp augenrules[870]: /sbin/augenrules: No change
Mar 14 11:37:55 UbuntuApp kernel: [    1.314719] * this clock source is slow. Consider trying other clock sources
Mar 14 11:37:55 UbuntuApp kernel: [    1.324540] pci 0000:00:07.3: quirk: [io  0x0400-0x043f] claimed by PIIX4 ACPI
Mar 14 11:37:55 UbuntuApp kernel: [    1.334872] pci 0000:00:08.0: [1414:5353] type 00 class 0x030000
Mar 14 11:37:55 UbuntuApp kernel: [    1.335491] pci 0000:00:08.0: reg 0x10: [mem 0xf8000000-0xfbffffff]
Mar 14 11:37:55 UbuntuApp augenrules[870]: No rules
Mar 14 11:37:55 UbuntuApp kernel: [    1.355589] ACPI: PCI Interrupt Link [LNKA] (IRQs 3 4 5 7 9 10 *11 12 14 15)
Mar 14 11:37:55 UbuntuApp kernel: [    1.366256] ACPI: PCI Interrupt Link [LNKB] (IRQs 3 4 5 7 9 10 11 12 14 15) *0, disabled.
Mar 14 11:37:55 UbuntuApp kernel: [    1.374025] ACPI: PCI Interrupt Link [LNKC] (IRQs 3 4 5 7 9 10 11 12 14 15) *0, disabled.
Mar 14 11:37:55 UbuntuApp augenrules[870]: enabled 1
Mar 14 11:37:55 UbuntuApp kernel: [    1.382138] ACPI: PCI Interrupt Link [LNKD] (IRQs 3 4 5 7 9 10 11 12 14 15) *0, disabled.
Mar 14 11:37:55 UbuntuApp kernel: [    1.389986] SCSI subsystem initialized
Mar 14 11:37:55 UbuntuApp kernel: [    1.389986] libata version 3.00 loaded.
Mar 14 11:37:55 UbuntuApp kernel: [    1.389986] pci 0000:00:08.0: vgaarb: setting as boot VGA device
Mar 14 11:37:55 UbuntuApp kernel: [    1.393757] pci 0000:00:08.0: vgaarb: VGA device added: decodes=io+mem,owns=io+mem,locks=none
Mar 14 11:37:55 UbuntuApp kernel: [    1.393761] pci 0000:00:08.0: vgaarb: bridge control possible
Mar 14 11:37:55 UbuntuApp augenrules[870]: failure 1
Mar 14 11:37:55 UbuntuApp augenrules[870]: pid 836
Mar 14 11:37:55 UbuntuApp augenrules[870]: rate_limit 0
Mar 14 11:37:55 UbuntuApp augenrules[870]: backlog_limit 8192
Mar 14 11:37:55 UbuntuApp augenrules[870]: lost 0
Mar 14 11:37:55 UbuntuApp augenrules[870]: backlog 0
Mar 14 11:37:55 UbuntuApp augenrules[870]: backlog_wait_time 15000
Mar 14 11:37:55 UbuntuApp kernel: [    1.397760] vgaarb: loaded
Mar 14 11:37:55 UbuntuApp kernel: [    1.401803] pps_core: LinuxPPS API ver. 1 registered
Mar 14 11:37:55 UbuntuApp kernel: [    1.405760] pps_core: Software ver. 5.3.6 - Copyright 2005-2007 Rodolfo Giometti <giometti@linux.it>
Mar 14 11:37:55 UbuntuApp kernel: [    1.409770] PTP clock support registered
Mar 14 11:37:55 UbuntuApp kernel: [    1.413876] EDAC MC: Ver: 3.0.0
Mar 14 11:37:55 UbuntuApp kernel: [    1.418361] hv_vmbus: Vmbus version:4.0
Mar 14 11:37:55 UbuntuApp kernel: [    1.420663] PCI: Using ACPI for IRQ routing
Mar 14 11:37:55 UbuntuApp augenrules[870]: enabled 1
Mar 14 11:37:55 UbuntuApp augenrules[870]: failure 1
Mar 14 11:37:55 UbuntuApp augenrules[870]: pid 836
Mar 14 11:37:55 UbuntuApp augenrules[870]: rate_limit 0
Mar 14 11:37:55 UbuntuApp augenrules[870]: backlog_limit 8192
Mar 14 11:37:55 UbuntuApp augenrules[870]: lost 0
Mar 14 11:37:55 UbuntuApp kernel: [    1.425766] PCI: pci_cache_line_size set to 64 bytes
Mar 14 11:37:55 UbuntuApp kernel: [    1.426530] e820: reserve RAM buffer [mem 0x0009fc00-0x0009ffff]
Mar 14 11:37:55 UbuntuApp kernel: [    1.426533] e820: reserve RAM buffer [mem 0x3fff0000-0x3fffffff]
Mar 14 11:37:55 UbuntuApp kernel: [    1.426775] NetLabel: Initializing
Mar 14 11:37:55 UbuntuApp kernel: [    1.429611] NetLabel:  domain hash size = 128
Mar 14 11:37:55 UbuntuApp kernel: [    1.433761] NetLabel:  protocols = UNLABELED CIPSOv4 CALIPSO
Mar 14 11:37:55 UbuntuApp augenrules[870]: backlog 0
Mar 14 11:37:55 UbuntuApp augenrules[870]: backlog_wait_time 15000
Mar 14 11:37:55 UbuntuApp augenrules[870]: enabled 1
Mar 14 11:37:55 UbuntuApp augenrules[870]: failure 1
Mar 14 11:37:55 UbuntuApp augenrules[870]: pid 836
Mar 14 11:37:55 UbuntuApp augenrules[870]: rate_limit 0
Mar 14 11:37:55 UbuntuApp augenrules[870]: backlog_limit 8192
Mar 14 11:37:55 UbuntuApp kernel: [    1.437785] NetLabel:  unlabeled traffic allowed by default
Mar 14 11:37:55 UbuntuApp kernel: [    1.441861] clocksource: Switched to clocksource hyperv_clocksource_tsc_page
Mar 14 11:37:55 UbuntuApp kernel: [    1.469195] VFS: Disk quotas dquot_6.6.0
Mar 14 11:37:55 UbuntuApp kernel: [    1.480410] VFS: Dquot-cache hash table entries: 512 (order 0, 4096 bytes)
Mar 14 11:37:55 UbuntuApp kernel: [    1.485753] AppArmor: AppArmor Filesystem Enabled
Mar 14 11:37:55 UbuntuApp kernel: [    1.489525] pnp: PnP ACPI init
Mar 14 11:37:55 UbuntuApp kernel: [    1.492520] pnp 00:00: Plug and Play ACPI device, IDs PNP0b00 (active)
Mar 14 11:37:55 UbuntuApp augenrules[870]: lost 0
Mar 14 11:37:55 UbuntuApp augenrules[870]: backlog 0
Mar 14 11:37:55 UbuntuApp augenrules[870]: backlog_wait_time 0
Mar 14 11:37:55 UbuntuApp systemd[1]: Started Security Auditing Service.
Mar 14 11:37:55 UbuntuApp apparmor[780]: Skipping profile in /etc/apparmor.d/disable: usr.bin.firefox
Mar 14 11:37:55 UbuntuApp systemd[1]: Starting Update UTMP about System Boot/Shutdown...
Mar 14 11:37:55 UbuntuApp kernel: [    1.492595] pnp 00:01: Plug and Play ACPI device, IDs PNP0303 PNP030b (active)
Mar 14 11:37:55 UbuntuApp kernel: [    1.492631] pnp 00:02: Plug and Play ACPI device, IDs PNP0f03 PNP0f13 (active)
Mar 14 11:37:55 UbuntuApp kernel: [    1.493613] pnp 00:03: [dma 0 disabled]
Mar 14 11:37:55 UbuntuApp kernel: [    1.493643] pnp 00:03: Plug and Play ACPI device, IDs PNP0501 (active)
Mar 14 11:37:55 UbuntuApp kernel: [    1.494402] pnp 00:04: [dma 0 disabled]
Mar 14 11:37:55 UbuntuApp kernel: [    1.494423] pnp 00:04: Plug and Play ACPI device, IDs PNP0501 (active)
Mar 14 11:37:55 UbuntuApp systemd[1]: Started Network Time Synchronization.
Mar 14 11:37:55 UbuntuApp systemd[1]: Started Update UTMP about System Boot/Shutdown.
Mar 14 11:37:55 UbuntuApp apparmor[780]: Skipping profile in /etc/apparmor.d/disable: usr.sbin.rsyslogd
Mar 14 11:37:55 UbuntuApp apparmor[780]:    ...done.
Mar 14 11:37:55 UbuntuApp systemd[1]: Started AppArmor initialization.
Mar 14 11:37:55 UbuntuApp systemd[1]: Starting Initial cloud-init job (pre-networking)...
Mar 14 11:37:55 UbuntuApp sh[960]: + [ -e /var/lib/cloud/instance/obj.pkl ]
Mar 14 11:37:55 UbuntuApp kernel: [    1.495233] pnp 00:05: [dma 2]
Mar 14 11:37:55 UbuntuApp kernel: [    1.495287] pnp 00:05: Plug and Play ACPI device, IDs PNP0700 (active)
Mar 14 11:37:55 UbuntuApp kernel: [    1.495329] system 00:06: [io  0x01e0-0x01ef] has been reserved
Mar 14 11:37:55 UbuntuApp kernel: [    1.499915] system 00:06: [io  0x0160-0x016f] has been reserved
Mar 14 11:37:55 UbuntuApp kernel: [    1.504479] system 00:06: [io  0x0278-0x027f] has been reserved
Mar 14 11:37:55 UbuntuApp kernel: [    1.508639] system 00:06: [io  0x0378-0x037f] has been reserved
Mar 14 11:37:55 UbuntuApp kernel: [    1.512861] system 00:06: [io  0x0678-0x067f] has been reserved
Mar 14 11:37:55 UbuntuApp sh[960]: + echo cleaning persistent cloud-init object
Mar 14 11:37:55 UbuntuApp sh[960]: cleaning persistent cloud-init object
Mar 14 11:37:55 UbuntuApp sh[960]: + rm /var/lib/cloud/instance/obj.pkl
Mar 14 11:37:55 UbuntuApp sh[960]: + exit 0
Mar 14 11:37:55 UbuntuApp dhclient[1004]: Internet Systems Consortium DHCP Client 4.3.5
Mar 14 11:37:55 UbuntuApp dhclient[1004]: Copyright 2004-2016 Internet Systems Consortium.
Mar 14 11:37:55 UbuntuApp kernel: [    1.516754] system 00:06: [io  0x0778-0x077f] has been reserved
Mar 14 11:37:55 UbuntuApp kernel: [    1.525166] system 00:06: [io  0x04d0-0x04d1] has been reserved
Mar 14 11:37:55 UbuntuApp kernel: [    1.530477] system 00:06: Plug and Play ACPI device, IDs PNP0c02 (active)
Mar 14 11:37:55 UbuntuApp kernel: [    1.530627] system 00:07: [io  0x0400-0x043f] has been reserved
Mar 14 11:37:55 UbuntuApp kernel: [    1.536409] system 00:07: [io  0x0370-0x0371] has been reserved
Mar 14 11:37:55 UbuntuApp kernel: [    1.540877] system 00:07: [io  0x0440-0x044f] has been reserved
Mar 14 11:37:55 UbuntuApp dhclient[1004]: All rights reserved.
Mar 14 11:37:55 UbuntuApp dhclient[1004]: For info, please visit https://www.isc.org/software/dhcp/
Mar 14 11:37:55 UbuntuApp dhclient[1004]: 
Mar 14 11:37:55 UbuntuApp dhclient[1004]: Listening on LPF/eth0/00:0d:3a:ae:ca:c3
Mar 14 11:37:55 UbuntuApp dhclient[1004]: Sending on   LPF/eth0/00:0d:3a:ae:ca:c3
Mar 14 11:37:55 UbuntuApp dhclient[1004]: Sending on   Socket/fallback
Mar 14 11:37:55 UbuntuApp dhclient[1004]: DHCPDISCOVER on eth0 to 255.255.255.255 port 67 interval 3 (xid=0x74515a37)
Mar 14 11:37:55 UbuntuApp kernel: [    1.545469] system 00:07: [mem 0xfec00000-0xfec00fff] could not be reserved
Mar 14 11:37:55 UbuntuApp kernel: [    1.550511] system 00:07: [mem 0xfee00000-0xfee00fff] has been reserved
Mar 14 11:37:55 UbuntuApp kernel: [    1.556834] system 00:07: Plug and Play ACPI device, IDs PNP0c02 (active)
Mar 14 11:37:55 UbuntuApp kernel: [    1.556967] system 00:08: [mem 0x00000000-0x0009ffff] could not be reserved
Mar 14 11:37:55 UbuntuApp kernel: [    1.561393] system 00:08: [mem 0x000c0000-0x000dffff] could not be reserved
Mar 14 11:37:55 UbuntuApp kernel: [    1.567340] system 00:08: [mem 0x000e0000-0x000fffff] could not be reserved
Mar 14 11:37:55 UbuntuApp kernel: [    1.572474] system 00:08: [mem 0x00100000-0x3fffffff] could not be reserved
Mar 14 11:37:55 UbuntuApp dhclient[1004]: DHCPREQUEST of 10.0.0.7 on eth0 to 255.255.255.255 port 67 (xid=0x375a5174)
Mar 14 11:37:55 UbuntuApp dhclient[1004]: DHCPOFFER of 10.0.0.7 from 168.63.129.16
Mar 14 11:37:55 UbuntuApp dhclient[1004]: DHCPACK of 10.0.0.7 from 168.63.129.16
Mar 14 11:37:55 UbuntuApp dhclient[1004]: bound to 10.0.0.7 -- renewal in 4294967295 seconds.
Mar 14 11:37:55 UbuntuApp dhclient[1030]: Internet Systems Consortium DHCP Client 4.3.5
Mar 14 11:37:55 UbuntuApp dhclient[1030]: Copyright 2004-2016 Internet Systems Consortium.
Mar 14 11:37:55 UbuntuApp kernel: [    1.577575] system 00:08: [mem 0xfffc0000-0xffffffff] has been reserved
Mar 14 11:37:55 UbuntuApp kernel: [    1.582430] system 00:08: Plug and Play ACPI device, IDs PNP0c01 (active)
Mar 14 11:37:55 UbuntuApp kernel: [    1.582686] pnp: PnP ACPI: found 9 devices
Mar 14 11:37:55 UbuntuApp kernel: [    1.593683] clocksource: acpi_pm: mask: 0xffffff max_cycles: 0xffffff, max_idle_ns: 2085701024 ns
Mar 14 11:37:55 UbuntuApp kernel: [    1.600135] pci_bus 0000:00: resource 4 [mem 0xfe0000000-0xfffffffff window]
Mar 14 11:37:55 UbuntuApp kernel: [    1.600136] pci_bus 0000:00: resource 5 [io  0x0000-0x0cf7 window]
Mar 14 11:37:55 UbuntuApp kernel: [    1.600138] pci_bus 0000:00: resource 6 [io  0x0d00-0xffff window]
Mar 14 11:37:55 UbuntuApp dhclient[1030]: All rights reserved.
Mar 14 11:37:55 UbuntuApp dhclient[1030]: For info, please visit https://www.isc.org/software/dhcp/
Mar 14 11:37:55 UbuntuApp dhclient[1030]: 
Mar 14 11:37:55 UbuntuApp dhclient[1030]: Listening on LPF/eth0/00:0d:3a:ae:ca:c3
Mar 14 11:37:55 UbuntuApp dhclient[1030]: Sending on   LPF/eth0/00:0d:3a:ae:ca:c3
Mar 14 11:37:55 UbuntuApp dhclient[1030]: Sending on   Socket/fallback
Mar 14 11:37:55 UbuntuApp kernel: [    1.600139] pci_bus 0000:00: resource 7 [mem 0x000a0000-0x000bffff window]
Mar 14 11:37:55 UbuntuApp kernel: [    1.600140] pci_bus 0000:00: resource 8 [mem 0x40000000-0xfffbffff window]
Mar 14 11:37:55 UbuntuApp kernel: [    1.600291] NET: Registered protocol family 2
Mar 14 11:37:55 UbuntuApp kernel: [    1.605110] tcp_listen_portaddr_hash hash table entries: 4096 (order: 4, 65536 bytes)
Mar 14 11:37:55 UbuntuApp kernel: [    1.610579] TCP established hash table entries: 65536 (order: 7, 524288 bytes)
Mar 14 11:37:55 UbuntuApp kernel: [    1.616513] TCP bind hash table entries: 65536 (order: 8, 1048576 bytes)
Mar 14 11:37:55 UbuntuApp dhclient[1030]: DHCPDISCOVER on eth0 to 255.255.255.255 port 67 interval 3 (xid=0x4ef4a61f)
Mar 14 11:37:55 UbuntuApp dhclient[1030]: DHCPREQUEST of 10.0.0.7 on eth0 to 255.255.255.255 port 67 (xid=0x1fa6f44e)
Mar 14 11:37:55 UbuntuApp dhclient[1030]: DHCPOFFER of 10.0.0.7 from 168.63.129.16
Mar 14 11:37:55 UbuntuApp dhclient[1030]: DHCPACK of 10.0.0.7 from 168.63.129.16
Mar 14 11:37:55 UbuntuApp dhclient[1030]: bound to 10.0.0.7 -- renewal in 4294967295 seconds.
Mar 14 11:37:55 UbuntuApp cloud-init[973]: Cloud-init v. 19.4-33-gbb4131a2-0ubuntu1~18.04.1 running 'init-local' at Sat, 14 Mar 2020 10:37:47 +0000. Up 16.82 seconds.
Mar 14 11:37:55 UbuntuApp kernel: [    1.621683] TCP: Hash tables configured (established 65536 bind 65536)
Mar 14 11:37:55 UbuntuApp kernel: [    1.627392] UDP hash table entries: 4096 (order: 5, 131072 bytes)
Mar 14 11:37:55 UbuntuApp kernel: [    1.631689] UDP-Lite hash table entries: 4096 (order: 5, 131072 bytes)
Mar 14 11:37:55 UbuntuApp kernel: [    1.637282] NET: Registered protocol family 1
Mar 14 11:37:55 UbuntuApp kernel: [    1.640572] NET: Registered protocol family 44
Mar 14 11:37:55 UbuntuApp kernel: [    1.645340] pci 0000:00:00.0: Limiting direct PCI/PCI transfers
Mar 14 11:37:55 UbuntuApp kernel: [    1.650039] pci 0000:00:08.0: Video device with shadowed ROM at [mem 0x000c0000-0x000dffff]
Mar 14 11:37:55 UbuntuApp systemd[1]: Started Initial cloud-init job (pre-networking).
Mar 14 11:37:55 UbuntuApp systemd[1]: Reached target Network (Pre).
Mar 14 11:37:55 UbuntuApp systemd[1]: Starting Raise network interfaces...
Mar 14 11:37:55 UbuntuApp systemd[1]: Starting Network Service...
Mar 14 11:37:55 UbuntuApp systemd[1]: Started Raise network interfaces.
Mar 14 11:37:55 UbuntuApp systemd-networkd[1061]: Enumeration completed
Mar 14 11:37:55 UbuntuApp systemd[1]: Started Network Service.
Mar 14 11:37:55 UbuntuApp kernel: [    1.656702] PCI: CLS 0 bytes, default 64
Mar 14 11:37:55 UbuntuApp kernel: [    1.656753] Unpacking initramfs...
Mar 14 11:37:55 UbuntuApp kernel: [    2.027661] Freeing initrd memory: 23568K
Mar 14 11:37:55 UbuntuApp kernel: [    2.031008] PCI-DMA: Using software bounce buffering for IO (SWIOTLB)
Mar 14 11:37:55 UbuntuApp kernel: [    2.035595] software IO TLB: mapped [mem 0x3bff0000-0x3fff0000] (64MB)
Mar 14 11:37:55 UbuntuApp kernel: [    2.040510] check: Scanning for low memory corruption every 60 seconds
Mar 14 11:37:55 UbuntuApp systemd-networkd[1061]: eth0: Link UP
Mar 14 11:37:55 UbuntuApp systemd-networkd[1061]: eth0: Gained carrier
Mar 14 11:37:55 UbuntuApp systemd[1]: Starting Network Name Resolution...
Mar 14 11:37:55 UbuntuApp systemd-timesyncd[820]: Network configuration changed, trying to establish connection.
Mar 14 11:37:55 UbuntuApp systemd-networkd[1061]: eth0: Link DOWN
Mar 14 11:37:55 UbuntuApp systemd-networkd[1061]: eth0: Lost carrier
Mar 14 11:37:55 UbuntuApp kernel: [    2.048353] Initialise system trusted keyrings
Mar 14 11:37:55 UbuntuApp kernel: [    2.054079] Key type blacklist registered
Mar 14 11:37:55 UbuntuApp kernel: [    2.057330] workingset: timestamp_bits=36 max_order=21 bucket_order=0
Mar 14 11:37:55 UbuntuApp kernel: [    2.067232] zbud: loaded
Mar 14 11:37:55 UbuntuApp kernel: [    2.070119] squashfs: version 4.0 (2009/01/31) Phillip Lougher
Mar 14 11:37:55 UbuntuApp kernel: [    2.075099] fuse init (API version 7.28)
Mar 14 11:37:55 UbuntuApp kernel: [    2.113762] Key type asymmetric registered
Mar 14 11:37:55 UbuntuApp systemd-networkd[1061]: eth0: Removing non-existent address: fe80::20d:3aff:feae:cac3/64 (valid forever), ignoring
Mar 14 11:37:55 UbuntuApp systemd-networkd[1061]: eth0: Link UP
Mar 14 11:37:55 UbuntuApp systemd-networkd[1061]: eth0: Gained carrier
Mar 14 11:37:55 UbuntuApp systemd[1]: Starting Wait for Network to be Configured...
Mar 14 11:37:55 UbuntuApp systemd-timesyncd[820]: Network configuration changed, trying to establish connection.
Mar 14 11:37:55 UbuntuApp systemd-networkd[1061]: eth0: Link DOWN
Mar 14 11:37:55 UbuntuApp systemd-networkd[1061]: eth0: Lost carrier
Mar 14 11:37:55 UbuntuApp kernel: [    2.116716] Asymmetric key parser 'x509' registered
Mar 14 11:37:55 UbuntuApp kernel: [    2.120754] Block layer SCSI generic (bsg) driver version 0.4 loaded (major 243)
Mar 14 11:37:55 UbuntuApp kernel: [    2.126477] shpchp: Standard Hot Plug PCI Controller Driver version: 0.4
Mar 14 11:37:55 UbuntuApp kernel: [    2.131652] intel_idle: Please enable MWAIT in BIOS SETUP
Mar 14 11:37:55 UbuntuApp kernel: [    2.131732] input: Power Button as /devices/LNXSYSTM:00/LNXPWRBN:00/input/input0
Mar 14 11:37:55 UbuntuApp kernel: [    2.137393] ACPI: Power Button [PWRF]
Mar 14 11:37:55 UbuntuApp systemd-networkd[1061]: eth0: Removing non-existent address: fe80::20d:3aff:feae:cac3/64 (valid forever), ignoring
Mar 14 11:37:55 UbuntuApp systemd-networkd[1061]: eth0: IPv6 successfully enabled
Mar 14 11:37:55 UbuntuApp systemd-networkd[1061]: lo: Link is not managed by us
Mar 14 11:37:55 UbuntuApp systemd-networkd-wait-online[1143]: ignoring: lo
Mar 14 11:37:55 UbuntuApp kernel: [    2.140611] Serial: 8250/16550 driver, 32 ports, IRQ sharing enabled
Mar 14 11:37:55 UbuntuApp kernel: [    2.173740] 00:03: ttyS0 at I/O 0x3f8 (irq = 4, base_baud = 115200) is a 16550A
Mar 14 11:37:55 UbuntuApp kernel: [    2.207624] 00:04: ttyS1 at I/O 0x2f8 (irq = 3, base_baud = 115200) is a 16550A
Mar 14 11:37:55 UbuntuApp kernel: [    2.215129] Linux agpgart interface v0.103
Mar 14 11:37:55 UbuntuApp kernel: [    2.229775] loop: module loaded
Mar 14 11:37:55 UbuntuApp kernel: [    2.232396] hv_vmbus: registering driver hv_storvsc
Mar 14 11:37:55 UbuntuApp kernel: [    2.237375] ata_piix 0000:00:07.1: version 2.13
Mar 14 11:37:55 UbuntuApp kernel: [    2.237911] ata_piix 0000:00:07.1: Hyper-V Virtual Machine detected, ATA device ignore set
Mar 14 11:37:55 UbuntuApp kernel: [    2.249344] scsi host0: storvsc_host_t
Mar 14 11:37:55 UbuntuApp kernel: [    2.254231] scsi host1: ata_piix
Mar 14 11:37:55 UbuntuApp kernel: [    2.260918] scsi 0:0:0:0: Direct-Access     Msft     Virtual Disk     1.0  PQ: 0 ANSI: 5
Mar 14 11:37:55 UbuntuApp kernel: [    2.261201] scsi host2: ata_piix
Mar 14 11:37:55 UbuntuApp kernel: [    2.270981] ata1: PATA max UDMA/33 cmd 0x1f0 ctl 0x3f6 bmdma 0xffa0 irq 14
Mar 14 11:37:55 UbuntuApp kernel: [    2.277293] ata2: PATA max UDMA/33 cmd 0x170 ctl 0x376 bmdma 0xffa8 irq 15
Mar 14 11:37:55 UbuntuApp systemd-networkd-wait-online[1143]: ignoring: lo
Mar 14 11:37:55 UbuntuApp systemd-networkd[1061]: eth0: Link UP
Mar 14 11:37:55 UbuntuApp systemd-networkd[1061]: eth0: Gained carrier
Mar 14 11:37:55 UbuntuApp systemd-networkd-wait-online[1143]: ignoring: lo
Mar 14 11:37:55 UbuntuApp systemd-resolved[1135]: Positive Trust Anchors:
Mar 14 11:37:55 UbuntuApp systemd-resolved[1135]: . IN DS 19036 8 2 49aac11d7b6f6446702e54a1607371607a1a41855200fd2ce1cdde32f24e8fb5
Mar 14 11:37:55 UbuntuApp systemd-resolved[1135]: . IN DS 20326 8 2 e06d44b80b8f1d39a95c0b0d7c65d08458e880409bbc683457104237c7f8ec8d
Mar 14 11:37:55 UbuntuApp kernel: [    2.283667] libphy: Fixed MDIO Bus: probed
Mar 14 11:37:55 UbuntuApp kernel: [    2.287404] sd 0:0:0:0: Attached scsi generic sg0 type 0
Mar 14 11:37:55 UbuntuApp kernel: [    2.288298] tun: Universal TUN/TAP device driver, 1.6
Mar 14 11:37:55 UbuntuApp kernel: [    2.298090] PPP generic driver version 2.4.2
Mar 14 11:37:55 UbuntuApp kernel: [    2.301671] i8042: PNP: PS/2 Controller [PNP0303:PS2K,PNP0f03:PS2M] at 0x60,0x64 irq 1,12
Mar 14 11:37:55 UbuntuApp kernel: [    2.301897] scsi host3: storvsc_host_t
Mar 14 11:37:55 UbuntuApp systemd-resolved[1135]: Negative trust anchors: 10.in-addr.arpa 16.172.in-addr.arpa 17.172.in-addr.arpa 18.172.in-addr.arpa 19.172.in-addr.arpa 20.172.in-addr.arpa 21.172.in-addr.arpa 22.172.in-addr.arpa 23.172.in-addr.arpa 24.172.in-addr.arpa 25.172.in-addr.arpa 26.172.in-addr.arpa 27.172.in-addr.arpa 28.172.in-addr.arpa 29.172.in-addr.arpa 30.172.in-addr.arpa 31.172.in-addr.arpa 168.192.in-addr.arpa d.f.ip6.arpa corp home internal intranet lan local private test
Mar 14 11:37:55 UbuntuApp systemd-resolved[1135]: Using system hostname 'UbuntuApp'.
Mar 14 11:37:55 UbuntuApp systemd[1]: Started Network Name Resolution.
Mar 14 11:37:55 UbuntuApp systemd[1]: Reached target Host and Network Name Lookups.
Mar 14 11:37:55 UbuntuApp systemd-networkd[1061]: eth0: DHCPv4 address 10.0.0.7/8 via 10.0.0.1
Mar 14 11:37:55 UbuntuApp kernel: [    2.316871] sd 0:0:0:0: [sda] 62916608 512-byte logical blocks: (32.2 GB/30.0 GiB)
Mar 14 11:37:55 UbuntuApp kernel: [    2.328273] serio: i8042 KBD port at 0x60,0x64 irq 1
Mar 14 11:37:55 UbuntuApp kernel: [    2.328352] sd 0:0:0:0: [sda] 4096-byte physical blocks
Mar 14 11:37:55 UbuntuApp kernel: [    2.333991] scsi 3:0:1:0: Direct-Access     Msft     Virtual Disk     1.0  PQ: 0 ANSI: 5
Mar 14 11:37:55 UbuntuApp kernel: [    2.340352] sd 0:0:0:0: [sda] Write Protect is off
Mar 14 11:37:55 UbuntuApp kernel: [    2.346993] serio: i8042 AUX port at 0x60,0x64 irq 12
Mar 14 11:37:55 UbuntuApp kernel: [    2.351008] sd 0:0:0:0: [sda] Mode Sense: 0f 00 10 00
Mar 14 11:37:55 UbuntuApp systemd-networkd-wait-online[1143]: ignoring: lo
Mar 14 11:37:55 UbuntuApp systemd-timesyncd[820]: Network configuration changed, trying to establish connection.
Mar 14 11:37:55 UbuntuApp systemd[1]: Starting Tell Plymouth To Write Out Runtime Data...
Mar 14 11:37:55 UbuntuApp systemd[1]: Started Tell Plymouth To Write Out Runtime Data.
Mar 14 11:37:55 UbuntuApp systemd-networkd-wait-online[1143]: ignoring: lo
Mar 14 11:37:55 UbuntuApp systemd-networkd[1061]: eth0: Gained IPv6LL
Mar 14 11:37:55 UbuntuApp systemd-networkd[1061]: eth0: Configured
Mar 14 11:37:55 UbuntuApp systemd-timesyncd[820]: Network configuration changed, trying to establish connection.
Mar 14 11:37:55 UbuntuApp systemd-networkd-wait-online[1143]: ignoring: lo
Mar 14 11:37:55 UbuntuApp systemd-networkd-wait-online[1143]: managing: eth0
Mar 14 11:37:55 UbuntuApp systemd[1]: Starting Tell Plymouth To Write Out Runtime Data...
Mar 14 11:37:55 UbuntuApp systemd[1]: Started Wait for Network to be Configured.
Mar 14 11:37:55 UbuntuApp systemd[1]: Starting Initial cloud-init job (metadata service crawler)...
Mar 14 11:37:55 UbuntuApp kernel: [    2.356398] mousedev: PS/2 mouse device common for all mice
Mar 14 11:37:55 UbuntuApp kernel: [    2.356862] sd 3:0:1:0: Attached scsi generic sg1 type 0
Mar 14 11:37:55 UbuntuApp kernel: [    2.363860] sd 3:0:1:0: [sdb] 33554432 512-byte logical blocks: (17.2 GB/16.0 GiB)
Mar 14 11:37:55 UbuntuApp kernel: [    2.378444] rtc_cmos 00:00: RTC can wake from S4
Mar 14 11:37:55 UbuntuApp kernel: [    2.380853] sd 3:0:1:0: [sdb] 4096-byte physical blocks
Mar 14 11:37:55 UbuntuApp kernel: [    2.385813] sd 0:0:0:0: [sda] Write cache: enabled, read cache: enabled, supports DPO and FUA
Mar 14 11:37:55 UbuntuApp systemd[1]: Started Tell Plymouth To Write Out Runtime Data.
Mar 14 11:37:55 UbuntuApp cloud-init[1199]: Cloud-init v. 19.4-33-gbb4131a2-0ubuntu1~18.04.1 running 'init' at Sat, 14 Mar 2020 10:37:51 +0000. Up 20.59 seconds.
Mar 14 11:37:55 UbuntuApp cloud-init[1199]: ci-info: ++++++++++++++++++++++++++++++++++++Net device info+++++++++++++++++++++++++++++++++++++
Mar 14 11:37:55 UbuntuApp cloud-init[1199]: ci-info: +--------+------+-----------------------------+-----------+--------+-------------------+
Mar 14 11:37:55 UbuntuApp cloud-init[1199]: ci-info: | Device |  Up  |           Address           |    Mask   | Scope  |     Hw-Address    |
Mar 14 11:37:55 UbuntuApp kernel: [    2.391737] sd 3:0:1:0: [sdb] Write Protect is off
Mar 14 11:37:55 UbuntuApp kernel: [    2.403689] sd 3:0:1:0: [sdb] Mode Sense: 0f 00 10 00
Mar 14 11:37:55 UbuntuApp kernel: [    2.404001] sd 3:0:1:0: [sdb] Write cache: disabled, read cache: enabled, supports DPO and FUA
Mar 14 11:37:55 UbuntuApp kernel: [    2.413586]  sdb: sdb1
Mar 14 11:37:55 UbuntuApp kernel: [    2.421849] sd 3:0:1:0: [sdb] Attached SCSI disk
Mar 14 11:37:55 UbuntuApp kernel: [    2.422759] input: AT Translated Set 2 keyboard as /devices/platform/i8042/serio0/input/input1
Mar 14 11:37:55 UbuntuApp kernel: [    2.431398] rtc_cmos 00:00: registered as rtc0
Mar 14 11:37:55 UbuntuApp kernel: [    2.432738] scsi host4: storvsc_host_t
Mar 14 11:37:55 UbuntuApp kernel: [    2.437920] rtc_cmos 00:00: alarms up to one month, 114 bytes nvram
Mar 14 11:37:55 UbuntuApp kernel: [    2.452704] scsi host5: storvsc_host_t
Mar 14 11:37:55 UbuntuApp kernel: [    2.459920] ata1.01: host indicates ignore ATA devices, ignored
Mar 14 11:37:55 UbuntuApp kernel: [    2.462421] ata1.00: host indicates ignore ATA devices, ignored
Mar 14 11:37:55 UbuntuApp kernel: [    2.463961] device-mapper: uevent: version 1.0.3
Mar 14 11:37:55 UbuntuApp cloud-init[1199]: ci-info: +--------+------+-----------------------------+-----------+--------+-------------------+
Mar 14 11:37:55 UbuntuApp cloud-init[1199]: ci-info: |  eth0  | True |           10.0.0.7          | 255.0.0.0 | global | 00:0d:3a:ae:ca:c3 |
Mar 14 11:37:55 UbuntuApp cloud-init[1199]: ci-info: |  eth0  | True | fe80::20d:3aff:feae:cac3/64 |     .     |  link  | 00:0d:3a:ae:ca:c3 |
Mar 14 11:37:55 UbuntuApp cloud-init[1199]: ci-info: |   lo   | True |          127.0.0.1          | 255.0.0.0 |  host  |         .         |
Mar 14 11:37:55 UbuntuApp cloud-init[1199]: ci-info: |   lo   | True |           ::1/128           |     .     |  host  |         .         |
Mar 14 11:37:55 UbuntuApp cloud-init[1199]: ci-info: +--------+------+-----------------------------+-----------+--------+-------------------+
Mar 14 11:37:55 UbuntuApp cloud-init[1199]: ci-info: ++++++++++++++++++++++++++++++Route IPv4 info+++++++++++++++++++++++++++++++
Mar 14 11:37:55 UbuntuApp cloud-init[1199]: ci-info: +-------+-----------------+----------+-----------------+-----------+-------+
Mar 14 11:37:55 UbuntuApp cloud-init[1199]: ci-info: | Route |   Destination   | Gateway  |     Genmask     | Interface | Flags |
Mar 14 11:37:55 UbuntuApp cloud-init[1199]: ci-info: +-------+-----------------+----------+-----------------+-----------+-------+
Mar 14 11:37:55 UbuntuApp cloud-init[1199]: ci-info: |   0   |     0.0.0.0     | 10.0.0.1 |     0.0.0.0     |    eth0   |   UG  |
Mar 14 11:37:55 UbuntuApp kernel: [    2.469358] device-mapper: ioctl: 4.39.0-ioctl (2018-04-03) initialised: dm-devel@redhat.com
Mar 14 11:37:55 UbuntuApp kernel: [    2.477260] platform eisa.0: Probing EISA bus 0
Mar 14 11:37:55 UbuntuApp kernel: [    2.480523]  sda: sda1 sda14 sda15
Mar 14 11:37:55 UbuntuApp kernel: [    2.481755] platform eisa.0: EISA: Cannot allocate resource for mainboard
Mar 14 11:37:55 UbuntuApp kernel: [    2.497922] platform eisa.0: Cannot allocate resource for EISA slot 1
Mar 14 11:37:55 UbuntuApp kernel: [    2.500697] sd 0:0:0:0: [sda] Attached SCSI disk
Mar 14 11:37:55 UbuntuApp kernel: [    2.504217] platform eisa.0: Cannot allocate resource for EISA slot 2
Mar 14 11:37:55 UbuntuApp kernel: [    2.513201] platform eisa.0: Cannot allocate resource for EISA slot 3
Mar 14 11:37:55 UbuntuApp kernel: [    2.522137] platform eisa.0: Cannot allocate resource for EISA slot 4
Mar 14 11:37:55 UbuntuApp kernel: [    2.529226] platform eisa.0: Cannot allocate resource for EISA slot 5
Mar 14 11:37:55 UbuntuApp kernel: [    2.534692] platform eisa.0: Cannot allocate resource for EISA slot 6
Mar 14 11:37:55 UbuntuApp kernel: [    2.542322] platform eisa.0: Cannot allocate resource for EISA slot 7
Mar 14 11:37:55 UbuntuApp kernel: [    2.549605] platform eisa.0: Cannot allocate resource for EISA slot 8
Mar 14 11:37:55 UbuntuApp cloud-init[1199]: ci-info: |   1   |     10.0.0.0    | 0.0.0.0  |    255.0.0.0    |    eth0   |   U   |
Mar 14 11:37:55 UbuntuApp cloud-init[1199]: ci-info: |   2   |  168.63.129.16  | 10.0.0.1 | 255.255.255.255 |    eth0   |  UGH  |
Mar 14 11:37:55 UbuntuApp cloud-init[1199]: ci-info: |   3   | 169.254.169.254 | 10.0.0.1 | 255.255.255.255 |    eth0   |  UGH  |
Mar 14 11:37:55 UbuntuApp cloud-init[1199]: ci-info: +-------+-----------------+----------+-----------------+-----------+-------+
Mar 14 11:37:55 UbuntuApp cloud-init[1199]: ci-info: +++++++++++++++++++Route IPv6 info+++++++++++++++++++
Mar 14 11:37:55 UbuntuApp cloud-init[1199]: ci-info: +-------+-------------+---------+-----------+-------+
Mar 14 11:37:55 UbuntuApp cloud-init[1199]: ci-info: | Route | Destination | Gateway | Interface | Flags |
Mar 14 11:37:55 UbuntuApp cloud-init[1199]: ci-info: +-------+-------------+---------+-----------+-------+
Mar 14 11:37:55 UbuntuApp cloud-init[1199]: ci-info: |   1   |  fe80::/64  |    ::   |    eth0   |   U   |
Mar 14 11:37:55 UbuntuApp cloud-init[1199]: ci-info: |   3   |    local    |    ::   |    eth0   |   U   |
Mar 14 11:37:55 UbuntuApp cloud-init[1199]: ci-info: |   4   |   ff00::/8  |    ::   |    eth0   |   U   |
Mar 14 11:37:55 UbuntuApp cloud-init[1199]: ci-info: +-------+-------------+---------+-----------+-------+
Mar 14 11:37:55 UbuntuApp kernel: [    2.554952] platform eisa.0: EISA: Detected 0 cards
Mar 14 11:37:55 UbuntuApp kernel: [    2.559641] NET: Registered protocol family 10
Mar 14 11:37:55 UbuntuApp kernel: [    2.574328] Segment Routing with IPv6
Mar 14 11:37:55 UbuntuApp kernel: [    2.577279] NET: Registered protocol family 17
Mar 14 11:37:55 UbuntuApp kernel: [    2.584751] Key type dns_resolver registered
Mar 14 11:37:55 UbuntuApp kernel: [    2.588277] mce: Using 1 MCE banks
Mar 14 11:37:55 UbuntuApp kernel: [    2.590920] RAS: Correctable Errors collector initialized.
Mar 14 11:37:55 UbuntuApp kernel: [    2.594894] registered taskstats version 1
Mar 14 11:37:55 UbuntuApp kernel: [    2.597700] Loading compiled-in X.509 certificates
Mar 14 11:37:55 UbuntuApp kernel: [    2.602337] Loaded X.509 cert 'Build time autogenerated kernel key: 9c13c25bb46bb08aadac8fd6055952f30e111a90'
Mar 14 11:37:55 UbuntuApp kernel: [    2.609113] zswap: loaded using pool lzo/zbud
Mar 14 11:37:55 UbuntuApp kernel: [    2.618897] Key type big_key registered
Mar 14 11:37:55 UbuntuApp kernel: [    2.622437] Key type trusted registered
Mar 14 11:37:55 UbuntuApp ntfs-3g[1243]: Version 2017.3.23 integrated FUSE 28
Mar 14 11:37:55 UbuntuApp ntfs-3g[1243]: Mounted /dev/sdb1 (Read-Only, label "Temporary Storage", NTFS 3.1)
Mar 14 11:37:55 UbuntuApp ntfs-3g[1243]: Cmdline options: ro
Mar 14 11:37:55 UbuntuApp ntfs-3g[1243]: Mount options: ro,allow_other,nonempty,relatime,fsname=/dev/sdb1,blkdev,blksize=4096
Mar 14 11:37:55 UbuntuApp ntfs-3g[1243]: Ownership and permissions disabled, configuration type 7
Mar 14 11:37:55 UbuntuApp ntfs-3g[1243]: Unmounting /dev/sdb1 (Temporary Storage)
Mar 14 11:37:55 UbuntuApp systemd[1]: Stopped File System Check on /dev/disk/cloud/azure_resource-part1.
Mar 14 11:37:55 UbuntuApp systemd[1]: Starting File System Check on /dev/disk/cloud/azure_resource-part1...
Mar 14 11:37:55 UbuntuApp systemd[1]: Starting Tell Plymouth To Write Out Runtime Data...
Mar 14 11:37:55 UbuntuApp systemd-fsck[1298]: fsck.ntfs doesn't exist, not checking file system on /dev/disk/cloud/azure_resource-part1.
Mar 14 11:37:55 UbuntuApp systemd[1]: Started File System Check on /dev/disk/cloud/azure_resource-part1.
Mar 14 11:37:55 UbuntuApp systemd[1]: Started Tell Plymouth To Write Out Runtime Data.
Mar 14 11:37:55 UbuntuApp systemd[1]: Reloading.
Mar 14 11:37:55 UbuntuApp kernel: [    2.627902] Key type encrypted registered
Mar 14 11:37:55 UbuntuApp kernel: [    2.634314] AppArmor: AppArmor sha1 policy hashing enabled
Mar 14 11:37:55 UbuntuApp kernel: [    2.639957] ima: No TPM chip found, activating TPM-bypass!
Mar 14 11:37:55 UbuntuApp kernel: [    2.644841] ima: Allocated hash algorithm: sha1
Mar 14 11:37:55 UbuntuApp kernel: [    2.648698] No architecture policies found
Mar 14 11:37:55 UbuntuApp kernel: [    2.652065] evm: Initialising EVM extended attributes:
Mar 14 11:37:55 UbuntuApp kernel: [    2.655857] evm: security.selinux
Mar 14 11:37:55 UbuntuApp kernel: [    2.659033] evm: security.SMACK64
Mar 14 11:37:55 UbuntuApp kernel: [    2.661653] evm: security.SMACK64EXEC
Mar 14 11:37:55 UbuntuApp kernel: [    2.664323] evm: security.SMACK64TRANSMUTE
Mar 14 11:37:55 UbuntuApp kernel: [    2.667874] evm: security.SMACK64MMAP
Mar 14 11:37:55 UbuntuApp kernel: [    2.671571] evm: security.apparmor
Mar 14 11:37:55 UbuntuApp kernel: [    2.674478] evm: security.ima
Mar 14 11:37:55 UbuntuApp kernel: [    2.676756] evm: security.capability
Mar 14 11:37:55 UbuntuApp systemd[1]: Started Initial cloud-init job (metadata service crawler).
Mar 14 11:37:55 UbuntuApp systemd[1]: Reached target System Initialization.
Mar 14 11:37:55 UbuntuApp systemd[1]: Started Daily apt download activities.
Mar 14 11:37:55 UbuntuApp systemd[1]: Started Daily apt upgrade and clean activities.
Mar 14 11:37:55 UbuntuApp systemd[1]: Listening on CUPS Scheduler.
Mar 14 11:37:55 UbuntuApp systemd[1]: Started Trigger anacron every hour.
Mar 14 11:37:55 UbuntuApp systemd[1]: Started Message of the Day.
Mar 14 11:37:55 UbuntuApp systemd[1]: Started Daily Cleanup of Temporary Directories.
Mar 14 11:37:55 UbuntuApp systemd[1]: Started ACPI Events Check.
Mar 14 11:37:55 UbuntuApp systemd[1]: Started Discard unused blocks once a week.
Mar 14 11:37:55 UbuntuApp systemd[1]: Listening on D-Bus System Message Bus Socket.
Mar 14 11:37:55 UbuntuApp systemd[1]: Listening on Open-iSCSI iscsid Socket.
Mar 14 11:37:55 UbuntuApp systemd[1]: Listening on UUID daemon activation socket.
Mar 14 11:37:55 UbuntuApp kernel: [    2.679605] evm: HMAC attrs: 0x1
Mar 14 11:37:55 UbuntuApp kernel: [    2.683188]   Magic number: 12:672:628
Mar 14 11:37:55 UbuntuApp kernel: [    2.692831] rtc_cmos 00:00: setting system clock to 2020-03-14T10:37:32 UTC (1584182252)
Mar 14 11:37:55 UbuntuApp kernel: [    2.700819] Unstable clock detected, switching default tracing clock to "global"
Mar 14 11:37:55 UbuntuApp kernel: [    2.700819] If you want to keep using the local clock, then add:
Mar 14 11:37:55 UbuntuApp kernel: [    2.700819]   "trace_clock=local"
Mar 14 11:37:55 UbuntuApp systemd[1]: Listening on Avahi mDNS/DNS-SD Stack Activation Socket.
Mar 14 11:37:55 UbuntuApp systemd[1]: Starting LXD - unix socket.
Mar 14 11:37:55 UbuntuApp systemd[1]: Started Clean PHP session files every 30 mins.
Mar 14 11:37:55 UbuntuApp systemd[1]: Reached target Timers.
Mar 14 11:37:55 UbuntuApp systemd[1]: Started CUPS Scheduler.
Mar 14 11:37:55 UbuntuApp systemd[1]: Reached target Paths.
Mar 14 11:37:55 UbuntuApp kernel: [    2.700819] on the kernel command line
Mar 14 11:37:55 UbuntuApp kernel: [    2.720766] Freeing unused decrypted memory: 2040K
Mar 14 11:37:55 UbuntuApp kernel: [    2.724989] Freeing unused kernel image memory: 2360K
Mar 14 11:37:55 UbuntuApp kernel: [    2.741781] Write protecting the kernel read-only data: 18432k
Mar 14 11:37:55 UbuntuApp kernel: [    2.748268] Freeing unused kernel image memory: 2008K
Mar 14 11:37:55 UbuntuApp kernel: [    2.753727] Freeing unused kernel image memory: 152K
Mar 14 11:37:55 UbuntuApp kernel: [    2.769378] x86/mm: Checked W+X mappings: passed, no W+X pages found.
Mar 14 11:37:55 UbuntuApp systemd[1]: Starting Socket activation for snappy daemon.
Mar 14 11:37:55 UbuntuApp systemd[1]: Listening on ACPID Listen Socket.
Mar 14 11:37:55 UbuntuApp systemd[1]: Reached target Cloud-config availability.
Mar 14 11:37:55 UbuntuApp systemd[1]: Listening on LXD - unix socket.
Mar 14 11:37:55 UbuntuApp systemd[1]: Listening on Socket activation for snappy daemon.
Mar 14 11:37:55 UbuntuApp systemd[1]: Reached target Sockets.
Mar 14 11:37:55 UbuntuApp systemd[1]: Reached target Basic System.
Mar 14 11:37:55 UbuntuApp kernel: [    2.774913] x86/mm: Checking user space page tables
Mar 14 11:37:55 UbuntuApp kernel: [    2.789949] x86/mm: Checked W+X mappings: passed, no W+X pages found.
Mar 14 11:37:55 UbuntuApp kernel: [    2.795330] Run /init as init process
Mar 14 11:37:55 UbuntuApp kernel: [    2.898749] hv_vmbus: registering driver hyperv_fb
Mar 14 11:37:55 UbuntuApp kernel: [    2.915583] hyperv_fb: Screen resolution: 1152x864, Color depth: 32
Mar 14 11:37:55 UbuntuApp kernel: [    2.924893] Console: switching to colour frame buffer device 144x54
Mar 14 11:37:55 UbuntuApp systemd[1]: Starting Clean php session files...
Mar 14 11:37:55 UbuntuApp systemd[1]: Starting Avahi mDNS/DNS-SD Stack...
Mar 14 11:37:55 UbuntuApp systemd[1]: Started ACPI event daemon.
Mar 14 11:37:55 UbuntuApp systemd[1]: Started ntp-systemd-netif.service.
Mar 14 11:37:55 UbuntuApp systemd[1]: Starting Accounts Service...
Mar 14 11:37:55 UbuntuApp systemd[1]: Started Hyper-V File Copy Protocol Daemon.
Mar 14 11:37:55 UbuntuApp kernel: [    2.938097] hv_utils: Registering HyperV Utility Driver
Mar 14 11:37:55 UbuntuApp kernel: [    2.961223] hv_vmbus: registering driver hv_utils
Mar 14 11:37:55 UbuntuApp kernel: [    2.968653] hv_vmbus: registering driver hv_netvsc
Mar 14 11:37:55 UbuntuApp kernel: [    2.972670] hidraw: raw HID events driver (C) Jiri Kosina
Mar 14 11:37:55 UbuntuApp kernel: [    2.981001] hv_vmbus: registering driver hyperv_keyboard
Mar 14 11:37:55 UbuntuApp kernel: [    3.003532] input: AT Translated Set 2 keyboard as /devices/LNXSYSTM:00/LNXSYBUS:00/PNP0A03:00/device:07/VMBUS:01/d34b2567-b9b6-42b9-8778-0a4ec0b955bf/serio2/input/input3
Mar 14 11:37:55 UbuntuApp systemd[1]: Starting System Logging Service...
Mar 14 11:37:55 UbuntuApp systemd[1]: Starting Restore /etc/resolv.conf if the system crashed before the ppp link was shut down...
Mar 14 11:37:55 UbuntuApp systemd[1]: Started CUPS Scheduler.
Mar 14 11:37:55 UbuntuApp systemd[1]: Started Run anacron jobs.
Mar 14 11:37:55 UbuntuApp systemd[1]: Starting LSB: Record successful boot for GRUB...
Mar 14 11:37:55 UbuntuApp systemd[1]: Starting Disk Manager...
Mar 14 11:37:55 UbuntuApp anacron[1405]: Anacron 2.3 started on 2020-03-14
Mar 14 11:37:55 UbuntuApp kernel: [    3.033407] hv_vmbus: registering driver hid_hyperv
Mar 14 11:37:55 UbuntuApp kernel: [    3.042895] input: Microsoft Vmbus HID-compliant Mouse as /devices/0006:045E:0621.0001/input/input4
Mar 14 11:37:55 UbuntuApp kernel: [    3.057490] hid 0006:045E:0621.0001: input: <UNKNOWN> HID v0.01 Mouse [Microsoft Vmbus HID-compliant Mouse] on 
Mar 14 11:37:55 UbuntuApp kernel: [    3.068894] cryptd: max_cpu_qlen set to 1000
Mar 14 11:37:55 UbuntuApp kernel: [    3.087584] hv_utils: Heartbeat IC version 3.0
Mar 14 11:37:55 UbuntuApp kernel: [    3.092392] hv_utils: Shutdown IC version 3.0
Mar 14 11:37:55 UbuntuApp kernel: [    3.097271] hv_utils: TimeSync IC version 4.0
Mar 14 11:37:55 UbuntuApp systemd[1]: Started Regular background program processing daemon.
Mar 14 11:37:55 UbuntuApp acpid: starting up with netlink and the input layer
Mar 14 11:37:55 UbuntuApp systemd[1]: Started Hyper-V VSS Protocol Daemon.
Mar 14 11:37:55 UbuntuApp systemd[1]: Starting Detect the available GPUs and deal with any system changes...
Mar 14 11:37:55 UbuntuApp systemd[1]: Starting Modem Manager...
Mar 14 11:37:55 UbuntuApp cron[1412]: (CRON) INFO (pidfile fd = 3)
Mar 14 11:37:55 UbuntuApp kernel: [    3.101609] hv_utils: VSS IC version 5.0
Mar 14 11:37:55 UbuntuApp kernel: [    3.123969] AVX2 version of gcm_enc/dec engaged.
Mar 14 11:37:55 UbuntuApp kernel: [    3.127124] AES CTR mode by8 optimization enabled
Mar 14 11:37:55 UbuntuApp kernel: [    7.189770] raid6: avx2x4   gen() 22774 MB/s
Mar 14 11:37:55 UbuntuApp kernel: [    7.237767] raid6: avx2x4   xor() 14748 MB/s
Mar 14 11:37:55 UbuntuApp kernel: [    7.285767] raid6: avx2x2   gen() 21141 MB/s
Mar 14 11:37:55 UbuntuApp systemd[1]: Started Deferred execution scheduler.
Mar 14 11:37:55 UbuntuApp systemd[1]: Started D-Bus System Message Bus.
Mar 14 11:37:55 UbuntuApp HV_FCOPY: starting; pid is:1395
Mar 14 11:37:55 UbuntuApp HV_FCOPY: open /dev/vmbus/hv_fcopy failed; error: 2 No such file or directory
Mar 14 11:37:55 UbuntuApp Hyper-V VSS: VSS starting; pid is:1417
Mar 14 11:37:55 UbuntuApp Hyper-V VSS: VSS: kernel module version: 129
Mar 14 11:37:55 UbuntuApp cron[1412]: (CRON) INFO (Running @reboot jobs)
Mar 14 11:37:55 UbuntuApp kernel: [    7.333769] raid6: avx2x2   xor() 12817 MB/s
Mar 14 11:37:55 UbuntuApp kernel: [    7.381769] raid6: avx2x1   gen() 15090 MB/s
Mar 14 11:37:55 UbuntuApp kernel: [    7.429768] raid6: avx2x1   xor() 11924 MB/s
Mar 14 11:37:55 UbuntuApp kernel: [    7.477771] raid6: sse2x4   gen() 12609 MB/s
Mar 14 11:37:55 UbuntuApp kernel: [    7.525769] raid6: sse2x4   xor()  8317 MB/s
Mar 14 11:37:55 UbuntuApp kernel: [    7.573768] raid6: sse2x2   gen() 10814 MB/s
Mar 14 11:37:55 UbuntuApp kernel: [    7.621770] raid6: sse2x2   xor()  7235 MB/s
Mar 14 11:37:55 UbuntuApp acpid: 8 rules loaded
Mar 14 11:37:55 UbuntuApp acpid: waiting for events: event logging is off
Mar 14 11:37:55 UbuntuApp gpu-manager[1418]: Error: can't open /lib/modules/5.0.0-1032-azure/updates/dkms
Mar 14 11:37:55 UbuntuApp gpu-manager[1418]: Error: can't open /lib/modules/5.0.0-1032-azure/updates/dkms
Mar 14 11:37:55 UbuntuApp anacron[1405]: Will run job `cron.daily' in 5 min.
Mar 14 11:37:55 UbuntuApp anacron[1405]: Jobs will be executed sequentially
Mar 14 11:37:55 UbuntuApp kernel: [    7.669764] raid6: sse2x1   gen()  9761 MB/s
Mar 14 11:37:55 UbuntuApp kernel: [    7.717766] raid6: sse2x1   xor()  6818 MB/s
Mar 14 11:37:55 UbuntuApp kernel: [    7.721583] raid6: using algorithm avx2x4 gen() 22774 MB/s
Mar 14 11:37:55 UbuntuApp kernel: [    7.725536] raid6: .... xor() 14748 MB/s, rmw enabled
Mar 14 11:37:55 UbuntuApp kernel: [    7.728959] raid6: using avx2x2 recovery algorithm
Mar 14 11:37:55 UbuntuApp kernel: [    7.733428] xor: automatically using best checksumming function   avx       
Mar 14 11:37:55 UbuntuApp avahi-daemon[1379]: Found user 'avahi' (UID 118) and group 'avahi' (GID 122).
Mar 14 11:37:55 UbuntuApp avahi-daemon[1379]: Successfully dropped root privileges.
Mar 14 11:37:55 UbuntuApp avahi-daemon[1379]: avahi-daemon 0.7 starting up.
Mar 14 11:37:55 UbuntuApp systemd-resolved[1135]: Server returned error NXDOMAIN, mitigating potential DNS violation DVE-2018-0001, retrying transaction with reduced feature level UDP.
Mar 14 11:37:55 UbuntuApp kernel: [    7.743205] async_tx: api initialized (async)
Mar 14 11:37:55 UbuntuApp kernel: [    7.804080] Btrfs loaded, crc32c=crc32c-intel
