Mar  9 10:51:43 Client02 kernel: [    0.000000] Linux version 5.0.0-1032-azure (buildd@lcy01-amd64-016) (gcc version 7.4.0 (Ubuntu 7.4.0-1ubuntu1~18.04.1)) #34-Ubuntu SMP Mon Feb 10 19:37:25 UTC 2020 (Ubuntu 5.0.0-1032.34-azure 5.0.21)
Mar  9 10:51:43 Client02 kernel: [    0.000000] Command line: BOOT_IMAGE=/boot/vmlinuz-5.0.0-1032-azure root=UUID=5604f71e-1e5f-443c-a99e-b82bb5c201df ro console=tty1 console=ttyS0 earlyprintk=ttyS0 rootdelay=300
Mar  9 10:51:43 Client02 kernel: [    0.000000] KERNEL supported cpus:
Mar  9 10:51:43 Client02 kernel: [    0.000000]   Intel GenuineIntel
Mar  9 10:51:43 Client02 kernel: [    0.000000]   AMD AuthenticAMD
Mar  9 10:51:43 Client02 kernel: [    0.000000]   Hygon HygonGenuine
Mar  9 10:51:43 Client02 kernel: [    0.000000]   Centaur CentaurHauls
Mar  9 10:51:43 Client02 kernel: [    0.000000] x86/fpu: Supporting XSAVE feature 0x001: 'x87 floating point registers'
Mar  9 10:51:43 Client02 kernel: [    0.000000] x86/fpu: Supporting XSAVE feature 0x002: 'SSE registers'
Mar  9 10:51:43 Client02 kernel: [    0.000000] x86/fpu: Supporting XSAVE feature 0x004: 'AVX registers'
Mar  9 10:51:43 Client02 kernel: [    0.000000] x86/fpu: Supporting XSAVE feature 0x008: 'MPX bounds registers'
Mar  9 10:51:43 Client02 kernel: [    0.000000] x86/fpu: Supporting XSAVE feature 0x010: 'MPX CSR'
Mar  9 10:51:43 Client02 kernel: [    0.000000] x86/fpu: Supporting XSAVE feature 0x020: 'AVX-512 opmask'
Mar  9 10:51:43 Client02 kernel: [    0.000000] x86/fpu: Supporting XSAVE feature 0x040: 'AVX-512 Hi256'
Mar  9 10:51:43 Client02 kernel: [    0.000000] x86/fpu: Supporting XSAVE feature 0x080: 'AVX-512 ZMM_Hi256'
Mar  9 10:51:43 Client02 kernel: [    0.000000] x86/fpu: xstate_offset[2]:  576, xstate_sizes[2]:  256
Mar  9 10:51:43 Client02 kernel: [    0.000000] x86/fpu: xstate_offset[3]:  832, xstate_sizes[3]:   64
Mar  9 10:51:43 Client02 kernel: [    0.000000] x86/fpu: xstate_offset[4]:  896, xstate_sizes[4]:   64
Mar  9 10:51:43 Client02 kernel: [    0.000000] x86/fpu: xstate_offset[5]:  960, xstate_sizes[5]:   64
Mar  9 10:51:43 Client02 kernel: [    0.000000] x86/fpu: xstate_offset[6]: 1024, xstate_sizes[6]:  512
Mar  9 10:51:43 Client02 kernel: [    0.000000] x86/fpu: xstate_offset[7]: 1536, xstate_sizes[7]: 1024
Mar  9 10:51:43 Client02 kernel: [    0.000000] x86/fpu: Enabled xstate features 0xff, context size is 2560 bytes, using 'compacted' format.
Mar  9 10:51:43 Client02 kernel: [    0.000000] BIOS-provided physical RAM map:
Mar  9 10:51:43 Client02 kernel: [    0.000000] BIOS-e820: [mem 0x0000000000000000-0x000000000009fbff] usable
Mar  9 10:51:43 Client02 kernel: [    0.000000] BIOS-e820: [mem 0x000000000009fc00-0x000000000009ffff] reserved
Mar  9 10:51:43 Client02 kernel: [    0.000000] BIOS-e820: [mem 0x00000000000e0000-0x00000000000fffff] reserved
Mar  9 10:51:43 Client02 kernel: [    0.000000] BIOS-e820: [mem 0x0000000000100000-0x000000003ffeffff] usable
Mar  9 10:51:43 Client02 kernel: [    0.000000] BIOS-e820: [mem 0x000000003fff0000-0x000000003fffefff] ACPI data
Mar  9 10:51:43 Client02 kernel: [    0.000000] BIOS-e820: [mem 0x000000003ffff000-0x000000003fffffff] ACPI NVS
Mar  9 10:51:43 Client02 kernel: [    0.000000] BIOS-e820: [mem 0x0000000100000000-0x00000002bfffffff] usable
Mar  9 10:51:43 Client02 kernel: [    0.000000] printk: bootconsole [earlyser0] enabled
Mar  9 10:51:43 Client02 kernel: [    0.000000] NX (Execute Disable) protection: active
Mar  9 10:51:43 Client02 kernel: [    0.000000] SMBIOS 2.3 present.
Mar  9 10:51:43 Client02 kernel: [    0.000000] DMI: Microsoft Corporation Virtual Machine/Virtual Machine, BIOS 090007  06/02/2017
Mar  9 10:51:43 Client02 kernel: [    0.000000] Hypervisor detected: Microsoft Hyper-V
Mar  9 10:51:43 Client02 kernel: [    0.000000] Hyper-V: features 0x2e7f, hints 0x44c2c
Mar  9 10:51:43 Client02 kernel: [    0.000000] Hyper-V Host Build:14393-10.0-0-0.305
Mar  9 10:51:43 Client02 kernel: [    0.000000] Hyper-V: LAPIC Timer Frequency: 0xc3500
Mar  9 10:51:43 Client02 kernel: [    0.000000] tsc: Marking TSC unstable due to running on Hyper-V
Mar  9 10:51:43 Client02 kernel: [    0.000000] Hyper-V: Using hypercall for remote TLB flush
Mar  9 10:51:43 Client02 kernel: [    0.000000] tsc: Detected 2095.244 MHz processor
Mar  9 10:51:43 Client02 kernel: [    0.001345] e820: update [mem 0x00000000-0x00000fff] usable ==> reserved
Mar  9 10:51:43 Client02 kernel: [    0.001347] e820: remove [mem 0x000a0000-0x000fffff] usable
Mar  9 10:51:43 Client02 kernel: [    0.001350] last_pfn = 0x2c0000 max_arch_pfn = 0x400000000
Mar  9 10:51:43 Client02 kernel: [    0.004476] MTRR default type: uncachable
Mar  9 10:51:43 Client02 kernel: [    0.004477] MTRR fixed ranges enabled:
Mar  9 10:51:43 Client02 kernel: [    0.004478]   00000-9FFFF write-back
Mar  9 10:51:43 Client02 kernel: [    0.004479]   A0000-DFFFF uncachable
Mar  9 10:51:43 Client02 kernel: [    0.004480]   E0000-FFFFF write-back
Mar  9 10:51:43 Client02 kernel: [    0.004480] MTRR variable ranges enabled:
Mar  9 10:51:43 Client02 kernel: [    0.004481]   0 base 00000000000 mask FFFC0000000 write-back
Mar  9 10:51:43 Client02 kernel: [    0.004482]   1 base 00100000000 mask FF000000000 write-back
Mar  9 10:51:43 Client02 kernel: [    0.004483]   2 disabled
Mar  9 10:51:43 Client02 kernel: [    0.004483]   3 disabled
Mar  9 10:51:43 Client02 kernel: [    0.004484]   4 disabled
Mar  9 10:51:43 Client02 kernel: [    0.004484]   5 disabled
Mar  9 10:51:43 Client02 kernel: [    0.004484]   6 disabled
Mar  9 10:51:43 Client02 kernel: [    0.004485]   7 disabled
Mar  9 10:51:43 Client02 kernel: [    0.004498] x86/PAT: Configuration [0-7]: WB  WC  UC- UC  WB  WP  UC- WT  
Mar  9 10:51:43 Client02 kernel: [    0.008613] e820: update [mem 0x40000000-0xffffffff] usable ==> reserved
Mar  9 10:51:43 Client02 kernel: [    0.010380] last_pfn = 0x3fff0 max_arch_pfn = 0x400000000
Mar  9 10:51:43 Client02 kernel: [    0.022552] found SMP MP-table at [mem 0x000ff780-0x000ff78f]
Mar  9 10:51:43 Client02 kernel: [    0.026545] check: Scanning 1 areas for low memory corruption
Mar  9 10:51:43 Client02 kernel: [    0.031241] Using GB pages for direct mapping
Mar  9 10:51:43 Client02 kernel: [    0.034290] BRK [0x141c02000, 0x141c02fff] PGTABLE
Mar  9 10:51:43 Client02 kernel: [    0.034293] BRK [0x141c03000, 0x141c03fff] PGTABLE
Mar  9 10:51:43 Client02 kernel: [    0.034294] BRK [0x141c04000, 0x141c04fff] PGTABLE
Mar  9 10:51:43 Client02 kernel: [    0.034326] BRK [0x141c05000, 0x141c05fff] PGTABLE
Mar  9 10:51:43 Client02 kernel: [    0.034406] BRK [0x141c06000, 0x141c06fff] PGTABLE
Mar  9 10:51:43 Client02 kernel: [    0.034444] RAMDISK: [mem 0x3598f000-0x36cbefff]
Mar  9 10:51:43 Client02 kernel: [    0.037726] ACPI: Early table checksum verification disabled
Mar  9 10:51:43 Client02 kernel: [    0.041670] ACPI: RSDP 0x00000000000F5BF0 000014 (v00 ACPIAM)
Mar  9 10:51:43 Client02 kernel: [    0.045581] ACPI: RSDT 0x000000003FFF0000 000040 (v01 VRTUAL MICROSFT 06001702 MSFT 00000097)
Mar  9 10:51:43 Client02 kernel: [    0.051147] ACPI: FACP 0x000000003FFF0200 000081 (v02 VRTUAL MICROSFT 06001702 MSFT 00000097)
Mar  9 10:51:43 Client02 kernel: [    0.056805] ACPI: DSDT 0x000000003FFF1D24 003CBE (v01 MSFTVM MSFTVM02 00000002 INTL 02002026)
Mar  9 10:51:43 Client02 kernel: [    0.062434] ACPI: FACS 0x000000003FFFF000 000040
Mar  9 10:51:43 Client02 kernel: [    0.065473] ACPI: WAET 0x000000003FFF1A80 000028 (v01 VRTUAL MICROSFT 06001702 MSFT 00000097)
Mar  9 10:51:43 Client02 kernel: [    0.071056] ACPI: SLIC 0x000000003FFF1AC0 000176 (v01 VRTUAL MICROSFT 06001702 MSFT 00000097)
Mar  9 10:51:43 Client02 kernel: [    0.076865] ACPI: OEM0 0x000000003FFF1CC0 000064 (v01 VRTUAL MICROSFT 06001702 MSFT 00000097)
Mar  9 10:51:43 Client02 kernel: [    0.082160] ACPI: SRAT 0x000000003FFF0800 000140 (v02 VRTUAL MICROSFT 00000001 MSFT 00000001)
Mar  9 10:51:43 Client02 kernel: [    0.087826] ACPI: APIC 0x000000003FFF0300 000452 (v01 VRTUAL MICROSFT 06001702 MSFT 00000097)
Mar  9 10:51:43 Client02 kernel: [    0.093458] ACPI: OEMB 0x000000003FFFF040 000064 (v01 VRTUAL MICROSFT 06001702 MSFT 00000097)
Mar  9 10:51:43 Client02 kernel: [    0.098812] ACPI: Local APIC address 0xfee00000
Mar  9 10:51:43 Client02 kernel: [    0.098858] SRAT: PXM 0 -> APIC 0x00 -> Node 0
Mar  9 10:51:43 Client02 kernel: [    0.101731] SRAT: PXM 0 -> APIC 0x01 -> Node 0
Mar  9 10:51:43 Client02 kernel: [    0.104659] ACPI: SRAT: Node 0 PXM 0 [mem 0x00000000-0x3fffffff] hotplug
Mar  9 10:51:43 Client02 kernel: [    0.110373] ACPI: SRAT: Node 0 PXM 0 [mem 0x100000000-0x2bfffffff] hotplug
Mar  9 10:51:43 Client02 kernel: [    0.114849] ACPI: SRAT: Node 0 PXM 0 [mem 0x2c0200000-0xfdfffffff] hotplug
Mar  9 10:51:43 Client02 kernel: [    0.119326] ACPI: SRAT: Node 0 PXM 0 [mem 0x1000000000-0xffffffffff] hotplug
Mar  9 10:51:43 Client02 kernel: [    0.124116] ACPI: SRAT: Node 0 PXM 0 [mem 0x10000200000-0x1ffffffffff] hotplug
Mar  9 10:51:43 Client02 kernel: [    0.128838] ACPI: SRAT: Node 0 PXM 0 [mem 0x20000200000-0x3ffffffffff] hotplug
Mar  9 10:51:43 Client02 kernel: [    0.133311] NUMA: Node 0 [mem 0x00000000-0x3fffffff] + [mem 0x100000000-0x2bfffffff] -> [mem 0x00000000-0x2bfffffff]
Mar  9 10:51:43 Client02 kernel: [    0.140125] NODE_DATA(0) allocated [mem 0x2bffd5000-0x2bfffffff]
Mar  9 10:51:43 Client02 kernel: [    0.144087] Zone ranges:
Mar  9 10:51:43 Client02 kernel: [    0.145705]   DMA      [mem 0x0000000000001000-0x0000000000ffffff]
Mar  9 10:51:43 Client02 kernel: [    0.149602]   DMA32    [mem 0x0000000001000000-0x00000000ffffffff]
Mar  9 10:51:43 Client02 kernel: [    0.153576]   Normal   [mem 0x0000000100000000-0x00000002bfffffff]
Mar  9 10:51:43 Client02 kernel: [    0.157524]   Device   empty
Mar  9 10:51:43 Client02 kernel: [    0.159953] Movable zone start for each node
Mar  9 10:51:43 Client02 kernel: [    0.164522] Early memory node ranges
Mar  9 10:51:43 Client02 kernel: [    0.169245]   node   0: [mem 0x0000000000001000-0x000000000009efff]
Mar  9 10:51:43 Client02 kernel: [    0.173294]   node   0: [mem 0x0000000000100000-0x000000003ffeffff]
Mar  9 10:51:43 Client02 kernel: [    0.177789]   node   0: [mem 0x0000000100000000-0x00000002bfffffff]
Mar  9 10:51:43 Client02 kernel: [    0.181923] Zeroed struct page in unavailable ranges: 114 pages
Mar  9 10:51:43 Client02 kernel: [    0.181925] Initmem setup node 0 [mem 0x0000000000001000-0x00000002bfffffff]
Mar  9 10:51:43 Client02 kernel: [    0.190069] On node 0 totalpages: 2097038
Mar  9 10:51:43 Client02 kernel: [    0.190070]   DMA zone: 64 pages used for memmap
Mar  9 10:51:43 Client02 kernel: [    0.190071]   DMA zone: 21 pages reserved
Mar  9 10:51:43 Client02 kernel: [    0.190072]   DMA zone: 3998 pages, LIFO batch:0
Mar  9 10:51:43 Client02 kernel: [    0.190171]   DMA32 zone: 4032 pages used for memmap
Mar  9 10:51:43 Client02 kernel: [    0.190171]   DMA32 zone: 258032 pages, LIFO batch:63
Mar  9 10:51:43 Client02 kernel: [    0.198010]   Normal zone: 28672 pages used for memmap
Mar  9 10:51:43 Client02 kernel: [    0.198011]   Normal zone: 1835008 pages, LIFO batch:63
Mar  9 10:51:43 Client02 kernel: [    0.243570] ACPI: PM-Timer IO Port: 0x408
Mar  9 10:51:43 Client02 kernel: [    0.246363] ACPI: Local APIC address 0xfee00000
Mar  9 10:51:43 Client02 kernel: [    0.246377] ACPI: LAPIC_NMI (acpi_id[0xff] dfl dfl lint[0x1])
Mar  9 10:51:43 Client02 kernel: [    0.251167] IOAPIC[0]: apic_id 0, version 17, address 0xfec00000, GSI 0-23
Mar  9 10:51:43 Client02 kernel: [    0.255801] ACPI: INT_SRC_OVR (bus 0 bus_irq 0 global_irq 2 dfl dfl)
Mar  9 10:51:43 Client02 kernel: [    0.259909] ACPI: INT_SRC_OVR (bus 0 bus_irq 9 global_irq 9 high level)
Mar  9 10:51:43 Client02 kernel: [    0.264789] ACPI: IRQ0 used by override.
Mar  9 10:51:43 Client02 kernel: [    0.264790] ACPI: IRQ9 used by override.
Mar  9 10:51:43 Client02 kernel: [    0.264793] Using ACPI (MADT) for SMP configuration information
Mar  9 10:51:43 Client02 kernel: [    0.270783] smpboot: Allowing 128 CPUs, 126 hotplug CPUs
Mar  9 10:51:43 Client02 kernel: [    0.274167] PM: Registered nosave memory: [mem 0x00000000-0x00000fff]
Mar  9 10:51:43 Client02 kernel: [    0.278427] PM: Registered nosave memory: [mem 0x0009f000-0x0009ffff]
Mar  9 10:51:43 Client02 kernel: [    0.282546] PM: Registered nosave memory: [mem 0x000a0000-0x000dffff]
Mar  9 10:51:43 Client02 kernel: [    0.286740] PM: Registered nosave memory: [mem 0x000e0000-0x000fffff]
Mar  9 10:51:43 Client02 kernel: [    0.290884] PM: Registered nosave memory: [mem 0x3fff0000-0x3fffefff]
Mar  9 10:51:43 Client02 kernel: [    0.295146] PM: Registered nosave memory: [mem 0x3ffff000-0x3fffffff]
Mar  9 10:51:43 Client02 kernel: [    0.299459] PM: Registered nosave memory: [mem 0x40000000-0xffffffff]
Mar  9 10:51:43 Client02 kernel: [    0.303889] [mem 0x40000000-0xffffffff] available for PCI devices
Mar  9 10:51:43 Client02 kernel: [    0.307611] Booting paravirtualized kernel on bare hardware
Mar  9 10:51:43 Client02 kernel: [    0.311308] clocksource: refined-jiffies: mask: 0xffffffff max_cycles: 0xffffffff, max_idle_ns: 7645519600211568 ns
Mar  9 10:51:43 Client02 kernel: [    0.317969] random: get_random_bytes called from start_kernel+0x93/0x503 with crng_init=0
Mar  9 10:51:43 Client02 kernel: [    0.323310] setup_percpu: NR_CPUS:8192 nr_cpumask_bits:128 nr_cpu_ids:128 nr_node_ids:1
Mar  9 10:51:43 Client02 kernel: [    0.335830] percpu: Embedded 45 pages/cpu s147456 r8192 d28672 u262144
Mar  9 10:51:43 Client02 kernel: [    0.340876] pcpu-alloc: s147456 r8192 d28672 u262144 alloc=1*2097152
Mar  9 10:51:43 Client02 kernel: [    0.340877] pcpu-alloc: [0] 000 001 002 003 004 005 006 007 
Mar  9 10:51:43 Client02 kernel: [    0.340879] pcpu-alloc: [0] 008 009 010 011 012 013 014 015 
Mar  9 10:51:43 Client02 kernel: [    0.340881] pcpu-alloc: [0] 016 017 018 019 020 021 022 023 
Mar  9 10:51:43 Client02 kernel: [    0.340883] pcpu-alloc: [0] 024 025 026 027 028 029 030 031 
Mar  9 10:51:43 Client02 kernel: [    0.340885] pcpu-alloc: [0] 032 033 034 035 036 037 038 039 
Mar  9 10:51:43 Client02 kernel: [    0.340887] pcpu-alloc: [0] 040 041 042 043 044 045 046 047 
Mar  9 10:51:43 Client02 kernel: [    0.340889] pcpu-alloc: [0] 048 049 050 051 052 053 054 055 
Mar  9 10:51:43 Client02 kernel: [    0.340890] pcpu-alloc: [0] 056 057 058 059 060 061 062 063 
Mar  9 10:51:43 Client02 kernel: [    0.340892] pcpu-alloc: [0] 064 065 066 067 068 069 070 071 
Mar  9 10:51:43 Client02 kernel: [    0.340894] pcpu-alloc: [0] 072 073 074 075 076 077 078 079 
Mar  9 10:51:43 Client02 kernel: [    0.340896] pcpu-alloc: [0] 080 081 082 083 084 085 086 087 
Mar  9 10:51:43 Client02 kernel: [    0.340898] pcpu-alloc: [0] 088 089 090 091 092 093 094 095 
Mar  9 10:51:43 Client02 kernel: [    0.340899] pcpu-alloc: [0] 096 097 098 099 100 101 102 103 
Mar  9 10:51:43 Client02 kernel: [    0.340901] pcpu-alloc: [0] 104 105 106 107 108 109 110 111 
Mar  9 10:51:43 Client02 kernel: [    0.340903] pcpu-alloc: [0] 112 113 114 115 116 117 118 119 
Mar  9 10:51:43 Client02 kernel: [    0.340905] pcpu-alloc: [0] 120 121 122 123 124 125 126 127 
Mar  9 10:51:43 Client02 kernel: [    0.340935] Hyper-V: PV spinlocks enabled
Mar  9 10:51:43 Client02 kernel: [    0.343602] PV qspinlock hash table entries: 512 (order: 1, 8192 bytes)
Mar  9 10:51:43 Client02 kernel: [    0.347702] Built 1 zonelists, mobility grouping on.  Total pages: 2064249
Mar  9 10:51:43 Client02 kernel: [    0.352387] Policy zone: Normal
Mar  9 10:51:43 Client02 kernel: [    0.354483] Kernel command line: BOOT_IMAGE=/boot/vmlinuz-5.0.0-1032-azure root=UUID=5604f71e-1e5f-443c-a99e-b82bb5c201df ro console=tty1 console=ttyS0 earlyprintk=ttyS0 rootdelay=300
Mar  9 10:51:43 Client02 kernel: [    0.364753] printk: log_buf_len individual max cpu contribution: 4096 bytes
Mar  9 10:51:43 Client02 kernel: [    0.369145] printk: log_buf_len total cpu_extra contributions: 520192 bytes
Mar  9 10:51:43 Client02 kernel: [    0.373879] printk: log_buf_len min size: 262144 bytes
Mar  9 10:51:43 Client02 kernel: [    0.377729] printk: log_buf_len: 1048576 bytes
Mar  9 10:51:43 Client02 kernel: [    0.380702] printk: early log buf free: 251180(95%)
Mar  9 10:51:43 Client02 kernel: [    0.396182] Calgary: detecting Calgary via BIOS EBDA area
Mar  9 10:51:43 Client02 kernel: [    0.396183] Calgary: Unable to locate Rio Grande table in EBDA - bailing!
Mar  9 10:51:43 Client02 kernel: [    0.413914] Memory: 8118156K/8388152K available (12292K kernel code, 2233K rwdata, 3944K rodata, 2360K init, 5524K bss, 269996K reserved, 0K cma-reserved)
Mar  9 10:51:43 Client02 kernel: [    0.424637] SLUB: HWalign=64, Order=0-3, MinObjects=0, CPUs=128, Nodes=1
Mar  9 10:51:43 Client02 kernel: [    0.428931] Kernel/User page tables isolation: enabled
Mar  9 10:51:43 Client02 kernel: [    0.432518] ftrace: allocating 38709 entries in 152 pages
Mar  9 10:51:43 Client02 kernel: [    0.452992] rcu: Hierarchical RCU implementation.
Mar  9 10:51:43 Client02 kernel: [    0.456590] rcu: 	RCU restricting CPUs from NR_CPUS=8192 to nr_cpu_ids=128.
Mar  9 10:51:43 Client02 kernel: [    0.461182] 	Tasks RCU enabled.
Mar  9 10:51:43 Client02 kernel: [    0.464385] rcu: RCU calculated value of scheduler-enlistment delay is 25 jiffies.
Mar  9 10:51:43 Client02 kernel: [    0.469557] rcu: Adjusting geometry for rcu_fanout_leaf=16, nr_cpu_ids=128
Mar  9 10:51:43 Client02 kernel: [    0.477125] NR_IRQS: 524544, nr_irqs: 1448, preallocated irqs: 16
Mar  9 10:51:43 Client02 kernel: [    0.488311] Console: colour VGA+ 80x25
Mar  9 10:51:43 Client02 kernel: [    1.105569] printk: console [tty1] enabled
Mar  9 10:51:43 Client02 kernel: [    1.109119] printk: console [ttyS0] enabled
Mar  9 10:51:43 Client02 kernel: [    1.115206] printk: bootconsole [earlyser0] disabled
Mar  9 10:51:43 Client02 kernel: [    1.122614] ACPI: Core revision 20181213
Mar  9 10:51:43 Client02 kernel: [    1.126287] APIC: Switch to symmetric I/O mode setup
Mar  9 10:51:43 Client02 kernel: [    1.130127] Switched APIC routing to physical flat.
Mar  9 10:51:43 Client02 kernel: [    1.133900] Hyper-V: Using IPI hypercalls
Mar  9 10:51:43 Client02 kernel: [    1.137592] Hyper-V: Using enlightened APIC (xapic mode)
Mar  9 10:51:43 Client02 kernel: [    1.137600] clocksource: hyperv_clocksource_tsc_page: mask: 0xffffffffffffffff max_cycles: 0x24e6a1710, max_idle_ns: 440795202120 ns
Mar  9 10:51:43 Client02 kernel: [    1.175536] Calibrating delay loop (skipped), value calculated using timer frequency.. 4190.48 BogoMIPS (lpj=8380976)
Mar  9 10:51:43 Client02 kernel: [    1.179522] pid_max: default: 131072 minimum: 1024
Mar  9 10:51:43 Client02 kernel: [    1.179522] LSM: Security Framework initializing
Mar  9 10:51:43 Client02 kernel: [    1.179522] Yama: becoming mindful.
Mar  9 10:51:43 Client02 kernel: [    1.179522] AppArmor: AppArmor initialized
Mar  9 10:51:43 Client02 kernel: [    1.179522] Dentry cache hash table entries: 1048576 (order: 11, 8388608 bytes)
Mar  9 10:51:43 Client02 kernel: [    1.179522] Inode-cache hash table entries: 524288 (order: 10, 4194304 bytes)
Mar  9 10:51:43 Client02 kernel: [    1.179522] Mount-cache hash table entries: 16384 (order: 5, 131072 bytes)
Mar  9 10:51:43 Client02 kernel: [    1.179522] Mountpoint-cache hash table entries: 16384 (order: 5, 131072 bytes)
Mar  9 10:51:43 Client02 kernel: [    1.179522] Last level iTLB entries: 4KB 64, 2MB 8, 4MB 8
Mar  9 10:51:43 Client02 kernel: [    1.179522] Last level dTLB entries: 4KB 64, 2MB 0, 4MB 0, 1GB 4
Mar  9 10:51:43 Client02 kernel: [    1.179522] Spectre V1 : Mitigation: usercopy/swapgs barriers and __user pointer sanitization
Mar  9 10:51:43 Client02 kernel: [    1.179522] Spectre V2 : Mitigation: Full generic retpoline
Mar  9 10:51:43 Client02 kernel: [    1.179522] Spectre V2 : Spectre v2 / SpectreRSB mitigation: Filling RSB on context switch
Mar  9 10:51:43 Client02 kernel: [    1.179522] Speculative Store Bypass: Vulnerable
Mar  9 10:51:43 Client02 kernel: [    1.179522] TAA: Vulnerable: Clear CPU buffers attempted, no microcode
Mar  9 10:51:43 Client02 kernel: [    1.179522] MDS: Vulnerable: Clear CPU buffers attempted, no microcode
Mar  9 10:51:43 Client02 kernel: [    1.179522] Freeing SMP alternatives memory: 36K
Mar  9 10:51:43 Client02 kernel: [    1.179522] smpboot: CPU0: Intel(R) Xeon(R) Platinum 8171M CPU @ 2.60GHz (family: 0x6, model: 0x55, stepping: 0x4)
Mar  9 10:51:43 Client02 kernel: [    1.183681] Performance Events: unsupported p6 CPU model 85 no PMU driver, software events only.
Mar  9 10:51:43 Client02 kernel: [    1.187590] rcu: Hierarchical SRCU implementation.
Mar  9 10:51:43 Client02 kernel: [    1.192535] random: crng done (trusting CPU's manufacturer)
Mar  9 10:51:43 Client02 kernel: [    1.195560] NMI watchdog: Perf NMI watchdog permanently disabled
Mar  9 10:51:43 Client02 kernel: [    1.200837] smp: Bringing up secondary CPUs ...
Mar  9 10:51:43 Client02 kernel: [    1.203648] x86: Booting SMP configuration:
Mar  9 10:51:43 Client02 kernel: [    1.207526] .... node  #0, CPUs:          #1
Mar  9 10:51:43 Client02 kernel: [    1.211539] MDS CPU bug present and SMT on, data leak possible. See https://www.kernel.org/doc/html/latest/admin-guide/hw-vuln/mds.html for more details.
Mar  9 10:51:43 Client02 kernel: [    1.219525] TAA CPU bug present and SMT on, data leak possible. See https://www.kernel.org/doc/html/latest/admin-guide/hw-vuln/tsx_async_abort.html for more details.
Mar  9 10:51:43 Client02 kernel: [    1.223528] smp: Brought up 1 node, 2 CPUs
Mar  9 10:51:43 Client02 kernel: [    1.227524] smpboot: Max logical packages: 64
Mar  9 10:51:43 Client02 kernel: [    1.231526] smpboot: Total of 2 processors activated (8380.97 BogoMIPS)
Mar  9 10:51:43 Client02 kernel: [    1.236368] devtmpfs: initialized
Mar  9 10:51:43 Client02 kernel: [    1.239591] x86/mm: Memory block size: 128MB
Mar  9 10:51:43 Client02 kernel: [    1.244256] PM: Registering ACPI NVS region [mem 0x3ffff000-0x3fffffff] (4096 bytes)
Mar  9 10:51:43 Client02 kernel: [    1.251690] clocksource: jiffies: mask: 0xffffffff max_cycles: 0xffffffff, max_idle_ns: 7645041785100000 ns
Mar  9 10:51:43 Client02 kernel: [    1.255606] futex hash table entries: 32768 (order: 9, 2097152 bytes)
Mar  9 10:51:43 Client02 kernel: [    1.264019] pinctrl core: initialized pinctrl subsystem
Mar  9 10:51:43 Client02 kernel: [    1.268090] RTC time: 10:50:43, date: 2020-03-09
Mar  9 10:51:43 Client02 kernel: [    1.271834] NET: Registered protocol family 16
Mar  9 10:51:43 Client02 kernel: [    1.275617] audit: initializing netlink subsys (disabled)
Mar  9 10:51:43 Client02 kernel: [    1.279549] audit: type=2000 audit(1583751042.104:1): state=initialized audit_enabled=0 res=1
Mar  9 10:51:43 Client02 kernel: [    1.279640] EISA bus registered
Mar  9 10:51:43 Client02 kernel: [    1.287548] cpuidle: using governor ladder
Mar  9 10:51:43 Client02 kernel: [    1.291542] cpuidle: using governor menu
Mar  9 10:51:43 Client02 kernel: [    1.295614] ACPI: bus type PCI registered
Mar  9 10:51:43 Client02 kernel: [    1.299525] acpiphp: ACPI Hot Plug PCI Controller Driver version: 0.5
Mar  9 10:51:43 Client02 kernel: [    1.304212] PCI: Using configuration type 1 for base access
Mar  9 10:51:43 Client02 kernel: [    1.311746] HugeTLB registered 1.00 GiB page size, pre-allocated 0 pages
Mar  9 10:51:43 Client02 kernel: [    1.319535] HugeTLB registered 2.00 MiB page size, pre-allocated 0 pages
Mar  9 10:51:43 Client02 kernel: [    1.327820] ACPI: Added _OSI(Module Device)
Mar  9 10:51:43 Client02 kernel: [    1.331533] ACPI: Added _OSI(Processor Device)
Mar  9 10:51:43 Client02 kernel: [    1.331533] ACPI: Added _OSI(3.0 _SCP Extensions)
Mar  9 10:51:43 Client02 kernel: [    1.335525] ACPI: Added _OSI(Processor Aggregator Device)
Mar  9 10:51:43 Client02 kernel: [    1.343526] ACPI: Added _OSI(Linux-Dell-Video)
Mar  9 10:51:43 Client02 kernel: [    1.347524] ACPI: Added _OSI(Linux-Lenovo-NV-HDMI-Audio)
Mar  9 10:51:43 Client02 kernel: [    1.351525] ACPI: Added _OSI(Linux-HPI-Hybrid-Graphics)
Mar  9 10:51:43 Client02 kernel: [    1.355755] ACPI: 1 ACPI AML tables successfully acquired and loaded
Mar  9 10:51:43 Client02 kernel: [    1.363858] ACPI: Interpreter enabled
Mar  9 10:51:43 Client02 kernel: [    1.371538] ACPI: (supports S0 S5)
Mar  9 10:51:43 Client02 kernel: [    1.371538] ACPI: Using IOAPIC for interrupt routing
Mar  9 10:51:43 Client02 kernel: [    1.375553] PCI: Using host bridge windows from ACPI; if necessary, use "pci=nocrs" and report a bug
Mar  9 10:51:43 Client02 kernel: [    1.383805] ACPI: Enabled 1 GPEs in block 00 to 0F
Mar  9 10:51:43 Client02 kernel: [    1.405762] ACPI: PCI Root Bridge [PCI0] (domain 0000 [bus 00-ff])
Mar  9 10:51:43 Client02 kernel: [    1.411529] acpi PNP0A03:00: _OSC: OS supports [ASPM ClockPM Segments MSI]
Mar  9 10:51:43 Client02 kernel: [    1.415541] acpi PNP0A03:00: fail to add MMCONFIG information, can't access extended PCI configuration space under this bridge.
Mar  9 10:51:43 Client02 kernel: [    1.427709] PCI host bridge to bus 0000:00
Mar  9 10:51:43 Client02 kernel: [    1.431533] pci_bus 0000:00: root bus resource [mem 0xfe0000000-0xfffffffff window]
Mar  9 10:51:43 Client02 kernel: [    1.435525] pci_bus 0000:00: root bus resource [io  0x0000-0x0cf7 window]
Mar  9 10:51:43 Client02 kernel: [    1.439524] pci_bus 0000:00: root bus resource [io  0x0d00-0xffff window]
Mar  9 10:51:43 Client02 kernel: [    1.443525] pci_bus 0000:00: root bus resource [mem 0x000a0000-0x000bffff window]
Mar  9 10:51:43 Client02 kernel: [    1.451526] pci_bus 0000:00: root bus resource [mem 0x40000000-0xfffbffff window]
Mar  9 10:51:43 Client02 kernel: [    1.455526] pci_bus 0000:00: root bus resource [bus 00-ff]
Mar  9 10:51:43 Client02 kernel: [    1.459791] pci 0000:00:00.0: [8086:7192] type 00 class 0x060000
Mar  9 10:51:43 Client02 kernel: [    1.465632] pci 0000:00:07.0: [8086:7110] type 00 class 0x060100
Mar  9 10:51:43 Client02 kernel: [    1.472089] pci 0000:00:07.1: [8086:7111] type 00 class 0x010180
Mar  9 10:51:43 Client02 kernel: [    1.475197] pci 0000:00:07.1: reg 0x20: [io  0xffa0-0xffaf]
Mar  9 10:51:43 Client02 kernel: [    1.476456] pci 0000:00:07.1: legacy IDE quirk: reg 0x10: [io  0x01f0-0x01f7]
Mar  9 10:51:43 Client02 kernel: [    1.483527] pci 0000:00:07.1: legacy IDE quirk: reg 0x14: [io  0x03f6]
Mar  9 10:51:43 Client02 kernel: [    1.487524] pci 0000:00:07.1: legacy IDE quirk: reg 0x18: [io  0x0170-0x0177]
Mar  9 10:51:43 Client02 kernel: [    1.495525] pci 0000:00:07.1: legacy IDE quirk: reg 0x1c: [io  0x0376]
Mar  9 10:51:43 Client02 kernel: [    1.500312] pci 0000:00:07.3: [8086:7113] type 00 class 0x068000
Mar  9 10:51:43 Client02 kernel: [    1.500376] * Found PM-Timer Bug on the chipset. Due to workarounds for a bug,
Mar  9 10:51:43 Client02 kernel: [    1.500376] * this clock source is slow. Consider trying other clock sources
Mar  9 10:51:43 Client02 kernel: [    1.511528] pci 0000:00:07.3: acpi_pm_check_blacklist+0x0/0x40 took 11718 usecs
Mar  9 10:51:43 Client02 kernel: [    1.517804] pci 0000:00:07.3: quirk: [io  0x0400-0x043f] claimed by PIIX4 ACPI
Mar  9 10:51:43 Client02 kernel: [    1.525009] pci 0000:00:08.0: [1414:5353] type 00 class 0x030000
Mar  9 10:51:43 Client02 kernel: [    1.525806] pci 0000:00:08.0: reg 0x10: [mem 0xf8000000-0xfbffffff]
Mar  9 10:51:43 Client02 kernel: [    1.549455] ACPI: PCI Interrupt Link [LNKA] (IRQs 3 4 5 7 9 10 *11 12 14 15)
Mar  9 10:51:43 Client02 kernel: [    1.555722] ACPI: PCI Interrupt Link [LNKB] (IRQs 3 4 5 7 9 10 11 12 14 15) *0, disabled.
Mar  9 10:51:43 Client02 kernel: [    1.563758] ACPI: PCI Interrupt Link [LNKC] (IRQs 3 4 5 7 9 10 11 12 14 15) *0, disabled.
Mar  9 10:51:43 Client02 kernel: [    1.571789] ACPI: PCI Interrupt Link [LNKD] (IRQs 3 4 5 7 9 10 11 12 14 15) *0, disabled.
Mar  9 10:51:43 Client02 kernel: [    1.580095] SCSI subsystem initialized
Mar  9 10:51:43 Client02 kernel: [    1.583614] libata version 3.00 loaded.
Mar  9 10:51:43 Client02 kernel: [    1.583614] pci 0000:00:08.0: vgaarb: setting as boot VGA device
Mar  9 10:51:43 Client02 kernel: [    1.587522] pci 0000:00:08.0: vgaarb: VGA device added: decodes=io+mem,owns=io+mem,locks=none
Mar  9 10:51:43 Client02 kernel: [    1.587527] pci 0000:00:08.0: vgaarb: bridge control possible
Mar  9 10:51:43 Client02 kernel: [    1.591525] vgaarb: loaded
Mar  9 10:51:43 Client02 kernel: [    1.594166] pps_core: LinuxPPS API ver. 1 registered
Mar  9 10:51:43 Client02 kernel: [    1.595524] pps_core: Software ver. 5.3.6 - Copyright 2005-2007 Rodolfo Giometti <giometti@linux.it>
Mar  9 10:51:43 Client02 kernel: [    1.599528] PTP clock support registered
Mar  9 10:51:43 Client02 kernel: [    1.603628] EDAC MC: Ver: 3.0.0
Mar  9 10:51:43 Client02 kernel: [    1.607737] hv_vmbus: Vmbus version:4.0
Mar  9 10:51:43 Client02 kernel: [    1.611581] PCI: Using ACPI for IRQ routing
Mar  9 10:51:43 Client02 kernel: [    1.619533] PCI: pci_cache_line_size set to 64 bytes
Mar  9 10:51:43 Client02 kernel: [    1.620306] e820: reserve RAM buffer [mem 0x0009fc00-0x0009ffff]
Mar  9 10:51:43 Client02 kernel: [    1.620308] e820: reserve RAM buffer [mem 0x3fff0000-0x3fffffff]
Mar  9 10:51:43 Client02 kernel: [    1.620517] NetLabel: Initializing
Mar  9 10:51:43 Client02 kernel: [    1.623527] NetLabel:  domain hash size = 128
Mar  9 10:51:43 Client02 kernel: [    1.631529] NetLabel:  protocols = UNLABELED CIPSOv4 CALIPSO
Mar  9 10:51:43 Client02 kernel: [    1.635548] NetLabel:  unlabeled traffic allowed by default
Mar  9 10:51:43 Client02 kernel: [    1.639615] clocksource: Switched to clocksource hyperv_clocksource_tsc_page
Mar  9 10:51:43 Client02 kernel: [    1.660986] VFS: Disk quotas dquot_6.6.0
Mar  9 10:51:43 Client02 kernel: [    1.664922] VFS: Dquot-cache hash table entries: 512 (order 0, 4096 bytes)
Mar  9 10:51:43 Client02 kernel: [    1.670990] AppArmor: AppArmor Filesystem Enabled
Mar  9 10:51:43 Client02 kernel: [    1.675359] pnp: PnP ACPI init
Mar  9 10:51:43 Client02 kernel: [    1.678652] pnp 00:00: Plug and Play ACPI device, IDs PNP0b00 (active)
Mar  9 10:51:43 Client02 kernel: [    1.678695] pnp 00:01: Plug and Play ACPI device, IDs PNP0303 PNP030b (active)
Mar  9 10:51:43 Client02 kernel: [    1.678736] pnp 00:02: Plug and Play ACPI device, IDs PNP0f03 PNP0f13 (active)
Mar  9 10:51:43 Client02 kernel: [    1.679598] pnp 00:03: [dma 0 disabled]
Mar  9 10:51:43 Client02 kernel: [    1.679619] pnp 00:03: Plug and Play ACPI device, IDs PNP0501 (active)
Mar  9 10:51:43 Client02 kernel: [    1.680434] pnp 00:04: [dma 0 disabled]
Mar  9 10:51:43 Client02 kernel: [    1.680451] pnp 00:04: Plug and Play ACPI device, IDs PNP0501 (active)
Mar  9 10:51:43 Client02 kernel: [    1.681198] pnp 00:05: [dma 2]
Mar  9 10:51:43 Client02 kernel: [    1.681223] pnp 00:05: Plug and Play ACPI device, IDs PNP0700 (active)
Mar  9 10:51:43 Client02 kernel: [    1.681256] system 00:06: [io  0x01e0-0x01ef] has been reserved
Mar  9 10:51:43 Client02 kernel: [    1.686333] system 00:06: [io  0x0160-0x016f] has been reserved
Mar  9 10:51:43 Client02 kernel: [    1.691618] system 00:06: [io  0x0278-0x027f] has been reserved
Mar  9 10:51:43 Client02 kernel: [    1.696564] system 00:06: [io  0x0378-0x037f] has been reserved
Mar  9 10:51:43 Client02 kernel: [    1.701609] system 00:06: [io  0x0678-0x067f] has been reserved
Mar  9 10:51:43 Client02 kernel: [    1.706646] system 00:06: [io  0x0778-0x077f] has been reserved
Mar  9 10:51:43 Client02 kernel: [    1.712064] system 00:06: [io  0x04d0-0x04d1] has been reserved
Mar  9 10:51:43 Client02 kernel: [    1.716914] system 00:06: Plug and Play ACPI device, IDs PNP0c02 (active)
Mar  9 10:51:43 Client02 kernel: [    1.717057] system 00:07: [io  0x0400-0x043f] has been reserved
Mar  9 10:51:43 Client02 kernel: [    1.721989] system 00:07: [io  0x0370-0x0371] has been reserved
Mar  9 10:51:43 Client02 kernel: [    1.727066] system 00:07: [io  0x0440-0x044f] has been reserved
Mar  9 10:51:43 Client02 kernel: [    1.731963] system 00:07: [mem 0xfec00000-0xfec00fff] could not be reserved
Mar  9 10:51:43 Client02 kernel: [    1.737574] system 00:07: [mem 0xfee00000-0xfee00fff] has been reserved
Mar  9 10:51:43 Client02 kernel: [    1.743139] system 00:07: Plug and Play ACPI device, IDs PNP0c02 (active)
Mar  9 10:51:43 Client02 kernel: [    1.743252] system 00:08: [mem 0x00000000-0x0009ffff] could not be reserved
Mar  9 10:51:43 Client02 kernel: [    1.748926] system 00:08: [mem 0x000c0000-0x000dffff] could not be reserved
Mar  9 10:51:43 Client02 kernel: [    1.754520] system 00:08: [mem 0x000e0000-0x000fffff] could not be reserved
Mar  9 10:51:43 Client02 kernel: [    1.760239] system 00:08: [mem 0x00100000-0x3fffffff] could not be reserved
Mar  9 10:51:43 Client02 kernel: [    1.765637] system 00:08: [mem 0xfffc0000-0xffffffff] has been reserved
Mar  9 10:51:43 Client02 kernel: [    1.771102] system 00:08: Plug and Play ACPI device, IDs PNP0c01 (active)
Mar  9 10:51:43 Client02 kernel: [    1.771397] pnp: PnP ACPI: found 9 devices
Mar  9 10:51:43 Client02 kernel: [    1.782562] clocksource: acpi_pm: mask: 0xffffff max_cycles: 0xffffff, max_idle_ns: 2085701024 ns
Mar  9 10:51:43 Client02 kernel: [    1.790518] pci_bus 0000:00: resource 4 [mem 0xfe0000000-0xfffffffff window]
Mar  9 10:51:43 Client02 kernel: [    1.790520] pci_bus 0000:00: resource 5 [io  0x0000-0x0cf7 window]
Mar  9 10:51:43 Client02 kernel: [    1.790521] pci_bus 0000:00: resource 6 [io  0x0d00-0xffff window]
Mar  9 10:51:43 Client02 kernel: [    1.790522] pci_bus 0000:00: resource 7 [mem 0x000a0000-0x000bffff window]
Mar  9 10:51:43 Client02 kernel: [    1.790523] pci_bus 0000:00: resource 8 [mem 0x40000000-0xfffbffff window]
Mar  9 10:51:43 Client02 kernel: [    1.790652] NET: Registered protocol family 2
Mar  9 10:51:43 Client02 kernel: [    1.794810] tcp_listen_portaddr_hash hash table entries: 4096 (order: 4, 65536 bytes)
Mar  9 10:51:43 Client02 kernel: [    1.801441] TCP established hash table entries: 65536 (order: 7, 524288 bytes)
Mar  9 10:51:43 Client02 kernel: [    1.807631] TCP bind hash table entries: 65536 (order: 8, 1048576 bytes)
Mar  9 10:51:43 Client02 kernel: [    1.813484] TCP: Hash tables configured (established 65536 bind 65536)
Mar  9 10:51:43 Client02 kernel: [    1.819083] UDP hash table entries: 4096 (order: 5, 131072 bytes)
Mar  9 10:51:43 Client02 kernel: [    1.824361] UDP-Lite hash table entries: 4096 (order: 5, 131072 bytes)
Mar  9 10:51:43 Client02 kernel: [    1.830027] NET: Registered protocol family 1
Mar  9 10:51:43 Client02 kernel: [    1.833963] NET: Registered protocol family 44
Mar  9 10:51:43 Client02 kernel: [    1.837504] pci 0000:00:00.0: Limiting direct PCI/PCI transfers
Mar  9 10:51:43 Client02 kernel: [    1.842758] pci 0000:00:08.0: Video device with shadowed ROM at [mem 0x000c0000-0x000dffff]
Mar  9 10:51:43 Client02 kernel: [    1.849298] PCI: CLS 0 bytes, default 64
Mar  9 10:51:43 Client02 kernel: [    1.849338] Unpacking initramfs...
Mar  9 10:51:43 Client02 kernel: [    2.150414] Freeing initrd memory: 19648K
Mar  9 10:51:43 Client02 kernel: [    2.154052] PCI-DMA: Using software bounce buffering for IO (SWIOTLB)
Mar  9 10:51:43 Client02 kernel: [    2.159153] software IO TLB: mapped [mem 0x3bff0000-0x3fff0000] (64MB)
Mar  9 10:51:43 Client02 kernel: [    2.164692] check: Scanning for low memory corruption every 60 seconds
Mar  9 10:51:43 Client02 kernel: [    2.172048] Initialise system trusted keyrings
Mar  9 10:51:43 Client02 kernel: [    2.175961] Key type blacklist registered
Mar  9 10:51:43 Client02 kernel: [    2.179823] workingset: timestamp_bits=36 max_order=21 bucket_order=0
Mar  9 10:51:43 Client02 kernel: [    2.186327] zbud: loaded
Mar  9 10:51:43 Client02 kernel: [    2.189893] squashfs: version 4.0 (2009/01/31) Phillip Lougher
Mar  9 10:51:43 Client02 kernel: [    2.196399] fuse init (API version 7.28)
Mar  9 10:51:43 Client02 kernel: [    2.232511] Key type asymmetric registered
Mar  9 10:51:43 Client02 kernel: [    2.236526] Asymmetric key parser 'x509' registered
Mar  9 10:51:43 Client02 kernel: [    2.241091] Block layer SCSI generic (bsg) driver version 0.4 loaded (major 243)
Mar  9 10:51:43 Client02 kernel: [    2.247586] shpchp: Standard Hot Plug PCI Controller Driver version: 0.4
Mar  9 10:51:43 Client02 kernel: [    2.253824] intel_idle: Please enable MWAIT in BIOS SETUP
Mar  9 10:51:43 Client02 kernel: [    2.253899] input: Power Button as /devices/LNXSYSTM:00/LNXPWRBN:00/input/input0
Mar  9 10:51:43 Client02 kernel: [    2.260001] ACPI: Power Button [PWRF]
Mar  9 10:51:43 Client02 kernel: [    2.263568] Serial: 8250/16550 driver, 32 ports, IRQ sharing enabled
Mar  9 10:51:43 Client02 kernel: [    2.299694] 00:03: ttyS0 at I/O 0x3f8 (irq = 4, base_baud = 115200) is a 16550A
Mar  9 10:51:43 Client02 kernel: [    2.335745] 00:04: ttyS1 at I/O 0x2f8 (irq = 3, base_baud = 115200) is a 16550A
Mar  9 10:51:43 Client02 kernel: [    2.343177] Linux agpgart interface v0.103
Mar  9 10:51:43 Client02 kernel: [    2.357099] loop: module loaded
Mar  9 10:51:43 Client02 kernel: [    2.359868] hv_vmbus: registering driver hv_storvsc
Mar  9 10:51:43 Client02 kernel: [    2.366393] ata_piix 0000:00:07.1: version 2.13
Mar  9 10:51:43 Client02 kernel: [    2.366799] ata_piix 0000:00:07.1: Hyper-V Virtual Machine detected, ATA device ignore set
Mar  9 10:51:43 Client02 kernel: [    2.375425] scsi host0: storvsc_host_t
Mar  9 10:51:43 Client02 kernel: [    2.376524] scsi host1: ata_piix
Mar  9 10:51:43 Client02 kernel: [    2.386284] scsi host2: ata_piix
Mar  9 10:51:43 Client02 kernel: [    2.389819] scsi 0:0:0:0: Direct-Access     Msft     Virtual Disk     1.0  PQ: 0 ANSI: 5
Mar  9 10:51:43 Client02 kernel: [    2.389877] ata1: PATA max UDMA/33 cmd 0x1f0 ctl 0x3f6 bmdma 0xffa0 irq 14
Mar  9 10:51:43 Client02 kernel: [    2.403013] ata2: PATA max UDMA/33 cmd 0x170 ctl 0x376 bmdma 0xffa8 irq 15
Mar  9 10:51:43 Client02 kernel: [    2.408367] libphy: Fixed MDIO Bus: probed
Mar  9 10:51:43 Client02 kernel: [    2.413194] sd 0:0:0:0: Attached scsi generic sg0 type 0
Mar  9 10:51:43 Client02 kernel: [    2.413599] tun: Universal TUN/TAP device driver, 1.6
Mar  9 10:51:43 Client02 kernel: [    2.430722] sd 0:0:0:0: [sda] 62916608 512-byte logical blocks: (32.2 GB/30.0 GiB)
Mar  9 10:51:43 Client02 kernel: [    2.436371] PPP generic driver version 2.4.2
Mar  9 10:51:43 Client02 kernel: [    2.444345] sd 0:0:0:0: [sda] 4096-byte physical blocks
Mar  9 10:51:43 Client02 kernel: [    2.444575] sd 0:0:0:0: [sda] Write Protect is off
Mar  9 10:51:43 Client02 kernel: [    2.449545] i8042: PNP: PS/2 Controller [PNP0303:PS2K,PNP0f03:PS2M] at 0x60,0x64 irq 1,12
Mar  9 10:51:43 Client02 kernel: [    2.454562] sd 0:0:0:0: [sda] Mode Sense: 0f 00 10 00
Mar  9 10:51:43 Client02 kernel: [    2.472648] serio: i8042 KBD port at 0x60,0x64 irq 1
Mar  9 10:51:43 Client02 kernel: [    2.478640] sd 0:0:0:0: [sda] Write cache: enabled, read cache: enabled, supports DPO and FUA
Mar  9 10:51:43 Client02 kernel: [    2.484542] serio: i8042 AUX port at 0x60,0x64 irq 12
Mar  9 10:51:43 Client02 kernel: [    2.502990] mousedev: PS/2 mouse device common for all mice
Mar  9 10:51:43 Client02 kernel: [    2.507561] scsi host3: storvsc_host_t
Mar  9 10:51:43 Client02 kernel: [    2.512140] rtc_cmos 00:00: RTC can wake from S4
Mar  9 10:51:43 Client02 kernel: [    2.522776] scsi 3:0:1:0: Direct-Access     Msft     Virtual Disk     1.0  PQ: 0 ANSI: 5
Mar  9 10:51:43 Client02 kernel: [    2.532273] sd 3:0:1:0: Attached scsi generic sg1 type 0
Mar  9 10:51:43 Client02 kernel: [    2.545121] sd 3:0:1:0: [sdb] 33554432 512-byte logical blocks: (17.2 GB/16.0 GiB)
Mar  9 10:51:43 Client02 kernel: [    2.546544] rtc_cmos 00:00: registered as rtc0
Mar  9 10:51:43 Client02 kernel: [    2.556383] sd 3:0:1:0: [sdb] 4096-byte physical blocks
Mar  9 10:51:43 Client02 kernel: [    2.556619] sd 3:0:1:0: [sdb] Write Protect is off
Mar  9 10:51:43 Client02 kernel: [    2.561204] GPT:Primary header thinks Alt. header is not at the end of the disk.
Mar  9 10:51:43 Client02 kernel: [    2.569046] sd 3:0:1:0: [sdb] Mode Sense: 0f 00 10 00
Mar  9 10:51:43 Client02 kernel: [    2.584276] GPT:4612095 != 62916607
Mar  9 10:51:43 Client02 kernel: [    2.593025] sd 3:0:1:0: [sdb] Write cache: disabled, read cache: enabled, supports DPO and FUA
Mar  9 10:51:43 Client02 kernel: [    2.598614] GPT:Alternate GPT header not at the end of the disk.
Mar  9 10:51:43 Client02 kernel: [    2.616714] GPT:4612095 != 62916607
Mar  9 10:51:43 Client02 kernel: [    2.621368] GPT: Use GNU Parted to correct GPT errors.
Mar  9 10:51:43 Client02 kernel: [    2.627752]  sda: sda1 sda14 sda15
Mar  9 10:51:43 Client02 kernel: [    2.632605] scsi host4: storvsc_host_t
Mar  9 10:51:43 Client02 kernel: [    2.646829] scsi host5: storvsc_host_t
Mar  9 10:51:43 Client02 kernel: [    2.656466] sd 0:0:0:0: [sda] Attached SCSI disk
Mar  9 10:51:43 Client02 kernel: [    2.668448] rtc_cmos 00:00: alarms up to one month, 114 bytes nvram
Mar  9 10:51:43 Client02 kernel: [    2.676839] device-mapper: uevent: version 1.0.3
Mar  9 10:51:43 Client02 kernel: [    2.682766] device-mapper: ioctl: 4.39.0-ioctl (2018-04-03) initialised: dm-devel@redhat.com
Mar  9 10:51:43 Client02 kernel: [    2.692215] platform eisa.0: Probing EISA bus 0
Mar  9 10:51:43 Client02 kernel: [    2.697798] platform eisa.0: EISA: Cannot allocate resource for mainboard
Mar  9 10:51:43 Client02 kernel: [    2.705469] platform eisa.0: Cannot allocate resource for EISA slot 1
Mar  9 10:51:43 Client02 kernel: [    2.713177] platform eisa.0: Cannot allocate resource for EISA slot 2
Mar  9 10:51:43 Client02 kernel: [    2.721333] platform eisa.0: Cannot allocate resource for EISA slot 3
Mar  9 10:51:43 Client02 kernel: [    2.729913] platform eisa.0: Cannot allocate resource for EISA slot 4
Mar  9 10:51:43 Client02 kernel: [    2.737539] platform eisa.0: Cannot allocate resource for EISA slot 5
Mar  9 10:51:43 Client02 kernel: [    2.745407] platform eisa.0: Cannot allocate resource for EISA slot 6
Mar  9 10:51:43 Client02 kernel: [    2.752740] platform eisa.0: Cannot allocate resource for EISA slot 7
Mar  9 10:51:43 Client02 kernel: [    2.760682] platform eisa.0: Cannot allocate resource for EISA slot 8
Mar  9 10:51:43 Client02 kernel: [    2.768313] platform eisa.0: EISA: Detected 0 cards
Mar  9 10:51:43 Client02 kernel: [    2.774649] NET: Registered protocol family 10
Mar  9 10:51:43 Client02 kernel: [    2.795120] Segment Routing with IPv6
Mar  9 10:51:43 Client02 kernel: [    2.799837] NET: Registered protocol family 17
Mar  9 10:51:43 Client02 kernel: [    2.805151] Key type dns_resolver registered
Mar  9 10:51:43 Client02 kernel: [    2.906133] input: AT Translated Set 2 keyboard as /devices/platform/i8042/serio0/input/input1
Mar  9 10:51:43 Client02 kernel: [    2.908607] mce: Using 1 MCE banks
Mar  9 10:51:43 Client02 kernel: [    2.918100] ata2.01: NODEV after polling detection
Mar  9 10:51:43 Client02 kernel: [    2.922658] RAS: Correctable Errors collector initialized.
Mar  9 10:51:43 Client02 kernel: [    2.929984] registered taskstats version 1
Mar  9 10:51:43 Client02 kernel: [    2.935073] Loading compiled-in X.509 certificates
Mar  9 10:51:43 Client02 kernel: [    2.980759] Loaded X.509 cert 'Build time autogenerated kernel key: 9c13c25bb46bb08aadac8fd6055952f30e111a90'
Mar  9 10:51:43 Client02 kernel: [    2.991854] zswap: loaded using pool lzo/zbud
Mar  9 10:51:43 Client02 kernel: [    3.028680] ata1.01: host indicates ignore ATA devices, ignored
Mar  9 10:51:43 Client02 kernel: [    3.030246] ata2.00: ATAPI: Virtual CD, , max MWDMA2
Mar  9 10:51:43 Client02 kernel: [    3.038571] ata1.00: host indicates ignore ATA devices, ignored
Mar  9 10:51:43 Client02 kernel: [    3.043862] scsi: waiting for bus probes to complete ...
Mar  9 10:51:43 Client02 kernel: [    3.050722]  sdb: sdb1
Mar  9 10:51:43 Client02 kernel: [    3.053235] Key type big_key registered
Mar  9 10:51:43 Client02 kernel: [    3.063541] Key type trusted registered
Mar  9 10:51:43 Client02 kernel: [    3.069679] sd 3:0:1:0: [sdb] Attached SCSI disk
Mar  9 10:51:43 Client02 kernel: [    3.071244] scsi 2:0:0:0: CD-ROM            Msft     Virtual CD/ROM   1.0  PQ: 0 ANSI: 5
Mar  9 10:51:43 Client02 kernel: [    3.086197] Key type encrypted registered
Mar  9 10:51:43 Client02 kernel: [    3.094314] AppArmor: AppArmor sha1 policy hashing enabled
Mar  9 10:51:43 Client02 kernel: [    3.100093] ima: No TPM chip found, activating TPM-bypass!
Mar  9 10:51:43 Client02 kernel: [    3.100094] sr 2:0:0:0: [sr0] scsi3-mmc drive: 0x/0x tray
Mar  9 10:51:43 Client02 kernel: [    3.100095] cdrom: Uniform CD-ROM driver Revision: 3.20
Mar  9 10:51:43 Client02 kernel: [    3.106265] ima: Allocated hash algorithm: sha1
Mar  9 10:51:43 Client02 kernel: [    3.120731] sr 2:0:0:0: Attached scsi CD-ROM sr0
Mar  9 10:51:43 Client02 kernel: [    3.128683] No architecture policies found
Mar  9 10:51:43 Client02 kernel: [    3.134865] sr 2:0:0:0: Attached scsi generic sg2 type 5
Mar  9 10:51:43 Client02 kernel: [    3.145521] evm: Initialising EVM extended attributes:
Mar  9 10:51:43 Client02 kernel: [    3.155926] evm: security.selinux
Mar  9 10:51:43 Client02 kernel: [    3.159167] evm: security.SMACK64
Mar  9 10:51:43 Client02 kernel: [    3.162416] evm: security.SMACK64EXEC
Mar  9 10:51:43 Client02 kernel: [    3.165813] evm: security.SMACK64TRANSMUTE
Mar  9 10:51:43 Client02 kernel: [    3.169511] evm: security.SMACK64MMAP
Mar  9 10:51:43 Client02 kernel: [    3.173139] evm: security.apparmor
Mar  9 10:51:43 Client02 kernel: [    3.176586] evm: security.ima
Mar  9 10:51:43 Client02 kernel: [    3.179644] evm: security.capability
Mar  9 10:51:43 Client02 kernel: [    3.183095] evm: HMAC attrs: 0x1
Mar  9 10:51:43 Client02 kernel: [    3.186712]   Magic number: 12:503:830
Mar  9 10:51:43 Client02 kernel: [    3.190844] rtc_cmos 00:00: setting system clock to 2020-03-09T10:50:45 UTC (1583751045)
Mar  9 10:51:43 Client02 kernel: [    3.200968] Unstable clock detected, switching default tracing clock to "global"
Mar  9 10:51:43 Client02 kernel: [    3.200968] If you want to keep using the local clock, then add:
Mar  9 10:51:43 Client02 kernel: [    3.200968]   "trace_clock=local"
Mar  9 10:51:43 Client02 kernel: [    3.200968] on the kernel command line
Mar  9 10:51:43 Client02 kernel: [    3.218894] Freeing unused decrypted memory: 2040K
Mar  9 10:51:43 Client02 kernel: [    3.224271] Freeing unused kernel image memory: 2360K
Mar  9 10:51:43 Client02 kernel: [    3.243605] Write protecting the kernel read-only data: 18432k
Mar  9 10:51:43 Client02 kernel: [    3.250004] Freeing unused kernel image memory: 2008K
Mar  9 10:51:43 Client02 kernel: [    3.254920] Freeing unused kernel image memory: 152K
Mar  9 10:51:43 Client02 kernel: [    3.269616] x86/mm: Checked W+X mappings: passed, no W+X pages found.
Mar  9 10:51:43 Client02 kernel: [    3.274838] x86/mm: Checking user space page tables
Mar  9 10:51:43 Client02 kernel: [    3.289384] x86/mm: Checked W+X mappings: passed, no W+X pages found.
Mar  9 10:51:43 Client02 kernel: [    3.294849] Run /init as init process
Mar  9 10:51:43 Client02 kernel: [    3.407163] hv_utils: Registering HyperV Utility Driver
Mar  9 10:51:43 Client02 kernel: [    3.412705] hv_vmbus: registering driver hv_utils
Mar  9 10:51:43 Client02 kernel: [    3.432399] hv_vmbus: registering driver hyperv_keyboard
Mar  9 10:51:43 Client02 kernel: [    3.439309] hidraw: raw HID events driver (C) Jiri Kosina
Mar  9 10:51:43 Client02 kernel: [    3.445076] hv_vmbus: registering driver hv_netvsc
Mar  9 10:51:43 Client02 kernel: [    3.450305] hv_vmbus: registering driver hyperv_fb
Mar  9 10:51:43 Client02 kernel: [    3.456339] hv_utils: Heartbeat IC version 3.0
Mar  9 10:51:43 Client02 kernel: [    3.456428] input: AT Translated Set 2 keyboard as /devices/LNXSYSTM:00/LNXSYBUS:00/PNP0A03:00/device:07/VMBUS:01/d34b2567-b9b6-42b9-8778-0a4ec0b955bf/serio2/input/input3
Mar  9 10:51:43 Client02 kernel: [    3.484906] hv_utils: Shutdown IC version 3.0
Mar  9 10:51:43 Client02 kernel: [    3.491046] hv_utils: TimeSync IC version 4.0
Mar  9 10:51:43 Client02 kernel: [    3.498664] hv_vmbus: registering driver hid_hyperv
Mar  9 10:51:43 Client02 kernel: [    3.498909] hv_utils: VSS IC version 5.0
Mar  9 10:51:43 Client02 kernel: [    3.511403] input: Microsoft Vmbus HID-compliant Mouse as /devices/0006:045E:0621.0001/input/input4
Mar  9 10:51:43 Client02 kernel: [    3.513515] hyperv_fb: Screen resolution: 1152x864, Color depth: 32
Mar  9 10:51:43 Client02 kernel: [    3.531640] hid 0006:045E:0621.0001: input: <UNKNOWN> HID v0.01 Mouse [Microsoft Vmbus HID-compliant Mouse] on 
Mar  9 10:51:43 Client02 kernel: [    3.552282] Console: switching to colour frame buffer device 144x54
Mar  9 10:51:43 Client02 kernel: [    3.593716] cryptd: max_cpu_qlen set to 1000
Mar  9 10:51:43 Client02 kernel: [    3.631484] AVX2 version of gcm_enc/dec engaged.
Mar  9 10:51:43 Client02 kernel: [    3.639185] AES CTR mode by8 optimization enabled
Mar  9 10:51:43 Client02 kernel: [    6.171537] raid6: avx512x4 gen() 29191 MB/s
Mar  9 10:51:43 Client02 kernel: [    6.219536] raid6: avx512x4 xor() 17788 MB/s
Mar  9 10:51:43 Client02 kernel: [    6.267533] raid6: avx512x2 gen() 28155 MB/s
Mar  9 10:51:43 Client02 kernel: [    6.315533] raid6: avx512x2 xor() 16923 MB/s
Mar  9 10:51:43 Client02 kernel: [    6.363538] raid6: avx512x1 gen() 22882 MB/s
Mar  9 10:51:43 Client02 kernel: [    6.411535] raid6: avx512x1 xor() 12949 MB/s
Mar  9 10:51:43 Client02 kernel: [    6.459536] raid6: avx2x4   gen() 23455 MB/s
Mar  9 10:51:43 Client02 kernel: [    6.507533] raid6: avx2x4   xor() 15311 MB/s
Mar  9 10:51:43 Client02 kernel: [    6.555534] raid6: avx2x2   gen() 20061 MB/s
Mar  9 10:51:43 Client02 kernel: [    6.604448] raid6: avx2x2   xor() 12911 MB/s
Mar  9 10:51:43 Client02 kernel: [    6.655534] raid6: avx2x1   gen() 15997 MB/s
Mar  9 10:51:43 Client02 kernel: [    6.707538] raid6: avx2x1   xor() 12691 MB/s
Mar  9 10:51:43 Client02 kernel: [    6.755539] raid6: sse2x4   gen() 12889 MB/s
Mar  9 10:51:43 Client02 kernel: [    6.803537] raid6: sse2x4   xor()  8159 MB/s
Mar  9 10:51:43 Client02 kernel: [    6.851536] raid6: sse2x2   gen() 10912 MB/s
Mar  9 10:51:43 Client02 kernel: [    6.899536] raid6: sse2x2   xor()  7085 MB/s
Mar  9 10:51:43 Client02 kernel: [    6.947533] raid6: sse2x1   gen()  9098 MB/s
Mar  9 10:51:43 Client02 kernel: [    6.995532] raid6: sse2x1   xor()  6559 MB/s
Mar  9 10:51:43 Client02 kernel: [    6.998544] raid6: using algorithm avx512x4 gen() 29191 MB/s
Mar  9 10:51:43 Client02 kernel: [    7.002561] raid6: .... xor() 17788 MB/s, rmw enabled
Mar  9 10:51:43 Client02 kernel: [    7.006299] raid6: using avx512x2 recovery algorithm
Mar  9 10:51:43 Client02 kernel: [    7.010981] xor: automatically using best checksumming function   avx       
Mar  9 10:51:43 Client02 kernel: [    7.018154] async_tx: api initialized (async)
Mar  9 10:51:43 Client02 kernel: [    7.076929] Btrfs loaded, crc32c=crc32c-intel
Mar  9 10:51:43 Client02 kernel: [    7.192492] EXT4-fs (sda1): mounted filesystem with ordered data mode. Opts: (null)
Mar  9 10:51:43 Client02 kernel: [    9.437260] Loading iSCSI transport class v2.0-870.
Mar  9 10:51:43 Client02 kernel: [    9.471350] EXT4-fs (sda1): re-mounted. Opts: discard
Mar  9 10:51:43 Client02 kernel: [    9.536300] iscsi: registered transport (tcp)
Mar  9 10:51:43 Client02 kernel: [    9.712493] iscsi: registered transport (iser)
Mar  9 10:51:43 Client02 kernel: [   10.154015] hv_vmbus: registering driver hv_balloon
Mar  9 10:51:43 Client02 kernel: [   10.155633] hv_balloon: Using Dynamic Memory protocol version 2.0
Mar  9 10:51:43 Client02 kernel: [   10.482604] KVM: vmx: using Hyper-V Enlightened VMCS
Mar  9 10:51:43 Client02 kernel: [   10.572181] hv_utils: KVP IC version 4.0
Mar  9 10:51:43 Client02 kernel: [   12.042953] audit: type=1400 audit(1583751054.909:2): apparmor="STATUS" operation="profile_load" profile="unconfined" name="/sbin/dhclient" pid=755 comm="apparmor_parser"
Mar  9 10:51:43 Client02 kernel: [   12.044108] audit: type=1400 audit(1583751054.913:3): apparmor="STATUS" operation="profile_load" profile="unconfined" name="/usr/lib/NetworkManager/nm-dhcp-client.action" pid=755 comm="apparmor_parser"
Mar  9 10:51:43 Client02 kernel: [   12.044672] audit: type=1400 audit(1583751054.913:4): apparmor="STATUS" operation="profile_load" profile="unconfined" name="/usr/lib/NetworkManager/nm-dhcp-helper" pid=755 comm="apparmor_parser"
Mar  9 10:51:43 Client02 kernel: [   12.045326] audit: type=1400 audit(1583751054.913:5): apparmor="STATUS" operation="profile_load" profile="unconfined" name="/usr/lib/connman/scripts/dhclient-script" pid=755 comm="apparmor_parser"
Mar  9 10:51:43 Client02 kernel: [   12.061281] audit: type=1400 audit(1583751054.929:6): apparmor="STATUS" operation="profile_load" profile="unconfined" name="/usr/bin/lxc-start" pid=773 comm="apparmor_parser"
Mar  9 10:51:43 Client02 kernel: [   12.158068] audit: type=1400 audit(1583751055.025:7): apparmor="STATUS" operation="profile_load" profile="unconfined" name="lxc-container-default" pid=756 comm="apparmor_parser"
Mar  9 10:51:43 Client02 kernel: [   12.158874] audit: type=1400 audit(1583751055.025:8): apparmor="STATUS" operation="profile_load" profile="unconfined" name="lxc-container-default-cgns" pid=756 comm="apparmor_parser"
Mar  9 10:51:43 Client02 kernel: [   12.159511] audit: type=1400 audit(1583751055.025:9): apparmor="STATUS" operation="profile_load" profile="unconfined" name="lxc-container-default-with-mounting" pid=756 comm="apparmor_parser"
Mar  9 10:51:43 Client02 kernel: [   12.160490] audit: type=1400 audit(1583751055.029:10): apparmor="STATUS" operation="profile_load" profile="unconfined" name="lxc-container-default-with-nesting" pid=756 comm="apparmor_parser"
Mar  9 10:51:43 Client02 kernel: [   12.167291] audit: type=1400 audit(1583751055.033:11): apparmor="STATUS" operation="profile_load" profile="unconfined" name="/usr/bin/man" pid=775 comm="apparmor_parser"
Mar  9 10:51:43 Client02 kernel: [   16.319920] UDF-fs: INFO Mounting volume 'UDF Volume', timestamp 2020/03/10 00:00 (1000)
Mar  9 10:51:43 Client02 kernel: [   16.454989] IPv6: ADDRCONF(NETDEV_CHANGE): eth0: link becomes ready
Mar  9 10:51:43 Client02 kernel: [   54.377843] EXT4-fs (sda1): resizing filesystem from 548091 to 7836155 blocks
Mar  9 10:51:43 Client02 kernel: [   56.211829] EXT4-fs (sda1): resized filesystem to 7836155
Mar  9 10:51:43 Client02 kernel: [   56.551828]  sdb: sdb1
Mar  9 10:51:43 Client02 kernel: [   58.253606] hv_balloon: Max. dynamic memory size: 8192 MB
Mar  9 10:51:43 Client02 kernel: [   58.853163] EXT4-fs (sdb1): mounted filesystem with ordered data mode. Opts: (null)
Mar  9 10:51:43 Client02 kernel: [   59.948253] hv_utils: VSS: userspace daemon ver. 129 connected
Mar  9 10:51:43 Client02 kernel: [   60.416674] new mount options do not match the existing superblock, will be ignored
Mar  9 10:51:45 Client02 kernel: [   62.519239] bpfilter: Loaded bpfilter_umh pid 1462
Mar  9 10:57:18 Client02 kernel: [  395.441009] hv_utils: Shutdown request received - graceful shutdown initiated
Mar  9 12:00:45 Client02 kernel: [    0.000000] Linux version 5.0.0-1032-azure (buildd@lcy01-amd64-016) (gcc version 7.4.0 (Ubuntu 7.4.0-1ubuntu1~18.04.1)) #34-Ubuntu SMP Mon Feb 10 19:37:25 UTC 2020 (Ubuntu 5.0.0-1032.34-azure 5.0.21)
Mar  9 12:00:45 Client02 kernel: [    0.000000] Command line: BOOT_IMAGE=/boot/vmlinuz-5.0.0-1032-azure root=UUID=5604f71e-1e5f-443c-a99e-b82bb5c201df ro console=tty1 console=ttyS0 earlyprintk=ttyS0 rootdelay=300
Mar  9 12:00:45 Client02 kernel: [    0.000000] KERNEL supported cpus:
Mar  9 12:00:45 Client02 kernel: [    0.000000]   Intel GenuineIntel
Mar  9 12:00:45 Client02 kernel: [    0.000000]   AMD AuthenticAMD
Mar  9 12:00:45 Client02 kernel: [    0.000000]   Hygon HygonGenuine
Mar  9 12:00:45 Client02 kernel: [    0.000000]   Centaur CentaurHauls
Mar  9 12:00:45 Client02 kernel: [    0.000000] x86/fpu: Supporting XSAVE feature 0x001: 'x87 floating point registers'
Mar  9 12:00:45 Client02 kernel: [    0.000000] x86/fpu: Supporting XSAVE feature 0x002: 'SSE registers'
Mar  9 12:00:45 Client02 kernel: [    0.000000] x86/fpu: Supporting XSAVE feature 0x004: 'AVX registers'
Mar  9 12:00:45 Client02 kernel: [    0.000000] x86/fpu: xstate_offset[2]:  576, xstate_sizes[2]:  256
Mar  9 12:00:45 Client02 kernel: [    0.000000] x86/fpu: Enabled xstate features 0x7, context size is 832 bytes, using 'standard' format.
Mar  9 12:00:45 Client02 kernel: [    0.000000] BIOS-provided physical RAM map:
Mar  9 12:00:45 Client02 kernel: [    0.000000] BIOS-e820: [mem 0x0000000000000000-0x000000000009fbff] usable
Mar  9 12:00:45 Client02 kernel: [    0.000000] BIOS-e820: [mem 0x000000000009fc00-0x000000000009ffff] reserved
Mar  9 12:00:45 Client02 kernel: [    0.000000] BIOS-e820: [mem 0x00000000000e0000-0x00000000000fffff] reserved
Mar  9 12:00:45 Client02 kernel: [    0.000000] BIOS-e820: [mem 0x0000000000100000-0x000000003ffeffff] usable
Mar  9 12:00:45 Client02 kernel: [    0.000000] BIOS-e820: [mem 0x000000003fff0000-0x000000003fffefff] ACPI data
Mar  9 12:00:45 Client02 kernel: [    0.000000] BIOS-e820: [mem 0x000000003ffff000-0x000000003fffffff] ACPI NVS
Mar  9 12:00:45 Client02 kernel: [    0.000000] BIOS-e820: [mem 0x0000000100000000-0x00000002bfffffff] usable
Mar  9 12:00:45 Client02 kernel: [    0.000000] printk: bootconsole [earlyser0] enabled
Mar  9 12:00:45 Client02 kernel: [    0.000000] NX (Execute Disable) protection: active
Mar  9 12:00:45 Client02 kernel: [    0.000000] SMBIOS 2.3 present.
Mar  9 12:00:45 Client02 kernel: [    0.000000] DMI: Microsoft Corporation Virtual Machine/Virtual Machine, BIOS 090007  06/02/2017
Mar  9 12:00:45 Client02 kernel: [    0.000000] Hypervisor detected: Microsoft Hyper-V
Mar  9 12:00:45 Client02 kernel: [    0.000000] Hyper-V: features 0x2e7f, hints 0x44c2c
Mar  9 12:00:45 Client02 kernel: [    0.000000] Hyper-V Host Build:14393-10.0-0-0.305
Mar  9 12:00:45 Client02 kernel: [    0.000000] Hyper-V: LAPIC Timer Frequency: 0xc3500
Mar  9 12:00:45 Client02 kernel: [    0.000000] tsc: Marking TSC unstable due to running on Hyper-V
Mar  9 12:00:45 Client02 kernel: [    0.000000] Hyper-V: Using hypercall for remote TLB flush
Mar  9 12:00:45 Client02 kernel: [    0.000000] tsc: Detected 2294.684 MHz processor
Mar  9 12:00:45 Client02 kernel: [    0.001419] e820: update [mem 0x00000000-0x00000fff] usable ==> reserved
Mar  9 12:00:45 Client02 kernel: [    0.001421] e820: remove [mem 0x000a0000-0x000fffff] usable
Mar  9 12:00:45 Client02 kernel: [    0.001441] last_pfn = 0x2c0000 max_arch_pfn = 0x400000000
Mar  9 12:00:45 Client02 kernel: [    0.005179] MTRR default type: uncachable
Mar  9 12:00:45 Client02 kernel: [    0.005180] MTRR fixed ranges enabled:
Mar  9 12:00:45 Client02 kernel: [    0.005181]   00000-9FFFF write-back
Mar  9 12:00:45 Client02 kernel: [    0.005182]   A0000-DFFFF uncachable
Mar  9 12:00:45 Client02 kernel: [    0.005183]   E0000-FFFFF write-back
Mar  9 12:00:45 Client02 kernel: [    0.005183] MTRR variable ranges enabled:
Mar  9 12:00:45 Client02 kernel: [    0.005185]   0 base 00000000000 mask FFFC0000000 write-back
Mar  9 12:00:45 Client02 kernel: [    0.005185]   1 base 00100000000 mask FF000000000 write-back
Mar  9 12:00:45 Client02 kernel: [    0.005186]   2 disabled
Mar  9 12:00:45 Client02 kernel: [    0.005186]   3 disabled
Mar  9 12:00:45 Client02 kernel: [    0.005187]   4 disabled
Mar  9 12:00:45 Client02 kernel: [    0.005187]   5 disabled
Mar  9 12:00:45 Client02 kernel: [    0.005188]   6 disabled
Mar  9 12:00:45 Client02 kernel: [    0.005188]   7 disabled
Mar  9 12:00:45 Client02 kernel: [    0.005200] x86/PAT: Configuration [0-7]: WB  WC  UC- UC  WB  WP  UC- WT  
Mar  9 12:00:45 Client02 kernel: [    0.010312] e820: update [mem 0x40000000-0xffffffff] usable ==> reserved
Mar  9 12:00:45 Client02 kernel: [    0.012233] last_pfn = 0x3fff0 max_arch_pfn = 0x400000000
Mar  9 12:00:45 Client02 kernel: [    0.023706] found SMP MP-table at [mem 0x000ff780-0x000ff78f]
Mar  9 12:00:45 Client02 kernel: [    0.027172] check: Scanning 1 areas for low memory corruption
Mar  9 12:00:45 Client02 kernel: [    0.030439] Using GB pages for direct mapping
Mar  9 12:00:45 Client02 kernel: [    0.033096] BRK [0x1e3802000, 0x1e3802fff] PGTABLE
Mar  9 12:00:45 Client02 kernel: [    0.033098] BRK [0x1e3803000, 0x1e3803fff] PGTABLE
Mar  9 12:00:45 Client02 kernel: [    0.033099] BRK [0x1e3804000, 0x1e3804fff] PGTABLE
Mar  9 12:00:45 Client02 kernel: [    0.033126] BRK [0x1e3805000, 0x1e3805fff] PGTABLE
Mar  9 12:00:45 Client02 kernel: [    0.033179] BRK [0x1e3806000, 0x1e3806fff] PGTABLE
Mar  9 12:00:45 Client02 kernel: [    0.033204] RAMDISK: [mem 0x3598f000-0x36cbefff]
Mar  9 12:00:45 Client02 kernel: [    0.035958] ACPI: Early table checksum verification disabled
Mar  9 12:00:45 Client02 kernel: [    0.039736] ACPI: RSDP 0x00000000000F5BF0 000014 (v00 ACPIAM)
Mar  9 12:00:45 Client02 kernel: [    0.043976] ACPI: RSDT 0x000000003FFF0000 000040 (v01 VRTUAL MICROSFT 06001702 MSFT 00000097)
Mar  9 12:00:45 Client02 kernel: [    0.048778] ACPI: FACP 0x000000003FFF0200 000081 (v02 VRTUAL MICROSFT 06001702 MSFT 00000097)
Mar  9 12:00:45 Client02 kernel: [    0.053951] ACPI: DSDT 0x000000003FFF1D24 003CBE (v01 MSFTVM MSFTVM02 00000002 INTL 02002026)
Mar  9 12:00:45 Client02 kernel: [    0.058730] ACPI: FACS 0x000000003FFFF000 000040
Mar  9 12:00:45 Client02 kernel: [    0.061351] ACPI: WAET 0x000000003FFF1A80 000028 (v01 VRTUAL MICROSFT 06001702 MSFT 00000097)
Mar  9 12:00:45 Client02 kernel: [    0.065776] ACPI: SLIC 0x000000003FFF1AC0 000176 (v01 VRTUAL MICROSFT 06001702 MSFT 00000097)
Mar  9 12:00:45 Client02 kernel: [    0.071168] ACPI: OEM0 0x000000003FFF1CC0 000064 (v01 VRTUAL MICROSFT 06001702 MSFT 00000097)
Mar  9 12:00:45 Client02 kernel: [    0.076543] ACPI: SRAT 0x000000003FFF0800 000140 (v02 VRTUAL MICROSFT 00000001 MSFT 00000001)
Mar  9 12:00:45 Client02 kernel: [    0.082131] ACPI: APIC 0x000000003FFF0300 000452 (v01 VRTUAL MICROSFT 06001702 MSFT 00000097)
Mar  9 12:00:45 Client02 kernel: [    0.087474] ACPI: OEMB 0x000000003FFFF040 000064 (v01 VRTUAL MICROSFT 06001702 MSFT 00000097)
Mar  9 12:00:45 Client02 kernel: [    0.092406] ACPI: Local APIC address 0xfee00000
Mar  9 12:00:45 Client02 kernel: [    0.092443] SRAT: PXM 0 -> APIC 0x00 -> Node 0
Mar  9 12:00:45 Client02 kernel: [    0.094946] SRAT: PXM 0 -> APIC 0x01 -> Node 0
Mar  9 12:00:45 Client02 kernel: [    0.097729] ACPI: SRAT: Node 0 PXM 0 [mem 0x00000000-0x3fffffff] hotplug
Mar  9 12:00:45 Client02 kernel: [    0.101557] ACPI: SRAT: Node 0 PXM 0 [mem 0x100000000-0x2bfffffff] hotplug
Mar  9 12:00:45 Client02 kernel: [    0.105782] ACPI: SRAT: Node 0 PXM 0 [mem 0x2c0200000-0xfdfffffff] hotplug
Mar  9 12:00:45 Client02 kernel: [    0.109992] ACPI: SRAT: Node 0 PXM 0 [mem 0x1000000000-0xffffffffff] hotplug
Mar  9 12:00:45 Client02 kernel: [    0.113976] ACPI: SRAT: Node 0 PXM 0 [mem 0x10000200000-0x1ffffffffff] hotplug
Mar  9 12:00:45 Client02 kernel: [    0.118182] ACPI: SRAT: Node 0 PXM 0 [mem 0x20000200000-0x3ffffffffff] hotplug
Mar  9 12:00:45 Client02 kernel: [    0.122508] NUMA: Node 0 [mem 0x00000000-0x3fffffff] + [mem 0x100000000-0x2bfffffff] -> [mem 0x00000000-0x2bfffffff]
Mar  9 12:00:45 Client02 kernel: [    0.128883] NODE_DATA(0) allocated [mem 0x2bffd5000-0x2bfffffff]
Mar  9 12:00:45 Client02 kernel: [    0.132637] Zone ranges:
Mar  9 12:00:45 Client02 kernel: [    0.134090]   DMA      [mem 0x0000000000001000-0x0000000000ffffff]
Mar  9 12:00:45 Client02 kernel: [    0.137937]   DMA32    [mem 0x0000000001000000-0x00000000ffffffff]
Mar  9 12:00:45 Client02 kernel: [    0.141629]   Normal   [mem 0x0000000100000000-0x00000002bfffffff]
Mar  9 12:00:45 Client02 kernel: [    0.145328]   Device   empty
Mar  9 12:00:45 Client02 kernel: [    0.146984] Movable zone start for each node
Mar  9 12:00:45 Client02 kernel: [    0.149382] Early memory node ranges
Mar  9 12:00:45 Client02 kernel: [    0.151496]   node   0: [mem 0x0000000000001000-0x000000000009efff]
Mar  9 12:00:45 Client02 kernel: [    0.155245]   node   0: [mem 0x0000000000100000-0x000000003ffeffff]
Mar  9 12:00:45 Client02 kernel: [    0.159144]   node   0: [mem 0x0000000100000000-0x00000002bfffffff]
Mar  9 12:00:45 Client02 kernel: [    0.163321] Zeroed struct page in unavailable ranges: 114 pages
Mar  9 12:00:45 Client02 kernel: [    0.163323] Initmem setup node 0 [mem 0x0000000000001000-0x00000002bfffffff]
Mar  9 12:00:45 Client02 kernel: [    0.170970] On node 0 totalpages: 2097038
Mar  9 12:00:45 Client02 kernel: [    0.170971]   DMA zone: 64 pages used for memmap
Mar  9 12:00:45 Client02 kernel: [    0.170971]   DMA zone: 21 pages reserved
Mar  9 12:00:45 Client02 kernel: [    0.170972]   DMA zone: 3998 pages, LIFO batch:0
Mar  9 12:00:45 Client02 kernel: [    0.171161]   DMA32 zone: 4032 pages used for memmap
Mar  9 12:00:45 Client02 kernel: [    0.171162]   DMA32 zone: 258032 pages, LIFO batch:63
Mar  9 12:00:45 Client02 kernel: [    0.180063]   Normal zone: 28672 pages used for memmap
Mar  9 12:00:45 Client02 kernel: [    0.180064]   Normal zone: 1835008 pages, LIFO batch:63
Mar  9 12:00:45 Client02 kernel: [    0.233231] ACPI: PM-Timer IO Port: 0x408
Mar  9 12:00:45 Client02 kernel: [    0.236185] ACPI: Local APIC address 0xfee00000
Mar  9 12:00:45 Client02 kernel: [    0.236196] ACPI: LAPIC_NMI (acpi_id[0xff] dfl dfl lint[0x1])
Mar  9 12:00:45 Client02 kernel: [    0.240907] IOAPIC[0]: apic_id 0, version 17, address 0xfec00000, GSI 0-23
Mar  9 12:00:45 Client02 kernel: [    0.245893] ACPI: INT_SRC_OVR (bus 0 bus_irq 0 global_irq 2 dfl dfl)
Mar  9 12:00:45 Client02 kernel: [    0.250104] ACPI: INT_SRC_OVR (bus 0 bus_irq 9 global_irq 9 high level)
Mar  9 12:00:45 Client02 kernel: [    0.254520] ACPI: IRQ0 used by override.
Mar  9 12:00:45 Client02 kernel: [    0.254521] ACPI: IRQ9 used by override.
Mar  9 12:00:45 Client02 kernel: [    0.254523] Using ACPI (MADT) for SMP configuration information
Mar  9 12:00:45 Client02 kernel: [    0.258837] smpboot: Allowing 128 CPUs, 126 hotplug CPUs
Mar  9 12:00:45 Client02 kernel: [    0.262418] PM: Registered nosave memory: [mem 0x00000000-0x00000fff]
Mar  9 12:00:45 Client02 kernel: [    0.267840] PM: Registered nosave memory: [mem 0x0009f000-0x0009ffff]
Mar  9 12:00:45 Client02 kernel: [    0.273009] PM: Registered nosave memory: [mem 0x000a0000-0x000dffff]
Mar  9 12:00:45 Client02 kernel: [    0.277011] PM: Registered nosave memory: [mem 0x000e0000-0x000fffff]
Mar  9 12:00:45 Client02 kernel: [    0.281197] PM: Registered nosave memory: [mem 0x3fff0000-0x3fffefff]
Mar  9 12:00:45 Client02 kernel: [    0.285764] PM: Registered nosave memory: [mem 0x3ffff000-0x3fffffff]
Mar  9 12:00:45 Client02 kernel: [    0.290192] PM: Registered nosave memory: [mem 0x40000000-0xffffffff]
Mar  9 12:00:45 Client02 kernel: [    0.294882] [mem 0x40000000-0xffffffff] available for PCI devices
Mar  9 12:00:45 Client02 kernel: [    0.298811] Booting paravirtualized kernel on bare hardware
Mar  9 12:00:45 Client02 kernel: [    0.303487] clocksource: refined-jiffies: mask: 0xffffffff max_cycles: 0xffffffff, max_idle_ns: 7645519600211568 ns
Mar  9 12:00:45 Client02 kernel: [    0.310819] random: get_random_bytes called from start_kernel+0x93/0x503 with crng_init=0
Mar  9 12:00:45 Client02 kernel: [    0.316535] setup_percpu: NR_CPUS:8192 nr_cpumask_bits:128 nr_cpu_ids:128 nr_node_ids:1
Mar  9 12:00:45 Client02 kernel: [    0.330026] percpu: Embedded 45 pages/cpu s147456 r8192 d28672 u262144
Mar  9 12:00:45 Client02 kernel: [    0.335093] pcpu-alloc: s147456 r8192 d28672 u262144 alloc=1*2097152
Mar  9 12:00:45 Client02 kernel: [    0.335094] pcpu-alloc: [0] 000 001 002 003 004 005 006 007 
Mar  9 12:00:45 Client02 kernel: [    0.335096] pcpu-alloc: [0] 008 009 010 011 012 013 014 015 
Mar  9 12:00:45 Client02 kernel: [    0.335098] pcpu-alloc: [0] 016 017 018 019 020 021 022 023 
Mar  9 12:00:45 Client02 kernel: [    0.335100] pcpu-alloc: [0] 024 025 026 027 028 029 030 031 
Mar  9 12:00:45 Client02 kernel: [    0.335102] pcpu-alloc: [0] 032 033 034 035 036 037 038 039 
Mar  9 12:00:45 Client02 kernel: [    0.335104] pcpu-alloc: [0] 040 041 042 043 044 045 046 047 
Mar  9 12:00:45 Client02 kernel: [    0.335105] pcpu-alloc: [0] 048 049 050 051 052 053 054 055 
Mar  9 12:00:45 Client02 kernel: [    0.335107] pcpu-alloc: [0] 056 057 058 059 060 061 062 063 
Mar  9 12:00:45 Client02 kernel: [    0.335109] pcpu-alloc: [0] 064 065 066 067 068 069 070 071 
Mar  9 12:00:45 Client02 kernel: [    0.335111] pcpu-alloc: [0] 072 073 074 075 076 077 078 079 
Mar  9 12:00:45 Client02 kernel: [    0.335112] pcpu-alloc: [0] 080 081 082 083 084 085 086 087 
Mar  9 12:00:45 Client02 kernel: [    0.335114] pcpu-alloc: [0] 088 089 090 091 092 093 094 095 
Mar  9 12:00:45 Client02 kernel: [    0.335116] pcpu-alloc: [0] 096 097 098 099 100 101 102 103 
Mar  9 12:00:45 Client02 kernel: [    0.335118] pcpu-alloc: [0] 104 105 106 107 108 109 110 111 
Mar  9 12:00:45 Client02 kernel: [    0.335119] pcpu-alloc: [0] 112 113 114 115 116 117 118 119 
Mar  9 12:00:45 Client02 kernel: [    0.335121] pcpu-alloc: [0] 120 121 122 123 124 125 126 127 
Mar  9 12:00:45 Client02 kernel: [    0.335149] Hyper-V: PV spinlocks enabled
Mar  9 12:00:45 Client02 kernel: [    0.338143] PV qspinlock hash table entries: 512 (order: 1, 8192 bytes)
Mar  9 12:00:45 Client02 kernel: [    0.342893] Built 1 zonelists, mobility grouping on.  Total pages: 2064249
Mar  9 12:00:45 Client02 kernel: [    0.347841] Policy zone: Normal
Mar  9 12:00:45 Client02 kernel: [    0.349885] Kernel command line: BOOT_IMAGE=/boot/vmlinuz-5.0.0-1032-azure root=UUID=5604f71e-1e5f-443c-a99e-b82bb5c201df ro console=tty1 console=ttyS0 earlyprintk=ttyS0 rootdelay=300
Mar  9 12:00:45 Client02 kernel: [    0.363775] printk: log_buf_len individual max cpu contribution: 4096 bytes
Mar  9 12:00:45 Client02 kernel: [    0.368209] printk: log_buf_len total cpu_extra contributions: 520192 bytes
Mar  9 12:00:45 Client02 kernel: [    0.373804] printk: log_buf_len min size: 262144 bytes
Mar  9 12:00:45 Client02 kernel: [    0.377820] printk: log_buf_len: 1048576 bytes
Mar  9 12:00:45 Client02 kernel: [    0.380990] printk: early log buf free: 251912(96%)
Mar  9 12:00:45 Client02 kernel: [    0.399028] Calgary: detecting Calgary via BIOS EBDA area
Mar  9 12:00:45 Client02 kernel: [    0.399029] Calgary: Unable to locate Rio Grande table in EBDA - bailing!
Mar  9 12:00:45 Client02 kernel: [    0.424383] Memory: 8118156K/8388152K available (12292K kernel code, 2233K rwdata, 3944K rodata, 2360K init, 5524K bss, 269996K reserved, 0K cma-reserved)
Mar  9 12:00:45 Client02 kernel: [    0.434825] SLUB: HWalign=64, Order=0-3, MinObjects=0, CPUs=128, Nodes=1
Mar  9 12:00:45 Client02 kernel: [    0.438639] Kernel/User page tables isolation: enabled
Mar  9 12:00:45 Client02 kernel: [    0.442519] ftrace: allocating 38709 entries in 152 pages
Mar  9 12:00:45 Client02 kernel: [    0.463293] rcu: Hierarchical RCU implementation.
Mar  9 12:00:45 Client02 kernel: [    0.466806] rcu: 	RCU restricting CPUs from NR_CPUS=8192 to nr_cpu_ids=128.
Mar  9 12:00:45 Client02 kernel: [    0.472176] 	Tasks RCU enabled.
Mar  9 12:00:45 Client02 kernel: [    0.473977] rcu: RCU calculated value of scheduler-enlistment delay is 25 jiffies.
Mar  9 12:00:45 Client02 kernel: [    0.479001] rcu: Adjusting geometry for rcu_fanout_leaf=16, nr_cpu_ids=128
Mar  9 12:00:45 Client02 kernel: [    0.487355] NR_IRQS: 524544, nr_irqs: 1448, preallocated irqs: 16
Mar  9 12:00:45 Client02 kernel: [    0.497327] Console: colour VGA+ 80x25
Mar  9 12:00:45 Client02 kernel: [    1.076040] printk: console [tty1] enabled
Mar  9 12:00:45 Client02 kernel: [    1.079537] printk: console [ttyS0] enabled
Mar  9 12:00:45 Client02 kernel: [    1.085349] printk: bootconsole [earlyser0] disabled
Mar  9 12:00:45 Client02 kernel: [    1.091991] ACPI: Core revision 20181213
Mar  9 12:00:45 Client02 kernel: [    1.095318] APIC: Switch to symmetric I/O mode setup
Mar  9 12:00:45 Client02 kernel: [    1.099344] Switched APIC routing to physical flat.
Mar  9 12:00:45 Client02 kernel: [    1.103385] Hyper-V: Using IPI hypercalls
Mar  9 12:00:45 Client02 kernel: [    1.107395] Hyper-V: Using enlightened APIC (xapic mode)
Mar  9 12:00:45 Client02 kernel: [    1.107423] clocksource: hyperv_clocksource_tsc_page: mask: 0xffffffffffffffff max_cycles: 0x24e6a1710, max_idle_ns: 440795202120 ns
Mar  9 12:00:45 Client02 kernel: [    1.155234] Calibrating delay loop (skipped), value calculated using timer frequency.. 4589.36 BogoMIPS (lpj=9178736)
Mar  9 12:00:45 Client02 kernel: [    1.159220] pid_max: default: 131072 minimum: 1024
Mar  9 12:00:45 Client02 kernel: [    1.159220] LSM: Security Framework initializing
Mar  9 12:00:45 Client02 kernel: [    1.159220] Yama: becoming mindful.
Mar  9 12:00:45 Client02 kernel: [    1.159220] AppArmor: AppArmor initialized
Mar  9 12:00:45 Client02 kernel: [    1.159220] Dentry cache hash table entries: 1048576 (order: 11, 8388608 bytes)
Mar  9 12:00:45 Client02 kernel: [    1.159220] Inode-cache hash table entries: 524288 (order: 10, 4194304 bytes)
Mar  9 12:00:45 Client02 kernel: [    1.159220] Mount-cache hash table entries: 16384 (order: 5, 131072 bytes)
Mar  9 12:00:45 Client02 kernel: [    1.159220] Mountpoint-cache hash table entries: 16384 (order: 5, 131072 bytes)
Mar  9 12:00:45 Client02 kernel: [    1.159220] Last level iTLB entries: 4KB 64, 2MB 8, 4MB 8
Mar  9 12:00:45 Client02 kernel: [    1.159220] Last level dTLB entries: 4KB 64, 2MB 0, 4MB 0, 1GB 4
Mar  9 12:00:45 Client02 kernel: [    1.159220] Spectre V1 : Mitigation: usercopy/swapgs barriers and __user pointer sanitization
Mar  9 12:00:45 Client02 kernel: [    1.159220] Spectre V2 : Mitigation: Full generic retpoline
Mar  9 12:00:45 Client02 kernel: [    1.159220] Spectre V2 : Spectre v2 / SpectreRSB mitigation: Filling RSB on context switch
Mar  9 12:00:45 Client02 kernel: [    1.159220] Speculative Store Bypass: Vulnerable
Mar  9 12:00:45 Client02 kernel: [    1.159220] TAA: Mitigation: Clear CPU buffers
Mar  9 12:00:45 Client02 kernel: [    1.159220] MDS: Mitigation: Clear CPU buffers
Mar  9 12:00:45 Client02 kernel: [    1.159220] Freeing SMP alternatives memory: 36K
Mar  9 12:00:45 Client02 kernel: [    1.159220] smpboot: CPU0: Intel(R) Xeon(R) CPU E5-2673 v4 @ 2.30GHz (family: 0x6, model: 0x4f, stepping: 0x1)
Mar  9 12:00:45 Client02 kernel: [    1.159433] Performance Events: unsupported p6 CPU model 79 no PMU driver, software events only.
Mar  9 12:00:45 Client02 kernel: [    1.163271] rcu: Hierarchical SRCU implementation.
Mar  9 12:00:45 Client02 kernel: [    1.167833] random: crng done (trusting CPU's manufacturer)
Mar  9 12:00:45 Client02 kernel: [    1.171254] NMI watchdog: Perf NMI watchdog permanently disabled
Mar  9 12:00:45 Client02 kernel: [    1.176868] smp: Bringing up secondary CPUs ...
Mar  9 12:00:45 Client02 kernel: [    1.179348] x86: Booting SMP configuration:
Mar  9 12:00:45 Client02 kernel: [    1.183225] .... node  #0, CPUs:          #1
Mar  9 12:00:45 Client02 kernel: [    1.187658] MDS CPU bug present and SMT on, data leak possible. See https://www.kernel.org/doc/html/latest/admin-guide/hw-vuln/mds.html for more details.
Mar  9 12:00:45 Client02 kernel: [    1.195222] TAA CPU bug present and SMT on, data leak possible. See https://www.kernel.org/doc/html/latest/admin-guide/hw-vuln/tsx_async_abort.html for more details.
Mar  9 12:00:45 Client02 kernel: [    1.199223] smp: Brought up 1 node, 2 CPUs
Mar  9 12:00:45 Client02 kernel: [    1.203222] smpboot: Max logical packages: 64
Mar  9 12:00:45 Client02 kernel: [    1.207223] smpboot: Total of 2 processors activated (9178.73 BogoMIPS)
Mar  9 12:00:45 Client02 kernel: [    1.212081] devtmpfs: initialized
Mar  9 12:00:45 Client02 kernel: [    1.215307] x86/mm: Memory block size: 128MB
Mar  9 12:00:45 Client02 kernel: [    1.220020] PM: Registering ACPI NVS region [mem 0x3ffff000-0x3fffffff] (4096 bytes)
Mar  9 12:00:45 Client02 kernel: [    1.227424] clocksource: jiffies: mask: 0xffffffff max_cycles: 0xffffffff, max_idle_ns: 7645041785100000 ns
Mar  9 12:00:45 Client02 kernel: [    1.231318] futex hash table entries: 32768 (order: 9, 2097152 bytes)
Mar  9 12:00:45 Client02 kernel: [    1.235936] pinctrl core: initialized pinctrl subsystem
Mar  9 12:00:45 Client02 kernel: [    1.243706] RTC time: 12:00:23, date: 2020-03-09
Mar  9 12:00:45 Client02 kernel: [    1.247352] NET: Registered protocol family 16
Mar  9 12:00:45 Client02 kernel: [    1.250911] audit: initializing netlink subsys (disabled)
Mar  9 12:00:45 Client02 kernel: [    1.251254] audit: type=2000 audit(1583755222.096:1): state=initialized audit_enabled=0 res=1
Mar  9 12:00:45 Client02 kernel: [    1.251254] EISA bus registered
Mar  9 12:00:45 Client02 kernel: [    1.259278] cpuidle: using governor ladder
Mar  9 12:00:45 Client02 kernel: [    1.263239] cpuidle: using governor menu
Mar  9 12:00:45 Client02 kernel: [    1.267302] ACPI: bus type PCI registered
Mar  9 12:00:45 Client02 kernel: [    1.271222] acpiphp: ACPI Hot Plug PCI Controller Driver version: 0.5
Mar  9 12:00:45 Client02 kernel: [    1.275825] PCI: Using configuration type 1 for base access
Mar  9 12:00:45 Client02 kernel: [    1.280437] HugeTLB registered 1.00 GiB page size, pre-allocated 0 pages
Mar  9 12:00:45 Client02 kernel: [    1.287238] HugeTLB registered 2.00 MiB page size, pre-allocated 0 pages
Mar  9 12:00:45 Client02 kernel: [    1.295442] ACPI: Added _OSI(Module Device)
Mar  9 12:00:45 Client02 kernel: [    1.299228] ACPI: Added _OSI(Processor Device)
Mar  9 12:00:45 Client02 kernel: [    1.303228] ACPI: Added _OSI(3.0 _SCP Extensions)
Mar  9 12:00:45 Client02 kernel: [    1.307222] ACPI: Added _OSI(Processor Aggregator Device)
Mar  9 12:00:45 Client02 kernel: [    1.311223] ACPI: Added _OSI(Linux-Dell-Video)
Mar  9 12:00:45 Client02 kernel: [    1.315223] ACPI: Added _OSI(Linux-Lenovo-NV-HDMI-Audio)
Mar  9 12:00:45 Client02 kernel: [    1.319223] ACPI: Added _OSI(Linux-HPI-Hybrid-Graphics)
Mar  9 12:00:45 Client02 kernel: [    1.327803] ACPI: 1 ACPI AML tables successfully acquired and loaded
Mar  9 12:00:45 Client02 kernel: [    1.339670] ACPI: Interpreter enabled
Mar  9 12:00:45 Client02 kernel: [    1.342718] ACPI: (supports S0 S5)
Mar  9 12:00:45 Client02 kernel: [    1.343223] ACPI: Using IOAPIC for interrupt routing
Mar  9 12:00:45 Client02 kernel: [    1.347250] PCI: Using host bridge windows from ACPI; if necessary, use "pci=nocrs" and report a bug
Mar  9 12:00:45 Client02 kernel: [    1.355380] ACPI: Enabled 1 GPEs in block 00 to 0F
Mar  9 12:00:45 Client02 kernel: [    1.379955] ACPI: PCI Root Bridge [PCI0] (domain 0000 [bus 00-ff])
Mar  9 12:00:45 Client02 kernel: [    1.383226] acpi PNP0A03:00: _OSC: OS supports [ASPM ClockPM Segments MSI]
Mar  9 12:00:45 Client02 kernel: [    1.387235] acpi PNP0A03:00: fail to add MMCONFIG information, can't access extended PCI configuration space under this bridge.
Mar  9 12:00:45 Client02 kernel: [    1.395358] PCI host bridge to bus 0000:00
Mar  9 12:00:45 Client02 kernel: [    1.399223] pci_bus 0000:00: root bus resource [mem 0xfe0000000-0xfffffffff window]
Mar  9 12:00:45 Client02 kernel: [    1.403224] pci_bus 0000:00: root bus resource [io  0x0000-0x0cf7 window]
Mar  9 12:00:45 Client02 kernel: [    1.407230] pci_bus 0000:00: root bus resource [io  0x0d00-0xffff window]
Mar  9 12:00:45 Client02 kernel: [    1.411223] pci_bus 0000:00: root bus resource [mem 0x000a0000-0x000bffff window]
Mar  9 12:00:45 Client02 kernel: [    1.415223] pci_bus 0000:00: root bus resource [mem 0x40000000-0xfffbffff window]
Mar  9 12:00:45 Client02 kernel: [    1.423224] pci_bus 0000:00: root bus resource [bus 00-ff]
Mar  9 12:00:45 Client02 kernel: [    1.427418] pci 0000:00:00.0: [8086:7192] type 00 class 0x060000
Mar  9 12:00:45 Client02 kernel: [    1.431597] pci 0000:00:07.0: [8086:7110] type 00 class 0x060100
Mar  9 12:00:45 Client02 kernel: [    1.435222] pci 0000:00:07.1: [8086:7111] type 00 class 0x010180
Mar  9 12:00:45 Client02 kernel: [    1.438007] pci 0000:00:07.1: reg 0x20: [io  0xffa0-0xffaf]
Mar  9 12:00:45 Client02 kernel: [    1.438841] pci 0000:00:07.1: legacy IDE quirk: reg 0x10: [io  0x01f0-0x01f7]
Mar  9 12:00:45 Client02 kernel: [    1.443223] pci 0000:00:07.1: legacy IDE quirk: reg 0x14: [io  0x03f6]
Mar  9 12:00:45 Client02 kernel: [    1.447222] pci 0000:00:07.1: legacy IDE quirk: reg 0x18: [io  0x0170-0x0177]
Mar  9 12:00:45 Client02 kernel: [    1.459225] pci 0000:00:07.1: legacy IDE quirk: reg 0x1c: [io  0x0376]
Mar  9 12:00:45 Client02 kernel: [    1.463873] pci 0000:00:07.3: [8086:7113] type 00 class 0x068000
Mar  9 12:00:45 Client02 kernel: [    1.463906] * Found PM-Timer Bug on the chipset. Due to workarounds for a bug,
Mar  9 12:00:45 Client02 kernel: [    1.463906] * this clock source is slow. Consider trying other clock sources
Mar  9 12:00:45 Client02 kernel: [    1.475227] pci 0000:00:07.3: acpi_pm_check_blacklist+0x0/0x40 took 11718 usecs
Mar  9 12:00:45 Client02 kernel: [    1.483275] pci 0000:00:07.3: quirk: [io  0x0400-0x043f] claimed by PIIX4 ACPI
Mar  9 12:00:45 Client02 kernel: [    1.488495] pci 0000:00:08.0: [1414:5353] type 00 class 0x030000
Mar  9 12:00:45 Client02 kernel: [    1.489086] pci 0000:00:08.0: reg 0x10: [mem 0xf8000000-0xfbffffff]
Mar  9 12:00:45 Client02 kernel: [    1.509540] ACPI: PCI Interrupt Link [LNKA] (IRQs 3 4 5 7 9 10 *11 12 14 15)
Mar  9 12:00:45 Client02 kernel: [    1.511420] ACPI: PCI Interrupt Link [LNKB] (IRQs 3 4 5 7 9 10 11 12 14 15) *0, disabled.
Mar  9 12:00:45 Client02 kernel: [    1.519551] ACPI: PCI Interrupt Link [LNKC] (IRQs 3 4 5 7 9 10 11 12 14 15) *0, disabled.
Mar  9 12:00:45 Client02 kernel: [    1.527493] ACPI: PCI Interrupt Link [LNKD] (IRQs 3 4 5 7 9 10 11 12 14 15) *0, disabled.
Mar  9 12:00:45 Client02 kernel: [    1.531652] SCSI subsystem initialized
Mar  9 12:00:45 Client02 kernel: [    1.535290] libata version 3.00 loaded.
Mar  9 12:00:45 Client02 kernel: [    1.535356] pci 0000:00:08.0: vgaarb: setting as boot VGA device
Mar  9 12:00:45 Client02 kernel: [    1.539220] pci 0000:00:08.0: vgaarb: VGA device added: decodes=io+mem,owns=io+mem,locks=none
Mar  9 12:00:45 Client02 kernel: [    1.539224] pci 0000:00:08.0: vgaarb: bridge control possible
Mar  9 12:00:45 Client02 kernel: [    1.543223] vgaarb: loaded
Mar  9 12:00:45 Client02 kernel: [    1.545415] pps_core: LinuxPPS API ver. 1 registered
Mar  9 12:00:45 Client02 kernel: [    1.547222] pps_core: Software ver. 5.3.6 - Copyright 2005-2007 Rodolfo Giometti <giometti@linux.it>
Mar  9 12:00:45 Client02 kernel: [    1.551226] PTP clock support registered
Mar  9 12:00:45 Client02 kernel: [    1.554008] EDAC MC: Ver: 3.0.0
Mar  9 12:00:45 Client02 kernel: [    1.559322] hv_vmbus: Vmbus version:4.0
Mar  9 12:00:45 Client02 kernel: [    1.563238] PCI: Using ACPI for IRQ routing
Mar  9 12:00:45 Client02 kernel: [    1.567244] PCI: pci_cache_line_size set to 64 bytes
Mar  9 12:00:45 Client02 kernel: [    1.567872] e820: reserve RAM buffer [mem 0x0009fc00-0x0009ffff]
Mar  9 12:00:45 Client02 kernel: [    1.567874] e820: reserve RAM buffer [mem 0x3fff0000-0x3fffffff]
Mar  9 12:00:45 Client02 kernel: [    1.568144] NetLabel: Initializing
Mar  9 12:00:45 Client02 kernel: [    1.571213] NetLabel:  domain hash size = 128
Mar  9 12:00:45 Client02 kernel: [    1.571246] NetLabel:  protocols = UNLABELED CIPSOv4 CALIPSO
Mar  9 12:00:45 Client02 kernel: [    1.575243] NetLabel:  unlabeled traffic allowed by default
Mar  9 12:00:45 Client02 kernel: [    1.578840] clocksource: Switched to clocksource hyperv_clocksource_tsc_page
Mar  9 12:00:45 Client02 kernel: [    1.594804] VFS: Disk quotas dquot_6.6.0
Mar  9 12:00:45 Client02 kernel: [    1.597868] VFS: Dquot-cache hash table entries: 512 (order 0, 4096 bytes)
Mar  9 12:00:45 Client02 kernel: [    1.602531] AppArmor: AppArmor Filesystem Enabled
Mar  9 12:00:45 Client02 kernel: [    1.606749] pnp: PnP ACPI init
Mar  9 12:00:45 Client02 kernel: [    1.609233] pnp 00:00: Plug and Play ACPI device, IDs PNP0b00 (active)
Mar  9 12:00:45 Client02 kernel: [    1.609297] pnp 00:01: Plug and Play ACPI device, IDs PNP0303 PNP030b (active)
Mar  9 12:00:45 Client02 kernel: [    1.609333] pnp 00:02: Plug and Play ACPI device, IDs PNP0f03 PNP0f13 (active)
Mar  9 12:00:45 Client02 kernel: [    1.610094] pnp 00:03: [dma 0 disabled]
Mar  9 12:00:45 Client02 kernel: [    1.610125] pnp 00:03: Plug and Play ACPI device, IDs PNP0501 (active)
Mar  9 12:00:45 Client02 kernel: [    1.610756] pnp 00:04: [dma 0 disabled]
Mar  9 12:00:45 Client02 kernel: [    1.610779] pnp 00:04: Plug and Play ACPI device, IDs PNP0501 (active)
Mar  9 12:00:45 Client02 kernel: [    1.611606] pnp 00:05: [dma 2]
Mar  9 12:00:45 Client02 kernel: [    1.611662] pnp 00:05: Plug and Play ACPI device, IDs PNP0700 (active)
Mar  9 12:00:45 Client02 kernel: [    1.611712] system 00:06: [io  0x01e0-0x01ef] has been reserved
Mar  9 12:00:45 Client02 kernel: [    1.615875] system 00:06: [io  0x0160-0x016f] has been reserved
Mar  9 12:00:45 Client02 kernel: [    1.619921] system 00:06: [io  0x0278-0x027f] has been reserved
Mar  9 12:00:45 Client02 kernel: [    1.623873] system 00:06: [io  0x0378-0x037f] has been reserved
Mar  9 12:00:45 Client02 kernel: [    1.627981] system 00:06: [io  0x0678-0x067f] has been reserved
Mar  9 12:00:45 Client02 kernel: [    1.631982] system 00:06: [io  0x0778-0x077f] has been reserved
Mar  9 12:00:45 Client02 kernel: [    1.635760] system 00:06: [io  0x04d0-0x04d1] has been reserved
Mar  9 12:00:45 Client02 kernel: [    1.639585] system 00:06: Plug and Play ACPI device, IDs PNP0c02 (active)
Mar  9 12:00:45 Client02 kernel: [    1.639748] system 00:07: [io  0x0400-0x043f] has been reserved
Mar  9 12:00:45 Client02 kernel: [    1.643706] system 00:07: [io  0x0370-0x0371] has been reserved
Mar  9 12:00:45 Client02 kernel: [    1.648019] system 00:07: [io  0x0440-0x044f] has been reserved
Mar  9 12:00:45 Client02 kernel: [    1.652239] system 00:07: [mem 0xfec00000-0xfec00fff] could not be reserved
Mar  9 12:00:45 Client02 kernel: [    1.657182] system 00:07: [mem 0xfee00000-0xfee00fff] has been reserved
Mar  9 12:00:45 Client02 kernel: [    1.661562] system 00:07: Plug and Play ACPI device, IDs PNP0c02 (active)
Mar  9 12:00:45 Client02 kernel: [    1.661720] system 00:08: [mem 0x00000000-0x0009ffff] could not be reserved
Mar  9 12:00:45 Client02 kernel: [    1.666244] system 00:08: [mem 0x000c0000-0x000dffff] could not be reserved
Mar  9 12:00:45 Client02 kernel: [    1.670415] system 00:08: [mem 0x000e0000-0x000fffff] could not be reserved
Mar  9 12:00:45 Client02 kernel: [    1.674618] system 00:08: [mem 0x00100000-0x3fffffff] could not be reserved
Mar  9 12:00:45 Client02 kernel: [    1.679051] system 00:08: [mem 0xfffc0000-0xffffffff] has been reserved
Mar  9 12:00:45 Client02 kernel: [    1.683161] system 00:08: Plug and Play ACPI device, IDs PNP0c01 (active)
Mar  9 12:00:45 Client02 kernel: [    1.683412] pnp: PnP ACPI: found 9 devices
Mar  9 12:00:45 Client02 kernel: [    1.694315] clocksource: acpi_pm: mask: 0xffffff max_cycles: 0xffffff, max_idle_ns: 2085701024 ns
Mar  9 12:00:45 Client02 kernel: [    1.700901] pci_bus 0000:00: resource 4 [mem 0xfe0000000-0xfffffffff window]
Mar  9 12:00:45 Client02 kernel: [    1.700902] pci_bus 0000:00: resource 5 [io  0x0000-0x0cf7 window]
Mar  9 12:00:45 Client02 kernel: [    1.700903] pci_bus 0000:00: resource 6 [io  0x0d00-0xffff window]
Mar  9 12:00:45 Client02 kernel: [    1.700905] pci_bus 0000:00: resource 7 [mem 0x000a0000-0x000bffff window]
Mar  9 12:00:45 Client02 kernel: [    1.700906] pci_bus 0000:00: resource 8 [mem 0x40000000-0xfffbffff window]
Mar  9 12:00:45 Client02 kernel: [    1.701059] NET: Registered protocol family 2
Mar  9 12:00:45 Client02 kernel: [    1.704743] tcp_listen_portaddr_hash hash table entries: 4096 (order: 4, 65536 bytes)
Mar  9 12:00:45 Client02 kernel: [    1.711070] TCP established hash table entries: 65536 (order: 7, 524288 bytes)
Mar  9 12:00:45 Client02 kernel: [    1.716634] TCP bind hash table entries: 65536 (order: 8, 1048576 bytes)
Mar  9 12:00:45 Client02 kernel: [    1.722059] TCP: Hash tables configured (established 65536 bind 65536)
Mar  9 12:00:45 Client02 kernel: [    1.727444] UDP hash table entries: 4096 (order: 5, 131072 bytes)
Mar  9 12:00:45 Client02 kernel: [    1.732817] UDP-Lite hash table entries: 4096 (order: 5, 131072 bytes)
Mar  9 12:00:45 Client02 kernel: [    1.738391] NET: Registered protocol family 1
Mar  9 12:00:45 Client02 kernel: [    1.742084] NET: Registered protocol family 44
Mar  9 12:00:45 Client02 kernel: [    1.745466] pci 0000:00:00.0: Limiting direct PCI/PCI transfers
Mar  9 12:00:45 Client02 kernel: [    1.750002] pci 0000:00:08.0: Video device with shadowed ROM at [mem 0x000c0000-0x000dffff]
Mar  9 12:00:45 Client02 kernel: [    1.756022] PCI: CLS 0 bytes, default 64
Mar  9 12:00:45 Client02 kernel: [    1.756065] Unpacking initramfs...
Mar  9 12:00:45 Client02 kernel: [    2.070544] Freeing initrd memory: 19648K
Mar  9 12:00:45 Client02 kernel: [    2.073552] PCI-DMA: Using software bounce buffering for IO (SWIOTLB)
Mar  9 12:00:45 Client02 kernel: [    2.078074] software IO TLB: mapped [mem 0x3bff0000-0x3fff0000] (64MB)
Mar  9 12:00:45 Client02 kernel: [    2.082918] check: Scanning for low memory corruption every 60 seconds
Mar  9 12:00:45 Client02 kernel: [    2.090626] Initialise system trusted keyrings
Mar  9 12:00:45 Client02 kernel: [    2.094080] Key type blacklist registered
Mar  9 12:00:45 Client02 kernel: [    2.097158] workingset: timestamp_bits=36 max_order=21 bucket_order=0
Mar  9 12:00:45 Client02 kernel: [    2.103144] zbud: loaded
Mar  9 12:00:45 Client02 kernel: [    2.106215] squashfs: version 4.0 (2009/01/31) Phillip Lougher
Mar  9 12:00:45 Client02 kernel: [    2.110864] fuse init (API version 7.28)
Mar  9 12:00:45 Client02 kernel: [    2.150843] Key type asymmetric registered
Mar  9 12:00:45 Client02 kernel: [    2.154426] Asymmetric key parser 'x509' registered
Mar  9 12:00:45 Client02 kernel: [    2.158272] Block layer SCSI generic (bsg) driver version 0.4 loaded (major 243)
Mar  9 12:00:45 Client02 kernel: [    2.163862] shpchp: Standard Hot Plug PCI Controller Driver version: 0.4
Mar  9 12:00:45 Client02 kernel: [    2.169071] intel_idle: Please enable MWAIT in BIOS SETUP
Mar  9 12:00:45 Client02 kernel: [    2.169150] input: Power Button as /devices/LNXSYSTM:00/LNXPWRBN:00/input/input0
Mar  9 12:00:45 Client02 kernel: [    2.174645] ACPI: Power Button [PWRF]
Mar  9 12:00:45 Client02 kernel: [    2.177884] Serial: 8250/16550 driver, 32 ports, IRQ sharing enabled
Mar  9 12:00:45 Client02 kernel: [    2.210818] 00:03: ttyS0 at I/O 0x3f8 (irq = 4, base_baud = 115200) is a 16550A
Mar  9 12:00:45 Client02 kernel: [    2.245636] 00:04: ttyS1 at I/O 0x2f8 (irq = 3, base_baud = 115200) is a 16550A
Mar  9 12:00:45 Client02 kernel: [    2.253384] Linux agpgart interface v0.103
Mar  9 12:00:45 Client02 kernel: [    2.268107] loop: module loaded
Mar  9 12:00:45 Client02 kernel: [    2.270554] hv_vmbus: registering driver hv_storvsc
Mar  9 12:00:45 Client02 kernel: [    2.274910] ata_piix 0000:00:07.1: version 2.13
Mar  9 12:00:45 Client02 kernel: [    2.275233] ata_piix 0000:00:07.1: Hyper-V Virtual Machine detected, ATA device ignore set
Mar  9 12:00:45 Client02 kernel: [    2.280808] scsi host0: storvsc_host_t
Mar  9 12:00:45 Client02 kernel: [    2.289781] scsi host1: ata_piix
Mar  9 12:00:45 Client02 kernel: [    2.289904] scsi 0:0:0:0: Direct-Access     Msft     Virtual Disk     1.0  PQ: 0 ANSI: 5
Mar  9 12:00:45 Client02 kernel: [    2.293536] scsi host2: ata_piix
Mar  9 12:00:45 Client02 kernel: [    2.301458] sd 0:0:0:0: Attached scsi generic sg0 type 0
Mar  9 12:00:45 Client02 kernel: [    2.304483] ata1: PATA max UDMA/33 cmd 0x1f0 ctl 0x3f6 bmdma 0xffa0 irq 14
Mar  9 12:00:45 Client02 kernel: [    2.320083] sd 0:0:0:0: [sda] 62916608 512-byte logical blocks: (32.2 GB/30.0 GiB)
Mar  9 12:00:45 Client02 kernel: [    2.320821] ata2: PATA max UDMA/33 cmd 0x170 ctl 0x376 bmdma 0xffa8 irq 15
Mar  9 12:00:45 Client02 kernel: [    2.327927] sd 0:0:0:0: [sda] 4096-byte physical blocks
Mar  9 12:00:45 Client02 kernel: [    2.334878] libphy: Fixed MDIO Bus: probed
Mar  9 12:00:45 Client02 kernel: [    2.340189] sd 0:0:0:0: [sda] Write Protect is off
Mar  9 12:00:45 Client02 kernel: [    2.346273] tun: Universal TUN/TAP device driver, 1.6
Mar  9 12:00:45 Client02 kernel: [    2.356275] sd 0:0:0:0: [sda] Mode Sense: 0f 00 10 00
Mar  9 12:00:45 Client02 kernel: [    2.361475] sd 0:0:0:0: [sda] Write cache: enabled, read cache: enabled, supports DPO and FUA
Mar  9 12:00:45 Client02 kernel: [    2.366206] PPP generic driver version 2.4.2
Mar  9 12:00:45 Client02 kernel: [    2.374210] i8042: PNP: PS/2 Controller [PNP0303:PS2K,PNP0f03:PS2M] at 0x60,0x64 irq 1,12
Mar  9 12:00:45 Client02 kernel: [    2.380906] scsi host3: storvsc_host_t
Mar  9 12:00:45 Client02 kernel: [    2.389304] serio: i8042 KBD port at 0x60,0x64 irq 1
Mar  9 12:00:45 Client02 kernel: [    2.395474] scsi 3:0:1:0: Direct-Access     Msft     Virtual Disk     1.0  PQ: 0 ANSI: 5
Mar  9 12:00:45 Client02 kernel: [    2.395573] serio: i8042 AUX port at 0x60,0x64 irq 12
Mar  9 12:00:45 Client02 kernel: [    2.408423]  sda: sda1 sda14 sda15
Mar  9 12:00:45 Client02 kernel: [    2.414434] mousedev: PS/2 mouse device common for all mice
Mar  9 12:00:45 Client02 kernel: [    2.421131] sd 0:0:0:0: [sda] Attached SCSI disk
Mar  9 12:00:45 Client02 kernel: [    2.436856] rtc_cmos 00:00: RTC can wake from S4
Mar  9 12:00:45 Client02 kernel: [    2.448244] sd 3:0:1:0: Attached scsi generic sg1 type 0
Mar  9 12:00:45 Client02 kernel: [    2.480053] input: AT Translated Set 2 keyboard as /devices/platform/i8042/serio0/input/input1
Mar  9 12:00:45 Client02 kernel: [    2.483468] rtc_cmos 00:00: registered as rtc0
Mar  9 12:00:45 Client02 kernel: [    2.493095] sd 3:0:1:0: [sdb] 33554432 512-byte logical blocks: (17.2 GB/16.0 GiB)
Mar  9 12:00:45 Client02 kernel: [    2.497949] rtc_cmos 00:00: alarms up to one month, 114 bytes nvram
Mar  9 12:00:45 Client02 kernel: [    2.508706] sd 3:0:1:0: [sdb] 4096-byte physical blocks
Mar  9 12:00:45 Client02 kernel: [    2.528064] device-mapper: uevent: version 1.0.3
Mar  9 12:00:45 Client02 kernel: [    2.539285] ata1.01: host indicates ignore ATA devices, ignored
Mar  9 12:00:45 Client02 kernel: [    2.539975] device-mapper: ioctl: 4.39.0-ioctl (2018-04-03) initialised: dm-devel@redhat.com
Mar  9 12:00:45 Client02 kernel: [    2.541513] ata1.00: host indicates ignore ATA devices, ignored
Mar  9 12:00:45 Client02 kernel: [    2.552792] sd 3:0:1:0: [sdb] Write Protect is off
Mar  9 12:00:45 Client02 kernel: [    2.562838] sd 3:0:1:0: [sdb] Mode Sense: 0f 00 10 00
Mar  9 12:00:45 Client02 kernel: [    2.562889] platform eisa.0: Probing EISA bus 0
Mar  9 12:00:45 Client02 kernel: [    2.562906] scsi host4: storvsc_host_t
Mar  9 12:00:45 Client02 kernel: [    2.577519] platform eisa.0: EISA: Cannot allocate resource for mainboard
Mar  9 12:00:45 Client02 kernel: [    2.589399] sd 3:0:1:0: [sdb] Write cache: disabled, read cache: enabled, supports DPO and FUA
Mar  9 12:00:45 Client02 kernel: [    2.589453] platform eisa.0: Cannot allocate resource for EISA slot 1
Mar  9 12:00:45 Client02 kernel: [    2.600730] scsi host5: storvsc_host_t
Mar  9 12:00:45 Client02 kernel: [    2.606535] platform eisa.0: Cannot allocate resource for EISA slot 2
Mar  9 12:00:45 Client02 kernel: [    2.621222] platform eisa.0: Cannot allocate resource for EISA slot 3
Mar  9 12:00:45 Client02 kernel: [    2.628320] platform eisa.0: Cannot allocate resource for EISA slot 4
Mar  9 12:00:45 Client02 kernel: [    2.636074] platform eisa.0: Cannot allocate resource for EISA slot 5
Mar  9 12:00:45 Client02 kernel: [    2.642086] platform eisa.0: Cannot allocate resource for EISA slot 6
Mar  9 12:00:45 Client02 kernel: [    2.646441] platform eisa.0: Cannot allocate resource for EISA slot 7
Mar  9 12:00:45 Client02 kernel: [    2.650700] platform eisa.0: Cannot allocate resource for EISA slot 8
Mar  9 12:00:45 Client02 kernel: [    2.655104] platform eisa.0: EISA: Detected 0 cards
Mar  9 12:00:45 Client02 kernel: [    2.655111]  sdb: sdb1
Mar  9 12:00:45 Client02 kernel: [    2.666500] NET: Registered protocol family 10
Mar  9 12:00:45 Client02 kernel: [    2.675565] sd 3:0:1:0: [sdb] Attached SCSI disk
Mar  9 12:00:45 Client02 kernel: [    2.686235] Segment Routing with IPv6
Mar  9 12:00:45 Client02 kernel: [    2.690351] NET: Registered protocol family 17
Mar  9 12:00:45 Client02 kernel: [    2.695780] Key type dns_resolver registered
Mar  9 12:00:45 Client02 kernel: [    2.700444] mce: Using 1 MCE banks
Mar  9 12:00:45 Client02 kernel: [    2.704241] RAS: Correctable Errors collector initialized.
Mar  9 12:00:45 Client02 kernel: [    2.709667] registered taskstats version 1
Mar  9 12:00:45 Client02 kernel: [    2.713205] Loading compiled-in X.509 certificates
Mar  9 12:00:45 Client02 kernel: [    2.718563] Loaded X.509 cert 'Build time autogenerated kernel key: 9c13c25bb46bb08aadac8fd6055952f30e111a90'
Mar  9 12:00:45 Client02 kernel: [    2.727921] zswap: loaded using pool lzo/zbud
Mar  9 12:00:45 Client02 kernel: [    2.743191] Key type big_key registered
Mar  9 12:00:45 Client02 kernel: [    2.747186] Key type trusted registered
Mar  9 12:00:45 Client02 kernel: [    2.753276] Key type encrypted registered
Mar  9 12:00:45 Client02 kernel: [    2.757160] AppArmor: AppArmor sha1 policy hashing enabled
Mar  9 12:00:45 Client02 kernel: [    2.761857] ima: No TPM chip found, activating TPM-bypass!
Mar  9 12:00:45 Client02 kernel: [    2.766753] ima: Allocated hash algorithm: sha1
Mar  9 12:00:45 Client02 kernel: [    2.770758] No architecture policies found
Mar  9 12:00:45 Client02 kernel: [    2.774361] evm: Initialising EVM extended attributes:
Mar  9 12:00:45 Client02 kernel: [    2.779036] evm: security.selinux
Mar  9 12:00:45 Client02 kernel: [    2.782469] evm: security.SMACK64
Mar  9 12:00:45 Client02 kernel: [    2.786547] evm: security.SMACK64EXEC
Mar  9 12:00:45 Client02 kernel: [    2.790008] evm: security.SMACK64TRANSMUTE
Mar  9 12:00:45 Client02 kernel: [    2.793986] evm: security.SMACK64MMAP
Mar  9 12:00:45 Client02 kernel: [    2.798727] evm: security.apparmor
Mar  9 12:00:45 Client02 kernel: [    2.802185] evm: security.ima
Mar  9 12:00:45 Client02 kernel: [    2.805149] evm: security.capability
Mar  9 12:00:45 Client02 kernel: [    2.808466] evm: HMAC attrs: 0x1
Mar  9 12:00:45 Client02 kernel: [    2.811871]   Magic number: 12:888:25
Mar  9 12:00:45 Client02 kernel: [    2.815556] clockevents clockevent95: hash matches
Mar  9 12:00:45 Client02 kernel: [    2.819690] memory memory65: hash matches
Mar  9 12:00:45 Client02 kernel: [    2.823081] rtc_cmos 00:00: setting system clock to 2020-03-09T12:00:25 UTC (1583755225)
Mar  9 12:00:45 Client02 kernel: [    2.829455] Unstable clock detected, switching default tracing clock to "global"
Mar  9 12:00:45 Client02 kernel: [    2.829455] If you want to keep using the local clock, then add:
Mar  9 12:00:45 Client02 kernel: [    2.829455]   "trace_clock=local"
Mar  9 12:00:45 Client02 kernel: [    2.829455] on the kernel command line
Mar  9 12:00:45 Client02 kernel: [    2.846860] Freeing unused decrypted memory: 2040K
Mar  9 12:00:45 Client02 kernel: [    2.851287] Freeing unused kernel image memory: 2360K
Mar  9 12:00:45 Client02 kernel: [    2.867288] Write protecting the kernel read-only data: 18432k
