Mar  9 10:51:43 Client02 keyboard-setup.sh[496]: cannot open file /run/tmpkbd.DULnWm
Mar  9 10:51:43 Client02 systemd-modules-load[493]: Inserted module 'iscsi_tcp'
Mar  9 10:51:43 Client02 systemd[1]: Started Remount Root and Kernel File Systems.
Mar  9 10:51:43 Client02 systemd[1]: Starting Load/Save Random Seed...
Mar  9 10:51:43 Client02 systemd[1]: Starting Flush Journal to Persistent Storage...
Mar  9 10:51:43 Client02 systemd[1]: Starting Create Static Device Nodes in /dev...
Mar  9 10:51:43 Client02 systemd[1]: Started Load/Save Random Seed.
Mar  9 10:51:43 Client02 systemd[1]: Started udev Coldplug all Devices.
Mar  9 10:51:43 Client02 systemd-modules-load[493]: Inserted module 'ib_iser'
Mar  9 10:51:43 Client02 systemd[1]: Started Load Kernel Modules.
Mar  9 10:51:43 Client02 systemd[1]: Starting Apply Kernel Variables...
Mar  9 10:51:43 Client02 systemd[1]: Mounting Kernel Configuration File System...
Mar  9 10:51:43 Client02 systemd[1]: Mounting FUSE Control File System...
Mar  9 10:51:43 Client02 systemd[1]: Mounted Kernel Configuration File System.
Mar  9 10:51:43 Client02 systemd[1]: Mounted FUSE Control File System.
Mar  9 10:51:43 Client02 systemd[1]: Started Create Static Device Nodes in /dev.
Mar  9 10:51:43 Client02 systemd[1]: Started LVM2 metadata daemon.
Mar  9 10:51:43 Client02 systemd[1]: Starting udev Kernel Device Manager...
Mar  9 10:51:43 Client02 systemd[1]: Started Flush Journal to Persistent Storage.
Mar  9 10:51:43 Client02 systemd[1]: Started Apply Kernel Variables.
Mar  9 10:51:43 Client02 systemd[1]: Started Monitoring of LVM2 mirrors, snapshots etc. using dmeventd or progress polling.
Mar  9 10:51:43 Client02 systemd[1]: Started udev Kernel Device Manager.
Mar  9 10:51:43 Client02 systemd-udevd[562]: link_config: autonegotiation is unset or enabled, the speed and duplex are not writable.
Mar  9 10:51:43 Client02 systemd[1]: Found device /dev/ttyS0.
Mar  9 10:51:43 Client02 systemd[1]: Listening on Load/Save RF Kill Switch Status /dev/rfkill Watch.
Mar  9 10:51:43 Client02 systemd-udevd[561]: link_config: autonegotiation is unset or enabled, the speed and duplex are not writable.
Mar  9 10:51:43 Client02 systemd[1]: Found device /sys/devices/virtual/misc/vmbus!hv_kvp.
Mar  9 10:51:43 Client02 systemd[1]: Started Hyper-V KVP Protocol Daemon.
Mar  9 10:51:43 Client02 KVP: KVP starting; pid is:587
Mar  9 10:51:43 Client02 KVP: KVP LIC Version: 3.1
Mar  9 10:51:43 Client02 systemd[1]: Started Set the console keyboard layout.
Mar  9 10:51:43 Client02 systemd[1]: Started Dispatch Password Requests to Console Directory Watch.
Mar  9 10:51:43 Client02 systemd[1]: Reached target Local Encrypted Volumes.
Mar  9 10:51:43 Client02 systemd[1]: Reached target Local File Systems (Pre).
Mar  9 10:51:43 Client02 systemd[1]: Found device Virtual_Disk UEFI.
Mar  9 10:51:43 Client02 systemd[1]: Mounting /boot/efi...
Mar  9 10:51:43 Client02 systemd[1]: Mounted /boot/efi.
Mar  9 10:51:43 Client02 systemd[1]: Reached target Local File Systems.
Mar  9 10:51:43 Client02 systemd[1]: Starting AppArmor initialization...
Mar  9 10:51:43 Client02 systemd[1]: Starting Tell Plymouth To Write Out Runtime Data...
Mar  9 10:51:43 Client02 systemd[1]: Starting Create Volatile Files and Directories...
Mar  9 10:51:43 Client02 systemd[1]: Starting Commit a transient machine-id on disk...
Mar  9 10:51:43 Client02 systemd[1]: Starting ebtables ruleset management...
Mar  9 10:51:43 Client02 systemd[1]: Starting Set console font and keymap...
Mar  9 10:51:43 Client02 systemd[1]: Started Set console font and keymap.
Mar  9 10:51:43 Client02 systemd[1]: Started Tell Plymouth To Write Out Runtime Data.
Mar  9 10:51:43 Client02 systemd[1]: Started Commit a transient machine-id on disk.
Mar  9 10:51:43 Client02 systemd[1]: Started Create Volatile Files and Directories.
Mar  9 10:51:43 Client02 systemd[1]: Starting Network Time Synchronization...
Mar  9 10:51:43 Client02 apparmor[713]:  * Starting AppArmor profiles
Mar  9 10:51:43 Client02 systemd[1]: Starting Update UTMP about System Boot/Shutdown...
Mar  9 10:51:43 Client02 systemd[1]: Started Update UTMP about System Boot/Shutdown.
Mar  9 10:51:43 Client02 systemd[1]: Started ebtables ruleset management.
Mar  9 10:51:43 Client02 systemd[1]: Started Network Time Synchronization.
Mar  9 10:51:43 Client02 systemd[1]: Reached target System Time Synchronized.
Mar  9 10:51:43 Client02 apparmor[713]: Skipping profile in /etc/apparmor.d/disable: usr.sbin.rsyslogd
Mar  9 10:51:43 Client02 apparmor[713]:    ...done.
Mar  9 10:51:43 Client02 systemd[1]: Started AppArmor initialization.
Mar  9 10:51:43 Client02 systemd[1]: Starting Initial cloud-init job (pre-networking)...
Mar  9 10:51:43 Client02 sh[782]: + [ -e /var/lib/cloud/instance/obj.pkl ]
Mar  9 10:51:43 Client02 sh[782]: + exit 0
Mar  9 10:51:43 Client02 dhclient[839]: Internet Systems Consortium DHCP Client 4.3.5
Mar  9 10:51:43 Client02 dhclient[839]: Copyright 2004-2016 Internet Systems Consortium.
Mar  9 10:51:43 Client02 dhclient[839]: All rights reserved.
Mar  9 10:51:43 Client02 dhclient[839]: For info, please visit https://www.isc.org/software/dhcp/
Mar  9 10:51:43 Client02 dhclient[839]: 
Mar  9 10:51:43 Client02 dhclient[839]: Listening on LPF/eth0/00:0d:3a:ab:58:b4
Mar  9 10:51:43 Client02 dhclient[839]: Sending on   LPF/eth0/00:0d:3a:ab:58:b4
Mar  9 10:51:43 Client02 dhclient[839]: Sending on   Socket/fallback
Mar  9 10:51:43 Client02 dhclient[839]: DHCPDISCOVER on eth0 to 255.255.255.255 port 67 interval 3 (xid=0x35e59978)
Mar  9 10:51:43 Client02 dhclient[839]: DHCPDISCOVER on eth0 to 255.255.255.255 port 67 interval 6 (xid=0x35e59978)
Mar  9 10:51:43 Client02 dhclient[839]: DHCPDISCOVER on eth0 to 255.255.255.255 port 67 interval 10 (xid=0x35e59978)
Mar  9 10:51:43 Client02 dhclient[839]: DHCPDISCOVER on eth0 to 255.255.255.255 port 67 interval 11 (xid=0x35e59978)
Mar  9 10:51:43 Client02 dhclient[839]: DHCPDISCOVER on eth0 to 255.255.255.255 port 67 interval 14 (xid=0x35e59978)
Mar  9 10:51:43 Client02 dhclient[839]: DHCPREQUEST of 10.0.0.12 on eth0 to 255.255.255.255 port 67 (xid=0x7899e535)
Mar  9 10:51:43 Client02 dhclient[839]: DHCPOFFER of 10.0.0.12 from 168.63.129.16
Mar  9 10:51:43 Client02 dhclient[839]: DHCPACK of 10.0.0.12 from 168.63.129.16
Mar  9 10:51:43 Client02 dhclient[839]: bound to 10.0.0.12 -- renewal in 4294967295 seconds.
Mar  9 10:51:43 Client02 cloud-init[787]: Cloud-init v. 19.4-33-gbb4131a2-0ubuntu1~18.04.1 running 'init-local' at Mon, 09 Mar 2020 10:50:58 +0000. Up 15.27 seconds.
Mar  9 10:51:43 Client02 systemd[1]: Started Initial cloud-init job (pre-networking).
Mar  9 10:51:43 Client02 systemd[1]: Reached target Network (Pre).
Mar  9 10:51:43 Client02 systemd[1]: Starting Network Service...
Mar  9 10:51:43 Client02 systemd-networkd[866]: Enumeration completed
Mar  9 10:51:43 Client02 systemd[1]: Started Network Service.
Mar  9 10:51:43 Client02 systemd-networkd[866]: eth0: Link UP
Mar  9 10:51:43 Client02 systemd-networkd[866]: eth0: Gained carrier
Mar  9 10:51:43 Client02 systemd-networkd[866]: eth0: Gained IPv6LL
Mar  9 10:51:43 Client02 systemd-networkd[866]: eth0: Link DOWN
Mar  9 10:51:43 Client02 systemd-networkd[866]: eth0: Lost carrier
Mar  9 10:51:43 Client02 systemd[1]: Starting Wait for Network to be Configured...
Mar  9 10:51:43 Client02 systemd-networkd[866]: eth0: IPv6 successfully enabled
Mar  9 10:51:43 Client02 systemd-networkd[866]: lo: Link is not managed by us
Mar  9 10:51:43 Client02 systemd[1]: Starting Network Name Resolution...
Mar  9 10:51:43 Client02 systemd-networkd-wait-online[900]: ignoring: lo
Mar  9 10:51:43 Client02 systemd-networkd-wait-online[900]: message repeated 2 times: [ ignoring: lo]
Mar  9 10:51:43 Client02 systemd-networkd[866]: eth0: Link UP
Mar  9 10:51:43 Client02 systemd-networkd-wait-online[900]: ignoring: lo
Mar  9 10:51:43 Client02 systemd-networkd[866]: eth0: Gained carrier
Mar  9 10:51:43 Client02 systemd-networkd-wait-online[900]: ignoring: lo
Mar  9 10:51:43 Client02 systemd-resolved[901]: Positive Trust Anchors:
Mar  9 10:51:43 Client02 systemd-resolved[901]: . IN DS 19036 8 2 49aac11d7b6f6446702e54a1607371607a1a41855200fd2ce1cdde32f24e8fb5
Mar  9 10:51:43 Client02 systemd-resolved[901]: . IN DS 20326 8 2 e06d44b80b8f1d39a95c0b0d7c65d08458e880409bbc683457104237c7f8ec8d
Mar  9 10:51:43 Client02 systemd-resolved[901]: Negative trust anchors: 10.in-addr.arpa 16.172.in-addr.arpa 17.172.in-addr.arpa 18.172.in-addr.arpa 19.172.in-addr.arpa 20.172.in-addr.arpa 21.172.in-addr.arpa 22.172.in-addr.arpa 23.172.in-addr.arpa 24.172.in-addr.arpa 25.172.in-addr.arpa 26.172.in-addr.arpa 27.172.in-addr.arpa 28.172.in-addr.arpa 29.172.in-addr.arpa 30.172.in-addr.arpa 31.172.in-addr.arpa 168.192.in-addr.arpa d.f.ip6.arpa corp home internal intranet lan local private test
Mar  9 10:51:43 Client02 systemd-resolved[901]: Using system hostname 'Client02'.
Mar  9 10:51:43 Client02 systemd[1]: Started Network Name Resolution.
Mar  9 10:51:43 Client02 systemd[1]: Reached target Network.
Mar  9 10:51:43 Client02 systemd[1]: Reached target Host and Network Name Lookups.
Mar  9 10:51:43 Client02 systemd-networkd[866]: eth0: DHCPv4 address 10.0.0.12/8 via 10.0.0.1
Mar  9 10:51:43 Client02 systemd-networkd-wait-online[900]: ignoring: lo
Mar  9 10:51:43 Client02 systemd-timesyncd[736]: Network configuration changed, trying to establish connection.
Mar  9 10:51:43 Client02 systemd-networkd[866]: eth0: Gained IPv6LL
Mar  9 10:51:43 Client02 systemd-networkd[866]: eth0: Configured
Mar  9 10:51:43 Client02 systemd-timesyncd[736]: Network configuration changed, trying to establish connection.
Mar  9 10:51:43 Client02 systemd-networkd-wait-online[900]: ignoring: lo
Mar  9 10:51:43 Client02 systemd-networkd-wait-online[900]: managing: eth0
Mar  9 10:51:43 Client02 systemd[1]: Started Wait for Network to be Configured.
Mar  9 10:51:43 Client02 systemd[1]: Starting Initial cloud-init job (metadata service crawler)...
Mar  9 10:51:43 Client02 cloud-init[931]: Cloud-init v. 19.4-33-gbb4131a2-0ubuntu1~18.04.1 running 'init' at Mon, 09 Mar 2020 10:51:33 +0000. Up 49.63 seconds.
Mar  9 10:51:43 Client02 cloud-init[931]: ci-info: ++++++++++++++++++++++++++++++++++++Net device info+++++++++++++++++++++++++++++++++++++
Mar  9 10:51:43 Client02 cloud-init[931]: ci-info: +--------+------+-----------------------------+-----------+--------+-------------------+
Mar  9 10:51:43 Client02 cloud-init[931]: ci-info: | Device |  Up  |           Address           |    Mask   | Scope  |     Hw-Address    |
Mar  9 10:51:43 Client02 cloud-init[931]: ci-info: +--------+------+-----------------------------+-----------+--------+-------------------+
Mar  9 10:51:43 Client02 cloud-init[931]: ci-info: |  eth0  | True |          10.0.0.12          | 255.0.0.0 | global | 00:0d:3a:ab:58:b4 |
Mar  9 10:51:43 Client02 cloud-init[931]: ci-info: |  eth0  | True | fe80::20d:3aff:feab:58b4/64 |     .     |  link  | 00:0d:3a:ab:58:b4 |
Mar  9 10:51:43 Client02 cloud-init[931]: ci-info: |   lo   | True |          127.0.0.1          | 255.0.0.0 |  host  |         .         |
Mar  9 10:51:43 Client02 cloud-init[931]: ci-info: |   lo   | True |           ::1/128           |     .     |  host  |         .         |
Mar  9 10:51:43 Client02 cloud-init[931]: ci-info: +--------+------+-----------------------------+-----------+--------+-------------------+
Mar  9 10:51:43 Client02 cloud-init[931]: ci-info: ++++++++++++++++++++++++++++++Route IPv4 info+++++++++++++++++++++++++++++++
Mar  9 10:51:43 Client02 cloud-init[931]: ci-info: +-------+-----------------+----------+-----------------+-----------+-------+
Mar  9 10:51:43 Client02 cloud-init[931]: ci-info: | Route |   Destination   | Gateway  |     Genmask     | Interface | Flags |
Mar  9 10:51:43 Client02 cloud-init[931]: ci-info: +-------+-----------------+----------+-----------------+-----------+-------+
Mar  9 10:51:43 Client02 cloud-init[931]: ci-info: |   0   |     0.0.0.0     | 10.0.0.1 |     0.0.0.0     |    eth0   |   UG  |
Mar  9 10:51:43 Client02 cloud-init[931]: ci-info: |   1   |     10.0.0.0    | 0.0.0.0  |    255.0.0.0    |    eth0   |   U   |
Mar  9 10:51:43 Client02 cloud-init[931]: ci-info: |   2   |  168.63.129.16  | 10.0.0.1 | 255.255.255.255 |    eth0   |  UGH  |
Mar  9 10:51:43 Client02 cloud-init[931]: ci-info: |   3   | 169.254.169.254 | 10.0.0.1 | 255.255.255.255 |    eth0   |  UGH  |
Mar  9 10:51:43 Client02 cloud-init[931]: ci-info: +-------+-----------------+----------+-----------------+-----------+-------+
Mar  9 10:51:43 Client02 cloud-init[931]: ci-info: +++++++++++++++++++Route IPv6 info+++++++++++++++++++
Mar  9 10:51:43 Client02 cloud-init[931]: ci-info: +-------+-------------+---------+-----------+-------+
Mar  9 10:51:43 Client02 cloud-init[931]: ci-info: | Route | Destination | Gateway | Interface | Flags |
Mar  9 10:51:43 Client02 cloud-init[931]: ci-info: +-------+-------------+---------+-----------+-------+
Mar  9 10:51:43 Client02 cloud-init[931]: ci-info: |   1   |  fe80::/64  |    ::   |    eth0   |   U   |
Mar  9 10:51:43 Client02 cloud-init[931]: ci-info: |   3   |    local    |    ::   |    eth0   |   U   |
Mar  9 10:51:43 Client02 cloud-init[931]: ci-info: |   4   |   ff00::/8  |    ::   |    eth0   |   U   |
Mar  9 10:51:43 Client02 cloud-init[931]: ci-info: +-------+-------------+---------+-----------+-------+
Mar  9 10:51:43 Client02 ntfs-3g[991]: Version 2017.3.23 integrated FUSE 28
Mar  9 10:51:43 Client02 ntfs-3g[991]: Mounted /dev/sdb1 (Read-Only, label "Temporary Storage", NTFS 3.1)
Mar  9 10:51:43 Client02 ntfs-3g[991]: Cmdline options: ro
Mar  9 10:51:43 Client02 ntfs-3g[991]: Mount options: ro,allow_other,nonempty,relatime,fsname=/dev/sdb1,blkdev,blksize=4096
Mar  9 10:51:43 Client02 ntfs-3g[991]: Ownership and permissions disabled, configuration type 7
Mar  9 10:51:43 Client02 ntfs-3g[991]: Unmounting /dev/sdb1 (Temporary Storage)
Mar  9 10:51:43 Client02 systemd[1]: Reloading.
Mar  9 10:51:43 Client02 cloud-init[931]: Generating public/private rsa key pair.
Mar  9 10:51:43 Client02 cloud-init[931]: Your identification has been saved in /etc/ssh/ssh_host_rsa_key.
Mar  9 10:51:43 Client02 cloud-init[931]: Your public key has been saved in /etc/ssh/ssh_host_rsa_key.pub.
Mar  9 10:51:43 Client02 cloud-init[931]: The key fingerprint is:
Mar  9 10:51:43 Client02 cloud-init[931]: SHA256:dMT+nAKBO31dEfy6PNKjiaxFNQ6JDyTSvRisnF8kh4E root@Client02
Mar  9 10:51:43 Client02 cloud-init[931]: The key's randomart image is:
Mar  9 10:51:43 Client02 cloud-init[931]: +---[RSA 2048]----+
Mar  9 10:51:43 Client02 cloud-init[931]: |    .+o=...  .oo |
Mar  9 10:51:43 Client02 cloud-init[931]: |    E.Bo=o..  o  |
Mar  9 10:51:43 Client02 cloud-init[931]: |   . o O+++.o. . |
Mar  9 10:51:43 Client02 cloud-init[931]: |    + +.=+o+..  .|
Mar  9 10:51:43 Client02 cloud-init[931]: |     . oSooo.. . |
Mar  9 10:51:43 Client02 cloud-init[931]: |      .  .. + .  |
Mar  9 10:51:43 Client02 cloud-init[931]: |          .. o . |
Mar  9 10:51:43 Client02 cloud-init[931]: |         o ...*  |
Mar  9 10:51:43 Client02 cloud-init[931]: |        ..o oo o |
Mar  9 10:51:43 Client02 cloud-init[931]: +----[SHA256]-----+
Mar  9 10:51:43 Client02 cloud-init[931]: Generating public/private dsa key pair.
Mar  9 10:51:43 Client02 cloud-init[931]: Your identification has been saved in /etc/ssh/ssh_host_dsa_key.
Mar  9 10:51:43 Client02 cloud-init[931]: Your public key has been saved in /etc/ssh/ssh_host_dsa_key.pub.
Mar  9 10:51:43 Client02 cloud-init[931]: The key fingerprint is:
Mar  9 10:51:43 Client02 cloud-init[931]: SHA256:NTX+a82n5BWCN9J1/67o1+wz1UcUH5zZjygXY10ynRI root@Client02
Mar  9 10:51:43 Client02 cloud-init[931]: The key's randomart image is:
Mar  9 10:51:43 Client02 cloud-init[931]: +---[DSA 1024]----+
Mar  9 10:51:43 Client02 cloud-init[931]: |            oE==B|
Mar  9 10:51:43 Client02 cloud-init[931]: |           o+o.B*|
Mar  9 10:51:43 Client02 cloud-init[931]: |          o..+.++|
Mar  9 10:51:43 Client02 cloud-init[931]: |         ...=.o =|
Mar  9 10:51:43 Client02 cloud-init[931]: |        S  = =.oo|
Mar  9 10:51:43 Client02 cloud-init[931]: |            o o+*|
Mar  9 10:51:43 Client02 cloud-init[931]: |              +oO|
Mar  9 10:51:43 Client02 cloud-init[931]: |             =.*+|
Mar  9 10:51:43 Client02 cloud-init[931]: |           .o.+o=|
Mar  9 10:51:43 Client02 cloud-init[931]: +----[SHA256]-----+
Mar  9 10:51:43 Client02 cloud-init[931]: Generating public/private ecdsa key pair.
Mar  9 10:51:43 Client02 cloud-init[931]: Your identification has been saved in /etc/ssh/ssh_host_ecdsa_key.
Mar  9 10:51:43 Client02 cloud-init[931]: Your public key has been saved in /etc/ssh/ssh_host_ecdsa_key.pub.
Mar  9 10:51:43 Client02 cloud-init[931]: The key fingerprint is:
Mar  9 10:51:43 Client02 cloud-init[931]: SHA256:0yoFPUJ9EqlZR1v5s6TJQ041oS+SIYxJOvktRgowgIs root@Client02
Mar  9 10:51:43 Client02 cloud-init[931]: The key's randomart image is:
Mar  9 10:51:43 Client02 cloud-init[931]: +---[ECDSA 256]---+
Mar  9 10:51:43 Client02 cloud-init[931]: |*     o..+. .... |
Mar  9 10:51:43 Client02 cloud-init[931]: |.o   = == oo..o  |
Mar  9 10:51:43 Client02 cloud-init[931]: |... + *+=+o .o . |
Mar  9 10:51:43 Client02 cloud-init[931]: |E  . =o+ + oo.+  |
Mar  9 10:51:43 Client02 cloud-init[931]: |    . + S +=.+.o |
Mar  9 10:51:43 Client02 cloud-init[931]: |     . o o .*..  |
Mar  9 10:51:43 Client02 cloud-init[931]: |      . .    .   |
Mar  9 10:51:43 Client02 cloud-init[931]: |       .         |
Mar  9 10:51:43 Client02 cloud-init[931]: |                 |
Mar  9 10:51:43 Client02 cloud-init[931]: +----[SHA256]-----+
Mar  9 10:51:43 Client02 cloud-init[931]: Generating public/private ed25519 key pair.
Mar  9 10:51:43 Client02 cloud-init[931]: Your identification has been saved in /etc/ssh/ssh_host_ed25519_key.
Mar  9 10:51:43 Client02 cloud-init[931]: Your public key has been saved in /etc/ssh/ssh_host_ed25519_key.pub.
Mar  9 10:51:43 Client02 cloud-init[931]: The key fingerprint is:
Mar  9 10:51:43 Client02 cloud-init[931]: SHA256:v21VsOlnfsweqy06aQtUnppLi9psD0TdmHyOxbg5wQg root@Client02
Mar  9 10:51:43 Client02 cloud-init[931]: The key's randomart image is:
Mar  9 10:51:43 Client02 cloud-init[931]: +--[ED25519 256]--+
Mar  9 10:51:43 Client02 cloud-init[931]: |     E           |
Mar  9 10:51:43 Client02 cloud-init[931]: |      . = *   .  |
Mar  9 10:51:43 Client02 cloud-init[931]: |       o O *   + |
Mar  9 10:51:43 Client02 cloud-init[931]: |      .   @ . o .|
Mar  9 10:51:43 Client02 cloud-init[931]: |       .S* + . . |
Mar  9 10:51:43 Client02 cloud-init[931]: |      . ..+   o o|
Mar  9 10:51:43 Client02 cloud-init[931]: |       . =. .. B |
Mar  9 10:51:43 Client02 cloud-init[931]: |      o.+ +*... B|
Mar  9 10:51:43 Client02 cloud-init[931]: |     .o+.+o+=.o+o|
Mar  9 10:51:43 Client02 systemd[1]: Started Initial cloud-init job (metadata service crawler).
Mar  9 10:51:43 Client02 HV_FCOPY: starting; pid is:1144
Mar  9 10:51:43 Client02 cloud-init[931]: +----[SHA256]-----+
Mar  9 10:51:43 Client02 systemd[1]: Reached target System Initialization.
Mar  9 10:51:43 Client02 HV_FCOPY: open /dev/vmbus/hv_fcopy failed; error: 2 No such file or directory
Mar  9 10:51:43 Client02 systemd[1]: Started Daily Cleanup of Temporary Directories.
Mar  9 10:51:43 Client02 Hyper-V VSS: VSS starting; pid is:1145
Mar  9 10:51:43 Client02 systemd[1]: Listening on UUID daemon activation socket.
Mar  9 10:51:43 Client02 Hyper-V VSS: VSS: kernel module version: 129
Mar  9 10:51:43 Client02 systemd[1]: Starting LXD - unix socket.
Mar  9 10:51:43 Client02 dbus-daemon[1151]: [system] AppArmor D-Bus mediation is enabled
Mar  9 10:51:43 Client02 systemd[1]: Started Message of the Day.
Mar  9 10:51:43 Client02 systemd[1]: Listening on D-Bus System Message Bus Socket.
Mar  9 10:51:43 Client02 systemd[1]: Starting Socket activation for snappy daemon.
Mar  9 10:51:43 Client02 systemd[1]: Started Daily apt download activities.
Mar  9 10:51:43 Client02 systemd[1]: Listening on ACPID Listen Socket.
Mar  9 10:51:43 Client02 systemd[1]: Listening on Open-iSCSI iscsid Socket.
Mar  9 10:51:43 Client02 systemd[1]: Started ACPI Events Check.
Mar  9 10:51:43 Client02 systemd[1]: Reached target Paths.
Mar  9 10:51:43 Client02 systemd[1]: Started Discard unused blocks once a week.
Mar  9 10:51:43 Client02 systemd[1]: Started Daily apt upgrade and clean activities.
Mar  9 10:51:43 Client02 systemd[1]: Reached target Timers.
Mar  9 10:51:43 Client02 systemd[1]: Reached target Network is Online.
Mar  9 10:51:43 Client02 systemd[1]: Starting Availability of block devices...
Mar  9 10:51:43 Client02 systemd[1]: Reached target Remote File Systems (Pre).
Mar  9 10:51:43 Client02 systemd[1]: Reached target Remote File Systems.
Mar  9 10:51:43 Client02 systemd[1]: Reached target Cloud-config availability.
Mar  9 10:51:43 Client02 systemd[1]: Listening on LXD - unix socket.
Mar  9 10:51:43 Client02 systemd[1]: Listening on Socket activation for snappy daemon.
Mar  9 10:51:43 Client02 systemd[1]: Reached target Sockets.
Mar  9 10:51:43 Client02 systemd[1]: Reached target Basic System.
Mar  9 10:51:43 Client02 systemd[1]: Starting LSB: automatic crash report generation...
Mar  9 10:51:43 Client02 systemd[1]: Started Azure Linux Agent.
Mar  9 10:51:43 Client02 systemd[1]: Started Deferred execution scheduler.
Mar  9 10:51:43 Client02 systemd[1]: Started Hyper-V File Copy Protocol Daemon.
Mar  9 10:51:43 Client02 systemd[1]: Started Hyper-V VSS Protocol Daemon.
Mar  9 10:51:43 Client02 systemd[1]: Starting LXD - container startup/shutdown...
Mar  9 10:51:43 Client02 systemd[1]: Started D-Bus System Message Bus.
Mar  9 10:51:43 Client02 systemd[1]: Starting Login Service...
Mar  9 10:51:43 Client02 systemd[1]: Starting Snappy daemon...
Mar  9 10:51:43 Client02 systemd[1]: Started FUSE filesystem for LXC.
Mar  9 10:51:43 Client02 systemd[1]: Starting Pollinate to seed the pseudo random number generator...
Mar  9 10:51:43 Client02 systemd[1]: Started Regular background program processing daemon.
Mar  9 10:51:43 Client02 systemd[1]: Starting Accounts Service...
Mar  9 10:51:43 Client02 cron[1193]: (CRON) INFO (pidfile fd = 3)
Mar  9 10:51:43 Client02 cron[1193]: (CRON) INFO (Running @reboot jobs)
Mar  9 10:51:43 Client02 systemd[1]: Started irqbalance daemon.
Mar  9 10:51:43 Client02 systemd[1]: Starting Permit User Sessions...
Mar  9 10:51:43 Client02 systemd[1]: Starting LSB: Record successful boot for GRUB...
Mar  9 10:51:43 Client02 systemd[1]: Starting Dispatcher daemon for systemd-networkd...
Mar  9 10:51:43 Client02 systemd[1]: Starting System Logging Service...
Mar  9 10:51:43 Client02 systemd[1]: Started Availability of block devices.
Mar  9 10:51:43 Client02 systemd[1]: hv-fcopy-daemon.service: Main process exited, code=exited, status=1/FAILURE
Mar  9 10:51:43 Client02 systemd[1]: hv-fcopy-daemon.service: Failed with result 'exit-code'.
Mar  9 10:51:43 Client02 systemd[1]: Started Permit User Sessions.
Mar  9 10:51:43 Client02 lxcfs[1171]: mount namespace: 5
Mar  9 10:51:43 Client02 lxcfs[1171]: hierarchies:
Mar  9 10:51:43 Client02 lxcfs[1171]:   0: fd:   6: memory
Mar  9 10:51:43 Client02 lxcfs[1171]:   1: fd:   7: devices
Mar  9 10:51:43 Client02 lxcfs[1171]:   2: fd:   8: perf_event
Mar  9 10:51:43 Client02 lxcfs[1171]:   3: fd:   9: freezer
Mar  9 10:51:43 Client02 lxcfs[1171]:   4: fd:  10: blkio
Mar  9 10:51:43 Client02 lxcfs[1171]:   5: fd:  11: pids
Mar  9 10:51:43 Client02 lxcfs[1171]:   6: fd:  12: hugetlb
Mar  9 10:51:43 Client02 lxcfs[1171]:   7: fd:  13: net_cls,net_prio
Mar  9 10:51:43 Client02 lxcfs[1171]:   8: fd:  14: cpuset
Mar  9 10:51:43 Client02 lxcfs[1171]:   9: fd:  15: rdma
Mar  9 10:51:43 Client02 lxcfs[1171]:  10: fd:  16: cpu,cpuacct
Mar  9 10:51:43 Client02 lxcfs[1171]:  11: fd:  17: name=systemd
Mar  9 10:51:43 Client02 lxcfs[1171]:  12: fd:  18: unified
Mar  9 10:51:43 Client02 systemd[1]: Starting Terminate Plymouth Boot Screen...
Mar  9 10:51:43 Client02 apport[1133]:  * Starting automatic crash report generation: apport
Mar  9 10:51:43 Client02 systemd[1]: Starting Hold until boot process finishes up...
Mar  9 10:51:43 Client02 systemd[1]: Started Hold until boot process finishes up.
Mar  9 10:51:43 Client02 systemd[1]: Started Terminate Plymouth Boot Screen.
Mar  9 10:51:43 Client02 systemd[1]: Started Serial Getty on ttyS0.
Mar  9 10:51:43 Client02 grub-common[1202]:  * Recording successful boot for GRUB
Mar  9 10:51:43 Client02 apport[1133]:    ...done.
Mar  9 10:51:43 Client02 systemd[1]: Starting Set console scheme...
Mar  9 10:51:43 Client02 systemd[1]: Started LSB: automatic crash report generation.
Mar  9 10:51:43 Client02 systemd[1]: Started Login Service.
Mar  9 10:51:43 Client02 systemd[1]: Started Unattended Upgrades Shutdown.
Mar  9 10:51:43 Client02 systemd[1]: Started Set console scheme.
Mar  9 10:51:43 Client02 systemd[1]: Created slice system-getty.slice.
Mar  9 10:51:43 Client02 pollinate[1179]: client sent challenge to [https://entropy.ubuntu.com/]
Mar  9 10:51:43 Client02 systemd[1]: Started Getty on tty1.
Mar  9 10:51:43 Client02 grub-common[1202]:    ...done.
Mar  9 10:51:43 Client02 systemd[1]: Reached target Login Prompts.
Mar  9 10:51:43 Client02 systemd[1]: Started LSB: Record successful boot for GRUB.
Mar  9 10:51:43 Client02 systemd[1]: Started System Logging Service.
Mar  9 10:51:43 Client02 rsyslogd: imuxsock: Acquired UNIX socket '/run/systemd/journal/syslog' (fd 3) from systemd.  [v8.32.0]
Mar  9 10:51:43 Client02 rsyslogd: rsyslogd's groupid changed to 106
Mar  9 10:51:43 Client02 rsyslogd: rsyslogd's userid changed to 102
Mar  9 10:51:43 Client02 rsyslogd:  [origin software="rsyslogd" swVersion="8.32.0" x-pid="1207" x-info="http://www.rsyslog.com"] start
Mar  9 10:51:43 Client02 kernel: [    0.000000] Linux version 5.0.0-1032-azure (buildd@lcy01-amd64-016) (gcc version 7.4.0 (Ubuntu 7.4.0-1ubuntu1~18.04.1)) #34-Ubuntu SMP Mon Feb 10 19:37:25 UTC 2020 (Ubuntu 5.0.0-1032.34-azure 5.0.21)
Mar  9 10:51:43 Client02 kernel: [    0.000000] Command line: BOOT_IMAGE=/boot/vmlinuz-5.0.0-1032-azure root=UUID=5604f71e-1e5f-443c-a99e-b82bb5c201df ro console=tty1 console=ttyS0 earlyprintk=ttyS0 rootdelay=300
Mar  9 10:51:43 Client02 kernel: [    0.000000] KERNEL supported cpus:
Mar  9 10:51:43 Client02 kernel: [    0.000000]   Intel GenuineIntel
Mar  9 10:51:43 Client02 kernel: [    0.000000]   AMD AuthenticAMD
Mar  9 10:51:43 Client02 kernel: [    0.000000]   Hygon HygonGenuine
Mar  9 10:51:43 Client02 kernel: [    0.000000]   Centaur CentaurHauls
Mar  9 10:51:43 Client02 kernel: [    0.000000] x86/fpu: Supporting XSAVE feature 0x001: 'x87 floating point registers'
Mar  9 10:51:43 Client02 kernel: [    0.000000] x86/fpu: Supporting XSAVE feature 0x002: 'SSE registers'
Mar  9 10:51:43 Client02 kernel: [    0.000000] x86/fpu: Supporting XSAVE feature 0x004: 'AVX registers'
Mar  9 10:51:43 Client02 kernel: [    0.000000] x86/fpu: Supporting XSAVE feature 0x008: 'MPX bounds registers'
Mar  9 10:51:43 Client02 kernel: [    0.000000] x86/fpu: Supporting XSAVE feature 0x010: 'MPX CSR'
Mar  9 10:51:43 Client02 kernel: [    0.000000] x86/fpu: Supporting XSAVE feature 0x020: 'AVX-512 opmask'
Mar  9 10:51:43 Client02 kernel: [    0.000000] x86/fpu: Supporting XSAVE feature 0x040: 'AVX-512 Hi256'
Mar  9 10:51:43 Client02 kernel: [    0.000000] x86/fpu: Supporting XSAVE feature 0x080: 'AVX-512 ZMM_Hi256'
Mar  9 10:51:43 Client02 kernel: [    0.000000] x86/fpu: xstate_offset[2]:  576, xstate_sizes[2]:  256
Mar  9 10:51:43 Client02 kernel: [    0.000000] x86/fpu: xstate_offset[3]:  832, xstate_sizes[3]:   64
Mar  9 10:51:43 Client02 kernel: [    0.000000] x86/fpu: xstate_offset[4]:  896, xstate_sizes[4]:   64
Mar  9 10:51:43 Client02 kernel: [    0.000000] x86/fpu: xstate_offset[5]:  960, xstate_sizes[5]:   64
Mar  9 10:51:43 Client02 kernel: [    0.000000] x86/fpu: xstate_offset[6]: 1024, xstate_sizes[6]:  512
Mar  9 10:51:43 Client02 kernel: [    0.000000] x86/fpu: xstate_offset[7]: 1536, xstate_sizes[7]: 1024
Mar  9 10:51:43 Client02 kernel: [    0.000000] x86/fpu: Enabled xstate features 0xff, context size is 2560 bytes, using 'compacted' format.
Mar  9 10:51:43 Client02 kernel: [    0.000000] BIOS-provided physical RAM map:
Mar  9 10:51:43 Client02 kernel: [    0.000000] BIOS-e820: [mem 0x0000000000000000-0x000000000009fbff] usable
Mar  9 10:51:43 Client02 kernel: [    0.000000] BIOS-e820: [mem 0x000000000009fc00-0x000000000009ffff] reserved
Mar  9 10:51:43 Client02 kernel: [    0.000000] BIOS-e820: [mem 0x00000000000e0000-0x00000000000fffff] reserved
Mar  9 10:51:43 Client02 kernel: [    0.000000] BIOS-e820: [mem 0x0000000000100000-0x000000003ffeffff] usable
Mar  9 10:51:43 Client02 kernel: [    0.000000] BIOS-e820: [mem 0x000000003fff0000-0x000000003fffefff] ACPI data
Mar  9 10:51:43 Client02 kernel: [    0.000000] BIOS-e820: [mem 0x000000003ffff000-0x000000003fffffff] ACPI NVS
Mar  9 10:51:43 Client02 kernel: [    0.000000] BIOS-e820: [mem 0x0000000100000000-0x00000002bfffffff] usable
Mar  9 10:51:43 Client02 kernel: [    0.000000] printk: bootconsole [earlyser0] enabled
Mar  9 10:51:43 Client02 kernel: [    0.000000] NX (Execute Disable) protection: active
Mar  9 10:51:43 Client02 kernel: [    0.000000] SMBIOS 2.3 present.
Mar  9 10:51:43 Client02 kernel: [    0.000000] DMI: Microsoft Corporation Virtual Machine/Virtual Machine, BIOS 090007  06/02/2017
Mar  9 10:51:43 Client02 kernel: [    0.000000] Hypervisor detected: Microsoft Hyper-V
Mar  9 10:51:43 Client02 kernel: [    0.000000] Hyper-V: features 0x2e7f, hints 0x44c2c
Mar  9 10:51:43 Client02 kernel: [    0.000000] Hyper-V Host Build:14393-10.0-0-0.305
Mar  9 10:51:43 Client02 kernel: [    0.000000] Hyper-V: LAPIC Timer Frequency: 0xc3500
Mar  9 10:51:43 Client02 kernel: [    0.000000] tsc: Marking TSC unstable due to running on Hyper-V
Mar  9 10:51:43 Client02 kernel: [    0.000000] Hyper-V: Using hypercall for remote TLB flush
Mar  9 10:51:43 Client02 kernel: [    0.000000] tsc: Detected 2095.244 MHz processor
Mar  9 10:51:43 Client02 kernel: [    0.001345] e820: update [mem 0x00000000-0x00000fff] usable ==> reserved
Mar  9 10:51:43 Client02 kernel: [    0.001347] e820: remove [mem 0x000a0000-0x000fffff] usable
Mar  9 10:51:43 Client02 kernel: [    0.001350] last_pfn = 0x2c0000 max_arch_pfn = 0x400000000
Mar  9 10:51:43 Client02 kernel: [    0.004476] MTRR default type: uncachable
Mar  9 10:51:43 Client02 kernel: [    0.004477] MTRR fixed ranges enabled:
Mar  9 10:51:43 Client02 kernel: [    0.004478]   00000-9FFFF write-back
Mar  9 10:51:43 Client02 kernel: [    0.004479]   A0000-DFFFF uncachable
Mar  9 10:51:43 Client02 kernel: [    0.004480]   E0000-FFFFF write-back
Mar  9 10:51:43 Client02 kernel: [    0.004480] MTRR variable ranges enabled:
Mar  9 10:51:43 Client02 kernel: [    0.004481]   0 base 00000000000 mask FFFC0000000 write-back
Mar  9 10:51:43 Client02 kernel: [    0.004482]   1 base 00100000000 mask FF000000000 write-back
Mar  9 10:51:43 Client02 kernel: [    0.004483]   2 disabled
Mar  9 10:51:43 Client02 kernel: [    0.004483]   3 disabled
Mar  9 10:51:43 Client02 kernel: [    0.004484]   4 disabled
Mar  9 10:51:43 Client02 kernel: [    0.004484]   5 disabled
Mar  9 10:51:43 Client02 kernel: [    0.004484]   6 disabled
Mar  9 10:51:43 Client02 kernel: [    0.004485]   7 disabled
Mar  9 10:51:43 Client02 kernel: [    0.004498] x86/PAT: Configuration [0-7]: WB  WC  UC- UC  WB  WP  UC- WT  
Mar  9 10:51:43 Client02 kernel: [    0.008613] e820: update [mem 0x40000000-0xffffffff] usable ==> reserved
Mar  9 10:51:43 Client02 kernel: [    0.010380] last_pfn = 0x3fff0 max_arch_pfn = 0x400000000
Mar  9 10:51:43 Client02 kernel: [    0.022552] found SMP MP-table at [mem 0x000ff780-0x000ff78f]
Mar  9 10:51:43 Client02 kernel: [    0.026545] check: Scanning 1 areas for low memory corruption
Mar  9 10:51:43 Client02 kernel: [    0.031241] Using GB pages for direct mapping
Mar  9 10:51:43 Client02 kernel: [    0.034290] BRK [0x141c02000, 0x141c02fff] PGTABLE
Mar  9 10:51:43 Client02 kernel: [    0.034293] BRK [0x141c03000, 0x141c03fff] PGTABLE
Mar  9 10:51:43 Client02 kernel: [    0.034294] BRK [0x141c04000, 0x141c04fff] PGTABLE
Mar  9 10:51:43 Client02 kernel: [    0.034326] BRK [0x141c05000, 0x141c05fff] PGTABLE
Mar  9 10:51:43 Client02 kernel: [    0.034406] BRK [0x141c06000, 0x141c06fff] PGTABLE
Mar  9 10:51:43 Client02 kernel: [    0.034444] RAMDISK: [mem 0x3598f000-0x36cbefff]
Mar  9 10:51:43 Client02 kernel: [    0.037726] ACPI: Early table checksum verification disabled
Mar  9 10:51:43 Client02 kernel: [    0.041670] ACPI: RSDP 0x00000000000F5BF0 000014 (v00 ACPIAM)
Mar  9 10:51:43 Client02 kernel: [    0.045581] ACPI: RSDT 0x000000003FFF0000 000040 (v01 VRTUAL MICROSFT 06001702 MSFT 00000097)
Mar  9 10:51:43 Client02 kernel: [    0.051147] ACPI: FACP 0x000000003FFF0200 000081 (v02 VRTUAL MICROSFT 06001702 MSFT 00000097)
Mar  9 10:51:43 Client02 kernel: [    0.056805] ACPI: DSDT 0x000000003FFF1D24 003CBE (v01 MSFTVM MSFTVM02 00000002 INTL 02002026)
Mar  9 10:51:43 Client02 kernel: [    0.062434] ACPI: FACS 0x000000003FFFF000 000040
Mar  9 10:51:43 Client02 kernel: [    0.065473] ACPI: WAET 0x000000003FFF1A80 000028 (v01 VRTUAL MICROSFT 06001702 MSFT 00000097)
Mar  9 10:51:43 Client02 kernel: [    0.071056] ACPI: SLIC 0x000000003FFF1AC0 000176 (v01 VRTUAL MICROSFT 06001702 MSFT 00000097)
Mar  9 10:51:43 Client02 kernel: [    0.076865] ACPI: OEM0 0x000000003FFF1CC0 000064 (v01 VRTUAL MICROSFT 06001702 MSFT 00000097)
Mar  9 10:51:43 Client02 kernel: [    0.082160] ACPI: SRAT 0x000000003FFF0800 000140 (v02 VRTUAL MICROSFT 00000001 MSFT 00000001)
Mar  9 10:51:43 Client02 kernel: [    0.087826] ACPI: APIC 0x000000003FFF0300 000452 (v01 VRTUAL MICROSFT 06001702 MSFT 00000097)
Mar  9 10:51:43 Client02 kernel: [    0.093458] ACPI: OEMB 0x000000003FFFF040 000064 (v01 VRTUAL MICROSFT 06001702 MSFT 00000097)
Mar  9 10:51:43 Client02 kernel: [    0.098812] ACPI: Local APIC address 0xfee00000
Mar  9 10:51:43 Client02 kernel: [    0.098858] SRAT: PXM 0 -> APIC 0x00 -> Node 0
Mar  9 10:51:43 Client02 kernel: [    0.101731] SRAT: PXM 0 -> APIC 0x01 -> Node 0
Mar  9 10:51:43 Client02 kernel: [    0.104659] ACPI: SRAT: Node 0 PXM 0 [mem 0x00000000-0x3fffffff] hotplug
Mar  9 10:51:43 Client02 kernel: [    0.110373] ACPI: SRAT: Node 0 PXM 0 [mem 0x100000000-0x2bfffffff] hotplug
Mar  9 10:51:43 Client02 kernel: [    0.114849] ACPI: SRAT: Node 0 PXM 0 [mem 0x2c0200000-0xfdfffffff] hotplug
Mar  9 10:51:43 Client02 kernel: [    0.119326] ACPI: SRAT: Node 0 PXM 0 [mem 0x1000000000-0xffffffffff] hotplug
Mar  9 10:51:43 Client02 kernel: [    0.124116] ACPI: SRAT: Node 0 PXM 0 [mem 0x10000200000-0x1ffffffffff] hotplug
Mar  9 10:51:43 Client02 kernel: [    0.128838] ACPI: SRAT: Node 0 PXM 0 [mem 0x20000200000-0x3ffffffffff] hotplug
Mar  9 10:51:43 Client02 kernel: [    0.133311] NUMA: Node 0 [mem 0x00000000-0x3fffffff] + [mem 0x100000000-0x2bfffffff] -> [mem 0x00000000-0x2bfffffff]
Mar  9 10:51:43 Client02 kernel: [    0.140125] NODE_DATA(0) allocated [mem 0x2bffd5000-0x2bfffffff]
Mar  9 10:51:43 Client02 kernel: [    0.144087] Zone ranges:
Mar  9 10:51:43 Client02 kernel: [    0.145705]   DMA      [mem 0x0000000000001000-0x0000000000ffffff]
Mar  9 10:51:43 Client02 kernel: [    0.149602]   DMA32    [mem 0x0000000001000000-0x00000000ffffffff]
Mar  9 10:51:43 Client02 kernel: [    0.153576]   Normal   [mem 0x0000000100000000-0x00000002bfffffff]
Mar  9 10:51:43 Client02 kernel: [    0.157524]   Device   empty
Mar  9 10:51:43 Client02 kernel: [    0.159953] Movable zone start for each node
Mar  9 10:51:43 Client02 kernel: [    0.164522] Early memory node ranges
Mar  9 10:51:43 Client02 kernel: [    0.169245]   node   0: [mem 0x0000000000001000-0x000000000009efff]
Mar  9 10:51:43 Client02 kernel: [    0.173294]   node   0: [mem 0x0000000000100000-0x000000003ffeffff]
Mar  9 10:51:43 Client02 kernel: [    0.177789]   node   0: [mem 0x0000000100000000-0x00000002bfffffff]
Mar  9 10:51:43 Client02 kernel: [    0.181923] Zeroed struct page in unavailable ranges: 114 pages
Mar  9 10:51:43 Client02 kernel: [    0.181925] Initmem setup node 0 [mem 0x0000000000001000-0x00000002bfffffff]
Mar  9 10:51:43 Client02 kernel: [    0.190069] On node 0 totalpages: 2097038
Mar  9 10:51:43 Client02 kernel: [    0.190070]   DMA zone: 64 pages used for memmap
Mar  9 10:51:43 Client02 kernel: [    0.190071]   DMA zone: 21 pages reserved
Mar  9 10:51:43 Client02 kernel: [    0.190072]   DMA zone: 3998 pages, LIFO batch:0
Mar  9 10:51:43 Client02 kernel: [    0.190171]   DMA32 zone: 4032 pages used for memmap
Mar  9 10:51:43 Client02 kernel: [    0.190171]   DMA32 zone: 258032 pages, LIFO batch:63
Mar  9 10:51:43 Client02 kernel: [    0.198010]   Normal zone: 28672 pages used for memmap
Mar  9 10:51:43 Client02 kernel: [    0.198011]   Normal zone: 1835008 pages, LIFO batch:63
Mar  9 10:51:43 Client02 kernel: [    0.243570] ACPI: PM-Timer IO Port: 0x408
Mar  9 10:51:43 Client02 kernel: [    0.246363] ACPI: Local APIC address 0xfee00000
Mar  9 10:51:43 Client02 kernel: [    0.246377] ACPI: LAPIC_NMI (acpi_id[0xff] dfl dfl lint[0x1])
Mar  9 10:51:43 Client02 kernel: [    0.251167] IOAPIC[0]: apic_id 0, version 17, address 0xfec00000, GSI 0-23
Mar  9 10:51:43 Client02 kernel: [    0.255801] ACPI: INT_SRC_OVR (bus 0 bus_irq 0 global_irq 2 dfl dfl)
Mar  9 10:51:43 Client02 kernel: [    0.259909] ACPI: INT_SRC_OVR (bus 0 bus_irq 9 global_irq 9 high level)
Mar  9 10:51:43 Client02 kernel: [    0.264789] ACPI: IRQ0 used by override.
Mar  9 10:51:43 Client02 kernel: [    0.264790] ACPI: IRQ9 used by override.
Mar  9 10:51:43 Client02 kernel: [    0.264793] Using ACPI (MADT) for SMP configuration information
Mar  9 10:51:43 Client02 kernel: [    0.270783] smpboot: Allowing 128 CPUs, 126 hotplug CPUs
Mar  9 10:51:43 Client02 kernel: [    0.274167] PM: Registered nosave memory: [mem 0x00000000-0x00000fff]
Mar  9 10:51:43 Client02 kernel: [    0.278427] PM: Registered nosave memory: [mem 0x0009f000-0x0009ffff]
Mar  9 10:51:43 Client02 kernel: [    0.282546] PM: Registered nosave memory: [mem 0x000a0000-0x000dffff]
Mar  9 10:51:43 Client02 kernel: [    0.286740] PM: Registered nosave memory: [mem 0x000e0000-0x000fffff]
Mar  9 10:51:43 Client02 kernel: [    0.290884] PM: Registered nosave memory: [mem 0x3fff0000-0x3fffefff]
Mar  9 10:51:43 Client02 kernel: [    0.295146] PM: Registered nosave memory: [mem 0x3ffff000-0x3fffffff]
Mar  9 10:51:43 Client02 kernel: [    0.299459] PM: Registered nosave memory: [mem 0x40000000-0xffffffff]
Mar  9 10:51:43 Client02 kernel: [    0.303889] [mem 0x40000000-0xffffffff] available for PCI devices
Mar  9 10:51:43 Client02 kernel: [    0.307611] Booting paravirtualized kernel on bare hardware
Mar  9 10:51:43 Client02 kernel: [    0.311308] clocksource: refined-jiffies: mask: 0xffffffff max_cycles: 0xffffffff, max_idle_ns: 7645519600211568 ns
Mar  9 10:51:43 Client02 kernel: [    0.317969] random: get_random_bytes called from start_kernel+0x93/0x503 with crng_init=0
Mar  9 10:51:43 Client02 kernel: [    0.323310] setup_percpu: NR_CPUS:8192 nr_cpumask_bits:128 nr_cpu_ids:128 nr_node_ids:1
Mar  9 10:51:43 Client02 kernel: [    0.335830] percpu: Embedded 45 pages/cpu s147456 r8192 d28672 u262144
Mar  9 10:51:43 Client02 kernel: [    0.340876] pcpu-alloc: s147456 r8192 d28672 u262144 alloc=1*2097152
Mar  9 10:51:43 Client02 kernel: [    0.340877] pcpu-alloc: [0] 000 001 002 003 004 005 006 007 
Mar  9 10:51:43 Client02 kernel: [    0.340879] pcpu-alloc: [0] 008 009 010 011 012 013 014 015 
Mar  9 10:51:43 Client02 kernel: [    0.340881] pcpu-alloc: [0] 016 017 018 019 020 021 022 023 
Mar  9 10:51:43 Client02 kernel: [    0.340883] pcpu-alloc: [0] 024 025 026 027 028 029 030 031 
Mar  9 10:51:43 Client02 kernel: [    0.340885] pcpu-alloc: [0] 032 033 034 035 036 037 038 039 
Mar  9 10:51:43 Client02 kernel: [    0.340887] pcpu-alloc: [0] 040 041 042 043 044 045 046 047 
Mar  9 10:51:43 Client02 kernel: [    0.340889] pcpu-alloc: [0] 048 049 050 051 052 053 054 055 
Mar  9 10:51:43 Client02 kernel: [    0.340890] pcpu-alloc: [0] 056 057 058 059 060 061 062 063 
Mar  9 10:51:43 Client02 kernel: [    0.340892] pcpu-alloc: [0] 064 065 066 067 068 069 070 071 
Mar  9 10:51:43 Client02 kernel: [    0.340894] pcpu-alloc: [0] 072 073 074 075 076 077 078 079 
Mar  9 10:51:43 Client02 kernel: [    0.340896] pcpu-alloc: [0] 080 081 082 083 084 085 086 087 
Mar  9 10:51:43 Client02 kernel: [    0.340898] pcpu-alloc: [0] 088 089 090 091 092 093 094 095 
Mar  9 10:51:43 Client02 kernel: [    0.340899] pcpu-alloc: [0] 096 097 098 099 100 101 102 103 
Mar  9 10:51:43 Client02 kernel: [    0.340901] pcpu-alloc: [0] 104 105 106 107 108 109 110 111 
Mar  9 10:51:43 Client02 kernel: [    0.340903] pcpu-alloc: [0] 112 113 114 115 116 117 118 119 
Mar  9 10:51:43 Client02 kernel: [    0.340905] pcpu-alloc: [0] 120 121 122 123 124 125 126 127 
Mar  9 10:51:43 Client02 kernel: [    0.340935] Hyper-V: PV spinlocks enabled
Mar  9 10:51:43 Client02 kernel: [    0.343602] PV qspinlock hash table entries: 512 (order: 1, 8192 bytes)
Mar  9 10:51:43 Client02 kernel: [    0.347702] Built 1 zonelists, mobility grouping on.  Total pages: 2064249
Mar  9 10:51:43 Client02 kernel: [    0.352387] Policy zone: Normal
Mar  9 10:51:43 Client02 kernel: [    0.354483] Kernel command line: BOOT_IMAGE=/boot/vmlinuz-5.0.0-1032-azure root=UUID=5604f71e-1e5f-443c-a99e-b82bb5c201df ro console=tty1 console=ttyS0 earlyprintk=ttyS0 rootdelay=300
Mar  9 10:51:43 Client02 kernel: [    0.364753] printk: log_buf_len individual max cpu contribution: 4096 bytes
Mar  9 10:51:43 Client02 kernel: [    0.369145] printk: log_buf_len total cpu_extra contributions: 520192 bytes
Mar  9 10:51:43 Client02 kernel: [    0.373879] printk: log_buf_len min size: 262144 bytes
Mar  9 10:51:43 Client02 kernel: [    0.377729] printk: log_buf_len: 1048576 bytes
Mar  9 10:51:43 Client02 kernel: [    0.380702] printk: early log buf free: 251180(95%)
Mar  9 10:51:43 Client02 kernel: [    0.396182] Calgary: detecting Calgary via BIOS EBDA area
Mar  9 10:51:43 Client02 kernel: [    0.396183] Calgary: Unable to locate Rio Grande table in EBDA - bailing!
Mar  9 10:51:43 Client02 kernel: [    0.413914] Memory: 8118156K/8388152K available (12292K kernel code, 2233K rwdata, 3944K rodata, 2360K init, 5524K bss, 269996K reserved, 0K cma-reserved)
Mar  9 10:51:43 Client02 kernel: [    0.424637] SLUB: HWalign=64, Order=0-3, MinObjects=0, CPUs=128, Nodes=1
Mar  9 10:51:43 Client02 kernel: [    0.428931] Kernel/User page tables isolation: enabled
Mar  9 10:51:43 Client02 kernel: [    0.432518] ftrace: allocating 38709 entries in 152 pages
Mar  9 10:51:43 Client02 kernel: [    0.452992] rcu: Hierarchical RCU implementation.
Mar  9 10:51:43 Client02 kernel: [    0.456590] rcu: 	RCU restricting CPUs from NR_CPUS=8192 to nr_cpu_ids=128.
Mar  9 10:51:43 Client02 kernel: [    0.461182] 	Tasks RCU enabled.
Mar  9 10:51:43 Client02 kernel: [    0.464385] rcu: RCU calculated value of scheduler-enlistment delay is 25 jiffies.
Mar  9 10:51:43 Client02 kernel: [    0.469557] rcu: Adjusting geometry for rcu_fanout_leaf=16, nr_cpu_ids=128
Mar  9 10:51:43 Client02 kernel: [    0.477125] NR_IRQS: 524544, nr_irqs: 1448, preallocated irqs: 16
Mar  9 10:51:43 Client02 kernel: [    0.488311] Console: colour VGA+ 80x25
Mar  9 10:51:43 Client02 kernel: [    1.105569] printk: console [tty1] enabled
Mar  9 10:51:43 Client02 kernel: [    1.109119] printk: console [ttyS0] enabled
Mar  9 10:51:43 Client02 kernel: [    1.115206] printk: bootconsole [earlyser0] disabled
Mar  9 10:51:43 Client02 kernel: [    1.122614] ACPI: Core revision 20181213
Mar  9 10:51:43 Client02 kernel: [    1.126287] APIC: Switch to symmetric I/O mode setup
Mar  9 10:51:43 Client02 kernel: [    1.130127] Switched APIC routing to physical flat.
Mar  9 10:51:43 Client02 kernel: [    1.133900] Hyper-V: Using IPI hypercalls
Mar  9 10:51:43 Client02 kernel: [    1.137592] Hyper-V: Using enlightened APIC (xapic mode)
Mar  9 10:51:43 Client02 kernel: [    1.137600] clocksource: hyperv_clocksource_tsc_page: mask: 0xffffffffffffffff max_cycles: 0x24e6a1710, max_idle_ns: 440795202120 ns
Mar  9 10:51:43 Client02 kernel: [    1.175536] Calibrating delay loop (skipped), value calculated using timer frequency.. 4190.48 BogoMIPS (lpj=8380976)
Mar  9 10:51:43 Client02 kernel: [    1.179522] pid_max: default: 131072 minimum: 1024
Mar  9 10:51:43 Client02 kernel: [    1.179522] LSM: Security Framework initializing
Mar  9 10:51:43 Client02 kernel: [    1.179522] Yama: becoming mindful.
Mar  9 10:51:43 Client02 kernel: [    1.179522] AppArmor: AppArmor initialized
Mar  9 10:51:43 Client02 kernel: [    1.179522] Dentry cache hash table entries: 1048576 (order: 11, 8388608 bytes)
Mar  9 10:51:43 Client02 kernel: [    1.179522] Inode-cache hash table entries: 524288 (order: 10, 4194304 bytes)
Mar  9 10:51:43 Client02 kernel: [    1.179522] Mount-cache hash table entries: 16384 (order: 5, 131072 bytes)
Mar  9 10:51:43 Client02 kernel: [    1.179522] Mountpoint-cache hash table entries: 16384 (order: 5, 131072 bytes)
Mar  9 10:51:43 Client02 kernel: [    1.179522] Last level iTLB entries: 4KB 64, 2MB 8, 4MB 8
Mar  9 10:51:43 Client02 kernel: [    1.179522] Last level dTLB entries: 4KB 64, 2MB 0, 4MB 0, 1GB 4
Mar  9 10:51:43 Client02 kernel: [    1.179522] Spectre V1 : Mitigation: usercopy/swapgs barriers and __user pointer sanitization
Mar  9 10:51:43 Client02 kernel: [    1.179522] Spectre V2 : Mitigation: Full generic retpoline
Mar  9 10:51:43 Client02 kernel: [    1.179522] Spectre V2 : Spectre v2 / SpectreRSB mitigation: Filling RSB on context switch
Mar  9 10:51:43 Client02 kernel: [    1.179522] Speculative Store Bypass: Vulnerable
Mar  9 10:51:43 Client02 kernel: [    1.179522] TAA: Vulnerable: Clear CPU buffers attempted, no microcode
Mar  9 10:51:43 Client02 kernel: [    1.179522] MDS: Vulnerable: Clear CPU buffers attempted, no microcode
Mar  9 10:51:43 Client02 kernel: [    1.179522] Freeing SMP alternatives memory: 36K
Mar  9 10:51:43 Client02 kernel: [    1.179522] smpboot: CPU0: Intel(R) Xeon(R) Platinum 8171M CPU @ 2.60GHz (family: 0x6, model: 0x55, stepping: 0x4)
Mar  9 10:51:43 Client02 kernel: [    1.183681] Performance Events: unsupported p6 CPU model 85 no PMU driver, software events only.
Mar  9 10:51:43 Client02 kernel: [    1.187590] rcu: Hierarchical SRCU implementation.
Mar  9 10:51:43 Client02 kernel: [    1.192535] random: crng done (trusting CPU's manufacturer)
Mar  9 10:51:43 Client02 kernel: [    1.195560] NMI watchdog: Perf NMI watchdog permanently disabled
Mar  9 10:51:43 Client02 kernel: [    1.200837] smp: Bringing up secondary CPUs ...
Mar  9 10:51:43 Client02 kernel: [    1.203648] x86: Booting SMP configuration:
Mar  9 10:51:43 Client02 kernel: [    1.207526] .... node  #0, CPUs:          #1
Mar  9 10:51:43 Client02 kernel: [    1.211539] MDS CPU bug present and SMT on, data leak possible. See https://www.kernel.org/doc/html/latest/admin-guide/hw-vuln/mds.html for more details.
Mar  9 10:51:43 Client02 kernel: [    1.219525] TAA CPU bug present and SMT on, data leak possible. See https://www.kernel.org/doc/html/latest/admin-guide/hw-vuln/tsx_async_abort.html for more details.
Mar  9 10:51:43 Client02 kernel: [    1.223528] smp: Brought up 1 node, 2 CPUs
Mar  9 10:51:43 Client02 kernel: [    1.227524] smpboot: Max logical packages: 64
Mar  9 10:51:43 Client02 kernel: [    1.231526] smpboot: Total of 2 processors activated (8380.97 BogoMIPS)
Mar  9 10:51:43 Client02 kernel: [    1.236368] devtmpfs: initialized
Mar  9 10:51:43 Client02 kernel: [    1.239591] x86/mm: Memory block size: 128MB
Mar  9 10:51:43 Client02 kernel: [    1.244256] PM: Registering ACPI NVS region [mem 0x3ffff000-0x3fffffff] (4096 bytes)
Mar  9 10:51:43 Client02 kernel: [    1.251690] clocksource: jiffies: mask: 0xffffffff max_cycles: 0xffffffff, max_idle_ns: 7645041785100000 ns
Mar  9 10:51:43 Client02 kernel: [    1.255606] futex hash table entries: 32768 (order: 9, 2097152 bytes)
Mar  9 10:51:43 Client02 kernel: [    1.264019] pinctrl core: initialized pinctrl subsystem
Mar  9 10:51:43 Client02 kernel: [    1.268090] RTC time: 10:50:43, date: 2020-03-09
Mar  9 10:51:43 Client02 kernel: [    1.271834] NET: Registered protocol family 16
Mar  9 10:51:43 Client02 kernel: [    1.275617] audit: initializing netlink subsys (disabled)
Mar  9 10:51:43 Client02 kernel: [    1.279549] audit: type=2000 audit(1583751042.104:1): state=initialized audit_enabled=0 res=1
Mar  9 10:51:43 Client02 kernel: [    1.279640] EISA bus registered
Mar  9 10:51:43 Client02 kernel: [    1.287548] cpuidle: using governor ladder
Mar  9 10:51:43 Client02 kernel: [    1.291542] cpuidle: using governor menu
Mar  9 10:51:43 Client02 kernel: [    1.295614] ACPI: bus type PCI registered
Mar  9 10:51:43 Client02 kernel: [    1.299525] acpiphp: ACPI Hot Plug PCI Controller Driver version: 0.5
Mar  9 10:51:43 Client02 kernel: [    1.304212] PCI: Using configuration type 1 for base access
Mar  9 10:51:43 Client02 kernel: [    1.311746] HugeTLB registered 1.00 GiB page size, pre-allocated 0 pages
Mar  9 10:51:43 Client02 kernel: [    1.319535] HugeTLB registered 2.00 MiB page size, pre-allocated 0 pages
Mar  9 10:51:43 Client02 kernel: [    1.327820] ACPI: Added _OSI(Module Device)
Mar  9 10:51:43 Client02 kernel: [    1.331533] ACPI: Added _OSI(Processor Device)
Mar  9 10:51:43 Client02 kernel: [    1.331533] ACPI: Added _OSI(3.0 _SCP Extensions)
Mar  9 10:51:43 Client02 kernel: [    1.335525] ACPI: Added _OSI(Processor Aggregator Device)
Mar  9 10:51:43 Client02 kernel: [    1.343526] ACPI: Added _OSI(Linux-Dell-Video)
Mar  9 10:51:43 Client02 kernel: [    1.347524] ACPI: Added _OSI(Linux-Lenovo-NV-HDMI-Audio)
Mar  9 10:51:43 Client02 kernel: [    1.351525] ACPI: Added _OSI(Linux-HPI-Hybrid-Graphics)
Mar  9 10:51:43 Client02 kernel: [    1.355755] ACPI: 1 ACPI AML tables successfully acquired and loaded
Mar  9 10:51:43 Client02 kernel: [    1.363858] ACPI: Interpreter enabled
Mar  9 10:51:43 Client02 kernel: [    1.371538] ACPI: (supports S0 S5)
Mar  9 10:51:43 Client02 kernel: [    1.371538] ACPI: Using IOAPIC for interrupt routing
Mar  9 10:51:43 Client02 kernel: [    1.375553] PCI: Using host bridge windows from ACPI; if necessary, use "pci=nocrs" and report a bug
Mar  9 10:51:43 Client02 kernel: [    1.383805] ACPI: Enabled 1 GPEs in block 00 to 0F
Mar  9 10:51:43 Client02 kernel: [    1.405762] ACPI: PCI Root Bridge [PCI0] (domain 0000 [bus 00-ff])
Mar  9 10:51:43 Client02 kernel: [    1.411529] acpi PNP0A03:00: _OSC: OS supports [ASPM ClockPM Segments MSI]
Mar  9 10:51:43 Client02 kernel: [    1.415541] acpi PNP0A03:00: fail to add MMCONFIG information, can't access extended PCI configuration space under this bridge.
Mar  9 10:51:43 Client02 kernel: [    1.427709] PCI host bridge to bus 0000:00
Mar  9 10:51:43 Client02 kernel: [    1.431533] pci_bus 0000:00: root bus resource [mem 0xfe0000000-0xfffffffff window]
Mar  9 10:51:43 Client02 kernel: [    1.435525] pci_bus 0000:00: root bus resource [io  0x0000-0x0cf7 window]
Mar  9 10:51:43 Client02 kernel: [    1.439524] pci_bus 0000:00: root bus resource [io  0x0d00-0xffff window]
Mar  9 10:51:43 Client02 kernel: [    1.443525] pci_bus 0000:00: root bus resource [mem 0x000a0000-0x000bffff window]
Mar  9 10:51:43 Client02 kernel: [    1.451526] pci_bus 0000:00: root bus resource [mem 0x40000000-0xfffbffff window]
Mar  9 10:51:43 Client02 kernel: [    1.455526] pci_bus 0000:00: root bus resource [bus 00-ff]
Mar  9 10:51:43 Client02 kernel: [    1.459791] pci 0000:00:00.0: [8086:7192] type 00 class 0x060000
Mar  9 10:51:43 Client02 kernel: [    1.465632] pci 0000:00:07.0: [8086:7110] type 00 class 0x060100
Mar  9 10:51:43 Client02 kernel: [    1.472089] pci 0000:00:07.1: [8086:7111] type 00 class 0x010180
Mar  9 10:51:43 Client02 kernel: [    1.475197] pci 0000:00:07.1: reg 0x20: [io  0xffa0-0xffaf]
Mar  9 10:51:43 Client02 kernel: [    1.476456] pci 0000:00:07.1: legacy IDE quirk: reg 0x10: [io  0x01f0-0x01f7]
Mar  9 10:51:43 Client02 kernel: [    1.483527] pci 0000:00:07.1: legacy IDE quirk: reg 0x14: [io  0x03f6]
Mar  9 10:51:43 Client02 kernel: [    1.487524] pci 0000:00:07.1: legacy IDE quirk: reg 0x18: [io  0x0170-0x0177]
Mar  9 10:51:43 Client02 kernel: [    1.495525] pci 0000:00:07.1: legacy IDE quirk: reg 0x1c: [io  0x0376]
Mar  9 10:51:43 Client02 kernel: [    1.500312] pci 0000:00:07.3: [8086:7113] type 00 class 0x068000
Mar  9 10:51:43 Client02 kernel: [    1.500376] * Found PM-Timer Bug on the chipset. Due to workarounds for a bug,
Mar  9 10:51:43 Client02 kernel: [    1.500376] * this clock source is slow. Consider trying other clock sources
Mar  9 10:51:43 Client02 kernel: [    1.511528] pci 0000:00:07.3: acpi_pm_check_blacklist+0x0/0x40 took 11718 usecs
Mar  9 10:51:43 Client02 kernel: [    1.517804] pci 0000:00:07.3: quirk: [io  0x0400-0x043f] claimed by PIIX4 ACPI
Mar  9 10:51:43 Client02 kernel: [    1.525009] pci 0000:00:08.0: [1414:5353] type 00 class 0x030000
Mar  9 10:51:43 Client02 kernel: [    1.525806] pci 0000:00:08.0: reg 0x10: [mem 0xf8000000-0xfbffffff]
Mar  9 10:51:43 Client02 kernel: [    1.549455] ACPI: PCI Interrupt Link [LNKA] (IRQs 3 4 5 7 9 10 *11 12 14 15)
Mar  9 10:51:43 Client02 kernel: [    1.555722] ACPI: PCI Interrupt Link [LNKB] (IRQs 3 4 5 7 9 10 11 12 14 15) *0, disabled.
Mar  9 10:51:43 Client02 kernel: [    1.563758] ACPI: PCI Interrupt Link [LNKC] (IRQs 3 4 5 7 9 10 11 12 14 15) *0, disabled.
Mar  9 10:51:43 Client02 kernel: [    1.571789] ACPI: PCI Interrupt Link [LNKD] (IRQs 3 4 5 7 9 10 11 12 14 15) *0, disabled.
Mar  9 10:51:43 Client02 kernel: [    1.580095] SCSI subsystem initialized
Mar  9 10:51:43 Client02 kernel: [    1.583614] libata version 3.00 loaded.
Mar  9 10:51:43 Client02 kernel: [    1.583614] pci 0000:00:08.0: vgaarb: setting as boot VGA device
Mar  9 10:51:43 Client02 kernel: [    1.587522] pci 0000:00:08.0: vgaarb: VGA device added: decodes=io+mem,owns=io+mem,locks=none
Mar  9 10:51:43 Client02 kernel: [    1.587527] pci 0000:00:08.0: vgaarb: bridge control possible
Mar  9 10:51:43 Client02 kernel: [    1.591525] vgaarb: loaded
Mar  9 10:51:43 Client02 kernel: [    1.594166] pps_core: LinuxPPS API ver. 1 registered
Mar  9 10:51:43 Client02 kernel: [    1.595524] pps_core: Software ver. 5.3.6 - Copyright 2005-2007 Rodolfo Giometti <giometti@linux.it>
Mar  9 10:51:43 Client02 kernel: [    1.599528] PTP clock support registered
Mar  9 10:51:43 Client02 kernel: [    1.603628] EDAC MC: Ver: 3.0.0
Mar  9 10:51:43 Client02 kernel: [    1.607737] hv_vmbus: Vmbus version:4.0
Mar  9 10:51:43 Client02 kernel: [    1.611581] PCI: Using ACPI for IRQ routing
Mar  9 10:51:43 Client02 kernel: [    1.619533] PCI: pci_cache_line_size set to 64 bytes
Mar  9 10:51:43 Client02 kernel: [    1.620306] e820: reserve RAM buffer [mem 0x0009fc00-0x0009ffff]
Mar  9 10:51:43 Client02 kernel: [    1.620308] e820: reserve RAM buffer [mem 0x3fff0000-0x3fffffff]
Mar  9 10:51:43 Client02 kernel: [    1.620517] NetLabel: Initializing
Mar  9 10:51:43 Client02 kernel: [    1.623527] NetLabel:  domain hash size = 128
Mar  9 10:51:43 Client02 kernel: [    1.631529] NetLabel:  protocols = UNLABELED CIPSOv4 CALIPSO
Mar  9 10:51:43 Client02 kernel: [    1.635548] NetLabel:  unlabeled traffic allowed by default
Mar  9 10:51:43 Client02 kernel: [    1.639615] clocksource: Switched to clocksource hyperv_clocksource_tsc_page
Mar  9 10:51:43 Client02 kernel: [    1.660986] VFS: Disk quotas dquot_6.6.0
Mar  9 10:51:43 Client02 kernel: [    1.664922] VFS: Dquot-cache hash table entries: 512 (order 0, 4096 bytes)
Mar  9 10:51:43 Client02 kernel: [    1.670990] AppArmor: AppArmor Filesystem Enabled
Mar  9 10:51:43 Client02 kernel: [    1.675359] pnp: PnP ACPI init
Mar  9 10:51:43 Client02 kernel: [    1.678652] pnp 00:00: Plug and Play ACPI device, IDs PNP0b00 (active)
Mar  9 10:51:43 Client02 kernel: [    1.678695] pnp 00:01: Plug and Play ACPI device, IDs PNP0303 PNP030b (active)
Mar  9 10:51:43 Client02 kernel: [    1.678736] pnp 00:02: Plug and Play ACPI device, IDs PNP0f03 PNP0f13 (active)
Mar  9 10:51:43 Client02 kernel: [    1.679598] pnp 00:03: [dma 0 disabled]
Mar  9 10:51:43 Client02 kernel: [    1.679619] pnp 00:03: Plug and Play ACPI device, IDs PNP0501 (active)
Mar  9 10:51:43 Client02 kernel: [    1.680434] pnp 00:04: [dma 0 disabled]
Mar  9 10:51:43 Client02 kernel: [    1.680451] pnp 00:04: Plug and Play ACPI device, IDs PNP0501 (active)
Mar  9 10:51:43 Client02 kernel: [    1.681198] pnp 00:05: [dma 2]
Mar  9 10:51:43 Client02 kernel: [    1.681223] pnp 00:05: Plug and Play ACPI device, IDs PNP0700 (active)
Mar  9 10:51:43 Client02 kernel: [    1.681256] system 00:06: [io  0x01e0-0x01ef] has been reserved
Mar  9 10:51:43 Client02 kernel: [    1.686333] system 00:06: [io  0x0160-0x016f] has been reserved
Mar  9 10:51:43 Client02 kernel: [    1.691618] system 00:06: [io  0x0278-0x027f] has been reserved
Mar  9 10:51:43 Client02 kernel: [    1.696564] system 00:06: [io  0x0378-0x037f] has been reserved
Mar  9 10:51:43 Client02 kernel: [    1.701609] system 00:06: [io  0x0678-0x067f] has been reserved
Mar  9 10:51:43 Client02 kernel: [    1.706646] system 00:06: [io  0x0778-0x077f] has been reserved
Mar  9 10:51:43 Client02 kernel: [    1.712064] system 00:06: [io  0x04d0-0x04d1] has been reserved
Mar  9 10:51:43 Client02 kernel: [    1.716914] system 00:06: Plug and Play ACPI device, IDs PNP0c02 (active)
Mar  9 10:51:43 Client02 kernel: [    1.717057] system 00:07: [io  0x0400-0x043f] has been reserved
Mar  9 10:51:43 Client02 kernel: [    1.721989] system 00:07: [io  0x0370-0x0371] has been reserved
Mar  9 10:51:43 Client02 kernel: [    1.727066] system 00:07: [io  0x0440-0x044f] has been reserved
Mar  9 10:51:43 Client02 kernel: [    1.731963] system 00:07: [mem 0xfec00000-0xfec00fff] could not be reserved
Mar  9 10:51:43 Client02 kernel: [    1.737574] system 00:07: [mem 0xfee00000-0xfee00fff] has been reserved
Mar  9 10:51:43 Client02 kernel: [    1.743139] system 00:07: Plug and Play ACPI device, IDs PNP0c02 (active)
Mar  9 10:51:43 Client02 kernel: [    1.743252] system 00:08: [mem 0x00000000-0x0009ffff] could not be reserved
Mar  9 10:51:43 Client02 kernel: [    1.748926] system 00:08: [mem 0x000c0000-0x000dffff] could not be reserved
Mar  9 10:51:43 Client02 kernel: [    1.754520] system 00:08: [mem 0x000e0000-0x000fffff] could not be reserved
Mar  9 10:51:43 Client02 kernel: [    1.760239] system 00:08: [mem 0x00100000-0x3fffffff] could not be reserved
Mar  9 10:51:43 Client02 kernel: [    1.765637] system 00:08: [mem 0xfffc0000-0xffffffff] has been reserved
Mar  9 10:51:43 Client02 kernel: [    1.771102] system 00:08: Plug and Play ACPI device, IDs PNP0c01 (active)
Mar  9 10:51:43 Client02 kernel: [    1.771397] pnp: PnP ACPI: found 9 devices
Mar  9 10:51:43 Client02 kernel: [    1.782562] clocksource: acpi_pm: mask: 0xffffff max_cycles: 0xffffff, max_idle_ns: 2085701024 ns
Mar  9 10:51:43 Client02 kernel: [    1.790518] pci_bus 0000:00: resource 4 [mem 0xfe0000000-0xfffffffff window]
Mar  9 10:51:43 Client02 kernel: [    1.790520] pci_bus 0000:00: resource 5 [io  0x0000-0x0cf7 window]
Mar  9 10:51:43 Client02 kernel: [    1.790521] pci_bus 0000:00: resource 6 [io  0x0d00-0xffff window]
Mar  9 10:51:43 Client02 kernel: [    1.790522] pci_bus 0000:00: resource 7 [mem 0x000a0000-0x000bffff window]
Mar  9 10:51:43 Client02 kernel: [    1.790523] pci_bus 0000:00: resource 8 [mem 0x40000000-0xfffbffff window]
Mar  9 10:51:43 Client02 kernel: [    1.790652] NET: Registered protocol family 2
Mar  9 10:51:43 Client02 kernel: [    1.794810] tcp_listen_portaddr_hash hash table entries: 4096 (order: 4, 65536 bytes)
Mar  9 10:51:43 Client02 kernel: [    1.801441] TCP established hash table entries: 65536 (order: 7, 524288 bytes)
Mar  9 10:51:43 Client02 kernel: [    1.807631] TCP bind hash table entries: 65536 (order: 8, 1048576 bytes)
Mar  9 10:51:43 Client02 kernel: [    1.813484] TCP: Hash tables configured (established 65536 bind 65536)
Mar  9 10:51:43 Client02 kernel: [    1.819083] UDP hash table entries: 4096 (order: 5, 131072 bytes)
Mar  9 10:51:43 Client02 kernel: [    1.824361] UDP-Lite hash table entries: 4096 (order: 5, 131072 bytes)
Mar  9 10:51:43 Client02 kernel: [    1.830027] NET: Registered protocol family 1
Mar  9 10:51:43 Client02 kernel: [    1.833963] NET: Registered protocol family 44
Mar  9 10:51:43 Client02 kernel: [    1.837504] pci 0000:00:00.0: Limiting direct PCI/PCI transfers
Mar  9 10:51:43 Client02 kernel: [    1.842758] pci 0000:00:08.0: Video device with shadowed ROM at [mem 0x000c0000-0x000dffff]
Mar  9 10:51:43 Client02 kernel: [    1.849298] PCI: CLS 0 bytes, default 64
Mar  9 10:51:43 Client02 kernel: [    1.849338] Unpacking initramfs...
Mar  9 10:51:43 Client02 kernel: [    2.150414] Freeing initrd memory: 19648K
Mar  9 10:51:43 Client02 kernel: [    2.154052] PCI-DMA: Using software bounce buffering for IO (SWIOTLB)
Mar  9 10:51:43 Client02 kernel: [    2.159153] software IO TLB: mapped [mem 0x3bff0000-0x3fff0000] (64MB)
Mar  9 10:51:43 Client02 kernel: [    2.164692] check: Scanning for low memory corruption every 60 seconds
Mar  9 10:51:43 Client02 kernel: [    2.172048] Initialise system trusted keyrings
Mar  9 10:51:43 Client02 kernel: [    2.175961] Key type blacklist registered
Mar  9 10:51:43 Client02 kernel: [    2.179823] workingset: timestamp_bits=36 max_order=21 bucket_order=0
Mar  9 10:51:43 Client02 kernel: [    2.186327] zbud: loaded
Mar  9 10:51:43 Client02 kernel: [    2.189893] squashfs: version 4.0 (2009/01/31) Phillip Lougher
Mar  9 10:51:43 Client02 kernel: [    2.196399] fuse init (API version 7.28)
Mar  9 10:51:43 Client02 kernel: [    2.232511] Key type asymmetric registered
Mar  9 10:51:43 Client02 kernel: [    2.236526] Asymmetric key parser 'x509' registered
Mar  9 10:51:43 Client02 kernel: [    2.241091] Block layer SCSI generic (bsg) driver version 0.4 loaded (major 243)
Mar  9 10:51:43 Client02 kernel: [    2.247586] shpchp: Standard Hot Plug PCI Controller Driver version: 0.4
Mar  9 10:51:43 Client02 kernel: [    2.253824] intel_idle: Please enable MWAIT in BIOS SETUP
Mar  9 10:51:43 Client02 kernel: [    2.253899] input: Power Button as /devices/LNXSYSTM:00/LNXPWRBN:00/input/input0
Mar  9 10:51:43 Client02 kernel: [    2.260001] ACPI: Power Button [PWRF]
Mar  9 10:51:43 Client02 kernel: [    2.263568] Serial: 8250/16550 driver, 32 ports, IRQ sharing enabled
Mar  9 10:51:43 Client02 kernel: [    2.299694] 00:03: ttyS0 at I/O 0x3f8 (irq = 4, base_baud = 115200) is a 16550A
Mar  9 10:51:43 Client02 kernel: [    2.335745] 00:04: ttyS1 at I/O 0x2f8 (irq = 3, base_baud = 115200) is a 16550A
Mar  9 10:51:43 Client02 kernel: [    2.343177] Linux agpgart interface v0.103
Mar  9 10:51:43 Client02 kernel: [    2.357099] loop: module loaded
Mar  9 10:51:43 Client02 kernel: [    2.359868] hv_vmbus: registering driver hv_storvsc
Mar  9 10:51:43 Client02 kernel: [    2.366393] ata_piix 0000:00:07.1: version 2.13
Mar  9 10:51:43 Client02 kernel: [    2.366799] ata_piix 0000:00:07.1: Hyper-V Virtual Machine detected, ATA device ignore set
Mar  9 10:51:43 Client02 kernel: [    2.375425] scsi host0: storvsc_host_t
Mar  9 10:51:43 Client02 kernel: [    2.376524] scsi host1: ata_piix
Mar  9 10:51:43 Client02 kernel: [    2.386284] scsi host2: ata_piix
Mar  9 10:51:43 Client02 kernel: [    2.389819] scsi 0:0:0:0: Direct-Access     Msft     Virtual Disk     1.0  PQ: 0 ANSI: 5
Mar  9 10:51:43 Client02 kernel: [    2.389877] ata1: PATA max UDMA/33 cmd 0x1f0 ctl 0x3f6 bmdma 0xffa0 irq 14
Mar  9 10:51:43 Client02 kernel: [    2.403013] ata2: PATA max UDMA/33 cmd 0x170 ctl 0x376 bmdma 0xffa8 irq 15
Mar  9 10:51:43 Client02 kernel: [    2.408367] libphy: Fixed MDIO Bus: probed
Mar  9 10:51:43 Client02 kernel: [    2.413194] sd 0:0:0:0: Attached scsi generic sg0 type 0
Mar  9 10:51:43 Client02 kernel: [    2.413599] tun: Universal TUN/TAP device driver, 1.6
Mar  9 10:51:43 Client02 kernel: [    2.430722] sd 0:0:0:0: [sda] 62916608 512-byte logical blocks: (32.2 GB/30.0 GiB)
Mar  9 10:51:43 Client02 kernel: [    2.436371] PPP generic driver version 2.4.2
Mar  9 10:51:43 Client02 kernel: [    2.444345] sd 0:0:0:0: [sda] 4096-byte physical blocks
Mar  9 10:51:43 Client02 kernel: [    2.444575] sd 0:0:0:0: [sda] Write Protect is off
Mar  9 10:51:43 Client02 kernel: [    2.449545] i8042: PNP: PS/2 Controller [PNP0303:PS2K,PNP0f03:PS2M] at 0x60,0x64 irq 1,12
Mar  9 10:51:43 Client02 kernel: [    2.454562] sd 0:0:0:0: [sda] Mode Sense: 0f 00 10 00
Mar  9 10:51:43 Client02 kernel: [    2.472648] serio: i8042 KBD port at 0x60,0x64 irq 1
Mar  9 10:51:43 Client02 kernel: [    2.478640] sd 0:0:0:0: [sda] Write cache: enabled, read cache: enabled, supports DPO and FUA
Mar  9 10:51:43 Client02 kernel: [    2.484542] serio: i8042 AUX port at 0x60,0x64 irq 12
Mar  9 10:51:43 Client02 kernel: [    2.502990] mousedev: PS/2 mouse device common for all mice
Mar  9 10:51:43 Client02 kernel: [    2.507561] scsi host3: storvsc_host_t
Mar  9 10:51:43 Client02 kernel: [    2.512140] rtc_cmos 00:00: RTC can wake from S4
Mar  9 10:51:43 Client02 kernel: [    2.522776] scsi 3:0:1:0: Direct-Access     Msft     Virtual Disk     1.0  PQ: 0 ANSI: 5
Mar  9 10:51:43 Client02 kernel: [    2.532273] sd 3:0:1:0: Attached scsi generic sg1 type 0
Mar  9 10:51:43 Client02 kernel: [    2.545121] sd 3:0:1:0: [sdb] 33554432 512-byte logical blocks: (17.2 GB/16.0 GiB)
Mar  9 10:51:43 Client02 kernel: [    2.546544] rtc_cmos 00:00: registered as rtc0
Mar  9 10:51:43 Client02 kernel: [    2.556383] sd 3:0:1:0: [sdb] 4096-byte physical blocks
Mar  9 10:51:43 Client02 kernel: [    2.556619] sd 3:0:1:0: [sdb] Write Protect is off
Mar  9 10:51:43 Client02 kernel: [    2.561204] GPT:Primary header thinks Alt. header is not at the end of the disk.
Mar  9 10:51:43 Client02 kernel: [    2.569046] sd 3:0:1:0: [sdb] Mode Sense: 0f 00 10 00
Mar  9 10:51:43 Client02 kernel: [    2.584276] GPT:4612095 != 62916607
Mar  9 10:51:43 Client02 kernel: [    2.593025] sd 3:0:1:0: [sdb] Write cache: disabled, read cache: enabled, supports DPO and FUA
Mar  9 10:51:43 Client02 kernel: [    2.598614] GPT:Alternate GPT header not at the end of the disk.
Mar  9 10:51:43 Client02 kernel: [    2.616714] GPT:4612095 != 62916607
Mar  9 10:51:43 Client02 kernel: [    2.621368] GPT: Use GNU Parted to correct GPT errors.
Mar  9 10:51:43 Client02 kernel: [    2.627752]  sda: sda1 sda14 sda15
Mar  9 10:51:43 Client02 kernel: [    2.632605] scsi host4: storvsc_host_t
Mar  9 10:51:43 Client02 kernel: [    2.646829] scsi host5: storvsc_host_t
Mar  9 10:51:43 Client02 kernel: [    2.656466] sd 0:0:0:0: [sda] Attached SCSI disk
Mar  9 10:51:43 Client02 kernel: [    2.668448] rtc_cmos 00:00: alarms up to one month, 114 bytes nvram
Mar  9 10:51:43 Client02 kernel: [    2.676839] device-mapper: uevent: version 1.0.3
Mar  9 10:51:43 Client02 kernel: [    2.682766] device-mapper: ioctl: 4.39.0-ioctl (2018-04-03) initialised: dm-devel@redhat.com
Mar  9 10:51:43 Client02 kernel: [    2.692215] platform eisa.0: Probing EISA bus 0
Mar  9 10:51:43 Client02 kernel: [    2.697798] platform eisa.0: EISA: Cannot allocate resource for mainboard
Mar  9 10:51:43 Client02 kernel: [    2.705469] platform eisa.0: Cannot allocate resource for EISA slot 1
Mar  9 10:51:43 Client02 kernel: [    2.713177] platform eisa.0: Cannot allocate resource for EISA slot 2
Mar  9 10:51:43 Client02 kernel: [    2.721333] platform eisa.0: Cannot allocate resource for EISA slot 3
Mar  9 10:51:43 Client02 kernel: [    2.729913] platform eisa.0: Cannot allocate resource for EISA slot 4
Mar  9 10:51:43 Client02 kernel: [    2.737539] platform eisa.0: Cannot allocate resource for EISA slot 5
Mar  9 10:51:43 Client02 kernel: [    2.745407] platform eisa.0: Cannot allocate resource for EISA slot 6
Mar  9 10:51:43 Client02 kernel: [    2.752740] platform eisa.0: Cannot allocate resource for EISA slot 7
Mar  9 10:51:43 Client02 kernel: [    2.760682] platform eisa.0: Cannot allocate resource for EISA slot 8
Mar  9 10:51:43 Client02 kernel: [    2.768313] platform eisa.0: EISA: Detected 0 cards
Mar  9 10:51:43 Client02 kernel: [    2.774649] NET: Registered protocol family 10
Mar  9 10:51:43 Client02 kernel: [    2.795120] Segment Routing with IPv6
Mar  9 10:51:43 Client02 kernel: [    2.799837] NET: Registered protocol family 17
Mar  9 10:51:43 Client02 kernel: [    2.805151] Key type dns_resolver registered
Mar  9 10:51:43 Client02 kernel: [    2.906133] input: AT Translated Set 2 keyboard as /devices/platform/i8042/serio0/input/input1
Mar  9 10:51:43 Client02 kernel: [    2.908607] mce: Using 1 MCE banks
Mar  9 10:51:43 Client02 kernel: [    2.918100] ata2.01: NODEV after polling detection
Mar  9 10:51:43 Client02 kernel: [    2.922658] RAS: Correctable Errors collector initialized.
Mar  9 10:51:43 Client02 kernel: [    2.929984] registered taskstats version 1
Mar  9 10:51:43 Client02 kernel: [    2.935073] Loading compiled-in X.509 certificates
Mar  9 10:51:43 Client02 kernel: [    2.980759] Loaded X.509 cert 'Build time autogenerated kernel key: 9c13c25bb46bb08aadac8fd6055952f30e111a90'
Mar  9 10:51:43 Client02 kernel: [    2.991854] zswap: loaded using pool lzo/zbud
Mar  9 10:51:43 Client02 kernel: [    3.028680] ata1.01: host indicates ignore ATA devices, ignored
Mar  9 10:51:43 Client02 kernel: [    3.030246] ata2.00: ATAPI: Virtual CD, , max MWDMA2
Mar  9 10:51:43 Client02 kernel: [    3.038571] ata1.00: host indicates ignore ATA devices, ignored
Mar  9 10:51:43 Client02 kernel: [    3.043862] scsi: waiting for bus probes to complete ...
Mar  9 10:51:43 Client02 kernel: [    3.050722]  sdb: sdb1
Mar  9 10:51:43 Client02 kernel: [    3.053235] Key type big_key registered
Mar  9 10:51:43 Client02 kernel: [    3.063541] Key type trusted registered
Mar  9 10:51:43 Client02 kernel: [    3.069679] sd 3:0:1:0: [sdb] Attached SCSI disk
Mar  9 10:51:43 Client02 kernel: [    3.071244] scsi 2:0:0:0: CD-ROM            Msft     Virtual CD/ROM   1.0  PQ: 0 ANSI: 5
Mar  9 10:51:43 Client02 kernel: [    3.086197] Key type encrypted registered
Mar  9 10:51:43 Client02 kernel: [    3.094314] AppArmor: AppArmor sha1 policy hashing enabled
Mar  9 10:51:43 Client02 kernel: [    3.100093] ima: No TPM chip found, activating TPM-bypass!
Mar  9 10:51:43 Client02 kernel: [    3.100094] sr 2:0:0:0: [sr0] scsi3-mmc drive: 0x/0x tray
Mar  9 10:51:43 Client02 kernel: [    3.100095] cdrom: Uniform CD-ROM driver Revision: 3.20
Mar  9 10:51:43 Client02 kernel: [    3.106265] ima: Allocated hash algorithm: sha1
Mar  9 10:51:43 Client02 kernel: [    3.120731] sr 2:0:0:0: Attached scsi CD-ROM sr0
Mar  9 10:51:43 Client02 kernel: [    3.128683] No architecture policies found
Mar  9 10:51:43 Client02 kernel: [    3.134865] sr 2:0:0:0: Attached scsi generic sg2 type 5
Mar  9 10:51:43 Client02 kernel: [    3.145521] evm: Initialising EVM extended attributes:
Mar  9 10:51:43 Client02 kernel: [    3.155926] evm: security.selinux
Mar  9 10:51:43 Client02 kernel: [    3.159167] evm: security.SMACK64
Mar  9 10:51:43 Client02 kernel: [    3.162416] evm: security.SMACK64EXEC
Mar  9 10:51:43 Client02 kernel: [    3.165813] evm: security.SMACK64TRANSMUTE
Mar  9 10:51:43 Client02 kernel: [    3.169511] evm: security.SMACK64MMAP
Mar  9 10:51:43 Client02 kernel: [    3.173139] evm: security.apparmor
Mar  9 10:51:43 Client02 kernel: [    3.176586] evm: security.ima
Mar  9 10:51:43 Client02 kernel: [    3.179644] evm: security.capability
Mar  9 10:51:43 Client02 kernel: [    3.183095] evm: HMAC attrs: 0x1
Mar  9 10:51:43 Client02 kernel: [    3.186712]   Magic number: 12:503:830
Mar  9 10:51:43 Client02 kernel: [    3.190844] rtc_cmos 00:00: setting system clock to 2020-03-09T10:50:45 UTC (1583751045)
Mar  9 10:51:43 Client02 kernel: [    3.200968] Unstable clock detected, switching default tracing clock to "global"
Mar  9 10:51:43 Client02 kernel: [    3.200968] If you want to keep using the local clock, then add:
Mar  9 10:51:43 Client02 kernel: [    3.200968]   "trace_clock=local"
Mar  9 10:51:43 Client02 kernel: [    3.200968] on the kernel command line
Mar  9 10:51:43 Client02 kernel: [    3.218894] Freeing unused decrypted memory: 2040K
Mar  9 10:51:43 Client02 kernel: [    3.224271] Freeing unused kernel image memory: 2360K
Mar  9 10:51:43 Client02 kernel: [    3.243605] Write protecting the kernel read-only data: 18432k
Mar  9 10:51:43 Client02 kernel: [    3.250004] Freeing unused kernel image memory: 2008K
Mar  9 10:51:43 Client02 kernel: [    3.254920] Freeing unused kernel image memory: 152K
Mar  9 10:51:43 Client02 kernel: [    3.269616] x86/mm: Checked W+X mappings: passed, no W+X pages found.
Mar  9 10:51:43 Client02 kernel: [    3.274838] x86/mm: Checking user space page tables
Mar  9 10:51:43 Client02 kernel: [    3.289384] x86/mm: Checked W+X mappings: passed, no W+X pages found.
Mar  9 10:51:43 Client02 kernel: [    3.294849] Run /init as init process
Mar  9 10:51:43 Client02 kernel: [    3.407163] hv_utils: Registering HyperV Utility Driver
Mar  9 10:51:43 Client02 kernel: [    3.412705] hv_vmbus: registering driver hv_utils
Mar  9 10:51:43 Client02 kernel: [    3.432399] hv_vmbus: registering driver hyperv_keyboard
Mar  9 10:51:43 Client02 kernel: [    3.439309] hidraw: raw HID events driver (C) Jiri Kosina
Mar  9 10:51:43 Client02 kernel: [    3.445076] hv_vmbus: registering driver hv_netvsc
Mar  9 10:51:43 Client02 kernel: [    3.450305] hv_vmbus: registering driver hyperv_fb
Mar  9 10:51:43 Client02 kernel: [    3.456339] hv_utils: Heartbeat IC version 3.0
Mar  9 10:51:43 Client02 kernel: [    3.456428] input: AT Translated Set 2 keyboard as /devices/LNXSYSTM:00/LNXSYBUS:00/PNP0A03:00/device:07/VMBUS:01/d34b2567-b9b6-42b9-8778-0a4ec0b955bf/serio2/input/input3
Mar  9 10:51:43 Client02 kernel: [    3.484906] hv_utils: Shutdown IC version 3.0
Mar  9 10:51:43 Client02 kernel: [    3.491046] hv_utils: TimeSync IC version 4.0
Mar  9 10:51:43 Client02 kernel: [    3.498664] hv_vmbus: registering driver hid_hyperv
Mar  9 10:51:43 Client02 kernel: [    3.498909] hv_utils: VSS IC version 5.0
Mar  9 10:51:43 Client02 kernel: [    3.511403] input: Microsoft Vmbus HID-compliant Mouse as /devices/0006:045E:0621.0001/input/input4
Mar  9 10:51:43 Client02 kernel: [    3.513515] hyperv_fb: Screen resolution: 1152x864, Color depth: 32
Mar  9 10:51:43 Client02 kernel: [    3.531640] hid 0006:045E:0621.0001: input: <UNKNOWN> HID v0.01 Mouse [Microsoft Vmbus HID-compliant Mouse] on 
Mar  9 10:51:43 Client02 kernel: [    3.552282] Console: switching to colour frame buffer device 144x54
Mar  9 10:51:43 Client02 kernel: [    3.593716] cryptd: max_cpu_qlen set to 1000
Mar  9 10:51:43 Client02 kernel: [    3.631484] AVX2 version of gcm_enc/dec engaged.
Mar  9 10:51:43 Client02 kernel: [    3.639185] AES CTR mode by8 optimization enabled
Mar  9 10:51:43 Client02 kernel: [    6.171537] raid6: avx512x4 gen() 29191 MB/s
Mar  9 10:51:43 Client02 kernel: [    6.219536] raid6: avx512x4 xor() 17788 MB/s
Mar  9 10:51:43 Client02 kernel: [    6.267533] raid6: avx512x2 gen() 28155 MB/s
Mar  9 10:51:43 Client02 kernel: [    6.315533] raid6: avx512x2 xor() 16923 MB/s
Mar  9 10:51:43 Client02 kernel: [    6.363538] raid6: avx512x1 gen() 22882 MB/s
Mar  9 10:51:43 Client02 kernel: [    6.411535] raid6: avx512x1 xor() 12949 MB/s
Mar  9 10:51:43 Client02 kernel: [    6.459536] raid6: avx2x4   gen() 23455 MB/s
Mar  9 10:51:43 Client02 kernel: [    6.507533] raid6: avx2x4   xor() 15311 MB/s
Mar  9 10:51:43 Client02 kernel: [    6.555534] raid6: avx2x2   gen() 20061 MB/s
Mar  9 10:51:43 Client02 kernel: [    6.604448] raid6: avx2x2   xor() 12911 MB/s
Mar  9 10:51:43 Client02 kernel: [    6.655534] raid6: avx2x1   gen() 15997 MB/s
Mar  9 10:51:43 Client02 kernel: [    6.707538] raid6: avx2x1   xor() 12691 MB/s
Mar  9 10:51:43 Client02 kernel: [    6.755539] raid6: sse2x4   gen() 12889 MB/s
Mar  9 10:51:43 Client02 kernel: [    6.803537] raid6: sse2x4   xor()  8159 MB/s
Mar  9 10:51:43 Client02 kernel: [    6.851536] raid6: sse2x2   gen() 10912 MB/s
Mar  9 10:51:43 Client02 kernel: [    6.899536] raid6: sse2x2   xor()  7085 MB/s
Mar  9 10:51:43 Client02 kernel: [    6.947533] raid6: sse2x1   gen()  9098 MB/s
Mar  9 10:51:43 Client02 kernel: [    6.995532] raid6: sse2x1   xor()  6559 MB/s
Mar  9 10:51:43 Client02 kernel: [    6.998544] raid6: using algorithm avx512x4 gen() 29191 MB/s
Mar  9 10:51:43 Client02 kernel: [    7.002561] raid6: .... xor() 17788 MB/s, rmw enabled
Mar  9 10:51:43 Client02 kernel: [    7.006299] raid6: using avx512x2 recovery algorithm
Mar  9 10:51:43 Client02 kernel: [    7.010981] xor: automatically using best checksumming function   avx       
Mar  9 10:51:43 Client02 kernel: [    7.018154] async_tx: api initialized (async)
Mar  9 10:51:43 Client02 kernel: [    7.076929] Btrfs loaded, crc32c=crc32c-intel
Mar  9 10:51:43 Client02 kernel: [    7.192492] EXT4-fs (sda1): mounted filesystem with ordered data mode. Opts: (null)
Mar  9 10:51:43 Client02 kernel: [    8.533743] systemd[1]: systemd 237 running in system mode. (+PAM +AUDIT +SELINUX +IMA +APPARMOR +SMACK +SYSVINIT +UTMP +LIBCRYPTSETUP +GCRYPT +GNUTLS +ACL +XZ +LZ4 +SECCOMP +BLKID +ELFUTILS +KMOD -IDN2 +IDN -PCRE2 default-hierarchy=hybrid)
Mar  9 10:51:43 Client02 kernel: [    8.551515] systemd[1]: Detected virtualization microsoft.
Mar  9 10:51:43 Client02 kernel: [    8.556489] systemd[1]: Detected architecture x86-64.
Mar  9 10:51:43 Client02 kernel: [    8.584440] systemd[1]: Set hostname to <ubuntu>.
Mar  9 10:51:43 Client02 kernel: [    8.628543] systemd[1]: Initializing machine ID from random generator.
Mar  9 10:51:43 Client02 kernel: [    8.634500] systemd[1]: Installed transient /etc/machine-id file.
Mar  9 10:51:43 Client02 kernel: [    9.277666] systemd[1]: Reached target User and Group Name Lookups.
Mar  9 10:51:43 Client02 kernel: [    9.289411] systemd[1]: Set up automount Arbitrary Executable File Formats File System Automount Point.
Mar  9 10:51:43 Client02 kernel: [    9.305412] systemd[1]: Created slice System Slice.
Mar  9 10:51:43 Client02 kernel: [    9.313859] systemd[1]: Listening on Syslog Socket.
Mar  9 10:51:43 Client02 kernel: [    9.437260] Loading iSCSI transport class v2.0-870.
Mar  9 10:51:43 Client02 kernel: [    9.471350] EXT4-fs (sda1): re-mounted. Opts: discard
Mar  9 10:51:43 Client02 kernel: [    9.536300] iscsi: registered transport (tcp)
Mar  9 10:51:43 Client02 kernel: [    9.648725] systemd-journald[503]: Received request to flush runtime journal from PID 1
Mar  9 10:51:43 Client02 kernel: [    9.712493] iscsi: registered transport (iser)
Mar  9 10:51:43 Client02 kernel: [   10.154015] hv_vmbus: registering driver hv_balloon
Mar  9 10:51:43 Client02 kernel: [   10.155633] hv_balloon: Using Dynamic Memory protocol version 2.0
Mar  9 10:51:43 Client02 kernel: [   10.482604] KVM: vmx: using Hyper-V Enlightened VMCS
Mar  9 10:51:43 Client02 kernel: [   10.572181] hv_utils: KVP IC version 4.0
Mar  9 10:51:43 Client02 kernel: [   12.042953] audit: type=1400 audit(1583751054.909:2): apparmor="STATUS" operation="profile_load" profile="unconfined" name="/sbin/dhclient" pid=755 comm="apparmor_parser"
Mar  9 10:51:43 Client02 kernel: [   12.044108] audit: type=1400 audit(1583751054.913:3): apparmor="STATUS" operation="profile_load" profile="unconfined" name="/usr/lib/NetworkManager/nm-dhcp-client.action" pid=755 comm="apparmor_parser"
Mar  9 10:51:43 Client02 kernel: [   12.044672] audit: type=1400 audit(1583751054.913:4): apparmor="STATUS" operation="profile_load" profile="unconfined" name="/usr/lib/NetworkManager/nm-dhcp-helper" pid=755 comm="apparmor_parser"
Mar  9 10:51:43 Client02 kernel: [   12.045326] audit: type=1400 audit(1583751054.913:5): apparmor="STATUS" operation="profile_load" profile="unconfined" name="/usr/lib/connman/scripts/dhclient-script" pid=755 comm="apparmor_parser"
Mar  9 10:51:43 Client02 kernel: [   12.061281] audit: type=1400 audit(1583751054.929:6): apparmor="STATUS" operation="profile_load" profile="unconfined" name="/usr/bin/lxc-start" pid=773 comm="apparmor_parser"
Mar  9 10:51:43 Client02 kernel: [   12.158068] audit: type=1400 audit(1583751055.025:7): apparmor="STATUS" operation="profile_load" profile="unconfined" name="lxc-container-default" pid=756 comm="apparmor_parser"
Mar  9 10:51:43 Client02 kernel: [   12.158874] audit: type=1400 audit(1583751055.025:8): apparmor="STATUS" operation="profile_load" profile="unconfined" name="lxc-container-default-cgns" pid=756 comm="apparmor_parser"
Mar  9 10:51:43 Client02 kernel: [   12.159511] audit: type=1400 audit(1583751055.025:9): apparmor="STATUS" operation="profile_load" profile="unconfined" name="lxc-container-default-with-mounting" pid=756 comm="apparmor_parser"
Mar  9 10:51:43 Client02 kernel: [   12.160490] audit: type=1400 audit(1583751055.029:10): apparmor="STATUS" operation="profile_load" profile="unconfined" name="lxc-container-default-with-nesting" pid=756 comm="apparmor_parser"
Mar  9 10:51:43 Client02 kernel: [   12.167291] audit: type=1400 audit(1583751055.033:11): apparmor="STATUS" operation="profile_load" profile="unconfined" name="/usr/bin/man" pid=775 comm="apparmor_parser"
Mar  9 10:51:43 Client02 kernel: [   16.319920] UDF-fs: INFO Mounting volume 'UDF Volume', timestamp 2020/03/10 00:00 (1000)
Mar  9 10:51:43 Client02 kernel: [   16.454989] IPv6: ADDRCONF(NETDEV_CHANGE): eth0: link becomes ready
Mar  9 10:51:43 Client02 kernel: [   54.377843] EXT4-fs (sda1): resizing filesystem from 548091 to 7836155 blocks
Mar  9 10:51:43 Client02 kernel: [   56.211829] EXT4-fs (sda1): resized filesystem to 7836155
Mar  9 10:51:43 Client02 kernel: [   56.551828]  sdb: sdb1
Mar  9 10:51:43 Client02 kernel: [   58.253606] hv_balloon: Max. dynamic memory size: 8192 MB
Mar  9 10:51:43 Client02 kernel: [   58.853163] EXT4-fs (sdb1): mounted filesystem with ordered data mode. Opts: (null)
Mar  9 10:51:43 Client02 kernel: [   59.948253] hv_utils: VSS: userspace daemon ver. 129 connected
Mar  9 10:51:43 Client02 kernel: [   60.416674] new mount options do not match the existing superblock, will be ignored
Mar  9 10:51:43 Client02 dbus-daemon[1151]: [system] Activating via systemd: service name='org.freedesktop.PolicyKit1' unit='polkit.service' requested by ':1.4' (uid=0 pid=1198 comm="/usr/lib/accountsservice/accounts-daemon " label="unconfined")
Mar  9 10:51:43 Client02 systemd[1]: Starting Authorization Manager...
Mar  9 10:51:43 Client02 polkitd[1244]: started daemon version 0.105 using authority implementation `local' version `0.105'
Mar  9 10:51:43 Client02 dbus-daemon[1151]: [system] Successfully activated service 'org.freedesktop.PolicyKit1'
Mar  9 10:51:43 Client02 systemd[1]: Started Authorization Manager.
Mar  9 10:51:43 Client02 accounts-daemon[1198]: started daemon version 0.6.45
Mar  9 10:51:43 Client02 systemd[1]: Started Accounts Service.
Mar  9 10:51:43 Client02 networkd-dispatcher[1204]: No valid path found for iwconfig
Mar  9 10:51:43 Client02 networkd-dispatcher[1204]: No valid path found for iw
Mar  9 10:51:43 Client02 systemd[1]: Started Dispatcher daemon for systemd-networkd.
Mar  9 10:51:43 Client02 python3[1140]: 2020/03/09 10:51:43.951427 INFO Daemon Azure Linux Agent Version:2.2.45
Mar  9 10:51:43 Client02 python3[1140]: 2020/03/09 10:51:43.958438 INFO Daemon OS: ubuntu 18.04
Mar  9 10:51:43 Client02 python3[1140]: 2020/03/09 10:51:43.961664 INFO Daemon Python: 3.6.9
Mar  9 10:51:43 Client02 python3[1140]: 2020/03/09 10:51:43.965785 INFO Daemon CGroups Status: The cgroup filesystem is ready to use
Mar  9 10:51:43 Client02 python3[1140]: 2020/03/09 10:51:43.971826 INFO Daemon Run daemon
Mar  9 10:51:43 Client02 python3[1140]: 2020/03/09 10:51:43.982542 INFO Daemon cloud-init is enabled: True
Mar  9 10:51:43 Client02 python3[1140]: 2020/03/09 10:51:43.988473 INFO Daemon Using cloud-init for provisioning
Mar  9 10:51:43 Client02 python3[1140]: 2020/03/09 10:51:43.993282 INFO Daemon Clean protocol
Mar  9 10:51:43 Client02 python3[1140]: 2020/03/09 10:51:43.996336 INFO Daemon Running CloudInit provisioning handler
Mar  9 10:51:44 Client02 python3[1140]: 2020/03/09 10:51:44.003377 INFO Daemon Detect protocol endpoints
Mar  9 10:51:44 Client02 python3[1140]: 2020/03/09 10:51:44.007223 INFO Daemon Clean protocol
Mar  9 10:51:44 Client02 python3[1140]: 2020/03/09 10:51:44.010050 INFO Daemon WireServer endpoint is not found. Rerun dhcp handler
Mar  9 10:51:44 Client02 python3[1140]: 2020/03/09 10:51:44.014605 INFO Daemon Test for route to 168.63.129.16
Mar  9 10:51:44 Client02 python3[1140]: 2020/03/09 10:51:44.018596 INFO Daemon Route to 168.63.129.16 exists
Mar  9 10:51:44 Client02 python3[1140]: 2020/03/09 10:51:44.024171 INFO Daemon Wire server endpoint:168.63.129.16
Mar  9 10:51:44 Client02 python3[1140]: 2020/03/09 10:51:44.033419 INFO Daemon Fabric preferred wire protocol version:2015-04-05
Mar  9 10:51:44 Client02 python3[1140]: 2020/03/09 10:51:44.037808 INFO Daemon Wire protocol version:2012-11-30
Mar  9 10:51:44 Client02 python3[1140]: 2020/03/09 10:51:44.041069 INFO Daemon Server preferred version:2015-04-05
Mar  9 10:51:44 Client02 python3[1140]: 2020/03/09 10:51:44.091496 INFO Daemon ssh host key found at: /etc/ssh/ssh_host_rsa_key.pub
Mar  9 10:51:44 Client02 python3[1140]: 2020/03/09 10:51:44.101073 INFO Daemon Thumbprint obtained from : /etc/ssh/ssh_host_rsa_key.pub
Mar  9 10:51:44 Client02 python3[1140]: 2020/03/09 10:51:44.106345 INFO Daemon Finished provisioning
Mar  9 10:51:44 Client02 snapd[1164]: AppArmor status: apparmor is enabled and all features are available
Mar  9 10:51:44 Client02 pollinate[1179]: client verified challenge/response with [https://entropy.ubuntu.com/]
Mar  9 10:51:44 Client02 pollinate[1179]: client hashed response from [https://entropy.ubuntu.com/]
Mar  9 10:51:44 Client02 pollinate[1179]: client successfully seeded [/dev/urandom]
Mar  9 10:51:44 Client02 systemd[1]: Started Pollinate to seed the pseudo random number generator.
Mar  9 10:51:44 Client02 systemd[1]: Starting OpenBSD Secure Shell server...
Mar  9 10:51:44 Client02 snapd[1164]: daemon.go:346: started snapd/2.42.1+18.04 (series 16; classic) ubuntu/18.04 (amd64) linux/5.0.0-1032-azure.
Mar  9 10:51:44 Client02 snapd[1164]: daemon.go:439: adjusting startup timeout by 30s (pessimistic estimate of 30s plus 5s per snap)
Mar  9 10:51:44 Client02 systemd[1]: Started OpenBSD Secure Shell server.
Mar  9 10:51:44 Client02 systemd[1]: Started LXD - container startup/shutdown.
Mar  9 10:51:45 Client02 snapd[1164]: helpers.go:104: error trying to compare the snap system key: system-key missing on disk
Mar  9 10:51:45 Client02 systemd[1]: Started Snappy daemon.
Mar  9 10:51:45 Client02 systemd[1]: Starting Wait until snapd is fully seeded...
Mar  9 10:51:45 Client02 python3[1140]: 2020/03/09 10:51:45.129780 INFO Daemon RDMA capabilities are not enabled, skipping
Mar  9 10:51:45 Client02 python3[1140]: 2020/03/09 10:51:45.144006 INFO Daemon Installed Agent WALinuxAgent-2.2.45 is the most current agent
Mar  9 10:51:45 Client02 python3[1140]: 2020/03/09 10:51:45.287233 INFO ExtHandler Agent WALinuxAgent-2.2.45 is running as the goal state agent
Mar  9 10:51:45 Client02 python3[1140]: 2020/03/09 10:51:45.292016 INFO ExtHandler Distro info: ubuntu 18.04, osutil class being used: Ubuntu18OSUtil, agent service name: walinuxagent
Mar  9 10:51:45 Client02 python3[1140]: 2020/03/09 10:51:45.307453 INFO ExtHandler Wire server endpoint:168.63.129.16
Mar  9 10:51:45 Client02 python3[1140]: 2020/03/09 10:51:45.331407 INFO ExtHandler Start env monitor service.
Mar  9 10:51:45 Client02 python3[1140]: 2020/03/09 10:51:45.339317 INFO ExtHandler Configure routes
Mar  9 10:51:45 Client02 python3[1140]: 2020/03/09 10:51:45.343445 INFO ExtHandler Gateway:None
Mar  9 10:51:45 Client02 python3[1140]: 2020/03/09 10:51:45.350935 INFO ExtHandler Routes:None
Mar  9 10:51:45 Client02 python3[1140]: 2020/03/09 10:51:45.355546 INFO ExtHandler Hostname record does not exist, creating [/var/lib/waagent/published_hostname] with hostname [Client02]
Mar  9 10:51:45 Client02 python3[1140]: 2020/03/09 10:51:45.369850 INFO ExtHandler Wire server endpoint:168.63.129.16
Mar  9 10:51:45 Client02 python3[1140]: 2020/03/09 10:51:45.377574 INFO ExtHandler WALinuxAgent-2.2.45 running as process 1442
Mar  9 10:51:45 Client02 python3[1140]: 2020/03/09 10:51:45.385307 INFO ExtHandler CGroups Status: The cgroup filesystem is ready to use
Mar  9 10:51:45 Client02 kernel: [   62.519239] bpfilter: Loaded bpfilter_umh pid 1462
Mar  9 10:51:45 Client02 python3[1140]: 2020/03/09 10:51:45.394535 INFO ExtHandler Started tracking new cgroup: walinuxagent.service, path: /sys/fs/cgroup/cpu/system.slice/walinuxagent.service
Mar  9 10:51:45 Client02 python3[1140]: 2020/03/09 10:51:45.395755 INFO ExtHandler Started tracking new cgroup: walinuxagent.service, path: /sys/fs/cgroup/memory/system.slice/walinuxagent.service
Mar  9 10:51:45 Client02 systemd[1]: Reloading.
Mar  9 10:51:45 Client02 python3[1140]: 2020/03/09 10:51:45.489158 INFO ExtHandler Route table: [{"Iface": "eth0", "Destination": "0.0.0.0", "Gateway": "10.0.0.1", "Mask": "0.0.0.0", "Flags": "0x0003", "Metric": "100"},{"Iface": "eth0", "Destination": "10.0.0.0", "Gateway": "0.0.0.0", "Mask": "255.0.0.0", "Flags": "0x0001", "Metric": "0"},{"Iface": "eth0", "Destination": "168.63.129.16", "Gateway": "10.0.0.1", "Mask": "255.255.255.255", "Flags": "0x0007", "Metric": "100"},{"Iface": "eth0", "Destination": "169.254.169.254", "Gateway": "10.0.0.1", "Mask": "255.255.255.255", "Flags": "0x0007", "Metric": "100"}]
Mar  9 10:51:45 Client02 python3[1140]: 2020/03/09 10:51:45.499909 INFO ExtHandler Initial NIC state: [{ "name": "lo", "link": "<LOOPBACK,UP,LOWER_UP> mtu 65536 qdisc noqueue state UNKNOWN mode DEFAULT group default qlen 1000\    link/loopback 00:00:00:00:00:00 brd 00:00:00:00:00:00" }, { "name": "eth0", "link": "<BROADCAST,MULTICAST,UP,LOWER_UP> mtu 1500 qdisc mq state UP mode DEFAULT group default qlen 1000\    link/ether 00:0d:3a:ab:58:b4 brd ff:ff:ff:ff:ff:ff" }]
Mar  9 10:51:45 Client02 systemd[1]: Created slice Slice for walinuxagent extensions.
Mar  9 10:51:45 Client02 python3[1140]: 2020/03/09 10:51:45.614920 INFO ExtHandler Created slice for walinuxagent extensions system-walinuxagent.extensions.slice
Mar  9 10:51:45 Client02 python3[1140]: 2020/03/09 10:51:45.618041 INFO ExtHandler Wire server endpoint:168.63.129.16
Mar  9 10:51:45 Client02 python3[1140]: 2020/03/09 10:51:45.710661 INFO ExtHandler Successfully added Azure fabric firewall rules
Mar  9 10:51:45 Client02 python3[1140]: 2020/03/09 10:51:45.716564 INFO ExtHandler Firewall rules:
Mar  9 10:51:45 Client02 python3[1140]: Chain INPUT (policy ACCEPT 1 packets, 5599 bytes)
Mar  9 10:51:45 Client02 python3[1140]:     pkts      bytes target     prot opt in     out     source               destination
Mar  9 10:51:45 Client02 python3[1140]: Chain FORWARD (policy ACCEPT 0 packets, 0 bytes)
Mar  9 10:51:45 Client02 python3[1140]:     pkts      bytes target     prot opt in     out     source               destination
Mar  9 10:51:45 Client02 python3[1140]: Chain OUTPUT (policy ACCEPT 1 packets, 52 bytes)
Mar  9 10:51:45 Client02 python3[1140]:     pkts      bytes target     prot opt in     out     source               destination
Mar  9 10:51:45 Client02 python3[1140]:        0        0 ACCEPT     tcp  --  *      *       0.0.0.0/0            168.63.129.16        owner UID match 0
Mar  9 10:51:45 Client02 python3[1140]:        0        0 DROP       tcp  --  *      *       0.0.0.0/0            168.63.129.16        ctstate INVALID,NEW
Mar  9 10:51:45 Client02 python3[1140]: 2020/03/09 10:51:45.718260 INFO ExtHandler Set block dev timeout: sdb with timeout: 300
Mar  9 10:51:45 Client02 python3[1140]: 2020/03/09 10:51:45.721781 INFO ExtHandler Set block dev timeout: sda with timeout: 300
Mar  9 10:51:45 Client02 python3[1140]: 2020/03/09 10:51:45.950684 INFO ExtHandler Agent WALinuxAgent-2.2.45 discovered update WALinuxAgent-2.2.46 -- exiting
Mar  9 10:51:46 Client02 python3[1140]: 2020/03/09 10:51:46.154671 INFO Daemon Agent WALinuxAgent-2.2.45 launched with command 'python3 -u /usr/sbin/waagent -run-exthandlers' is successfully running
Mar  9 10:51:46 Client02 python3[1140]: 2020/03/09 10:51:46.161854 INFO Daemon Determined Agent WALinuxAgent-2.2.46 to be the latest agent
Mar  9 10:51:46 Client02 python3[1140]: 2020-03-09T10:51:46.467073Z INFO ExtHandler Agent WALinuxAgent-2.2.46 is running as the goal state agent
Mar  9 10:51:46 Client02 python3[1140]: 2020-03-09T10:51:46.467536Z INFO ExtHandler Distro info: ubuntu 18.04, osutil class being used: Ubuntu18OSUtil, agent service name: walinuxagent
Mar  9 10:51:46 Client02 python3[1140]: 2020-03-09T10:51:46.491307Z INFO ExtHandler WireServer endpoint 168.63.129.16 read from file
Mar  9 10:51:46 Client02 python3[1140]: 2020-03-09T10:51:46.491583Z INFO ExtHandler Wire server endpoint:168.63.129.16
Mar  9 10:51:46 Client02 python3[1140]: 2020-03-09T10:51:46.517878Z INFO ExtHandler Start env monitor service.
Mar  9 10:51:46 Client02 python3[1140]: 2020-03-09T10:51:46.518431Z INFO ExtHandler Configure routes
Mar  9 10:51:46 Client02 python3[1140]: 2020-03-09T10:51:46.520102Z INFO ExtHandler Gateway:None
Mar  9 10:51:46 Client02 python3[1140]: 2020-03-09T10:51:46.523462Z INFO ExtHandler Routes:None
Mar  9 10:51:46 Client02 python3[1140]: 2020-03-09T10:51:46.534469Z INFO ExtHandler WALinuxAgent-2.2.46 running as process 1522
Mar  9 10:51:46 Client02 python3[1140]: 2020-03-09T10:51:46.534876Z INFO ExtHandler WireServer endpoint 168.63.129.16 read from file
Mar  9 10:51:46 Client02 python3[1140]: 2020-03-09T10:51:46.536658Z INFO ExtHandler Wire server endpoint:168.63.129.16
Mar  9 10:51:46 Client02 python3[1140]: 2020-03-09T10:51:46.540874Z INFO ExtHandler CGroups Status: The cgroup filesystem is ready to use
Mar  9 10:51:46 Client02 python3[1140]: 2020-03-09T10:51:46.552187Z INFO ExtHandler Started tracking new cgroup: walinuxagent.service, path: /sys/fs/cgroup/cpu/system.slice/walinuxagent.service
Mar  9 10:51:46 Client02 python3[1140]: 2020-03-09T10:51:46.556042Z INFO ExtHandler Started tracking new cgroup: walinuxagent.service, path: /sys/fs/cgroup/memory/system.slice/walinuxagent.service
Mar  9 10:51:46 Client02 systemd[1]: Reloading.
Mar  9 10:51:46 Client02 python3[1140]: 2020-03-09T10:51:46.651325Z INFO ExtHandler Successfully added Azure fabric firewall rules
Mar  9 10:51:46 Client02 python3[1140]: 2020-03-09T10:51:46.660593Z INFO ExtHandler Firewall rules:
Mar  9 10:51:46 Client02 python3[1140]: Chain INPUT (policy ACCEPT 0 packets, 0 bytes)
Mar  9 10:51:46 Client02 python3[1140]:     pkts      bytes target     prot opt in     out     source               destination
Mar  9 10:51:46 Client02 python3[1140]: Chain FORWARD (policy ACCEPT 0 packets, 0 bytes)
Mar  9 10:51:46 Client02 python3[1140]:     pkts      bytes target     prot opt in     out     source               destination
Mar  9 10:51:46 Client02 python3[1140]: Chain OUTPUT (policy ACCEPT 0 packets, 0 bytes)
Mar  9 10:51:46 Client02 python3[1140]:     pkts      bytes target     prot opt in     out     source               destination
Mar  9 10:51:46 Client02 python3[1140]:        0        0 ACCEPT     tcp  --  *      *       0.0.0.0/0            168.63.129.16        owner UID match 0
Mar  9 10:51:46 Client02 python3[1140]:        0        0 DROP       tcp  --  *      *       0.0.0.0/0            168.63.129.16        ctstate INVALID,NEW
Mar  9 10:51:46 Client02 systemd[1]: Started Wait until snapd is fully seeded.
Mar  9 10:51:46 Client02 systemd[1]: Starting Apply the settings specified in cloud-config...
Mar  9 10:51:46 Client02 python3[1140]: 2020-03-09T10:51:46.788920Z INFO ExtHandler Created slice for walinuxagent extensions system-walinuxagent.extensions.slice
Mar  9 10:51:46 Client02 python3[1140]: 2020-03-09T10:51:46.794823Z INFO ExtHandler WireServer endpoint 168.63.129.16 read from file
Mar  9 10:51:46 Client02 python3[1140]: 2020-03-09T10:51:46.800380Z INFO ExtHandler Wire server endpoint:168.63.129.16
Mar  9 10:51:46 Client02 python3[1140]: 2020-03-09T10:51:46.875460Z INFO ExtHandler WireServer endpoint 168.63.129.16 read from file
Mar  9 10:51:46 Client02 python3[1140]: 2020-03-09T10:51:46.876058Z INFO ExtHandler Wire server endpoint:168.63.129.16
Mar  9 10:51:46 Client02 python3[1140]: 2020-03-09T10:51:46.960254Z INFO ExtHandler WireServer endpoint 168.63.129.16 read from file
Mar  9 10:51:46 Client02 python3[1140]: 2020-03-09T10:51:46.960933Z INFO ExtHandler Wire server endpoint:168.63.129.16
Mar  9 10:51:46 Client02 python3[1140]: 2020-03-09T10:51:46.969803Z INFO ExtHandler ProcessGoalState completed [incarnation 1; 94 ms]
Mar  9 10:51:47 Client02 systemd[1]: Stopping OpenBSD Secure Shell server...
Mar  9 10:51:47 Client02 systemd[1]: Stopped OpenBSD Secure Shell server.
Mar  9 10:51:47 Client02 systemd[1]: Starting OpenBSD Secure Shell server...
Mar  9 10:51:47 Client02 systemd[1]: Started OpenBSD Secure Shell server.
Mar  9 10:51:47 Client02 python3[1140]: 2020-03-09T10:51:47.626553Z INFO ExtHandler Route table: [{"Iface": "eth0", "Destination": "0.0.0.0", "Gateway": "10.0.0.1", "Mask": "0.0.0.0", "Flags": "0x0003", "Metric": "100"},{"Iface": "eth0", "Destination": "10.0.0.0", "Gateway": "0.0.0.0", "Mask": "255.0.0.0", "Flags": "0x0001", "Metric": "0"},{"Iface": "eth0", "Destination": "168.63.129.16", "Gateway": "10.0.0.1", "Mask": "255.255.255.255", "Flags": "0x0007", "Metric": "100"},{"Iface": "eth0", "Destination": "169.254.169.254", "Gateway": "10.0.0.1", "Mask": "255.255.255.255", "Flags": "0x0007", "Metric": "100"}]
Mar  9 10:51:47 Client02 python3[1140]: 2020-03-09T10:51:47.661783Z INFO ExtHandler Initial NIC state: [{ "name": "lo", "link": "<LOOPBACK,UP,LOWER_UP> mtu 65536 qdisc noqueue state UNKNOWN mode DEFAULT group default qlen 1000\    link/loopback 00:00:00:00:00:00 brd 00:00:00:00:00:00" }, { "name": "eth0", "link": "<BROADCAST,MULTICAST,UP,LOWER_UP> mtu 1500 qdisc mq state UP mode DEFAULT group default qlen 1000\    link/ether 00:0d:3a:ab:58:b4 brd ff:ff:ff:ff:ff:ff" }]
Mar  9 10:51:48 Client02 systemd-resolved[901]: Server returned error NXDOMAIN, mitigating potential DNS violation DVE-2018-0001, retrying transaction with reduced feature level UDP.
Mar  9 10:51:48 Client02 systemd-resolved[901]: message repeated 3 times: [ Server returned error NXDOMAIN, mitigating potential DNS violation DVE-2018-0001, retrying transaction with reduced feature level UDP.]
Mar  9 10:51:48 Client02 cloud-init[1581]: Cloud-init v. 19.4-33-gbb4131a2-0ubuntu1~18.04.1 running 'modules:config' at Mon, 09 Mar 2020 10:51:47 +0000. Up 63.61 seconds.
Mar  9 10:51:48 Client02 systemd[1]: Started Apply the settings specified in cloud-config.
Mar  9 10:51:48 Client02 systemd[1]: Starting Write warning to Azure ephemeral disk...
Mar  9 10:51:48 Client02 root: Added ephemeral disk warning to /mnt/DATALOSS_WARNING_README.txt
Mar  9 10:51:48 Client02 systemd[1]: Started Write warning to Azure ephemeral disk.
Mar  9 10:51:48 Client02 systemd[1]: Reached target Multi-User System.
Mar  9 10:51:48 Client02 systemd[1]: Starting Execute cloud user/final scripts...
Mar  9 10:51:48 Client02 systemd[1]: Reached target Graphical Interface.
Mar  9 10:51:48 Client02 systemd[1]: Starting Update UTMP about System Runlevel Changes...
Mar  9 10:51:48 Client02 systemd[1]: Started Update UTMP about System Runlevel Changes.
Mar  9 10:51:49 Client02 ec2: 
Mar  9 10:51:49 Client02 ec2: #############################################################
Mar  9 10:51:49 Client02 ec2: -----BEGIN SSH HOST KEY FINGERPRINTS-----
Mar  9 10:51:49 Client02 ec2: 1024 SHA256:NTX+a82n5BWCN9J1/67o1+wz1UcUH5zZjygXY10ynRI root@Client02 (DSA)
Mar  9 10:51:49 Client02 ec2: 256 SHA256:0yoFPUJ9EqlZR1v5s6TJQ041oS+SIYxJOvktRgowgIs root@Client02 (ECDSA)
