Mar  9 10:40:56 Client01 kernel: [    0.000000] Linux version 5.0.0-1032-azure (buildd@lcy01-amd64-016) (gcc version 7.4.0 (Ubuntu 7.4.0-1ubuntu1~18.04.1)) #34-Ubuntu SMP Mon Feb 10 19:37:25 UTC 2020 (Ubuntu 5.0.0-1032.34-azure 5.0.21)
Mar  9 10:40:56 Client01 kernel: [    0.000000] Command line: BOOT_IMAGE=/boot/vmlinuz-5.0.0-1032-azure root=UUID=5604f71e-1e5f-443c-a99e-b82bb5c201df ro console=tty1 console=ttyS0 earlyprintk=ttyS0 rootdelay=300
Mar  9 10:40:56 Client01 kernel: [    0.000000] KERNEL supported cpus:
Mar  9 10:40:56 Client01 kernel: [    0.000000]   Intel GenuineIntel
Mar  9 10:40:56 Client01 kernel: [    0.000000]   AMD AuthenticAMD
Mar  9 10:40:56 Client01 kernel: [    0.000000]   Hygon HygonGenuine
Mar  9 10:40:56 Client01 kernel: [    0.000000]   Centaur CentaurHauls
Mar  9 10:40:56 Client01 kernel: [    0.000000] x86/fpu: Supporting XSAVE feature 0x001: 'x87 floating point registers'
Mar  9 10:40:56 Client01 kernel: [    0.000000] x86/fpu: Supporting XSAVE feature 0x002: 'SSE registers'
Mar  9 10:40:56 Client01 kernel: [    0.000000] x86/fpu: Supporting XSAVE feature 0x004: 'AVX registers'
Mar  9 10:40:56 Client01 kernel: [    0.000000] x86/fpu: Supporting XSAVE feature 0x008: 'MPX bounds registers'
Mar  9 10:40:56 Client01 kernel: [    0.000000] x86/fpu: Supporting XSAVE feature 0x010: 'MPX CSR'
Mar  9 10:40:56 Client01 kernel: [    0.000000] x86/fpu: Supporting XSAVE feature 0x020: 'AVX-512 opmask'
Mar  9 10:40:56 Client01 kernel: [    0.000000] x86/fpu: Supporting XSAVE feature 0x040: 'AVX-512 Hi256'
Mar  9 10:40:56 Client01 kernel: [    0.000000] x86/fpu: Supporting XSAVE feature 0x080: 'AVX-512 ZMM_Hi256'
Mar  9 10:40:56 Client01 kernel: [    0.000000] x86/fpu: xstate_offset[2]:  576, xstate_sizes[2]:  256
Mar  9 10:40:56 Client01 kernel: [    0.000000] x86/fpu: xstate_offset[3]:  832, xstate_sizes[3]:   64
Mar  9 10:40:56 Client01 kernel: [    0.000000] x86/fpu: xstate_offset[4]:  896, xstate_sizes[4]:   64
Mar  9 10:40:56 Client01 kernel: [    0.000000] x86/fpu: xstate_offset[5]:  960, xstate_sizes[5]:   64
Mar  9 10:40:56 Client01 kernel: [    0.000000] x86/fpu: xstate_offset[6]: 1024, xstate_sizes[6]:  512
Mar  9 10:40:56 Client01 kernel: [    0.000000] x86/fpu: xstate_offset[7]: 1536, xstate_sizes[7]: 1024
Mar  9 10:40:56 Client01 kernel: [    0.000000] x86/fpu: Enabled xstate features 0xff, context size is 2560 bytes, using 'compacted' format.
Mar  9 10:40:56 Client01 kernel: [    0.000000] BIOS-provided physical RAM map:
Mar  9 10:40:56 Client01 kernel: [    0.000000] BIOS-e820: [mem 0x0000000000000000-0x000000000009fbff] usable
Mar  9 10:40:56 Client01 kernel: [    0.000000] BIOS-e820: [mem 0x000000000009fc00-0x000000000009ffff] reserved
Mar  9 10:40:56 Client01 kernel: [    0.000000] BIOS-e820: [mem 0x00000000000e0000-0x00000000000fffff] reserved
Mar  9 10:40:56 Client01 kernel: [    0.000000] BIOS-e820: [mem 0x0000000000100000-0x000000003ffeffff] usable
Mar  9 10:40:56 Client01 kernel: [    0.000000] BIOS-e820: [mem 0x000000003fff0000-0x000000003fffefff] ACPI data
Mar  9 10:40:56 Client01 kernel: [    0.000000] BIOS-e820: [mem 0x000000003ffff000-0x000000003fffffff] ACPI NVS
Mar  9 10:40:56 Client01 kernel: [    0.000000] BIOS-e820: [mem 0x0000000100000000-0x00000002bfffffff] usable
Mar  9 10:40:56 Client01 kernel: [    0.000000] printk: bootconsole [earlyser0] enabled
Mar  9 10:40:56 Client01 kernel: [    0.000000] NX (Execute Disable) protection: active
Mar  9 10:40:56 Client01 kernel: [    0.000000] SMBIOS 2.3 present.
Mar  9 10:40:56 Client01 kernel: [    0.000000] DMI: Microsoft Corporation Virtual Machine/Virtual Machine, BIOS 090007  06/02/2017
Mar  9 10:40:56 Client01 kernel: [    0.000000] Hypervisor detected: Microsoft Hyper-V
Mar  9 10:40:56 Client01 kernel: [    0.000000] Hyper-V: features 0x2e7f, hints 0x44c2c
Mar  9 10:40:56 Client01 kernel: [    0.000000] Hyper-V Host Build:14393-10.0-0-0.305
Mar  9 10:40:56 Client01 kernel: [    0.000000] Hyper-V: LAPIC Timer Frequency: 0xc3500
Mar  9 10:40:56 Client01 kernel: [    0.000000] tsc: Marking TSC unstable due to running on Hyper-V
Mar  9 10:40:56 Client01 kernel: [    0.000000] Hyper-V: Using hypercall for remote TLB flush
Mar  9 10:40:56 Client01 kernel: [    0.000000] tsc: Detected 2095.196 MHz processor
Mar  9 10:40:56 Client01 kernel: [    0.001599] e820: update [mem 0x00000000-0x00000fff] usable ==> reserved
Mar  9 10:40:56 Client01 kernel: [    0.001601] e820: remove [mem 0x000a0000-0x000fffff] usable
Mar  9 10:40:56 Client01 kernel: [    0.001606] last_pfn = 0x2c0000 max_arch_pfn = 0x400000000
Mar  9 10:40:56 Client01 kernel: [    0.006071] MTRR default type: uncachable
Mar  9 10:40:56 Client01 kernel: [    0.006072] MTRR fixed ranges enabled:
Mar  9 10:40:56 Client01 kernel: [    0.006073]   00000-9FFFF write-back
Mar  9 10:40:56 Client01 kernel: [    0.006074]   A0000-DFFFF uncachable
Mar  9 10:40:56 Client01 kernel: [    0.006074]   E0000-FFFFF write-back
Mar  9 10:40:56 Client01 kernel: [    0.006075] MTRR variable ranges enabled:
Mar  9 10:40:56 Client01 kernel: [    0.006076]   0 base 00000000000 mask FFFC0000000 write-back
Mar  9 10:40:56 Client01 kernel: [    0.006077]   1 base 00100000000 mask FF000000000 write-back
Mar  9 10:40:56 Client01 kernel: [    0.006078]   2 disabled
Mar  9 10:40:56 Client01 kernel: [    0.006078]   3 disabled
Mar  9 10:40:56 Client01 kernel: [    0.006079]   4 disabled
Mar  9 10:40:56 Client01 kernel: [    0.006079]   5 disabled
Mar  9 10:40:56 Client01 kernel: [    0.006080]   6 disabled
Mar  9 10:40:56 Client01 kernel: [    0.006080]   7 disabled
Mar  9 10:40:56 Client01 kernel: [    0.006092] x86/PAT: Configuration [0-7]: WB  WC  UC- UC  WB  WP  UC- WT  
Mar  9 10:40:56 Client01 kernel: [    0.011589] e820: update [mem 0x40000000-0xffffffff] usable ==> reserved
Mar  9 10:40:56 Client01 kernel: [    0.014324] last_pfn = 0x3fff0 max_arch_pfn = 0x400000000
Mar  9 10:40:56 Client01 kernel: [    0.026971] found SMP MP-table at [mem 0x000ff780-0x000ff78f]
Mar  9 10:40:56 Client01 kernel: [    0.031566] check: Scanning 1 areas for low memory corruption
Mar  9 10:40:56 Client01 kernel: [    0.036223] Using GB pages for direct mapping
Mar  9 10:40:56 Client01 kernel: [    0.039911] BRK [0x15f002000, 0x15f002fff] PGTABLE
Mar  9 10:40:56 Client01 kernel: [    0.039914] BRK [0x15f003000, 0x15f003fff] PGTABLE
Mar  9 10:40:56 Client01 kernel: [    0.039915] BRK [0x15f004000, 0x15f004fff] PGTABLE
Mar  9 10:40:56 Client01 kernel: [    0.039945] BRK [0x15f005000, 0x15f005fff] PGTABLE
Mar  9 10:40:56 Client01 kernel: [    0.040017] BRK [0x15f006000, 0x15f006fff] PGTABLE
Mar  9 10:40:56 Client01 kernel: [    0.040052] RAMDISK: [mem 0x3598f000-0x36cbefff]
Mar  9 10:40:56 Client01 kernel: [    0.043725] ACPI: Early table checksum verification disabled
Mar  9 10:40:56 Client01 kernel: [    0.048534] ACPI: RSDP 0x00000000000F5BF0 000014 (v00 ACPIAM)
Mar  9 10:40:56 Client01 kernel: [    0.052984] ACPI: RSDT 0x000000003FFF0000 000040 (v01 VRTUAL MICROSFT 06001702 MSFT 00000097)
Mar  9 10:40:56 Client01 kernel: [    0.059947] ACPI: FACP 0x000000003FFF0200 000081 (v02 VRTUAL MICROSFT 06001702 MSFT 00000097)
Mar  9 10:40:56 Client01 kernel: [    0.066986] ACPI: DSDT 0x000000003FFF1D24 003CBE (v01 MSFTVM MSFTVM02 00000002 INTL 02002026)
Mar  9 10:40:56 Client01 kernel: [    0.074016] ACPI: FACS 0x000000003FFFF000 000040
Mar  9 10:40:56 Client01 kernel: [    0.077826] ACPI: WAET 0x000000003FFF1A80 000028 (v01 VRTUAL MICROSFT 06001702 MSFT 00000097)
Mar  9 10:40:56 Client01 kernel: [    0.084836] ACPI: SLIC 0x000000003FFF1AC0 000176 (v01 VRTUAL MICROSFT 06001702 MSFT 00000097)
Mar  9 10:40:56 Client01 kernel: [    0.091967] ACPI: OEM0 0x000000003FFF1CC0 000064 (v01 VRTUAL MICROSFT 06001702 MSFT 00000097)
Mar  9 10:40:56 Client01 kernel: [    0.098839] ACPI: SRAT 0x000000003FFF0800 000140 (v02 VRTUAL MICROSFT 00000001 MSFT 00000001)
Mar  9 10:40:56 Client01 kernel: [    0.105728] ACPI: APIC 0x000000003FFF0300 000452 (v01 VRTUAL MICROSFT 06001702 MSFT 00000097)
Mar  9 10:40:56 Client01 kernel: [    0.112271] ACPI: OEMB 0x000000003FFFF040 000064 (v01 VRTUAL MICROSFT 06001702 MSFT 00000097)
Mar  9 10:40:56 Client01 kernel: [    0.118771] ACPI: Local APIC address 0xfee00000
Mar  9 10:40:56 Client01 kernel: [    0.118824] SRAT: PXM 0 -> APIC 0x00 -> Node 0
Mar  9 10:40:56 Client01 kernel: [    0.122440] SRAT: PXM 0 -> APIC 0x01 -> Node 0
Mar  9 10:40:56 Client01 kernel: [    0.126502] ACPI: SRAT: Node 0 PXM 0 [mem 0x00000000-0x3fffffff] hotplug
Mar  9 10:40:56 Client01 kernel: [    0.131682] ACPI: SRAT: Node 0 PXM 0 [mem 0x100000000-0x2bfffffff] hotplug
Mar  9 10:40:56 Client01 kernel: [    0.137240] ACPI: SRAT: Node 0 PXM 0 [mem 0x2c0200000-0xfdfffffff] hotplug
Mar  9 10:40:56 Client01 kernel: [    0.142360] ACPI: SRAT: Node 0 PXM 0 [mem 0x1000000000-0xffffffffff] hotplug
Mar  9 10:40:56 Client01 kernel: [    0.148230] ACPI: SRAT: Node 0 PXM 0 [mem 0x10000200000-0x1ffffffffff] hotplug
Mar  9 10:40:56 Client01 kernel: [    0.153990] ACPI: SRAT: Node 0 PXM 0 [mem 0x20000200000-0x3ffffffffff] hotplug
Mar  9 10:40:56 Client01 kernel: [    0.159961] NUMA: Node 0 [mem 0x00000000-0x3fffffff] + [mem 0x100000000-0x2bfffffff] -> [mem 0x00000000-0x2bfffffff]
Mar  9 10:40:56 Client01 kernel: [    0.168478] NODE_DATA(0) allocated [mem 0x2bffd5000-0x2bfffffff]
Mar  9 10:40:56 Client01 kernel: [    0.173628] Zone ranges:
Mar  9 10:40:56 Client01 kernel: [    0.175576]   DMA      [mem 0x0000000000001000-0x0000000000ffffff]
Mar  9 10:40:56 Client01 kernel: [    0.180549]   DMA32    [mem 0x0000000001000000-0x00000000ffffffff]
Mar  9 10:40:56 Client01 kernel: [    0.185627]   Normal   [mem 0x0000000100000000-0x00000002bfffffff]
Mar  9 10:40:56 Client01 kernel: [    0.190776]   Device   empty
Mar  9 10:40:56 Client01 kernel: [    0.193267] Movable zone start for each node
Mar  9 10:40:56 Client01 kernel: [    0.197168] Early memory node ranges
Mar  9 10:40:56 Client01 kernel: [    0.200095]   node   0: [mem 0x0000000000001000-0x000000000009efff]
Mar  9 10:40:56 Client01 kernel: [    0.205608]   node   0: [mem 0x0000000000100000-0x000000003ffeffff]
Mar  9 10:40:56 Client01 kernel: [    0.210838]   node   0: [mem 0x0000000100000000-0x00000002bfffffff]
Mar  9 10:40:56 Client01 kernel: [    0.215837] Zeroed struct page in unavailable ranges: 114 pages
Mar  9 10:40:56 Client01 kernel: [    0.215839] Initmem setup node 0 [mem 0x0000000000001000-0x00000002bfffffff]
Mar  9 10:40:56 Client01 kernel: [    0.226521] On node 0 totalpages: 2097038
Mar  9 10:40:56 Client01 kernel: [    0.226522]   DMA zone: 64 pages used for memmap
Mar  9 10:40:56 Client01 kernel: [    0.226522]   DMA zone: 21 pages reserved
Mar  9 10:40:56 Client01 kernel: [    0.226523]   DMA zone: 3998 pages, LIFO batch:0
Mar  9 10:40:56 Client01 kernel: [    0.226622]   DMA32 zone: 4032 pages used for memmap
Mar  9 10:40:56 Client01 kernel: [    0.226623]   DMA32 zone: 258032 pages, LIFO batch:63
Mar  9 10:40:56 Client01 kernel: [    0.235102]   Normal zone: 28672 pages used for memmap
Mar  9 10:40:56 Client01 kernel: [    0.235103]   Normal zone: 1835008 pages, LIFO batch:63
Mar  9 10:40:56 Client01 kernel: [    0.282524] ACPI: PM-Timer IO Port: 0x408
Mar  9 10:40:56 Client01 kernel: [    0.286240] ACPI: Local APIC address 0xfee00000
Mar  9 10:40:56 Client01 kernel: [    0.286251] ACPI: LAPIC_NMI (acpi_id[0xff] dfl dfl lint[0x1])
Mar  9 10:40:56 Client01 kernel: [    0.292286] IOAPIC[0]: apic_id 0, version 17, address 0xfec00000, GSI 0-23
Mar  9 10:40:56 Client01 kernel: [    0.297933] ACPI: INT_SRC_OVR (bus 0 bus_irq 0 global_irq 2 dfl dfl)
Mar  9 10:40:56 Client01 kernel: [    0.302950] ACPI: INT_SRC_OVR (bus 0 bus_irq 9 global_irq 9 high level)
Mar  9 10:40:56 Client01 kernel: [    0.308342] ACPI: IRQ0 used by override.
Mar  9 10:40:56 Client01 kernel: [    0.308343] ACPI: IRQ9 used by override.
Mar  9 10:40:56 Client01 kernel: [    0.308346] Using ACPI (MADT) for SMP configuration information
Mar  9 10:40:56 Client01 kernel: [    0.313187] smpboot: Allowing 128 CPUs, 126 hotplug CPUs
Mar  9 10:40:56 Client01 kernel: [    0.317189] PM: Registered nosave memory: [mem 0x00000000-0x00000fff]
Mar  9 10:40:56 Client01 kernel: [    0.322727] PM: Registered nosave memory: [mem 0x0009f000-0x0009ffff]
Mar  9 10:40:56 Client01 kernel: [    0.327927] PM: Registered nosave memory: [mem 0x000a0000-0x000dffff]
Mar  9 10:40:56 Client01 kernel: [    0.332979] PM: Registered nosave memory: [mem 0x000e0000-0x000fffff]
Mar  9 10:40:56 Client01 kernel: [    0.338315] PM: Registered nosave memory: [mem 0x3fff0000-0x3fffefff]
Mar  9 10:40:56 Client01 kernel: [    0.348453] PM: Registered nosave memory: [mem 0x3ffff000-0x3fffffff]
Mar  9 10:40:56 Client01 kernel: [    0.353695] PM: Registered nosave memory: [mem 0x40000000-0xffffffff]
Mar  9 10:40:56 Client01 kernel: [    0.359105] [mem 0x40000000-0xffffffff] available for PCI devices
Mar  9 10:40:56 Client01 kernel: [    0.364227] Booting paravirtualized kernel on bare hardware
Mar  9 10:40:56 Client01 kernel: [    0.368737] clocksource: refined-jiffies: mask: 0xffffffff max_cycles: 0xffffffff, max_idle_ns: 7645519600211568 ns
Mar  9 10:40:56 Client01 kernel: [    0.378491] random: get_random_bytes called from start_kernel+0x93/0x503 with crng_init=0
Mar  9 10:40:56 Client01 kernel: [    0.384936] setup_percpu: NR_CPUS:8192 nr_cpumask_bits:128 nr_cpu_ids:128 nr_node_ids:1
Mar  9 10:40:56 Client01 kernel: [    0.399203] percpu: Embedded 45 pages/cpu s147456 r8192 d28672 u262144
Mar  9 10:40:56 Client01 kernel: [    0.404540] pcpu-alloc: s147456 r8192 d28672 u262144 alloc=1*2097152
Mar  9 10:40:56 Client01 kernel: [    0.404541] pcpu-alloc: [0] 000 001 002 003 004 005 006 007 
Mar  9 10:40:56 Client01 kernel: [    0.404544] pcpu-alloc: [0] 008 009 010 011 012 013 014 015 
Mar  9 10:40:56 Client01 kernel: [    0.404546] pcpu-alloc: [0] 016 017 018 019 020 021 022 023 
Mar  9 10:40:56 Client01 kernel: [    0.404548] pcpu-alloc: [0] 024 025 026 027 028 029 030 031 
Mar  9 10:40:56 Client01 kernel: [    0.404550] pcpu-alloc: [0] 032 033 034 035 036 037 038 039 
Mar  9 10:40:56 Client01 kernel: [    0.404551] pcpu-alloc: [0] 040 041 042 043 044 045 046 047 
Mar  9 10:40:56 Client01 kernel: [    0.404553] pcpu-alloc: [0] 048 049 050 051 052 053 054 055 
Mar  9 10:40:56 Client01 kernel: [    0.404555] pcpu-alloc: [0] 056 057 058 059 060 061 062 063 
Mar  9 10:40:56 Client01 kernel: [    0.404557] pcpu-alloc: [0] 064 065 066 067 068 069 070 071 
Mar  9 10:40:56 Client01 kernel: [    0.404559] pcpu-alloc: [0] 072 073 074 075 076 077 078 079 
Mar  9 10:40:56 Client01 kernel: [    0.404561] pcpu-alloc: [0] 080 081 082 083 084 085 086 087 
Mar  9 10:40:56 Client01 kernel: [    0.404562] pcpu-alloc: [0] 088 089 090 091 092 093 094 095 
Mar  9 10:40:56 Client01 kernel: [    0.404564] pcpu-alloc: [0] 096 097 098 099 100 101 102 103 
Mar  9 10:40:56 Client01 kernel: [    0.404566] pcpu-alloc: [0] 104 105 106 107 108 109 110 111 
Mar  9 10:40:56 Client01 kernel: [    0.404568] pcpu-alloc: [0] 112 113 114 115 116 117 118 119 
Mar  9 10:40:56 Client01 kernel: [    0.404569] pcpu-alloc: [0] 120 121 122 123 124 125 126 127 
Mar  9 10:40:56 Client01 kernel: [    0.404598] Hyper-V: PV spinlocks enabled
Mar  9 10:40:56 Client01 kernel: [    0.407923] PV qspinlock hash table entries: 512 (order: 1, 8192 bytes)
Mar  9 10:40:56 Client01 kernel: [    0.413381] Built 1 zonelists, mobility grouping on.  Total pages: 2064249
Mar  9 10:40:56 Client01 kernel: [    0.418779] Policy zone: Normal
Mar  9 10:40:56 Client01 kernel: [    0.421253] Kernel command line: BOOT_IMAGE=/boot/vmlinuz-5.0.0-1032-azure root=UUID=5604f71e-1e5f-443c-a99e-b82bb5c201df ro console=tty1 console=ttyS0 earlyprintk=ttyS0 rootdelay=300
Mar  9 10:40:56 Client01 kernel: [    0.434696] printk: log_buf_len individual max cpu contribution: 4096 bytes
Mar  9 10:40:56 Client01 kernel: [    0.440407] printk: log_buf_len total cpu_extra contributions: 520192 bytes
Mar  9 10:40:56 Client01 kernel: [    0.445912] printk: log_buf_len min size: 262144 bytes
Mar  9 10:40:56 Client01 kernel: [    0.450313] printk: log_buf_len: 1048576 bytes
Mar  9 10:40:56 Client01 kernel: [    0.453751] printk: early log buf free: 251180(95%)
Mar  9 10:40:56 Client01 kernel: [    0.470075] Calgary: detecting Calgary via BIOS EBDA area
Mar  9 10:40:56 Client01 kernel: [    0.470077] Calgary: Unable to locate Rio Grande table in EBDA - bailing!
Mar  9 10:40:56 Client01 kernel: [    0.488960] Memory: 8118156K/8388152K available (12292K kernel code, 2233K rwdata, 3944K rodata, 2360K init, 5524K bss, 269996K reserved, 0K cma-reserved)
Mar  9 10:40:56 Client01 kernel: [    0.501662] SLUB: HWalign=64, Order=0-3, MinObjects=0, CPUs=128, Nodes=1
Mar  9 10:40:56 Client01 kernel: [    0.507148] Kernel/User page tables isolation: enabled
Mar  9 10:40:56 Client01 kernel: [    0.511284] ftrace: allocating 38709 entries in 152 pages
Mar  9 10:40:56 Client01 kernel: [    0.532206] rcu: Hierarchical RCU implementation.
Mar  9 10:40:56 Client01 kernel: [    0.535833] rcu: 	RCU restricting CPUs from NR_CPUS=8192 to nr_cpu_ids=128.
Mar  9 10:40:56 Client01 kernel: [    0.541305] 	Tasks RCU enabled.
Mar  9 10:40:56 Client01 kernel: [    0.543721] rcu: RCU calculated value of scheduler-enlistment delay is 25 jiffies.
Mar  9 10:40:56 Client01 kernel: [    0.550303] rcu: Adjusting geometry for rcu_fanout_leaf=16, nr_cpu_ids=128
Mar  9 10:40:56 Client01 kernel: [    0.558907] NR_IRQS: 524544, nr_irqs: 1448, preallocated irqs: 16
Mar  9 10:40:56 Client01 kernel: [    0.571936] Console: colour VGA+ 80x25
Mar  9 10:40:56 Client01 kernel: [    1.294646] printk: console [tty1] enabled
Mar  9 10:40:56 Client01 kernel: [    1.299123] printk: console [ttyS0] enabled
Mar  9 10:40:56 Client01 kernel: [    1.306428] printk: bootconsole [earlyser0] disabled
Mar  9 10:40:56 Client01 kernel: [    1.315118] ACPI: Core revision 20181213
Mar  9 10:40:56 Client01 kernel: [    1.318995] APIC: Switch to symmetric I/O mode setup
Mar  9 10:40:56 Client01 kernel: [    1.323666] Switched APIC routing to physical flat.
Mar  9 10:40:56 Client01 kernel: [    1.328375] Hyper-V: Using IPI hypercalls
Mar  9 10:40:56 Client01 kernel: [    1.332140] Hyper-V: Using enlightened APIC (xapic mode)
Mar  9 10:40:56 Client01 kernel: [    1.332148] clocksource: hyperv_clocksource_tsc_page: mask: 0xffffffffffffffff max_cycles: 0x24e6a1710, max_idle_ns: 440795202120 ns
Mar  9 10:40:56 Client01 kernel: [    1.375344] Calibrating delay loop (skipped), value calculated using timer frequency.. 4190.39 BogoMIPS (lpj=8380784)
Mar  9 10:40:56 Client01 kernel: [    1.379329] pid_max: default: 131072 minimum: 1024
Mar  9 10:40:56 Client01 kernel: [    1.379329] LSM: Security Framework initializing
Mar  9 10:40:56 Client01 kernel: [    1.379329] Yama: becoming mindful.
Mar  9 10:40:56 Client01 kernel: [    1.379329] AppArmor: AppArmor initialized
Mar  9 10:40:56 Client01 kernel: [    1.379329] Dentry cache hash table entries: 1048576 (order: 11, 8388608 bytes)
Mar  9 10:40:56 Client01 kernel: [    1.379329] Inode-cache hash table entries: 524288 (order: 10, 4194304 bytes)
Mar  9 10:40:56 Client01 kernel: [    1.379329] Mount-cache hash table entries: 16384 (order: 5, 131072 bytes)
Mar  9 10:40:56 Client01 kernel: [    1.379329] Mountpoint-cache hash table entries: 16384 (order: 5, 131072 bytes)
Mar  9 10:40:56 Client01 kernel: [    1.379329] Last level iTLB entries: 4KB 64, 2MB 8, 4MB 8
Mar  9 10:40:56 Client01 kernel: [    1.379329] Last level dTLB entries: 4KB 64, 2MB 0, 4MB 0, 1GB 4
Mar  9 10:40:56 Client01 kernel: [    1.379329] Spectre V1 : Mitigation: usercopy/swapgs barriers and __user pointer sanitization
Mar  9 10:40:56 Client01 kernel: [    1.379329] Spectre V2 : Mitigation: Full generic retpoline
Mar  9 10:40:56 Client01 kernel: [    1.379329] Spectre V2 : Spectre v2 / SpectreRSB mitigation: Filling RSB on context switch
Mar  9 10:40:56 Client01 kernel: [    1.379329] Speculative Store Bypass: Vulnerable
Mar  9 10:40:56 Client01 kernel: [    1.379329] TAA: Vulnerable: Clear CPU buffers attempted, no microcode
Mar  9 10:40:56 Client01 kernel: [    1.379329] MDS: Vulnerable: Clear CPU buffers attempted, no microcode
Mar  9 10:40:56 Client01 kernel: [    1.379329] Freeing SMP alternatives memory: 36K
Mar  9 10:40:56 Client01 kernel: [    1.379329] smpboot: CPU0: Intel(R) Xeon(R) Platinum 8171M CPU @ 2.60GHz (family: 0x6, model: 0x55, stepping: 0x4)
Mar  9 10:40:56 Client01 kernel: [    1.379564] Performance Events: unsupported p6 CPU model 85 no PMU driver, software events only.
Mar  9 10:40:56 Client01 kernel: [    1.383377] rcu: Hierarchical SRCU implementation.
Mar  9 10:40:56 Client01 kernel: [    1.388534] random: crng done (trusting CPU's manufacturer)
Mar  9 10:40:56 Client01 kernel: [    1.391369] NMI watchdog: Perf NMI watchdog permanently disabled
Mar  9 10:40:56 Client01 kernel: [    1.396667] smp: Bringing up secondary CPUs ...
Mar  9 10:40:56 Client01 kernel: [    1.399461] x86: Booting SMP configuration:
Mar  9 10:40:56 Client01 kernel: [    1.403333] .... node  #0, CPUs:          #1
Mar  9 10:40:56 Client01 kernel: [    1.405506] MDS CPU bug present and SMT on, data leak possible. See https://www.kernel.org/doc/html/latest/admin-guide/hw-vuln/mds.html for more details.
Mar  9 10:40:56 Client01 kernel: [    1.411332] TAA CPU bug present and SMT on, data leak possible. See https://www.kernel.org/doc/html/latest/admin-guide/hw-vuln/tsx_async_abort.html for more details.
Mar  9 10:40:56 Client01 kernel: [    1.415334] smp: Brought up 1 node, 2 CPUs
Mar  9 10:40:56 Client01 kernel: [    1.419332] smpboot: Max logical packages: 64
Mar  9 10:40:56 Client01 kernel: [    1.423332] smpboot: Total of 2 processors activated (8380.78 BogoMIPS)
Mar  9 10:40:56 Client01 kernel: [    1.428145] devtmpfs: initialized
Mar  9 10:40:56 Client01 kernel: [    1.431397] x86/mm: Memory block size: 128MB
Mar  9 10:40:56 Client01 kernel: [    1.435978] PM: Registering ACPI NVS region [mem 0x3ffff000-0x3fffffff] (4096 bytes)
Mar  9 10:40:56 Client01 kernel: [    1.443490] clocksource: jiffies: mask: 0xffffffff max_cycles: 0xffffffff, max_idle_ns: 7645041785100000 ns
Mar  9 10:40:56 Client01 kernel: [    1.447410] futex hash table entries: 32768 (order: 9, 2097152 bytes)
Mar  9 10:40:56 Client01 kernel: [    1.452018] pinctrl core: initialized pinctrl subsystem
Mar  9 10:40:56 Client01 kernel: [    1.476112] RTC time: 10:40:16, date: 2020-03-09
Mar  9 10:40:56 Client01 kernel: [    1.479709] NET: Registered protocol family 16
Mar  9 10:40:56 Client01 kernel: [    1.483427] audit: initializing netlink subsys (disabled)
Mar  9 10:40:56 Client01 kernel: [    1.487368] audit: type=2000 audit(1583750415.112:1): state=initialized audit_enabled=0 res=1
Mar  9 10:40:56 Client01 kernel: [    1.487471] EISA bus registered
Mar  9 10:40:56 Client01 kernel: [    1.495360] cpuidle: using governor ladder
Mar  9 10:40:56 Client01 kernel: [    1.499351] cpuidle: using governor menu
Mar  9 10:40:56 Client01 kernel: [    1.503426] ACPI: bus type PCI registered
Mar  9 10:40:56 Client01 kernel: [    1.507332] acpiphp: ACPI Hot Plug PCI Controller Driver version: 0.5
Mar  9 10:40:56 Client01 kernel: [    1.511576] PCI: Using configuration type 1 for base access
Mar  9 10:40:56 Client01 kernel: [    1.519482] HugeTLB registered 1.00 GiB page size, pre-allocated 0 pages
Mar  9 10:40:56 Client01 kernel: [    1.523340] HugeTLB registered 2.00 MiB page size, pre-allocated 0 pages
Mar  9 10:40:56 Client01 kernel: [    1.527606] ACPI: Added _OSI(Module Device)
Mar  9 10:40:56 Client01 kernel: [    1.531338] ACPI: Added _OSI(Processor Device)
Mar  9 10:40:56 Client01 kernel: [    1.535339] ACPI: Added _OSI(3.0 _SCP Extensions)
Mar  9 10:40:56 Client01 kernel: [    1.539331] ACPI: Added _OSI(Processor Aggregator Device)
Mar  9 10:40:56 Client01 kernel: [    1.543332] ACPI: Added _OSI(Linux-Dell-Video)
Mar  9 10:40:56 Client01 kernel: [    1.547332] ACPI: Added _OSI(Linux-Lenovo-NV-HDMI-Audio)
Mar  9 10:40:56 Client01 kernel: [    1.551333] ACPI: Added _OSI(Linux-HPI-Hybrid-Graphics)
Mar  9 10:40:56 Client01 kernel: [    1.556735] ACPI: 1 ACPI AML tables successfully acquired and loaded
Mar  9 10:40:56 Client01 kernel: [    1.564883] ACPI: Interpreter enabled
Mar  9 10:40:56 Client01 kernel: [    1.567346] ACPI: (supports S0 S5)
Mar  9 10:40:56 Client01 kernel: [    1.570158] ACPI: Using IOAPIC for interrupt routing
Mar  9 10:40:56 Client01 kernel: [    1.575361] PCI: Using host bridge windows from ACPI; if necessary, use "pci=nocrs" and report a bug
Mar  9 10:40:56 Client01 kernel: [    1.583635] ACPI: Enabled 1 GPEs in block 00 to 0F
Mar  9 10:40:56 Client01 kernel: [    1.608706] ACPI: PCI Root Bridge [PCI0] (domain 0000 [bus 00-ff])
Mar  9 10:40:56 Client01 kernel: [    1.615336] acpi PNP0A03:00: _OSC: OS supports [ASPM ClockPM Segments MSI]
Mar  9 10:40:56 Client01 kernel: [    1.619346] acpi PNP0A03:00: fail to add MMCONFIG information, can't access extended PCI configuration space under this bridge.
Mar  9 10:40:56 Client01 kernel: [    1.631585] PCI host bridge to bus 0000:00
Mar  9 10:40:56 Client01 kernel: [    1.631585] pci_bus 0000:00: root bus resource [mem 0xfe0000000-0xfffffffff window]
Mar  9 10:40:56 Client01 kernel: [    1.643335] pci_bus 0000:00: root bus resource [io  0x0000-0x0cf7 window]
Mar  9 10:40:56 Client01 kernel: [    1.647343] pci_bus 0000:00: root bus resource [io  0x0d00-0xffff window]
Mar  9 10:40:56 Client01 kernel: [    1.655332] pci_bus 0000:00: root bus resource [mem 0x000a0000-0x000bffff window]
Mar  9 10:40:56 Client01 kernel: [    1.663332] pci_bus 0000:00: root bus resource [mem 0x40000000-0xfffbffff window]
Mar  9 10:40:56 Client01 kernel: [    1.667333] pci_bus 0000:00: root bus resource [bus 00-ff]
Mar  9 10:40:56 Client01 kernel: [    1.671524] pci 0000:00:00.0: [8086:7192] type 00 class 0x060000
Mar  9 10:40:56 Client01 kernel: [    1.678934] pci 0000:00:07.0: [8086:7110] type 00 class 0x060100
Mar  9 10:40:56 Client01 kernel: [    1.682690] pci 0000:00:07.1: [8086:7111] type 00 class 0x010180
Mar  9 10:40:56 Client01 kernel: [    1.685423] pci 0000:00:07.1: reg 0x20: [io  0xffa0-0xffaf]
Mar  9 10:40:56 Client01 kernel: [    1.686590] pci 0000:00:07.1: legacy IDE quirk: reg 0x10: [io  0x01f0-0x01f7]
Mar  9 10:40:56 Client01 kernel: [    1.691334] pci 0000:00:07.1: legacy IDE quirk: reg 0x14: [io  0x03f6]
Mar  9 10:40:56 Client01 kernel: [    1.699332] pci 0000:00:07.1: legacy IDE quirk: reg 0x18: [io  0x0170-0x0177]
Mar  9 10:40:56 Client01 kernel: [    1.703333] pci 0000:00:07.1: legacy IDE quirk: reg 0x1c: [io  0x0376]
Mar  9 10:40:56 Client01 kernel: [    1.708124] pci 0000:00:07.3: [8086:7113] type 00 class 0x068000
Mar  9 10:40:56 Client01 kernel: [    1.708169] * Found PM-Timer Bug on the chipset. Due to workarounds for a bug,
Mar  9 10:40:56 Client01 kernel: [    1.708169] * this clock source is slow. Consider trying other clock sources
Mar  9 10:40:56 Client01 kernel: [    1.719336] pci 0000:00:07.3: acpi_pm_check_blacklist+0x0/0x40 took 11718 usecs
Mar  9 10:40:56 Client01 kernel: [    1.726297] pci 0000:00:07.3: quirk: [io  0x0400-0x043f] claimed by PIIX4 ACPI
Mar  9 10:40:56 Client01 kernel: [    1.736275] pci 0000:00:08.0: [1414:5353] type 00 class 0x030000
Mar  9 10:40:56 Client01 kernel: [    1.736992] pci 0000:00:08.0: reg 0x10: [mem 0xf8000000-0xfbffffff]
Mar  9 10:40:56 Client01 kernel: [    1.762595] ACPI: PCI Interrupt Link [LNKA] (IRQs 3 4 5 7 9 10 *11 12 14 15)
Mar  9 10:40:56 Client01 kernel: [    1.771879] ACPI: PCI Interrupt Link [LNKB] (IRQs 3 4 5 7 9 10 11 12 14 15) *0, disabled.
Mar  9 10:40:56 Client01 kernel: [    1.779594] ACPI: PCI Interrupt Link [LNKC] (IRQs 3 4 5 7 9 10 11 12 14 15) *0, disabled.
Mar  9 10:40:56 Client01 kernel: [    1.787596] ACPI: PCI Interrupt Link [LNKD] (IRQs 3 4 5 7 9 10 11 12 14 15) *0, disabled.
Mar  9 10:40:56 Client01 kernel: [    1.795788] SCSI subsystem initialized
Mar  9 10:40:56 Client01 kernel: [    1.799415] libata version 3.00 loaded.
Mar  9 10:40:56 Client01 kernel: [    1.799420] pci 0000:00:08.0: vgaarb: setting as boot VGA device
Mar  9 10:40:56 Client01 kernel: [    1.803329] pci 0000:00:08.0: vgaarb: VGA device added: decodes=io+mem,owns=io+mem,locks=none
Mar  9 10:40:56 Client01 kernel: [    1.803334] pci 0000:00:08.0: vgaarb: bridge control possible
Mar  9 10:40:56 Client01 kernel: [    1.807331] vgaarb: loaded
Mar  9 10:40:56 Client01 kernel: [    1.810228] pps_core: LinuxPPS API ver. 1 registered
Mar  9 10:40:56 Client01 kernel: [    1.811331] pps_core: Software ver. 5.3.6 - Copyright 2005-2007 Rodolfo Giometti <giometti@linux.it>
Mar  9 10:40:56 Client01 kernel: [    1.815338] PTP clock support registered
Mar  9 10:40:56 Client01 kernel: [    1.819431] EDAC MC: Ver: 3.0.0
Mar  9 10:40:56 Client01 kernel: [    1.823970] hv_vmbus: Vmbus version:4.0
Mar  9 10:40:56 Client01 kernel: [    1.827395] PCI: Using ACPI for IRQ routing
Mar  9 10:40:56 Client01 kernel: [    1.831329] PCI: pci_cache_line_size set to 64 bytes
Mar  9 10:40:56 Client01 kernel: [    1.831329] e820: reserve RAM buffer [mem 0x0009fc00-0x0009ffff]
Mar  9 10:40:56 Client01 kernel: [    1.831329] e820: reserve RAM buffer [mem 0x3fff0000-0x3fffffff]
Mar  9 10:40:56 Client01 kernel: [    1.831329] NetLabel: Initializing
Mar  9 10:40:56 Client01 kernel: [    1.835335] NetLabel:  domain hash size = 128
Mar  9 10:40:56 Client01 kernel: [    1.839165] NetLabel:  protocols = UNLABELED CIPSOv4 CALIPSO
Mar  9 10:40:56 Client01 kernel: [    1.843355] NetLabel:  unlabeled traffic allowed by default
Mar  9 10:40:56 Client01 kernel: [    1.847409] clocksource: Switched to clocksource hyperv_clocksource_tsc_page
Mar  9 10:40:56 Client01 kernel: [    1.874070] VFS: Disk quotas dquot_6.6.0
Mar  9 10:40:56 Client01 kernel: [    1.878090] VFS: Dquot-cache hash table entries: 512 (order 0, 4096 bytes)
Mar  9 10:40:56 Client01 kernel: [    1.884650] AppArmor: AppArmor Filesystem Enabled
Mar  9 10:40:56 Client01 kernel: [    1.889887] pnp: PnP ACPI init
Mar  9 10:40:56 Client01 kernel: [    1.892904] pnp 00:00: Plug and Play ACPI device, IDs PNP0b00 (active)
Mar  9 10:40:56 Client01 kernel: [    1.892950] pnp 00:01: Plug and Play ACPI device, IDs PNP0303 PNP030b (active)
Mar  9 10:40:56 Client01 kernel: [    1.892990] pnp 00:02: Plug and Play ACPI device, IDs PNP0f03 PNP0f13 (active)
Mar  9 10:40:56 Client01 kernel: [    1.893804] pnp 00:03: [dma 0 disabled]
Mar  9 10:40:56 Client01 kernel: [    1.893825] pnp 00:03: Plug and Play ACPI device, IDs PNP0501 (active)
Mar  9 10:40:56 Client01 kernel: [    1.894665] pnp 00:04: [dma 0 disabled]
Mar  9 10:40:56 Client01 kernel: [    1.894685] pnp 00:04: Plug and Play ACPI device, IDs PNP0501 (active)
Mar  9 10:40:56 Client01 kernel: [    1.895554] pnp 00:05: [dma 2]
Mar  9 10:40:56 Client01 kernel: [    1.895586] pnp 00:05: Plug and Play ACPI device, IDs PNP0700 (active)
Mar  9 10:40:56 Client01 kernel: [    1.895625] system 00:06: [io  0x01e0-0x01ef] has been reserved
Mar  9 10:40:56 Client01 kernel: [    1.900558] system 00:06: [io  0x0160-0x016f] has been reserved
Mar  9 10:40:56 Client01 kernel: [    1.905201] system 00:06: [io  0x0278-0x027f] has been reserved
Mar  9 10:40:56 Client01 kernel: [    1.909765] system 00:06: [io  0x0378-0x037f] has been reserved
Mar  9 10:40:56 Client01 kernel: [    1.914625] system 00:06: [io  0x0678-0x067f] has been reserved
Mar  9 10:40:56 Client01 kernel: [    1.919262] system 00:06: [io  0x0778-0x077f] has been reserved
Mar  9 10:40:56 Client01 kernel: [    1.923781] system 00:06: [io  0x04d0-0x04d1] has been reserved
Mar  9 10:40:56 Client01 kernel: [    1.928248] system 00:06: Plug and Play ACPI device, IDs PNP0c02 (active)
Mar  9 10:40:56 Client01 kernel: [    1.928395] system 00:07: [io  0x0400-0x043f] has been reserved
Mar  9 10:40:56 Client01 kernel: [    1.932903] system 00:07: [io  0x0370-0x0371] has been reserved
Mar  9 10:40:56 Client01 kernel: [    1.937355] system 00:07: [io  0x0440-0x044f] has been reserved
Mar  9 10:40:56 Client01 kernel: [    1.941889] system 00:07: [mem 0xfec00000-0xfec00fff] could not be reserved
Mar  9 10:40:56 Client01 kernel: [    1.947409] system 00:07: [mem 0xfee00000-0xfee00fff] has been reserved
Mar  9 10:40:56 Client01 kernel: [    1.952895] system 00:07: Plug and Play ACPI device, IDs PNP0c02 (active)
Mar  9 10:40:56 Client01 kernel: [    1.953015] system 00:08: [mem 0x00000000-0x0009ffff] could not be reserved
Mar  9 10:40:56 Client01 kernel: [    1.958320] system 00:08: [mem 0x000c0000-0x000dffff] could not be reserved
Mar  9 10:40:56 Client01 kernel: [    1.963823] system 00:08: [mem 0x000e0000-0x000fffff] could not be reserved
Mar  9 10:40:56 Client01 kernel: [    1.969177] system 00:08: [mem 0x00100000-0x3fffffff] could not be reserved
Mar  9 10:40:56 Client01 kernel: [    1.974238] system 00:08: [mem 0xfffc0000-0xffffffff] has been reserved
Mar  9 10:40:56 Client01 kernel: [    1.980203] system 00:08: Plug and Play ACPI device, IDs PNP0c01 (active)
Mar  9 10:40:56 Client01 kernel: [    1.980514] pnp: PnP ACPI: found 9 devices
Mar  9 10:40:56 Client01 kernel: [    1.991525] clocksource: acpi_pm: mask: 0xffffff max_cycles: 0xffffff, max_idle_ns: 2085701024 ns
Mar  9 10:40:56 Client01 kernel: [    1.999813] pci_bus 0000:00: resource 4 [mem 0xfe0000000-0xfffffffff window]
Mar  9 10:40:56 Client01 kernel: [    1.999815] pci_bus 0000:00: resource 5 [io  0x0000-0x0cf7 window]
Mar  9 10:40:56 Client01 kernel: [    1.999816] pci_bus 0000:00: resource 6 [io  0x0d00-0xffff window]
Mar  9 10:40:56 Client01 kernel: [    1.999818] pci_bus 0000:00: resource 7 [mem 0x000a0000-0x000bffff window]
Mar  9 10:40:56 Client01 kernel: [    1.999819] pci_bus 0000:00: resource 8 [mem 0x40000000-0xfffbffff window]
Mar  9 10:40:56 Client01 kernel: [    1.999951] NET: Registered protocol family 2
Mar  9 10:40:56 Client01 kernel: [    2.003920] tcp_listen_portaddr_hash hash table entries: 4096 (order: 4, 65536 bytes)
Mar  9 10:40:56 Client01 kernel: [    2.010151] TCP established hash table entries: 65536 (order: 7, 524288 bytes)
Mar  9 10:40:56 Client01 kernel: [    2.015765] TCP bind hash table entries: 65536 (order: 8, 1048576 bytes)
Mar  9 10:40:56 Client01 kernel: [    2.020657] TCP: Hash tables configured (established 65536 bind 65536)
Mar  9 10:40:56 Client01 kernel: [    2.025573] UDP hash table entries: 4096 (order: 5, 131072 bytes)
Mar  9 10:40:56 Client01 kernel: [    2.030461] UDP-Lite hash table entries: 4096 (order: 5, 131072 bytes)
Mar  9 10:40:56 Client01 kernel: [    2.035700] NET: Registered protocol family 1
Mar  9 10:40:56 Client01 kernel: [    2.039317] NET: Registered protocol family 44
Mar  9 10:40:56 Client01 kernel: [    2.042816] pci 0000:00:00.0: Limiting direct PCI/PCI transfers
Mar  9 10:40:56 Client01 kernel: [    2.047645] pci 0000:00:08.0: Video device with shadowed ROM at [mem 0x000c0000-0x000dffff]
Mar  9 10:40:56 Client01 kernel: [    2.053537] PCI: CLS 0 bytes, default 64
Mar  9 10:40:56 Client01 kernel: [    2.053574] Unpacking initramfs...
Mar  9 10:40:56 Client01 kernel: [    2.379097] Freeing initrd memory: 19648K
Mar  9 10:40:56 Client01 kernel: [    2.382509] PCI-DMA: Using software bounce buffering for IO (SWIOTLB)
Mar  9 10:40:56 Client01 kernel: [    2.387805] software IO TLB: mapped [mem 0x3bff0000-0x3fff0000] (64MB)
Mar  9 10:40:56 Client01 kernel: [    2.392984] check: Scanning for low memory corruption every 60 seconds
Mar  9 10:40:56 Client01 kernel: [    2.399935] Initialise system trusted keyrings
Mar  9 10:40:56 Client01 kernel: [    2.404337] Key type blacklist registered
Mar  9 10:40:56 Client01 kernel: [    2.408141] workingset: timestamp_bits=36 max_order=21 bucket_order=0
Mar  9 10:40:56 Client01 kernel: [    2.414176] zbud: loaded
Mar  9 10:40:56 Client01 kernel: [    2.417436] squashfs: version 4.0 (2009/01/31) Phillip Lougher
Mar  9 10:40:56 Client01 kernel: [    2.423273] fuse init (API version 7.28)
Mar  9 10:40:56 Client01 kernel: [    2.459606] Key type asymmetric registered
Mar  9 10:40:56 Client01 kernel: [    2.462915] Asymmetric key parser 'x509' registered
Mar  9 10:40:56 Client01 kernel: [    2.467478] Block layer SCSI generic (bsg) driver version 0.4 loaded (major 243)
Mar  9 10:40:56 Client01 kernel: [    2.473623] shpchp: Standard Hot Plug PCI Controller Driver version: 0.4
Mar  9 10:40:56 Client01 kernel: [    2.479157] intel_idle: Please enable MWAIT in BIOS SETUP
Mar  9 10:40:56 Client01 kernel: [    2.479233] input: Power Button as /devices/LNXSYSTM:00/LNXPWRBN:00/input/input0
Mar  9 10:40:56 Client01 kernel: [    2.485185] ACPI: Power Button [PWRF]
Mar  9 10:40:56 Client01 kernel: [    2.488860] Serial: 8250/16550 driver, 32 ports, IRQ sharing enabled
Mar  9 10:40:56 Client01 kernel: [    2.523297] 00:03: ttyS0 at I/O 0x3f8 (irq = 4, base_baud = 115200) is a 16550A
Mar  9 10:40:56 Client01 kernel: [    2.558893] 00:04: ttyS1 at I/O 0x2f8 (irq = 3, base_baud = 115200) is a 16550A
Mar  9 10:40:56 Client01 kernel: [    2.567314] Linux agpgart interface v0.103
Mar  9 10:40:56 Client01 kernel: [    2.581685] loop: module loaded
Mar  9 10:40:56 Client01 kernel: [    2.584813] hv_vmbus: registering driver hv_storvsc
Mar  9 10:40:56 Client01 kernel: [    2.590297] ata_piix 0000:00:07.1: version 2.13
Mar  9 10:40:56 Client01 kernel: [    2.590607] ata_piix 0000:00:07.1: Hyper-V Virtual Machine detected, ATA device ignore set
Mar  9 10:40:56 Client01 kernel: [    2.591118] scsi host0: storvsc_host_t
Mar  9 10:40:56 Client01 kernel: [    2.605508] scsi host1: ata_piix
Mar  9 10:40:56 Client01 kernel: [    2.609701] scsi 0:0:0:0: Direct-Access     Msft     Virtual Disk     1.0  PQ: 0 ANSI: 5
Mar  9 10:40:56 Client01 kernel: [    2.612538] scsi host2: ata_piix
Mar  9 10:40:56 Client01 kernel: [    2.621361] sd 0:0:0:0: Attached scsi generic sg0 type 0
Mar  9 10:40:56 Client01 kernel: [    2.627281] ata1: PATA max UDMA/33 cmd 0x1f0 ctl 0x3f6 bmdma 0xffa0 irq 14
Mar  9 10:40:56 Client01 kernel: [    2.637193] sd 0:0:0:0: [sda] 62916608 512-byte logical blocks: (32.2 GB/30.0 GiB)
Mar  9 10:40:56 Client01 kernel: [    2.642853] ata2: PATA max UDMA/33 cmd 0x170 ctl 0x376 bmdma 0xffa8 irq 15
Mar  9 10:40:56 Client01 kernel: [    2.642958] libphy: Fixed MDIO Bus: probed
Mar  9 10:40:56 Client01 kernel: [    2.650709] sd 0:0:0:0: [sda] 4096-byte physical blocks
Mar  9 10:40:56 Client01 kernel: [    2.650878] sd 0:0:0:0: [sda] Write Protect is off
Mar  9 10:40:56 Client01 kernel: [    2.660902] tun: Universal TUN/TAP device driver, 1.6
Mar  9 10:40:56 Client01 kernel: [    2.665556] PPP generic driver version 2.4.2
Mar  9 10:40:56 Client01 kernel: [    2.668919] sd 0:0:0:0: [sda] Mode Sense: 0f 00 10 00
Mar  9 10:40:56 Client01 kernel: [    2.669217] sd 0:0:0:0: [sda] Write cache: enabled, read cache: enabled, supports DPO and FUA
Mar  9 10:40:56 Client01 kernel: [    2.675060] i8042: PNP: PS/2 Controller [PNP0303:PS2K,PNP0f03:PS2M] at 0x60,0x64 irq 1,12
Mar  9 10:40:56 Client01 kernel: [    2.699404] scsi host3: storvsc_host_t
Mar  9 10:40:56 Client01 kernel: [    2.727386] scsi 3:0:1:0: Direct-Access     Msft     Virtual Disk     1.0  PQ: 0 ANSI: 5
Mar  9 10:40:56 Client01 kernel: [    2.727615] serio: i8042 KBD port at 0x60,0x64 irq 1
Mar  9 10:40:56 Client01 kernel: [    2.740701] serio: i8042 AUX port at 0x60,0x64 irq 12
Mar  9 10:40:56 Client01 kernel: [    2.742089] GPT:Primary header thinks Alt. header is not at the end of the disk.
Mar  9 10:40:56 Client01 kernel: [    2.749976] sd 3:0:1:0: Attached scsi generic sg1 type 0
Mar  9 10:40:56 Client01 kernel: [    2.760143] GPT:4612095 != 62916607
Mar  9 10:40:56 Client01 kernel: [    2.767130] mousedev: PS/2 mouse device common for all mice
Mar  9 10:40:56 Client01 kernel: [    2.774760] GPT:Alternate GPT header not at the end of the disk.
Mar  9 10:40:56 Client01 kernel: [    2.783034] rtc_cmos 00:00: RTC can wake from S4
Mar  9 10:40:56 Client01 kernel: [    2.792607] GPT:4612095 != 62916607
Mar  9 10:40:56 Client01 kernel: [    2.808097] GPT: Use GNU Parted to correct GPT errors.
Mar  9 10:40:56 Client01 kernel: [    2.814011]  sda: sda1 sda14 sda15
Mar  9 10:40:56 Client01 kernel: [    2.822740] sd 3:0:1:0: [sdb] 104857600 512-byte logical blocks: (53.7 GB/50.0 GiB)
Mar  9 10:40:56 Client01 kernel: [    2.831677] sd 3:0:1:0: [sdb] 4096-byte physical blocks
Mar  9 10:40:56 Client01 kernel: [    2.841147] rtc_cmos 00:00: registered as rtc0
Mar  9 10:40:56 Client01 kernel: [    2.846813] rtc_cmos 00:00: alarms up to one month, 114 bytes nvram
Mar  9 10:40:56 Client01 kernel: [    2.854319] device-mapper: uevent: version 1.0.3
Mar  9 10:40:56 Client01 kernel: [    2.861107] device-mapper: ioctl: 4.39.0-ioctl (2018-04-03) initialised: dm-devel@redhat.com
Mar  9 10:40:56 Client01 kernel: [    2.873985] platform eisa.0: Probing EISA bus 0
Mar  9 10:40:56 Client01 kernel: [    2.879783] platform eisa.0: EISA: Cannot allocate resource for mainboard
Mar  9 10:40:56 Client01 kernel: [    2.887557] platform eisa.0: Cannot allocate resource for EISA slot 1
Mar  9 10:40:56 Client01 kernel: [    2.895570] platform eisa.0: Cannot allocate resource for EISA slot 2
Mar  9 10:40:56 Client01 kernel: [    2.902886] sd 0:0:0:0: [sda] Attached SCSI disk
Mar  9 10:40:56 Client01 kernel: [    2.908495] platform eisa.0: Cannot allocate resource for EISA slot 3
Mar  9 10:40:56 Client01 kernel: [    2.915665] platform eisa.0: Cannot allocate resource for EISA slot 4
Mar  9 10:40:56 Client01 kernel: [    2.923087] platform eisa.0: Cannot allocate resource for EISA slot 5
Mar  9 10:40:56 Client01 kernel: [    2.930573] platform eisa.0: Cannot allocate resource for EISA slot 6
Mar  9 10:40:56 Client01 kernel: [    2.938993] platform eisa.0: Cannot allocate resource for EISA slot 7
Mar  9 10:40:56 Client01 kernel: [    2.946131] platform eisa.0: Cannot allocate resource for EISA slot 8
Mar  9 10:40:56 Client01 kernel: [    2.952842] platform eisa.0: EISA: Detected 0 cards
Mar  9 10:40:56 Client01 kernel: [    2.959731] NET: Registered protocol family 10
Mar  9 10:40:56 Client01 kernel: [    2.967497] scsi host4: storvsc_host_t
Mar  9 10:40:56 Client01 kernel: [    2.981281] scsi host5: storvsc_host_t
Mar  9 10:40:56 Client01 kernel: [    2.999756] Segment Routing with IPv6
Mar  9 10:40:56 Client01 kernel: [    3.005491] NET: Registered protocol family 17
Mar  9 10:40:56 Client01 kernel: [    3.011380] Key type dns_resolver registered
Mar  9 10:40:56 Client01 kernel: [    3.047952] sd 3:0:1:0: [sdb] Write Protect is off
Mar  9 10:40:56 Client01 kernel: [    3.054049] sd 3:0:1:0: [sdb] Mode Sense: 0f 00 10 00
Mar  9 10:40:56 Client01 kernel: [    3.104020] ata1.01: host indicates ignore ATA devices, ignored
Mar  9 10:40:56 Client01 kernel: [    3.105255] mce: Using 1 MCE banks
Mar  9 10:40:56 Client01 kernel: [    3.106376] ata2.01: NODEV after polling detection
Mar  9 10:40:56 Client01 kernel: [    3.109858] RAS: Correctable Errors collector initialized.
Mar  9 10:40:56 Client01 kernel: [    3.116451] sd 3:0:1:0: [sdb] Write cache: disabled, read cache: enabled, supports DPO and FUA
Mar  9 10:40:56 Client01 kernel: [    3.127626] registered taskstats version 1
Mar  9 10:40:56 Client01 kernel: [    3.133063] Loading compiled-in X.509 certificates
Mar  9 10:40:56 Client01 kernel: [    3.140536]  sdb: sdb1
Mar  9 10:40:56 Client01 kernel: [    3.151879] Loaded X.509 cert 'Build time autogenerated kernel key: 9c13c25bb46bb08aadac8fd6055952f30e111a90'
Mar  9 10:40:56 Client01 kernel: [    3.164762] zswap: loaded using pool lzo/zbud
Mar  9 10:40:56 Client01 kernel: [    3.173639] input: AT Translated Set 2 keyboard as /devices/platform/i8042/serio0/input/input1
Mar  9 10:40:56 Client01 kernel: [    3.228960] ata1.00: host indicates ignore ATA devices, ignored
Mar  9 10:40:56 Client01 kernel: [    3.230047] sd 3:0:1:0: [sdb] Attached SCSI disk
Mar  9 10:40:56 Client01 kernel: [    3.231123] ata2.00: ATAPI: Virtual CD, , max MWDMA2
Mar  9 10:40:56 Client01 kernel: [    3.250851] scsi 2:0:0:0: CD-ROM            Msft     Virtual CD/ROM   1.0  PQ: 0 ANSI: 5
Mar  9 10:40:56 Client01 kernel: [    3.256089] Key type big_key registered
Mar  9 10:40:56 Client01 kernel: [    3.265688] sr 2:0:0:0: [sr0] scsi3-mmc drive: 0x/0x tray
Mar  9 10:40:56 Client01 kernel: [    3.268464] Key type trusted registered
Mar  9 10:40:56 Client01 kernel: [    3.282202] cdrom: Uniform CD-ROM driver Revision: 3.20
Mar  9 10:40:56 Client01 kernel: [    3.294351] Key type encrypted registered
Mar  9 10:40:56 Client01 kernel: [    3.298774] sr 2:0:0:0: Attached scsi CD-ROM sr0
Mar  9 10:40:56 Client01 kernel: [    3.310601] sr 2:0:0:0: Attached scsi generic sg2 type 5
Mar  9 10:40:56 Client01 kernel: [    3.310751] AppArmor: AppArmor sha1 policy hashing enabled
Mar  9 10:40:56 Client01 kernel: [    3.321589] ima: No TPM chip found, activating TPM-bypass!
Mar  9 10:40:56 Client01 kernel: [    3.326428] ima: Allocated hash algorithm: sha1
Mar  9 10:40:56 Client01 kernel: [    3.330696] No architecture policies found
Mar  9 10:40:56 Client01 kernel: [    3.337167] evm: Initialising EVM extended attributes:
Mar  9 10:40:56 Client01 kernel: [    3.342018] evm: security.selinux
Mar  9 10:40:56 Client01 kernel: [    3.345254] evm: security.SMACK64
Mar  9 10:40:56 Client01 kernel: [    3.348993] evm: security.SMACK64EXEC
Mar  9 10:40:56 Client01 kernel: [    3.353317] evm: security.SMACK64TRANSMUTE
Mar  9 10:40:56 Client01 kernel: [    3.357434] evm: security.SMACK64MMAP
Mar  9 10:40:56 Client01 kernel: [    3.361129] evm: security.apparmor
Mar  9 10:40:56 Client01 kernel: [    3.364514] evm: security.ima
Mar  9 10:40:56 Client01 kernel: [    3.367562] evm: security.capability
Mar  9 10:40:56 Client01 kernel: [    3.371419] evm: HMAC attrs: 0x1
Mar  9 10:40:56 Client01 kernel: [    3.375553]   Magic number: 12:847:678
Mar  9 10:40:56 Client01 kernel: [    3.379753] acpi LNXCPU:23: hash matches
Mar  9 10:40:56 Client01 kernel: [    3.383964] rtc_cmos 00:00: setting system clock to 2020-03-09T10:40:18 UTC (1583750418)
Mar  9 10:40:56 Client01 kernel: [    3.391481] Unstable clock detected, switching default tracing clock to "global"
Mar  9 10:40:56 Client01 kernel: [    3.391481] If you want to keep using the local clock, then add:
Mar  9 10:40:56 Client01 kernel: [    3.391481]   "trace_clock=local"
Mar  9 10:40:56 Client01 kernel: [    3.391481] on the kernel command line
Mar  9 10:40:56 Client01 kernel: [    3.411821] Freeing unused decrypted memory: 2040K
Mar  9 10:40:56 Client01 kernel: [    3.416476] Freeing unused kernel image memory: 2360K
Mar  9 10:40:56 Client01 kernel: [    3.427367] Write protecting the kernel read-only data: 18432k
Mar  9 10:40:56 Client01 kernel: [    3.433490] Freeing unused kernel image memory: 2008K
Mar  9 10:40:56 Client01 kernel: [    3.438388] Freeing unused kernel image memory: 152K
Mar  9 10:40:56 Client01 kernel: [    3.453950] x86/mm: Checked W+X mappings: passed, no W+X pages found.
Mar  9 10:40:56 Client01 kernel: [    3.459185] x86/mm: Checking user space page tables
Mar  9 10:40:56 Client01 kernel: [    3.473446] x86/mm: Checked W+X mappings: passed, no W+X pages found.
Mar  9 10:40:56 Client01 kernel: [    3.478345] Run /init as init process
Mar  9 10:40:56 Client01 kernel: [    3.591171] hv_utils: Registering HyperV Utility Driver
Mar  9 10:40:56 Client01 kernel: [    3.596336] hv_vmbus: registering driver hv_utils
Mar  9 10:40:56 Client01 kernel: [    3.615123] hv_vmbus: registering driver hyperv_keyboard
Mar  9 10:40:56 Client01 kernel: [    3.620684] hv_vmbus: registering driver hv_netvsc
Mar  9 10:40:56 Client01 kernel: [    3.628582] input: AT Translated Set 2 keyboard as /devices/LNXSYSTM:00/LNXSYBUS:00/PNP0A03:00/device:07/VMBUS:01/d34b2567-b9b6-42b9-8778-0a4ec0b955bf/serio2/input/input3
Mar  9 10:40:56 Client01 kernel: [    3.647972] hidraw: raw HID events driver (C) Jiri Kosina
Mar  9 10:40:56 Client01 kernel: [    3.653606] hv_utils: Heartbeat IC version 3.0
Mar  9 10:40:56 Client01 kernel: [    3.670358] hv_utils: Shutdown IC version 3.0
Mar  9 10:40:56 Client01 kernel: [    3.682812] hv_utils: TimeSync IC version 4.0
Mar  9 10:40:56 Client01 kernel: [    3.687932] hv_utils: VSS IC version 5.0
Mar  9 10:40:56 Client01 kernel: [    3.698787] hv_vmbus: registering driver hyperv_fb
Mar  9 10:40:56 Client01 kernel: [    3.705961] hv_vmbus: registering driver hid_hyperv
Mar  9 10:40:56 Client01 kernel: [    3.712373] hyperv_fb: Screen resolution: 1152x864, Color depth: 32
Mar  9 10:40:56 Client01 kernel: [    3.724547] Console: switching to colour frame buffer device 144x54
Mar  9 10:40:56 Client01 kernel: [    3.725975] cryptd: max_cpu_qlen set to 1000
Mar  9 10:40:56 Client01 kernel: [    3.750023] input: Microsoft Vmbus HID-compliant Mouse as /devices/0006:045E:0621.0001/input/input4
Mar  9 10:40:56 Client01 kernel: [    3.773343] hid 0006:045E:0621.0001: input: <UNKNOWN> HID v0.01 Mouse [Microsoft Vmbus HID-compliant Mouse] on 
Mar  9 10:40:56 Client01 kernel: [    3.793013] AVX2 version of gcm_enc/dec engaged.
Mar  9 10:40:56 Client01 kernel: [    3.799038] AES CTR mode by8 optimization enabled
Mar  9 10:40:56 Client01 kernel: [    6.543340] raid6: avx512x4 gen() 27690 MB/s
Mar  9 10:40:56 Client01 kernel: [    6.591338] raid6: avx512x4 xor() 18678 MB/s
Mar  9 10:40:56 Client01 kernel: [    6.639340] raid6: avx512x2 gen() 26840 MB/s
Mar  9 10:40:56 Client01 kernel: [    6.687348] raid6: avx512x2 xor() 16338 MB/s
Mar  9 10:40:56 Client01 kernel: [    6.735339] raid6: avx512x1 gen() 24372 MB/s
Mar  9 10:40:56 Client01 kernel: [    6.783340] raid6: avx512x1 xor() 13874 MB/s
Mar  9 10:40:56 Client01 kernel: [    6.831340] raid6: avx2x4   gen() 23486 MB/s
Mar  9 10:40:56 Client01 kernel: [    6.879341] raid6: avx2x4   xor() 14935 MB/s
Mar  9 10:40:56 Client01 kernel: [    6.927362] raid6: avx2x2   gen() 20673 MB/s
Mar  9 10:40:56 Client01 kernel: [    6.975341] raid6: avx2x2   xor() 12296 MB/s
Mar  9 10:40:56 Client01 kernel: [    7.023343] raid6: avx2x1   gen() 15994 MB/s
Mar  9 10:40:56 Client01 kernel: [    7.071343] raid6: avx2x1   xor() 12061 MB/s
Mar  9 10:40:56 Client01 kernel: [    7.119341] raid6: sse2x4   gen() 11985 MB/s
Mar  9 10:40:56 Client01 kernel: [    7.167343] raid6: sse2x4   xor()  7799 MB/s
Mar  9 10:40:56 Client01 kernel: [    7.219346] raid6: sse2x2   gen() 10731 MB/s
Mar  9 10:40:56 Client01 kernel: [    7.267341] raid6: sse2x2   xor()  7493 MB/s
Mar  9 10:40:56 Client01 kernel: [    7.315341] raid6: sse2x1   gen()  8977 MB/s
Mar  9 10:40:56 Client01 kernel: [    7.363332] raid6: sse2x1   xor()  6354 MB/s
Mar  9 10:40:56 Client01 kernel: [    7.367074] raid6: using algorithm avx512x4 gen() 27690 MB/s
Mar  9 10:40:56 Client01 kernel: [    7.371825] raid6: .... xor() 18678 MB/s, rmw enabled
Mar  9 10:40:56 Client01 kernel: [    7.375763] raid6: using avx512x2 recovery algorithm
Mar  9 10:40:56 Client01 kernel: [    7.381033] xor: automatically using best checksumming function   avx       
Mar  9 10:40:56 Client01 kernel: [    7.388972] async_tx: api initialized (async)
Mar  9 10:40:56 Client01 kernel: [    7.451001] Btrfs loaded, crc32c=crc32c-intel
Mar  9 10:40:56 Client01 kernel: [    7.545648] EXT4-fs (sda1): mounted filesystem with ordered data mode. Opts: (null)
Mar  9 10:40:56 Client01 kernel: [    9.835485] EXT4-fs (sda1): re-mounted. Opts: discard
Mar  9 10:40:56 Client01 kernel: [    9.844981] Loading iSCSI transport class v2.0-870.
Mar  9 10:40:56 Client01 kernel: [    9.942435] iscsi: registered transport (tcp)
Mar  9 10:40:56 Client01 kernel: [   10.089764] iscsi: registered transport (iser)
Mar  9 10:40:56 Client01 kernel: [   10.461323] hv_vmbus: registering driver hv_balloon
Mar  9 10:40:56 Client01 kernel: [   10.465834] hv_balloon: Using Dynamic Memory protocol version 2.0
Mar  9 10:40:56 Client01 kernel: [   10.773113] KVM: vmx: using Hyper-V Enlightened VMCS
Mar  9 10:40:56 Client01 kernel: [   10.883502] hv_utils: KVP IC version 4.0
Mar  9 10:40:56 Client01 kernel: [   12.618279] audit: type=1400 audit(1583750428.271:2): apparmor="STATUS" operation="profile_load" profile="unconfined" name="/sbin/dhclient" pid=779 comm="apparmor_parser"
Mar  9 10:40:56 Client01 kernel: [   12.619368] audit: type=1400 audit(1583750428.271:3): apparmor="STATUS" operation="profile_load" profile="unconfined" name="/usr/lib/NetworkManager/nm-dhcp-client.action" pid=779 comm="apparmor_parser"
Mar  9 10:40:56 Client01 kernel: [   12.619927] audit: type=1400 audit(1583750428.271:4): apparmor="STATUS" operation="profile_load" profile="unconfined" name="/usr/lib/NetworkManager/nm-dhcp-helper" pid=779 comm="apparmor_parser"
Mar  9 10:40:56 Client01 kernel: [   12.620539] audit: type=1400 audit(1583750428.271:5): apparmor="STATUS" operation="profile_load" profile="unconfined" name="/usr/lib/connman/scripts/dhclient-script" pid=779 comm="apparmor_parser"
Mar  9 10:40:56 Client01 kernel: [   12.638863] audit: type=1400 audit(1583750428.287:6): apparmor="STATUS" operation="profile_load" profile="unconfined" name="/usr/bin/lxc-start" pid=794 comm="apparmor_parser"
Mar  9 10:40:56 Client01 kernel: [   12.754939] audit: type=1400 audit(1583750428.403:7): apparmor="STATUS" operation="profile_load" profile="unconfined" name="/usr/bin/man" pid=796 comm="apparmor_parser"
Mar  9 10:40:56 Client01 kernel: [   12.755651] audit: type=1400 audit(1583750428.407:8): apparmor="STATUS" operation="profile_load" profile="unconfined" name="man_filter" pid=796 comm="apparmor_parser"
Mar  9 10:40:56 Client01 kernel: [   12.756253] audit: type=1400 audit(1583750428.407:9): apparmor="STATUS" operation="profile_load" profile="unconfined" name="man_groff" pid=796 comm="apparmor_parser"
Mar  9 10:40:56 Client01 kernel: [   12.758214] audit: type=1400 audit(1583750428.407:10): apparmor="STATUS" operation="profile_load" profile="unconfined" name="lxc-container-default" pid=782 comm="apparmor_parser"
Mar  9 10:40:56 Client01 kernel: [   12.758837] audit: type=1400 audit(1583750428.407:11): apparmor="STATUS" operation="profile_load" profile="unconfined" name="lxc-container-default-cgns" pid=782 comm="apparmor_parser"
Mar  9 10:40:56 Client01 kernel: [   16.638738] UDF-fs: INFO Mounting volume 'UDF Volume', timestamp 2020/03/10 00:00 (1000)
Mar  9 10:40:56 Client01 kernel: [   16.766142] IPv6: ADDRCONF(NETDEV_CHANGE): eth0: link becomes ready
Mar  9 10:40:56 Client01 kernel: [   24.690595] EXT4-fs (sda1): resizing filesystem from 548091 to 7836155 blocks
Mar  9 10:40:56 Client01 kernel: [   26.801216] EXT4-fs (sda1): resized filesystem to 7836155
Mar  9 10:40:56 Client01 kernel: [   27.352406]  sdb: sdb1
Mar  9 10:40:56 Client01 kernel: [   38.814941] EXT4-fs (sdb1): mounted filesystem with ordered data mode. Opts: (null)
Mar  9 10:40:56 Client01 kernel: [   40.615262] hv_utils: VSS: userspace daemon ver. 129 connected
Mar  9 10:40:56 Client01 kernel: [   40.674415] new mount options do not match the existing superblock, will be ignored
Mar  9 10:40:59 Client01 kernel: [   43.664350] bpfilter: Loaded bpfilter_umh pid 1476
Mar  9 10:41:14 Client01 kernel: [   58.561931] hv_balloon: Max. dynamic memory size: 8192 MB
Mar  9 10:59:42 Client01 kernel: [ 1166.758545] SGI XFS with ACLs, security attributes, realtime, no debug enabled
Mar  9 12:51:50 Client01 kernel: [ 7895.092944] hv_utils: Shutdown request received - graceful shutdown initiated
Mar  9 20:19:06 Client01 kernel: [    0.000000] Linux version 5.0.0-1032-azure (buildd@lcy01-amd64-016) (gcc version 7.4.0 (Ubuntu 7.4.0-1ubuntu1~18.04.1)) #34-Ubuntu SMP Mon Feb 10 19:37:25 UTC 2020 (Ubuntu 5.0.0-1032.34-azure 5.0.21)
Mar  9 20:19:06 Client01 kernel: [    0.000000] Command line: BOOT_IMAGE=/boot/vmlinuz-5.0.0-1032-azure root=UUID=5604f71e-1e5f-443c-a99e-b82bb5c201df ro console=tty1 console=ttyS0 earlyprintk=ttyS0 rootdelay=300
Mar  9 20:19:06 Client01 kernel: [    0.000000] KERNEL supported cpus:
Mar  9 20:19:06 Client01 kernel: [    0.000000]   Intel GenuineIntel
Mar  9 20:19:06 Client01 kernel: [    0.000000]   AMD AuthenticAMD
Mar  9 20:19:06 Client01 kernel: [    0.000000]   Hygon HygonGenuine
Mar  9 20:19:06 Client01 kernel: [    0.000000]   Centaur CentaurHauls
Mar  9 20:19:06 Client01 kernel: [    0.000000] x86/fpu: Supporting XSAVE feature 0x001: 'x87 floating point registers'
Mar  9 20:19:06 Client01 kernel: [    0.000000] x86/fpu: Supporting XSAVE feature 0x002: 'SSE registers'
Mar  9 20:19:06 Client01 kernel: [    0.000000] x86/fpu: Supporting XSAVE feature 0x004: 'AVX registers'
Mar  9 20:19:06 Client01 kernel: [    0.000000] x86/fpu: xstate_offset[2]:  576, xstate_sizes[2]:  256
Mar  9 20:19:06 Client01 kernel: [    0.000000] x86/fpu: Enabled xstate features 0x7, context size is 832 bytes, using 'standard' format.
Mar  9 20:19:06 Client01 kernel: [    0.000000] BIOS-provided physical RAM map:
Mar  9 20:19:06 Client01 kernel: [    0.000000] BIOS-e820: [mem 0x0000000000000000-0x000000000009fbff] usable
Mar  9 20:19:06 Client01 kernel: [    0.000000] BIOS-e820: [mem 0x000000000009fc00-0x000000000009ffff] reserved
Mar  9 20:19:06 Client01 kernel: [    0.000000] BIOS-e820: [mem 0x00000000000e0000-0x00000000000fffff] reserved
Mar  9 20:19:06 Client01 kernel: [    0.000000] BIOS-e820: [mem 0x0000000000100000-0x000000003ffeffff] usable
Mar  9 20:19:06 Client01 kernel: [    0.000000] BIOS-e820: [mem 0x000000003fff0000-0x000000003fffefff] ACPI data
Mar  9 20:19:06 Client01 kernel: [    0.000000] BIOS-e820: [mem 0x000000003ffff000-0x000000003fffffff] ACPI NVS
Mar  9 20:19:06 Client01 kernel: [    0.000000] BIOS-e820: [mem 0x0000000100000000-0x00000002bfffffff] usable
Mar  9 20:19:06 Client01 kernel: [    0.000000] printk: bootconsole [earlyser0] enabled
Mar  9 20:19:06 Client01 kernel: [    0.000000] NX (Execute Disable) protection: active
Mar  9 20:19:06 Client01 kernel: [    0.000000] SMBIOS 2.3 present.
Mar  9 20:19:06 Client01 kernel: [    0.000000] DMI: Microsoft Corporation Virtual Machine/Virtual Machine, BIOS 090007  06/02/2017
Mar  9 20:19:06 Client01 kernel: [    0.000000] Hypervisor detected: Microsoft Hyper-V
Mar  9 20:19:06 Client01 kernel: [    0.000000] Hyper-V: features 0x2e7f, hints 0x44c2c
Mar  9 20:19:06 Client01 kernel: [    0.000000] Hyper-V Host Build:14393-10.0-0-0.305
Mar  9 20:19:06 Client01 kernel: [    0.000000] Hyper-V: LAPIC Timer Frequency: 0xc3500
Mar  9 20:19:06 Client01 kernel: [    0.000000] tsc: Marking TSC unstable due to running on Hyper-V
Mar  9 20:19:06 Client01 kernel: [    0.000000] Hyper-V: Using hypercall for remote TLB flush
Mar  9 20:19:06 Client01 kernel: [    0.000000] tsc: Detected 2294.684 MHz processor
Mar  9 20:19:06 Client01 kernel: [    0.001479] e820: update [mem 0x00000000-0x00000fff] usable ==> reserved
Mar  9 20:19:06 Client01 kernel: [    0.001482] e820: remove [mem 0x000a0000-0x000fffff] usable
Mar  9 20:19:06 Client01 kernel: [    0.001486] last_pfn = 0x2c0000 max_arch_pfn = 0x400000000
Mar  9 20:19:06 Client01 kernel: [    0.004665] MTRR default type: uncachable
Mar  9 20:19:06 Client01 kernel: [    0.004666] MTRR fixed ranges enabled:
Mar  9 20:19:06 Client01 kernel: [    0.004667]   00000-9FFFF write-back
Mar  9 20:19:06 Client01 kernel: [    0.004668]   A0000-DFFFF uncachable
Mar  9 20:19:06 Client01 kernel: [    0.004668]   E0000-FFFFF write-back
Mar  9 20:19:06 Client01 kernel: [    0.004669] MTRR variable ranges enabled:
Mar  9 20:19:06 Client01 kernel: [    0.004671]   0 base 00000000000 mask FFFC0000000 write-back
Mar  9 20:19:06 Client01 kernel: [    0.004671]   1 base 00100000000 mask FF000000000 write-back
Mar  9 20:19:06 Client01 kernel: [    0.004672]   2 disabled
Mar  9 20:19:06 Client01 kernel: [    0.004672]   3 disabled
Mar  9 20:19:06 Client01 kernel: [    0.004673]   4 disabled
Mar  9 20:19:06 Client01 kernel: [    0.004673]   5 disabled
Mar  9 20:19:06 Client01 kernel: [    0.004674]   6 disabled
Mar  9 20:19:06 Client01 kernel: [    0.004674]   7 disabled
Mar  9 20:19:06 Client01 kernel: [    0.004686] x86/PAT: Configuration [0-7]: WB  WC  UC- UC  WB  WP  UC- WT  
Mar  9 20:19:06 Client01 kernel: [    0.008589] e820: update [mem 0x40000000-0xffffffff] usable ==> reserved
Mar  9 20:19:06 Client01 kernel: [    0.010282] last_pfn = 0x3fff0 max_arch_pfn = 0x400000000
Mar  9 20:19:06 Client01 kernel: [    0.021615] found SMP MP-table at [mem 0x000ff780-0x000ff78f]
Mar  9 20:19:06 Client01 kernel: [    0.025100] check: Scanning 1 areas for low memory corruption
Mar  9 20:19:06 Client01 kernel: [    0.028783] Using GB pages for direct mapping
Mar  9 20:19:06 Client01 kernel: [    0.031533] BRK [0x22d002000, 0x22d002fff] PGTABLE
Mar  9 20:19:06 Client01 kernel: [    0.031535] BRK [0x22d003000, 0x22d003fff] PGTABLE
Mar  9 20:19:06 Client01 kernel: [    0.031536] BRK [0x22d004000, 0x22d004fff] PGTABLE
Mar  9 20:19:06 Client01 kernel: [    0.031570] BRK [0x22d005000, 0x22d005fff] PGTABLE
Mar  9 20:19:06 Client01 kernel: [    0.031649] BRK [0x22d006000, 0x22d006fff] PGTABLE
Mar  9 20:19:06 Client01 kernel: [    0.031687] RAMDISK: [mem 0x3598d000-0x36cbdfff]
Mar  9 20:19:06 Client01 kernel: [    0.034492] ACPI: Early table checksum verification disabled
Mar  9 20:19:06 Client01 kernel: [    0.037672] ACPI: RSDP 0x00000000000F5BF0 000014 (v00 ACPIAM)
Mar  9 20:19:06 Client01 kernel: [    0.040833] ACPI: RSDT 0x000000003FFF0000 000040 (v01 VRTUAL MICROSFT 06001702 MSFT 00000097)
Mar  9 20:19:06 Client01 kernel: [    0.045463] ACPI: FACP 0x000000003FFF0200 000081 (v02 VRTUAL MICROSFT 06001702 MSFT 00000097)
Mar  9 20:19:06 Client01 kernel: [    0.050413] ACPI: DSDT 0x000000003FFF1D24 003CBE (v01 MSFTVM MSFTVM02 00000002 INTL 02002026)
Mar  9 20:19:06 Client01 kernel: [    0.055235] ACPI: FACS 0x000000003FFFF000 000040
Mar  9 20:19:06 Client01 kernel: [    0.057836] ACPI: WAET 0x000000003FFF1A80 000028 (v01 VRTUAL MICROSFT 06001702 MSFT 00000097)
Mar  9 20:19:06 Client01 kernel: [    0.062884] ACPI: SLIC 0x000000003FFF1AC0 000176 (v01 VRTUAL MICROSFT 06001702 MSFT 00000097)
Mar  9 20:19:06 Client01 kernel: [    0.067695] ACPI: OEM0 0x000000003FFF1CC0 000064 (v01 VRTUAL MICROSFT 06001702 MSFT 00000097)
Mar  9 20:19:06 Client01 kernel: [    0.072183] ACPI: SRAT 0x000000003FFF0800 000140 (v02 VRTUAL MICROSFT 00000001 MSFT 00000001)
Mar  9 20:19:06 Client01 kernel: [    0.076641] ACPI: APIC 0x000000003FFF0300 000452 (v01 VRTUAL MICROSFT 06001702 MSFT 00000097)
Mar  9 20:19:06 Client01 kernel: [    0.081306] ACPI: OEMB 0x000000003FFFF040 000064 (v01 VRTUAL MICROSFT 06001702 MSFT 00000097)
Mar  9 20:19:06 Client01 kernel: [    0.085930] ACPI: Local APIC address 0xfee00000
Mar  9 20:19:06 Client01 kernel: [    0.085977] SRAT: PXM 0 -> APIC 0x00 -> Node 0
Mar  9 20:19:06 Client01 kernel: [    0.088328] SRAT: PXM 0 -> APIC 0x01 -> Node 0
Mar  9 20:19:06 Client01 kernel: [    0.090766] ACPI: SRAT: Node 0 PXM 0 [mem 0x00000000-0x3fffffff] hotplug
Mar  9 20:19:06 Client01 kernel: [    0.094635] ACPI: SRAT: Node 0 PXM 0 [mem 0x100000000-0x2bfffffff] hotplug
Mar  9 20:19:06 Client01 kernel: [    0.098347] ACPI: SRAT: Node 0 PXM 0 [mem 0x2c0200000-0xfdfffffff] hotplug
Mar  9 20:19:06 Client01 kernel: [    0.102179] ACPI: SRAT: Node 0 PXM 0 [mem 0x1000000000-0xffffffffff] hotplug
Mar  9 20:19:06 Client01 kernel: [    0.106451] ACPI: SRAT: Node 0 PXM 0 [mem 0x10000200000-0x1ffffffffff] hotplug
Mar  9 20:19:06 Client01 kernel: [    0.110334] ACPI: SRAT: Node 0 PXM 0 [mem 0x20000200000-0x3ffffffffff] hotplug
Mar  9 20:19:06 Client01 kernel: [    0.114175] NUMA: Node 0 [mem 0x00000000-0x3fffffff] + [mem 0x100000000-0x2bfffffff] -> [mem 0x00000000-0x2bfffffff]
Mar  9 20:19:06 Client01 kernel: [    0.121152] NODE_DATA(0) allocated [mem 0x2bffd5000-0x2bfffffff]
Mar  9 20:19:06 Client01 kernel: [    0.126471] Zone ranges:
Mar  9 20:19:06 Client01 kernel: [    0.127854]   DMA      [mem 0x0000000000001000-0x0000000000ffffff]
Mar  9 20:19:06 Client01 kernel: [    0.131330]   DMA32    [mem 0x0000000001000000-0x00000000ffffffff]
Mar  9 20:19:06 Client01 kernel: [    0.135156]   Normal   [mem 0x0000000100000000-0x00000002bfffffff]
Mar  9 20:19:06 Client01 kernel: [    0.138642]   Device   empty
Mar  9 20:19:06 Client01 kernel: [    0.140207] Movable zone start for each node
Mar  9 20:19:06 Client01 kernel: [    0.142627] Early memory node ranges
Mar  9 20:19:06 Client01 kernel: [    0.144582]   node   0: [mem 0x0000000000001000-0x000000000009efff]
Mar  9 20:19:06 Client01 kernel: [    0.148094]   node   0: [mem 0x0000000000100000-0x000000003ffeffff]
Mar  9 20:19:06 Client01 kernel: [    0.151619]   node   0: [mem 0x0000000100000000-0x00000002bfffffff]
Mar  9 20:19:06 Client01 kernel: [    0.155247] Zeroed struct page in unavailable ranges: 114 pages
Mar  9 20:19:06 Client01 kernel: [    0.155249] Initmem setup node 0 [mem 0x0000000000001000-0x00000002bfffffff]
Mar  9 20:19:06 Client01 kernel: [    0.162690] On node 0 totalpages: 2097038
Mar  9 20:19:06 Client01 kernel: [    0.162691]   DMA zone: 64 pages used for memmap
Mar  9 20:19:06 Client01 kernel: [    0.162692]   DMA zone: 21 pages reserved
Mar  9 20:19:06 Client01 kernel: [    0.162693]   DMA zone: 3998 pages, LIFO batch:0
Mar  9 20:19:06 Client01 kernel: [    0.162847]   DMA32 zone: 4032 pages used for memmap
Mar  9 20:19:06 Client01 kernel: [    0.162848]   DMA32 zone: 258032 pages, LIFO batch:63
Mar  9 20:19:06 Client01 kernel: [    0.173088]   Normal zone: 28672 pages used for memmap
Mar  9 20:19:06 Client01 kernel: [    0.173089]   Normal zone: 1835008 pages, LIFO batch:63
Mar  9 20:19:06 Client01 kernel: [    0.225571] ACPI: PM-Timer IO Port: 0x408
Mar  9 20:19:06 Client01 kernel: [    0.227887] ACPI: Local APIC address 0xfee00000
Mar  9 20:19:06 Client01 kernel: [    0.227898] ACPI: LAPIC_NMI (acpi_id[0xff] dfl dfl lint[0x1])
Mar  9 20:19:06 Client01 kernel: [    0.231892] IOAPIC[0]: apic_id 0, version 17, address 0xfec00000, GSI 0-23
Mar  9 20:19:06 Client01 kernel: [    0.235522] ACPI: INT_SRC_OVR (bus 0 bus_irq 0 global_irq 2 dfl dfl)
Mar  9 20:19:06 Client01 kernel: [    0.239428] ACPI: INT_SRC_OVR (bus 0 bus_irq 9 global_irq 9 high level)
Mar  9 20:19:06 Client01 kernel: [    0.243045] ACPI: IRQ0 used by override.
Mar  9 20:19:06 Client01 kernel: [    0.243046] ACPI: IRQ9 used by override.
Mar  9 20:19:06 Client01 kernel: [    0.243049] Using ACPI (MADT) for SMP configuration information
Mar  9 20:19:06 Client01 kernel: [    0.247437] smpboot: Allowing 128 CPUs, 126 hotplug CPUs
Mar  9 20:19:06 Client01 kernel: [    0.253196] PM: Registered nosave memory: [mem 0x00000000-0x00000fff]
Mar  9 20:19:06 Client01 kernel: [    0.258034] PM: Registered nosave memory: [mem 0x0009f000-0x0009ffff]
Mar  9 20:19:06 Client01 kernel: [    0.261901] PM: Registered nosave memory: [mem 0x000a0000-0x000dffff]
Mar  9 20:19:06 Client01 kernel: [    0.265092] PM: Registered nosave memory: [mem 0x000e0000-0x000fffff]
Mar  9 20:19:06 Client01 kernel: [    0.268634] PM: Registered nosave memory: [mem 0x3fff0000-0x3fffefff]
Mar  9 20:19:06 Client01 kernel: [    0.272249] PM: Registered nosave memory: [mem 0x3ffff000-0x3fffffff]
Mar  9 20:19:06 Client01 kernel: [    0.275783] PM: Registered nosave memory: [mem 0x40000000-0xffffffff]
Mar  9 20:19:06 Client01 kernel: [    0.279101] [mem 0x40000000-0xffffffff] available for PCI devices
Mar  9 20:19:06 Client01 kernel: [    0.282380] Booting paravirtualized kernel on bare hardware
Mar  9 20:19:06 Client01 kernel: [    0.285199] clocksource: refined-jiffies: mask: 0xffffffff max_cycles: 0xffffffff, max_idle_ns: 7645519600211568 ns
Mar  9 20:19:06 Client01 kernel: [    0.290724] random: get_random_bytes called from start_kernel+0x93/0x503 with crng_init=0
Mar  9 20:19:06 Client01 kernel: [    0.294989] setup_percpu: NR_CPUS:8192 nr_cpumask_bits:128 nr_cpu_ids:128 nr_node_ids:1
Mar  9 20:19:06 Client01 kernel: [    0.308899] percpu: Embedded 45 pages/cpu s147456 r8192 d28672 u262144
Mar  9 20:19:06 Client01 kernel: [    0.312982] pcpu-alloc: s147456 r8192 d28672 u262144 alloc=1*2097152
Mar  9 20:19:06 Client01 kernel: [    0.312983] pcpu-alloc: [0] 000 001 002 003 004 005 006 007 
Mar  9 20:19:06 Client01 kernel: [    0.312985] pcpu-alloc: [0] 008 009 010 011 012 013 014 015 
Mar  9 20:19:06 Client01 kernel: [    0.312987] pcpu-alloc: [0] 016 017 018 019 020 021 022 023 
Mar  9 20:19:06 Client01 kernel: [    0.312989] pcpu-alloc: [0] 024 025 026 027 028 029 030 031 
Mar  9 20:19:06 Client01 kernel: [    0.312990] pcpu-alloc: [0] 032 033 034 035 036 037 038 039 
Mar  9 20:19:06 Client01 kernel: [    0.312992] pcpu-alloc: [0] 040 041 042 043 044 045 046 047 
Mar  9 20:19:06 Client01 kernel: [    0.312994] pcpu-alloc: [0] 048 049 050 051 052 053 054 055 
Mar  9 20:19:06 Client01 kernel: [    0.312995] pcpu-alloc: [0] 056 057 058 059 060 061 062 063 
Mar  9 20:19:06 Client01 kernel: [    0.312997] pcpu-alloc: [0] 064 065 066 067 068 069 070 071 
Mar  9 20:19:06 Client01 kernel: [    0.312998] pcpu-alloc: [0] 072 073 074 075 076 077 078 079 
Mar  9 20:19:06 Client01 kernel: [    0.313000] pcpu-alloc: [0] 080 081 082 083 084 085 086 087 
Mar  9 20:19:06 Client01 kernel: [    0.313001] pcpu-alloc: [0] 088 089 090 091 092 093 094 095 
Mar  9 20:19:06 Client01 kernel: [    0.313003] pcpu-alloc: [0] 096 097 098 099 100 101 102 103 
Mar  9 20:19:06 Client01 kernel: [    0.313004] pcpu-alloc: [0] 104 105 106 107 108 109 110 111 
Mar  9 20:19:06 Client01 kernel: [    0.313006] pcpu-alloc: [0] 112 113 114 115 116 117 118 119 
Mar  9 20:19:06 Client01 kernel: [    0.313008] pcpu-alloc: [0] 120 121 122 123 124 125 126 127 
Mar  9 20:19:06 Client01 kernel: [    0.313035] Hyper-V: PV spinlocks enabled
Mar  9 20:19:06 Client01 kernel: [    0.315480] PV qspinlock hash table entries: 512 (order: 1, 8192 bytes)
Mar  9 20:19:06 Client01 kernel: [    0.319138] Built 1 zonelists, mobility grouping on.  Total pages: 2064249
Mar  9 20:19:06 Client01 kernel: [    0.322703] Policy zone: Normal
Mar  9 20:19:06 Client01 kernel: [    0.324314] Kernel command line: BOOT_IMAGE=/boot/vmlinuz-5.0.0-1032-azure root=UUID=5604f71e-1e5f-443c-a99e-b82bb5c201df ro console=tty1 console=ttyS0 earlyprintk=ttyS0 rootdelay=300
Mar  9 20:19:06 Client01 kernel: [    0.333418] printk: log_buf_len individual max cpu contribution: 4096 bytes
Mar  9 20:19:06 Client01 kernel: [    0.340321] printk: log_buf_len total cpu_extra contributions: 520192 bytes
Mar  9 20:19:06 Client01 kernel: [    0.344097] printk: log_buf_len min size: 262144 bytes
Mar  9 20:19:06 Client01 kernel: [    0.347552] printk: log_buf_len: 1048576 bytes
Mar  9 20:19:06 Client01 kernel: [    0.350129] printk: early log buf free: 251912(96%)
Mar  9 20:19:06 Client01 kernel: [    0.367839] Calgary: detecting Calgary via BIOS EBDA area
Mar  9 20:19:06 Client01 kernel: [    0.367842] Calgary: Unable to locate Rio Grande table in EBDA - bailing!
Mar  9 20:19:06 Client01 kernel: [    0.394180] Memory: 8118152K/8388152K available (12292K kernel code, 2233K rwdata, 3944K rodata, 2360K init, 5524K bss, 270000K reserved, 0K cma-reserved)
Mar  9 20:19:06 Client01 kernel: [    0.403251] SLUB: HWalign=64, Order=0-3, MinObjects=0, CPUs=128, Nodes=1
Mar  9 20:19:06 Client01 kernel: [    0.407132] Kernel/User page tables isolation: enabled
Mar  9 20:19:06 Client01 kernel: [    0.410090] ftrace: allocating 38709 entries in 152 pages
Mar  9 20:19:06 Client01 kernel: [    0.431179] rcu: Hierarchical RCU implementation.
Mar  9 20:19:06 Client01 kernel: [    0.434021] rcu: 	RCU restricting CPUs from NR_CPUS=8192 to nr_cpu_ids=128.
Mar  9 20:19:06 Client01 kernel: [    0.438337] 	Tasks RCU enabled.
Mar  9 20:19:06 Client01 kernel: [    0.440585] rcu: RCU calculated value of scheduler-enlistment delay is 25 jiffies.
Mar  9 20:19:06 Client01 kernel: [    0.446403] rcu: Adjusting geometry for rcu_fanout_leaf=16, nr_cpu_ids=128
Mar  9 20:19:06 Client01 kernel: [    0.453421] NR_IRQS: 524544, nr_irqs: 1448, preallocated irqs: 16
Mar  9 20:19:06 Client01 kernel: [    0.463202] Console: colour VGA+ 80x25
Mar  9 20:19:06 Client01 kernel: [    0.970036] printk: console [tty1] enabled
Mar  9 20:19:06 Client01 kernel: [    0.972904] printk: console [ttyS0] enabled
Mar  9 20:19:06 Client01 kernel: [    0.978017] printk: bootconsole [earlyser0] disabled
Mar  9 20:19:06 Client01 kernel: [    0.983977] ACPI: Core revision 20181213
Mar  9 20:19:06 Client01 kernel: [    0.986758] APIC: Switch to symmetric I/O mode setup
Mar  9 20:19:06 Client01 kernel: [    0.989951] Switched APIC routing to physical flat.
Mar  9 20:19:06 Client01 kernel: [    0.993103] Hyper-V: Using IPI hypercalls
Mar  9 20:19:06 Client01 kernel: [    0.995871] Hyper-V: Using enlightened APIC (xapic mode)
Mar  9 20:19:06 Client01 kernel: [    0.995879] clocksource: hyperv_clocksource_tsc_page: mask: 0xffffffffffffffff max_cycles: 0x24e6a1710, max_idle_ns: 440795202120 ns
Mar  9 20:19:06 Client01 kernel: [    1.027781] Calibrating delay loop (skipped), value calculated using timer frequency.. 4589.36 BogoMIPS (lpj=9178736)
Mar  9 20:19:06 Client01 kernel: [    1.031766] pid_max: default: 131072 minimum: 1024
Mar  9 20:19:06 Client01 kernel: [    1.031766] LSM: Security Framework initializing
Mar  9 20:19:06 Client01 kernel: [    1.031766] Yama: becoming mindful.
Mar  9 20:19:06 Client01 kernel: [    1.031766] AppArmor: AppArmor initialized
Mar  9 20:19:06 Client01 kernel: [    1.031766] Dentry cache hash table entries: 1048576 (order: 11, 8388608 bytes)
Mar  9 20:19:06 Client01 kernel: [    1.031766] Inode-cache hash table entries: 524288 (order: 10, 4194304 bytes)
Mar  9 20:19:06 Client01 kernel: [    1.031766] Mount-cache hash table entries: 16384 (order: 5, 131072 bytes)
Mar  9 20:19:06 Client01 kernel: [    1.031766] Mountpoint-cache hash table entries: 16384 (order: 5, 131072 bytes)
Mar  9 20:19:06 Client01 kernel: [    1.031766] Last level iTLB entries: 4KB 64, 2MB 8, 4MB 8
Mar  9 20:19:06 Client01 kernel: [    1.031766] Last level dTLB entries: 4KB 64, 2MB 0, 4MB 0, 1GB 4
Mar  9 20:19:06 Client01 kernel: [    1.031766] Spectre V1 : Mitigation: usercopy/swapgs barriers and __user pointer sanitization
Mar  9 20:19:06 Client01 kernel: [    1.031766] Spectre V2 : Mitigation: Full generic retpoline
Mar  9 20:19:06 Client01 kernel: [    1.031766] Spectre V2 : Spectre v2 / SpectreRSB mitigation: Filling RSB on context switch
Mar  9 20:19:06 Client01 kernel: [    1.031766] Speculative Store Bypass: Vulnerable
Mar  9 20:19:06 Client01 kernel: [    1.031766] TAA: Mitigation: Clear CPU buffers
Mar  9 20:19:06 Client01 kernel: [    1.031766] MDS: Mitigation: Clear CPU buffers
Mar  9 20:19:06 Client01 kernel: [    1.031766] Freeing SMP alternatives memory: 36K
Mar  9 20:19:06 Client01 kernel: [    1.031766] smpboot: CPU0: Intel(R) Xeon(R) CPU E5-2673 v4 @ 2.30GHz (family: 0x6, model: 0x4f, stepping: 0x1)
Mar  9 20:19:06 Client01 kernel: [    1.031978] Performance Events: unsupported p6 CPU model 79 no PMU driver, software events only.
Mar  9 20:19:06 Client01 kernel: [    1.039798] rcu: Hierarchical SRCU implementation.
Mar  9 20:19:06 Client01 kernel: [    1.043703] random: crng done (trusting CPU's manufacturer)
Mar  9 20:19:06 Client01 kernel: [    1.043804] NMI watchdog: Perf NMI watchdog permanently disabled
Mar  9 20:19:06 Client01 kernel: [    1.049449] smp: Bringing up secondary CPUs ...
Mar  9 20:19:06 Client01 kernel: [    1.051907] x86: Booting SMP configuration:
Mar  9 20:19:06 Client01 kernel: [    1.055772] .... node  #0, CPUs:          #1
Mar  9 20:19:06 Client01 kernel: [    1.056446] MDS CPU bug present and SMT on, data leak possible. See https://www.kernel.org/doc/html/latest/admin-guide/hw-vuln/mds.html for more details.
Mar  9 20:19:06 Client01 kernel: [    1.063770] TAA CPU bug present and SMT on, data leak possible. See https://www.kernel.org/doc/html/latest/admin-guide/hw-vuln/tsx_async_abort.html for more details.
Mar  9 20:19:06 Client01 kernel: [    1.067770] smp: Brought up 1 node, 2 CPUs
Mar  9 20:19:06 Client01 kernel: [    1.070780] smpboot: Max logical packages: 64
Mar  9 20:19:06 Client01 kernel: [    1.071774] smpboot: Total of 2 processors activated (9178.73 BogoMIPS)
Mar  9 20:19:06 Client01 kernel: [    1.076589] devtmpfs: initialized
Mar  9 20:19:06 Client01 kernel: [    1.077647] x86/mm: Memory block size: 128MB
Mar  9 20:19:06 Client01 kernel: [    1.083808] PM: Registering ACPI NVS region [mem 0x3ffff000-0x3fffffff] (4096 bytes)
Mar  9 20:19:06 Client01 kernel: [    1.088150] clocksource: jiffies: mask: 0xffffffff max_cycles: 0xffffffff, max_idle_ns: 7645041785100000 ns
Mar  9 20:19:06 Client01 kernel: [    1.091849] futex hash table entries: 32768 (order: 9, 2097152 bytes)
Mar  9 20:19:06 Client01 kernel: [    1.096502] pinctrl core: initialized pinctrl subsystem
Mar  9 20:19:06 Client01 kernel: [    1.100308] RTC time: 20:18:35, date: 2020-03-09
Mar  9 20:19:06 Client01 kernel: [    1.104096] NET: Registered protocol family 16
Mar  9 20:19:06 Client01 kernel: [    1.107899] audit: initializing netlink subsys (disabled)
Mar  9 20:19:06 Client01 kernel: [    1.111801] audit: type=2000 audit(1583785115.084:1): state=initialized audit_enabled=0 res=1
Mar  9 20:19:06 Client01 kernel: [    1.111924] EISA bus registered
Mar  9 20:19:06 Client01 kernel: [    1.119802] cpuidle: using governor ladder
Mar  9 20:19:06 Client01 kernel: [    1.123789] cpuidle: using governor menu
Mar  9 20:19:06 Client01 kernel: [    1.123861] ACPI: bus type PCI registered
Mar  9 20:19:06 Client01 kernel: [    1.127769] acpiphp: ACPI Hot Plug PCI Controller Driver version: 0.5
Mar  9 20:19:06 Client01 kernel: [    1.132384] PCI: Using configuration type 1 for base access
Mar  9 20:19:06 Client01 kernel: [    1.139931] HugeTLB registered 1.00 GiB page size, pre-allocated 0 pages
Mar  9 20:19:06 Client01 kernel: [    1.143771] HugeTLB registered 2.00 MiB page size, pre-allocated 0 pages
Mar  9 20:19:06 Client01 kernel: [    1.151997] ACPI: Added _OSI(Module Device)
Mar  9 20:19:06 Client01 kernel: [    1.155389] ACPI: Added _OSI(Processor Device)
Mar  9 20:19:06 Client01 kernel: [    1.155770] ACPI: Added _OSI(3.0 _SCP Extensions)
Mar  9 20:19:06 Client01 kernel: [    1.159769] ACPI: Added _OSI(Processor Aggregator Device)
Mar  9 20:19:06 Client01 kernel: [    1.163770] ACPI: Added _OSI(Linux-Dell-Video)
Mar  9 20:19:06 Client01 kernel: [    1.167770] ACPI: Added _OSI(Linux-Lenovo-NV-HDMI-Audio)
Mar  9 20:19:06 Client01 kernel: [    1.171769] ACPI: Added _OSI(Linux-HPI-Hybrid-Graphics)
Mar  9 20:19:06 Client01 kernel: [    1.176451] ACPI: 1 ACPI AML tables successfully acquired and loaded
Mar  9 20:19:06 Client01 kernel: [    1.182832] ACPI: Interpreter enabled
Mar  9 20:19:06 Client01 kernel: [    1.183782] ACPI: (supports S0 S5)
Mar  9 20:19:06 Client01 kernel: [    1.187769] ACPI: Using IOAPIC for interrupt routing
Mar  9 20:19:06 Client01 kernel: [    1.191801] PCI: Using host bridge windows from ACPI; if necessary, use "pci=nocrs" and report a bug
Mar  9 20:19:06 Client01 kernel: [    1.196073] ACPI: Enabled 1 GPEs in block 00 to 0F
Mar  9 20:19:06 Client01 kernel: [    1.222339] ACPI: PCI Root Bridge [PCI0] (domain 0000 [bus 00-ff])
Mar  9 20:19:06 Client01 kernel: [    1.223773] acpi PNP0A03:00: _OSC: OS supports [ASPM ClockPM Segments MSI]
Mar  9 20:19:06 Client01 kernel: [    1.227783] acpi PNP0A03:00: fail to add MMCONFIG information, can't access extended PCI configuration space under this bridge.
Mar  9 20:19:06 Client01 kernel: [    1.231952] PCI host bridge to bus 0000:00
Mar  9 20:19:06 Client01 kernel: [    1.235771] pci_bus 0000:00: root bus resource [mem 0xfe0000000-0xfffffffff window]
Mar  9 20:19:06 Client01 kernel: [    1.239771] pci_bus 0000:00: root bus resource [io  0x0000-0x0cf7 window]
Mar  9 20:19:06 Client01 kernel: [    1.243771] pci_bus 0000:00: root bus resource [io  0x0d00-0xffff window]
Mar  9 20:19:06 Client01 kernel: [    1.247772] pci_bus 0000:00: root bus resource [mem 0x000a0000-0x000bffff window]
Mar  9 20:19:06 Client01 kernel: [    1.251770] pci_bus 0000:00: root bus resource [mem 0x40000000-0xfffbffff window]
Mar  9 20:19:06 Client01 kernel: [    1.255771] pci_bus 0000:00: root bus resource [bus 00-ff]
Mar  9 20:19:06 Client01 kernel: [    1.259970] pci 0000:00:00.0: [8086:7192] type 00 class 0x060000
Mar  9 20:19:06 Client01 kernel: [    1.265822] pci 0000:00:07.0: [8086:7110] type 00 class 0x060100
Mar  9 20:19:06 Client01 kernel: [    1.269111] pci 0000:00:07.1: [8086:7111] type 00 class 0x010180
Mar  9 20:19:06 Client01 kernel: [    1.271605] pci 0000:00:07.1: reg 0x20: [io  0xffa0-0xffaf]
Mar  9 20:19:06 Client01 kernel: [    1.272545] pci 0000:00:07.1: legacy IDE quirk: reg 0x10: [io  0x01f0-0x01f7]
Mar  9 20:19:06 Client01 kernel: [    1.275770] pci 0000:00:07.1: legacy IDE quirk: reg 0x14: [io  0x03f6]
Mar  9 20:19:06 Client01 kernel: [    1.279769] pci 0000:00:07.1: legacy IDE quirk: reg 0x18: [io  0x0170-0x0177]
Mar  9 20:19:06 Client01 kernel: [    1.283771] pci 0000:00:07.1: legacy IDE quirk: reg 0x1c: [io  0x0376]
Mar  9 20:19:06 Client01 kernel: [    1.292145] pci 0000:00:07.3: [8086:7113] type 00 class 0x068000
Mar  9 20:19:06 Client01 kernel: [    1.292195] * Found PM-Timer Bug on the chipset. Due to workarounds for a bug,
Mar  9 20:19:06 Client01 kernel: [    1.292195] * this clock source is slow. Consider trying other clock sources
Mar  9 20:19:06 Client01 kernel: [    1.301486] pci 0000:00:07.3: quirk: [io  0x0400-0x043f] claimed by PIIX4 ACPI
Mar  9 20:19:06 Client01 kernel: [    1.304974] pci 0000:00:08.0: [1414:5353] type 00 class 0x030000
Mar  9 20:19:06 Client01 kernel: [    1.308329] pci 0000:00:08.0: reg 0x10: [mem 0xf8000000-0xfbffffff]
Mar  9 20:19:06 Client01 kernel: [    1.333008] ACPI: PCI Interrupt Link [LNKA] (IRQs 3 4 5 7 9 10 *11 12 14 15)
Mar  9 20:19:06 Client01 kernel: [    1.336068] ACPI: PCI Interrupt Link [LNKB] (IRQs 3 4 5 7 9 10 11 12 14 15) *0, disabled.
Mar  9 20:19:06 Client01 kernel: [    1.340058] ACPI: PCI Interrupt Link [LNKC] (IRQs 3 4 5 7 9 10 11 12 14 15) *0, disabled.
Mar  9 20:19:06 Client01 kernel: [    1.344021] ACPI: PCI Interrupt Link [LNKD] (IRQs 3 4 5 7 9 10 11 12 14 15) *0, disabled.
Mar  9 20:19:06 Client01 kernel: [    1.348227] SCSI subsystem initialized
Mar  9 20:19:06 Client01 kernel: [    1.351848] libata version 3.00 loaded.
Mar  9 20:19:06 Client01 kernel: [    1.351925] pci 0000:00:08.0: vgaarb: setting as boot VGA device
Mar  9 20:19:06 Client01 kernel: [    1.355766] pci 0000:00:08.0: vgaarb: VGA device added: decodes=io+mem,owns=io+mem,locks=none
Mar  9 20:19:06 Client01 kernel: [    1.363771] pci 0000:00:08.0: vgaarb: bridge control possible
Mar  9 20:19:06 Client01 kernel: [    1.367769] vgaarb: loaded
Mar  9 20:19:06 Client01 kernel: [    1.370173] pps_core: LinuxPPS API ver. 1 registered
Mar  9 20:19:06 Client01 kernel: [    1.375769] pps_core: Software ver. 5.3.6 - Copyright 2005-2007 Rodolfo Giometti <giometti@linux.it>
Mar  9 20:19:06 Client01 kernel: [    1.379781] PTP clock support registered
Mar  9 20:19:06 Client01 kernel: [    1.383883] EDAC MC: Ver: 3.0.0
Mar  9 20:19:06 Client01 kernel: [    1.387936] hv_vmbus: Vmbus version:4.0
Mar  9 20:19:06 Client01 kernel: [    1.391838] PCI: Using ACPI for IRQ routing
Mar  9 20:19:06 Client01 kernel: [    1.395807] PCI: pci_cache_line_size set to 64 bytes
Mar  9 20:19:06 Client01 kernel: [    1.396462] e820: reserve RAM buffer [mem 0x0009fc00-0x0009ffff]
Mar  9 20:19:06 Client01 kernel: [    1.396464] e820: reserve RAM buffer [mem 0x3fff0000-0x3fffffff]
Mar  9 20:19:06 Client01 kernel: [    1.396722] NetLabel: Initializing
Mar  9 20:19:06 Client01 kernel: [    1.399772] NetLabel:  domain hash size = 128
Mar  9 20:19:06 Client01 kernel: [    1.403518] NetLabel:  protocols = UNLABELED CIPSOv4 CALIPSO
Mar  9 20:19:06 Client01 kernel: [    1.403824] NetLabel:  unlabeled traffic allowed by default
Mar  9 20:19:06 Client01 kernel: [    1.407385] clocksource: Switched to clocksource hyperv_clocksource_tsc_page
Mar  9 20:19:06 Client01 kernel: [    1.427571] VFS: Disk quotas dquot_6.6.0
Mar  9 20:19:06 Client01 kernel: [    1.430470] VFS: Dquot-cache hash table entries: 512 (order 0, 4096 bytes)
Mar  9 20:19:06 Client01 kernel: [    1.435402] AppArmor: AppArmor Filesystem Enabled
Mar  9 20:19:06 Client01 kernel: [    1.438831] pnp: PnP ACPI init
Mar  9 20:19:06 Client01 kernel: [    1.441341] pnp 00:00: Plug and Play ACPI device, IDs PNP0b00 (active)
Mar  9 20:19:06 Client01 kernel: [    1.441402] pnp 00:01: Plug and Play ACPI device, IDs PNP0303 PNP030b (active)
Mar  9 20:19:06 Client01 kernel: [    1.441469] pnp 00:02: Plug and Play ACPI device, IDs PNP0f03 PNP0f13 (active)
Mar  9 20:19:06 Client01 kernel: [    1.442338] pnp 00:03: [dma 0 disabled]
Mar  9 20:19:06 Client01 kernel: [    1.442370] pnp 00:03: Plug and Play ACPI device, IDs PNP0501 (active)
Mar  9 20:19:06 Client01 kernel: [    1.443272] pnp 00:04: [dma 0 disabled]
Mar  9 20:19:06 Client01 kernel: [    1.443294] pnp 00:04: Plug and Play ACPI device, IDs PNP0501 (active)
Mar  9 20:19:06 Client01 kernel: [    1.444182] pnp 00:05: [dma 2]
Mar  9 20:19:06 Client01 kernel: [    1.444213] pnp 00:05: Plug and Play ACPI device, IDs PNP0700 (active)
Mar  9 20:19:06 Client01 kernel: [    1.444279] system 00:06: [io  0x01e0-0x01ef] has been reserved
Mar  9 20:19:06 Client01 kernel: [    1.448996] system 00:06: [io  0x0160-0x016f] has been reserved
Mar  9 20:19:06 Client01 kernel: [    1.453108] system 00:06: [io  0x0278-0x027f] has been reserved
Mar  9 20:19:06 Client01 kernel: [    1.457163] system 00:06: [io  0x0378-0x037f] has been reserved
Mar  9 20:19:06 Client01 kernel: [    1.462129] system 00:06: [io  0x0678-0x067f] has been reserved
Mar  9 20:19:06 Client01 kernel: [    1.466410] system 00:06: [io  0x0778-0x077f] has been reserved
Mar  9 20:19:06 Client01 kernel: [    1.472728] system 00:06: [io  0x04d0-0x04d1] has been reserved
Mar  9 20:19:06 Client01 kernel: [    1.477321] system 00:06: Plug and Play ACPI device, IDs PNP0c02 (active)
Mar  9 20:19:06 Client01 kernel: [    1.477473] system 00:07: [io  0x0400-0x043f] has been reserved
Mar  9 20:19:06 Client01 kernel: [    1.482802] system 00:07: [io  0x0370-0x0371] has been reserved
Mar  9 20:19:06 Client01 kernel: [    1.489003] system 00:07: [io  0x0440-0x044f] has been reserved
Mar  9 20:19:06 Client01 kernel: [    1.493202] system 00:07: [mem 0xfec00000-0xfec00fff] could not be reserved
Mar  9 20:19:06 Client01 kernel: [    1.498538] system 00:07: [mem 0xfee00000-0xfee00fff] has been reserved
Mar  9 20:19:06 Client01 kernel: [    1.504313] system 00:07: Plug and Play ACPI device, IDs PNP0c02 (active)
Mar  9 20:19:06 Client01 kernel: [    1.504451] system 00:08: [mem 0x00000000-0x0009ffff] could not be reserved
Mar  9 20:19:06 Client01 kernel: [    1.510452] system 00:08: [mem 0x000c0000-0x000dffff] could not be reserved
Mar  9 20:19:06 Client01 kernel: [    1.515230] system 00:08: [mem 0x000e0000-0x000fffff] could not be reserved
Mar  9 20:19:06 Client01 kernel: [    1.520633] system 00:08: [mem 0x00100000-0x3fffffff] could not be reserved
Mar  9 20:19:06 Client01 kernel: [    1.526367] system 00:08: [mem 0xfffc0000-0xffffffff] has been reserved
Mar  9 20:19:06 Client01 kernel: [    1.530661] system 00:08: Plug and Play ACPI device, IDs PNP0c01 (active)
Mar  9 20:19:06 Client01 kernel: [    1.530945] pnp: PnP ACPI: found 9 devices
Mar  9 20:19:06 Client01 kernel: [    1.545242] clocksource: acpi_pm: mask: 0xffffff max_cycles: 0xffffff, max_idle_ns: 2085701024 ns
Mar  9 20:19:06 Client01 kernel: [    1.551473] pci_bus 0000:00: resource 4 [mem 0xfe0000000-0xfffffffff window]
Mar  9 20:19:06 Client01 kernel: [    1.551474] pci_bus 0000:00: resource 5 [io  0x0000-0x0cf7 window]
Mar  9 20:19:06 Client01 kernel: [    1.551476] pci_bus 0000:00: resource 6 [io  0x0d00-0xffff window]
Mar  9 20:19:06 Client01 kernel: [    1.551477] pci_bus 0000:00: resource 7 [mem 0x000a0000-0x000bffff window]
Mar  9 20:19:06 Client01 kernel: [    1.551478] pci_bus 0000:00: resource 8 [mem 0x40000000-0xfffbffff window]
Mar  9 20:19:06 Client01 kernel: [    1.551660] NET: Registered protocol family 2
Mar  9 20:19:06 Client01 kernel: [    1.555449] tcp_listen_portaddr_hash hash table entries: 4096 (order: 4, 65536 bytes)
Mar  9 20:19:06 Client01 kernel: [    1.561901] TCP established hash table entries: 65536 (order: 7, 524288 bytes)
Mar  9 20:19:06 Client01 kernel: [    1.567258] TCP bind hash table entries: 65536 (order: 8, 1048576 bytes)
Mar  9 20:19:06 Client01 kernel: [    1.571899] TCP: Hash tables configured (established 65536 bind 65536)
Mar  9 20:19:06 Client01 kernel: [    1.577701] UDP hash table entries: 4096 (order: 5, 131072 bytes)
Mar  9 20:19:06 Client01 kernel: [    1.590610] UDP-Lite hash table entries: 4096 (order: 5, 131072 bytes)
Mar  9 20:19:06 Client01 kernel: [    1.596154] NET: Registered protocol family 1
Mar  9 20:19:06 Client01 kernel: [    1.599495] NET: Registered protocol family 44
Mar  9 20:19:06 Client01 kernel: [    1.602730] pci 0000:00:00.0: Limiting direct PCI/PCI transfers
Mar  9 20:19:06 Client01 kernel: [    1.606981] pci 0000:00:08.0: Video device with shadowed ROM at [mem 0x000c0000-0x000dffff]
Mar  9 20:19:06 Client01 kernel: [    1.612740] PCI: CLS 0 bytes, default 64
Mar  9 20:19:06 Client01 kernel: [    1.612786] Unpacking initramfs...
Mar  9 20:19:06 Client01 kernel: [    1.934003] Freeing initrd memory: 19652K
Mar  9 20:19:06 Client01 kernel: [    1.936852] PCI-DMA: Using software bounce buffering for IO (SWIOTLB)
Mar  9 20:19:06 Client01 kernel: [    1.940858] software IO TLB: mapped [mem 0x3bff0000-0x3fff0000] (64MB)
Mar  9 20:19:06 Client01 kernel: [    1.946827] check: Scanning for low memory corruption every 60 seconds
Mar  9 20:19:06 Client01 kernel: [    1.954394] Initialise system trusted keyrings
Mar  9 20:19:06 Client01 kernel: [    1.957942] Key type blacklist registered
Mar  9 20:19:06 Client01 kernel: [    1.960744] workingset: timestamp_bits=36 max_order=21 bucket_order=0
Mar  9 20:19:06 Client01 kernel: [    1.966507] zbud: loaded
Mar  9 20:19:06 Client01 kernel: [    1.969134] squashfs: version 4.0 (2009/01/31) Phillip Lougher
Mar  9 20:19:06 Client01 kernel: [    1.974412] fuse init (API version 7.28)
Mar  9 20:19:06 Client01 kernel: [    2.018343] Key type asymmetric registered
Mar  9 20:19:06 Client01 kernel: [    2.022556] Asymmetric key parser 'x509' registered
Mar  9 20:19:06 Client01 kernel: [    2.027321] Block layer SCSI generic (bsg) driver version 0.4 loaded (major 243)
Mar  9 20:19:06 Client01 kernel: [    2.033291] shpchp: Standard Hot Plug PCI Controller Driver version: 0.4
Mar  9 20:19:06 Client01 kernel: [    2.037848] intel_idle: Please enable MWAIT in BIOS SETUP
Mar  9 20:19:06 Client01 kernel: [    2.037937] input: Power Button as /devices/LNXSYSTM:00/LNXPWRBN:00/input/input0
Mar  9 20:19:06 Client01 kernel: [    2.043068] ACPI: Power Button [PWRF]
Mar  9 20:19:06 Client01 kernel: [    2.046662] Serial: 8250/16550 driver, 32 ports, IRQ sharing enabled
Mar  9 20:19:06 Client01 kernel: [    2.081709] 00:03: ttyS0 at I/O 0x3f8 (irq = 4, base_baud = 115200) is a 16550A
Mar  9 20:19:06 Client01 kernel: [    2.114776] 00:04: ttyS1 at I/O 0x2f8 (irq = 3, base_baud = 115200) is a 16550A
Mar  9 20:19:06 Client01 kernel: [    2.121514] Linux agpgart interface v0.103
Mar  9 20:19:06 Client01 kernel: [    2.145640] loop: module loaded
Mar  9 20:19:06 Client01 kernel: [    2.148683] hv_vmbus: registering driver hv_storvsc
Mar  9 20:19:06 Client01 kernel: [    2.151871] ata_piix 0000:00:07.1: version 2.13
Mar  9 20:19:06 Client01 kernel: [    2.152255] ata_piix 0000:00:07.1: Hyper-V Virtual Machine detected, ATA device ignore set
Mar  9 20:19:06 Client01 kernel: [    2.158218] scsi host0: storvsc_host_t
Mar  9 20:19:06 Client01 kernel: [    2.163156] scsi host1: ata_piix
Mar  9 20:19:06 Client01 kernel: [    2.169341] scsi 0:0:0:0: Direct-Access     Msft     Virtual Disk     1.0  PQ: 0 ANSI: 5
Mar  9 20:19:06 Client01 kernel: [    2.169553] scsi host2: ata_piix
Mar  9 20:19:06 Client01 kernel: [    2.184162] ata1: PATA max UDMA/33 cmd 0x1f0 ctl 0x3f6 bmdma 0xffa0 irq 14
Mar  9 20:19:06 Client01 kernel: [    2.184331] sd 0:0:0:0: Attached scsi generic sg0 type 0
Mar  9 20:19:06 Client01 kernel: [    2.191822] ata2: PATA max UDMA/33 cmd 0x170 ctl 0x376 bmdma 0xffa8 irq 15
Mar  9 20:19:06 Client01 kernel: [    2.207784] scsi host3: storvsc_host_t
Mar  9 20:19:06 Client01 kernel: [    2.208854] sd 0:0:0:0: [sda] 62916608 512-byte logical blocks: (32.2 GB/30.0 GiB)
Mar  9 20:19:06 Client01 kernel: [    2.220202] sd 0:0:0:0: [sda] 4096-byte physical blocks
Mar  9 20:19:06 Client01 kernel: [    2.224043] libphy: Fixed MDIO Bus: probed
Mar  9 20:19:06 Client01 kernel: [    2.225683] scsi 3:0:1:0: Direct-Access     Msft     Virtual Disk     1.0  PQ: 0 ANSI: 5
Mar  9 20:19:06 Client01 kernel: [    2.231710] tun: Universal TUN/TAP device driver, 1.6
Mar  9 20:19:06 Client01 kernel: [    2.245534] sd 0:0:0:0: [sda] Write Protect is off
Mar  9 20:19:06 Client01 kernel: [    2.251139] PPP generic driver version 2.4.2
Mar  9 20:19:06 Client01 kernel: [    2.257972] sd 0:0:0:0: [sda] Mode Sense: 0f 00 10 00
Mar  9 20:19:06 Client01 kernel: [    2.258202] sd 0:0:0:0: [sda] Write cache: enabled, read cache: enabled, supports DPO and FUA
Mar  9 20:19:06 Client01 kernel: [    2.269846] sd 3:0:1:0: Attached scsi generic sg1 type 0
Mar  9 20:19:06 Client01 kernel: [    2.279539] i8042: PNP: PS/2 Controller [PNP0303:PS2K,PNP0f03:PS2M] at 0x60,0x64 irq 1,12
Mar  9 20:19:06 Client01 kernel: [    2.290065] sd 3:0:1:0: [sdb] 104857600 512-byte logical blocks: (53.7 GB/50.0 GiB)
Mar  9 20:19:06 Client01 kernel: [    2.304562] sd 3:0:1:0: [sdb] 4096-byte physical blocks
Mar  9 20:19:06 Client01 kernel: [    2.310587] serio: i8042 KBD port at 0x60,0x64 irq 1
Mar  9 20:19:06 Client01 kernel: [    2.314681] sd 3:0:1:0: [sdb] Write Protect is off
Mar  9 20:19:06 Client01 kernel: [    2.318943] serio: i8042 AUX port at 0x60,0x64 irq 12
Mar  9 20:19:06 Client01 kernel: [    2.327964] sd 3:0:1:0: [sdb] Mode Sense: 0f 00 10 00
Mar  9 20:19:06 Client01 kernel: [    2.332907] scsi host4: storvsc_host_t
Mar  9 20:19:06 Client01 kernel: [    2.332983] sd 3:0:1:0: [sdb] Write cache: disabled, read cache: enabled, supports DPO and FUA
Mar  9 20:19:06 Client01 kernel: [    2.349466]  sda: sda1 sda14 sda15
Mar  9 20:19:06 Client01 kernel: [    2.352927] mousedev: PS/2 mouse device common for all mice
Mar  9 20:19:06 Client01 kernel: [    2.358332] rtc_cmos 00:00: RTC can wake from S4
Mar  9 20:19:06 Client01 kernel: [    2.365010]  sdb: sdb1
Mar  9 20:19:06 Client01 kernel: [    2.389003] input: AT Translated Set 2 keyboard as /devices/platform/i8042/serio0/input/input1
Mar  9 20:19:06 Client01 kernel: [    2.391156] ata1.01: host indicates ignore ATA devices, ignored
Mar  9 20:19:06 Client01 kernel: [    2.405045] scsi host5: storvsc_host_t
Mar  9 20:19:06 Client01 kernel: [    2.406517] rtc_cmos 00:00: registered as rtc0
Mar  9 20:19:06 Client01 kernel: [    2.418193] sd 0:0:0:0: [sda] Attached SCSI disk
Mar  9 20:19:06 Client01 kernel: [    2.420694] rtc_cmos 00:00: alarms up to one month, 114 bytes nvram
Mar  9 20:19:06 Client01 kernel: [    2.424644] ata1.00: host indicates ignore ATA devices, ignored
Mar  9 20:19:06 Client01 kernel: [    2.428417] device-mapper: uevent: version 1.0.3
Mar  9 20:19:06 Client01 kernel: [    2.429685] sd 3:0:1:0: [sdb] Attached SCSI disk
Mar  9 20:19:06 Client01 kernel: [    2.439562] device-mapper: ioctl: 4.39.0-ioctl (2018-04-03) initialised: dm-devel@redhat.com
Mar  9 20:19:06 Client01 kernel: [    2.461425] platform eisa.0: Probing EISA bus 0
Mar  9 20:19:06 Client01 kernel: [    2.465529] platform eisa.0: EISA: Cannot allocate resource for mainboard
Mar  9 20:19:06 Client01 kernel: [    2.470706] platform eisa.0: Cannot allocate resource for EISA slot 1
Mar  9 20:19:06 Client01 kernel: [    2.475561] platform eisa.0: Cannot allocate resource for EISA slot 2
Mar  9 20:19:06 Client01 kernel: [    2.480195] platform eisa.0: Cannot allocate resource for EISA slot 3
Mar  9 20:19:06 Client01 kernel: [    2.484805] platform eisa.0: Cannot allocate resource for EISA slot 4
Mar  9 20:19:06 Client01 kernel: [    2.489454] platform eisa.0: Cannot allocate resource for EISA slot 5
Mar  9 20:19:06 Client01 kernel: [    2.493827] platform eisa.0: Cannot allocate resource for EISA slot 6
Mar  9 20:19:06 Client01 kernel: [    2.498684] platform eisa.0: Cannot allocate resource for EISA slot 7
Mar  9 20:19:06 Client01 kernel: [    2.505000] platform eisa.0: Cannot allocate resource for EISA slot 8
Mar  9 20:19:06 Client01 kernel: [    2.510365] platform eisa.0: EISA: Detected 0 cards
Mar  9 20:19:06 Client01 kernel: [    2.514589] NET: Registered protocol family 10
Mar  9 20:19:06 Client01 kernel: [    2.527294] Segment Routing with IPv6
Mar  9 20:19:06 Client01 kernel: [    2.537495] NET: Registered protocol family 17
Mar  9 20:19:06 Client01 kernel: [    2.542839] Key type dns_resolver registered
Mar  9 20:19:06 Client01 kernel: [    2.546443] mce: Using 1 MCE banks
Mar  9 20:19:06 Client01 kernel: [    2.549343] RAS: Correctable Errors collector initialized.
Mar  9 20:19:06 Client01 kernel: [    2.553862] registered taskstats version 1
Mar  9 20:19:06 Client01 kernel: [    2.557009] Loading compiled-in X.509 certificates
Mar  9 20:19:06 Client01 kernel: [    2.562663] Loaded X.509 cert 'Build time autogenerated kernel key: 9c13c25bb46bb08aadac8fd6055952f30e111a90'
Mar  9 20:19:06 Client01 kernel: [    2.569042] zswap: loaded using pool lzo/zbud
Mar  9 20:19:06 Client01 kernel: [    2.578083] Key type big_key registered
Mar  9 20:19:06 Client01 kernel: [    2.580962] Key type trusted registered
Mar  9 20:19:06 Client01 kernel: [    2.586127] Key type encrypted registered
Mar  9 20:19:06 Client01 kernel: [    2.589106] AppArmor: AppArmor sha1 policy hashing enabled
Mar  9 20:19:06 Client01 kernel: [    2.592992] ima: No TPM chip found, activating TPM-bypass!
Mar  9 20:19:06 Client01 kernel: [    2.596689] ima: Allocated hash algorithm: sha1
Mar  9 20:19:06 Client01 kernel: [    2.599791] No architecture policies found
Mar  9 20:19:06 Client01 kernel: [    2.603749] evm: Initialising EVM extended attributes:
Mar  9 20:19:06 Client01 kernel: [    2.608237] evm: security.selinux
Mar  9 20:19:06 Client01 kernel: [    2.611025] evm: security.SMACK64
Mar  9 20:19:06 Client01 kernel: [    2.614826] evm: security.SMACK64EXEC
Mar  9 20:19:06 Client01 kernel: [    2.617432] evm: security.SMACK64TRANSMUTE
Mar  9 20:19:06 Client01 kernel: [    2.620313] evm: security.SMACK64MMAP
Mar  9 20:19:06 Client01 kernel: [    2.622898] evm: security.apparmor
Mar  9 20:19:06 Client01 kernel: [    2.625466] evm: security.ima
Mar  9 20:19:06 Client01 kernel: [    2.628176] evm: security.capability
Mar  9 20:19:06 Client01 kernel: [    2.632239] evm: HMAC attrs: 0x1
Mar  9 20:19:06 Client01 kernel: [    2.635502]   Magic number: 12:51:346
Mar  9 20:19:06 Client01 kernel: [    2.638794] tty tty63: hash matches
Mar  9 20:19:06 Client01 kernel: [    2.650470] rtc_cmos 00:00: setting system clock to 2020-03-09T20:18:37 UTC (1583785117)
Mar  9 20:19:06 Client01 kernel: [    2.655936] Unstable clock detected, switching default tracing clock to "global"
Mar  9 20:19:06 Client01 kernel: [    2.655936] If you want to keep using the local clock, then add:
Mar  9 20:19:06 Client01 kernel: [    2.655936]   "trace_clock=local"
Mar  9 20:19:06 Client01 kernel: [    2.655936] on the kernel command line
Mar  9 20:19:06 Client01 kernel: [    2.670959] Freeing unused decrypted memory: 2040K
Mar  9 20:19:06 Client01 kernel: [    2.676044] Freeing unused kernel image memory: 2360K
Mar  9 20:19:06 Client01 kernel: [    2.695802] Write protecting the kernel read-only data: 18432k
Mar  9 20:19:06 Client01 kernel: [    2.703088] Freeing unused kernel image memory: 2008K
Mar  9 20:19:06 Client01 kernel: [    2.707756] Freeing unused kernel image memory: 152K
