Mar  9 10:40:56 Client01 systemd-modules-load[498]: Inserted module 'iscsi_tcp'
Mar  9 10:40:56 Client01 systemd[1]: Starting Flush Journal to Persistent Storage...
Mar  9 10:40:56 Client01 keyboard-setup.sh[493]: cannot open file /run/tmpkbd.DULnWm
Mar  9 10:40:56 Client01 systemd[1]: Started udev Coldplug all Devices.
Mar  9 10:40:56 Client01 systemd[1]: Started LVM2 metadata daemon.
Mar  9 10:40:56 Client01 systemd[1]: Started Create Static Device Nodes in /dev.
Mar  9 10:40:56 Client01 systemd[1]: Starting udev Kernel Device Manager...
Mar  9 10:40:56 Client01 systemd[1]: Started Monitoring of LVM2 mirrors, snapshots etc. using dmeventd or progress polling.
Mar  9 10:40:56 Client01 systemd-modules-load[498]: Inserted module 'ib_iser'
Mar  9 10:40:56 Client01 systemd[1]: Started Load Kernel Modules.
Mar  9 10:40:56 Client01 systemd[1]: Mounting Kernel Configuration File System...
Mar  9 10:40:56 Client01 systemd[1]: Mounting FUSE Control File System...
Mar  9 10:40:56 Client01 systemd[1]: Starting Apply Kernel Variables...
Mar  9 10:40:56 Client01 systemd[1]: Mounted Kernel Configuration File System.
Mar  9 10:40:56 Client01 systemd[1]: Mounted FUSE Control File System.
Mar  9 10:40:56 Client01 systemd[1]: Started Flush Journal to Persistent Storage.
Mar  9 10:40:56 Client01 systemd[1]: Started Apply Kernel Variables.
Mar  9 10:40:56 Client01 systemd[1]: Started udev Kernel Device Manager.
Mar  9 10:40:56 Client01 systemd-udevd[551]: link_config: autonegotiation is unset or enabled, the speed and duplex are not writable.
Mar  9 10:40:56 Client01 systemd[1]: Found device /dev/ttyS0.
Mar  9 10:40:56 Client01 systemd[1]: Listening on Load/Save RF Kill Switch Status /dev/rfkill Watch.
Mar  9 10:40:56 Client01 systemd-udevd[551]: link_config: autonegotiation is unset or enabled, the speed and duplex are not writable.
Mar  9 10:40:56 Client01 systemd[1]: Found device /sys/devices/virtual/misc/vmbus!hv_kvp.
Mar  9 10:40:56 Client01 systemd[1]: Started Hyper-V KVP Protocol Daemon.
Mar  9 10:40:56 Client01 KVP: KVP starting; pid is:581
Mar  9 10:40:56 Client01 KVP: KVP LIC Version: 3.1
Mar  9 10:40:56 Client01 systemd[1]: Started Set the console keyboard layout.
Mar  9 10:40:56 Client01 systemd[1]: Reached target Local File Systems (Pre).
Mar  9 10:40:56 Client01 systemd[1]: Started Dispatch Password Requests to Console Directory Watch.
Mar  9 10:40:56 Client01 systemd[1]: Reached target Local Encrypted Volumes.
Mar  9 10:40:56 Client01 systemd[1]: Found device Virtual_Disk UEFI.
Mar  9 10:40:56 Client01 systemd[1]: Mounting /boot/efi...
Mar  9 10:40:56 Client01 systemd[1]: Mounted /boot/efi.
Mar  9 10:40:56 Client01 systemd[1]: Reached target Local File Systems.
Mar  9 10:40:56 Client01 systemd[1]: Starting Set console font and keymap...
Mar  9 10:40:56 Client01 systemd[1]: Starting Create Volatile Files and Directories...
Mar  9 10:40:56 Client01 systemd[1]: Starting ebtables ruleset management...
Mar  9 10:40:56 Client01 systemd[1]: Starting Tell Plymouth To Write Out Runtime Data...
Mar  9 10:40:56 Client01 systemd[1]: Starting AppArmor initialization...
Mar  9 10:40:56 Client01 systemd[1]: Starting Commit a transient machine-id on disk...
Mar  9 10:40:56 Client01 systemd[1]: Started Set console font and keymap.
Mar  9 10:40:56 Client01 systemd[1]: Started Create Volatile Files and Directories.
Mar  9 10:40:56 Client01 systemd[1]: Starting Network Time Synchronization...
Mar  9 10:40:56 Client01 systemd[1]: Starting Update UTMP about System Boot/Shutdown...
Mar  9 10:40:56 Client01 systemd[1]: Started Tell Plymouth To Write Out Runtime Data.
Mar  9 10:40:56 Client01 systemd[1]: Started Update UTMP about System Boot/Shutdown.
Mar  9 10:40:56 Client01 systemd[1]: Started Commit a transient machine-id on disk.
Mar  9 10:40:56 Client01 apparmor[740]:  * Starting AppArmor profiles
Mar  9 10:40:56 Client01 systemd[1]: Started ebtables ruleset management.
Mar  9 10:40:56 Client01 systemd[1]: Started Network Time Synchronization.
Mar  9 10:40:56 Client01 systemd[1]: Reached target System Time Synchronized.
Mar  9 10:40:56 Client01 apparmor[740]: Skipping profile in /etc/apparmor.d/disable: usr.sbin.rsyslogd
Mar  9 10:40:56 Client01 apparmor[740]:    ...done.
Mar  9 10:40:56 Client01 systemd[1]: Started AppArmor initialization.
Mar  9 10:40:56 Client01 systemd[1]: Starting Initial cloud-init job (pre-networking)...
Mar  9 10:40:56 Client01 sh[803]: + [ -e /var/lib/cloud/instance/obj.pkl ]
Mar  9 10:40:56 Client01 sh[803]: + exit 0
Mar  9 10:40:56 Client01 dhclient[867]: Internet Systems Consortium DHCP Client 4.3.5
Mar  9 10:40:56 Client01 dhclient[867]: Copyright 2004-2016 Internet Systems Consortium.
Mar  9 10:40:56 Client01 dhclient[867]: All rights reserved.
Mar  9 10:40:56 Client01 dhclient[867]: For info, please visit https://www.isc.org/software/dhcp/
Mar  9 10:40:56 Client01 dhclient[867]: 
Mar  9 10:40:56 Client01 dhclient[867]: Listening on LPF/eth0/00:0d:3a:22:0d:5e
Mar  9 10:40:56 Client01 dhclient[867]: Sending on   LPF/eth0/00:0d:3a:22:0d:5e
Mar  9 10:40:56 Client01 dhclient[867]: Sending on   Socket/fallback
Mar  9 10:40:56 Client01 dhclient[867]: DHCPDISCOVER on eth0 to 255.255.255.255 port 67 interval 3 (xid=0x3f5a7722)
Mar  9 10:40:56 Client01 dhclient[867]: DHCPREQUEST of 10.0.0.6 on eth0 to 255.255.255.255 port 67 (xid=0x22775a3f)
Mar  9 10:40:56 Client01 kernel: [    0.000000] Linux version 5.0.0-1032-azure (buildd@lcy01-amd64-016) (gcc version 7.4.0 (Ubuntu 7.4.0-1ubuntu1~18.04.1)) #34-Ubuntu SMP Mon Feb 10 19:37:25 UTC 2020 (Ubuntu 5.0.0-1032.34-azure 5.0.21)
Mar  9 10:40:56 Client01 dhclient[867]: DHCPOFFER of 10.0.0.6 from 168.63.129.16
Mar  9 10:40:56 Client01 dhclient[867]: DHCPACK of 10.0.0.6 from 168.63.129.16
Mar  9 10:40:56 Client01 kernel: [    0.000000] Command line: BOOT_IMAGE=/boot/vmlinuz-5.0.0-1032-azure root=UUID=5604f71e-1e5f-443c-a99e-b82bb5c201df ro console=tty1 console=ttyS0 earlyprintk=ttyS0 rootdelay=300
Mar  9 10:40:56 Client01 kernel: [    0.000000] KERNEL supported cpus:
Mar  9 10:40:56 Client01 kernel: [    0.000000]   Intel GenuineIntel
Mar  9 10:40:56 Client01 dhclient[867]: bound to 10.0.0.6 -- renewal in 4294967295 seconds.
Mar  9 10:40:56 Client01 kernel: [    0.000000]   AMD AuthenticAMD
Mar  9 10:40:56 Client01 kernel: [    0.000000]   Hygon HygonGenuine
Mar  9 10:40:56 Client01 kernel: [    0.000000]   Centaur CentaurHauls
Mar  9 10:40:56 Client01 kernel: [    0.000000] x86/fpu: Supporting XSAVE feature 0x001: 'x87 floating point registers'
Mar  9 10:40:56 Client01 cloud-init[809]: Cloud-init v. 19.4-33-gbb4131a2-0ubuntu1~18.04.1 running 'init-local' at Mon, 09 Mar 2020 10:40:31 +0000. Up 15.52 seconds.
Mar  9 10:40:56 Client01 kernel: [    0.000000] x86/fpu: Supporting XSAVE feature 0x002: 'SSE registers'
Mar  9 10:40:56 Client01 kernel: [    0.000000] x86/fpu: Supporting XSAVE feature 0x004: 'AVX registers'
Mar  9 10:40:56 Client01 kernel: [    0.000000] x86/fpu: Supporting XSAVE feature 0x008: 'MPX bounds registers'
Mar  9 10:40:56 Client01 systemd[1]: Started Initial cloud-init job (pre-networking).
Mar  9 10:40:56 Client01 kernel: [    0.000000] x86/fpu: Supporting XSAVE feature 0x010: 'MPX CSR'
Mar  9 10:40:56 Client01 kernel: [    0.000000] x86/fpu: Supporting XSAVE feature 0x020: 'AVX-512 opmask'
Mar  9 10:40:56 Client01 kernel: [    0.000000] x86/fpu: Supporting XSAVE feature 0x040: 'AVX-512 Hi256'
Mar  9 10:40:56 Client01 systemd[1]: Reached target Network (Pre).
Mar  9 10:40:56 Client01 kernel: [    0.000000] x86/fpu: Supporting XSAVE feature 0x080: 'AVX-512 ZMM_Hi256'
Mar  9 10:40:56 Client01 kernel: [    0.000000] x86/fpu: xstate_offset[2]:  576, xstate_sizes[2]:  256
Mar  9 10:40:56 Client01 kernel: [    0.000000] x86/fpu: xstate_offset[3]:  832, xstate_sizes[3]:   64
Mar  9 10:40:56 Client01 systemd[1]: Starting Network Service...
Mar  9 10:40:56 Client01 kernel: [    0.000000] x86/fpu: xstate_offset[4]:  896, xstate_sizes[4]:   64
Mar  9 10:40:56 Client01 kernel: [    0.000000] x86/fpu: xstate_offset[5]:  960, xstate_sizes[5]:   64
Mar  9 10:40:56 Client01 kernel: [    0.000000] x86/fpu: xstate_offset[6]: 1024, xstate_sizes[6]:  512
Mar  9 10:40:56 Client01 kernel: [    0.000000] x86/fpu: xstate_offset[7]: 1536, xstate_sizes[7]: 1024
Mar  9 10:40:56 Client01 systemd-networkd[894]: Enumeration completed
Mar  9 10:40:56 Client01 kernel: [    0.000000] x86/fpu: Enabled xstate features 0xff, context size is 2560 bytes, using 'compacted' format.
Mar  9 10:40:56 Client01 kernel: [    0.000000] BIOS-provided physical RAM map:
Mar  9 10:40:56 Client01 kernel: [    0.000000] BIOS-e820: [mem 0x0000000000000000-0x000000000009fbff] usable
Mar  9 10:40:56 Client01 kernel: [    0.000000] BIOS-e820: [mem 0x000000000009fc00-0x000000000009ffff] reserved
Mar  9 10:40:56 Client01 kernel: [    0.000000] BIOS-e820: [mem 0x00000000000e0000-0x00000000000fffff] reserved
Mar  9 10:40:56 Client01 kernel: [    0.000000] BIOS-e820: [mem 0x0000000000100000-0x000000003ffeffff] usable
Mar  9 10:40:56 Client01 systemd-networkd[894]: eth0: Link UP
Mar  9 10:40:56 Client01 kernel: [    0.000000] BIOS-e820: [mem 0x000000003fff0000-0x000000003fffefff] ACPI data
Mar  9 10:40:56 Client01 kernel: [    0.000000] BIOS-e820: [mem 0x000000003ffff000-0x000000003fffffff] ACPI NVS
Mar  9 10:40:56 Client01 kernel: [    0.000000] BIOS-e820: [mem 0x0000000100000000-0x00000002bfffffff] usable
Mar  9 10:40:56 Client01 systemd[1]: Started Network Service.
Mar  9 10:40:56 Client01 kernel: [    0.000000] printk: bootconsole [earlyser0] enabled
Mar  9 10:40:56 Client01 kernel: [    0.000000] NX (Execute Disable) protection: active
Mar  9 10:40:56 Client01 kernel: [    0.000000] SMBIOS 2.3 present.
Mar  9 10:40:56 Client01 kernel: [    0.000000] DMI: Microsoft Corporation Virtual Machine/Virtual Machine, BIOS 090007  06/02/2017
Mar  9 10:40:56 Client01 systemd-networkd[894]: eth0: Gained carrier
Mar  9 10:40:56 Client01 kernel: [    0.000000] Hypervisor detected: Microsoft Hyper-V
Mar  9 10:40:56 Client01 kernel: [    0.000000] Hyper-V: features 0x2e7f, hints 0x44c2c
Mar  9 10:40:56 Client01 kernel: [    0.000000] Hyper-V Host Build:14393-10.0-0-0.305
Mar  9 10:40:56 Client01 systemd-timesyncd[751]: Network configuration changed, trying to establish connection.
Mar  9 10:40:56 Client01 kernel: [    0.000000] Hyper-V: LAPIC Timer Frequency: 0xc3500
Mar  9 10:40:56 Client01 kernel: [    0.000000] tsc: Marking TSC unstable due to running on Hyper-V
Mar  9 10:40:56 Client01 kernel: [    0.000000] Hyper-V: Using hypercall for remote TLB flush
Mar  9 10:40:56 Client01 kernel: [    0.000000] tsc: Detected 2095.196 MHz processor
Mar  9 10:40:56 Client01 kernel: [    0.001599] e820: update [mem 0x00000000-0x00000fff] usable ==> reserved
Mar  9 10:40:56 Client01 kernel: [    0.001601] e820: remove [mem 0x000a0000-0x000fffff] usable
Mar  9 10:40:56 Client01 kernel: [    0.001606] last_pfn = 0x2c0000 max_arch_pfn = 0x400000000
Mar  9 10:40:56 Client01 kernel: [    0.006071] MTRR default type: uncachable
Mar  9 10:40:56 Client01 kernel: [    0.006072] MTRR fixed ranges enabled:
Mar  9 10:40:56 Client01 kernel: [    0.006073]   00000-9FFFF write-back
Mar  9 10:40:56 Client01 kernel: [    0.006074]   A0000-DFFFF uncachable
Mar  9 10:40:56 Client01 kernel: [    0.006074]   E0000-FFFFF write-back
Mar  9 10:40:56 Client01 kernel: [    0.006075] MTRR variable ranges enabled:
Mar  9 10:40:56 Client01 kernel: [    0.006076]   0 base 00000000000 mask FFFC0000000 write-back
Mar  9 10:40:56 Client01 kernel: [    0.006077]   1 base 00100000000 mask FF000000000 write-back
Mar  9 10:40:56 Client01 kernel: [    0.006078]   2 disabled
Mar  9 10:40:56 Client01 kernel: [    0.006078]   3 disabled
Mar  9 10:40:56 Client01 kernel: [    0.006079]   4 disabled
Mar  9 10:40:56 Client01 kernel: [    0.006079]   5 disabled
Mar  9 10:40:56 Client01 kernel: [    0.006080]   6 disabled
Mar  9 10:40:56 Client01 kernel: [    0.006080]   7 disabled
Mar  9 10:40:56 Client01 kernel: [    0.006092] x86/PAT: Configuration [0-7]: WB  WC  UC- UC  WB  WP  UC- WT  
Mar  9 10:40:56 Client01 kernel: [    0.011589] e820: update [mem 0x40000000-0xffffffff] usable ==> reserved
Mar  9 10:40:56 Client01 kernel: [    0.014324] last_pfn = 0x3fff0 max_arch_pfn = 0x400000000
Mar  9 10:40:56 Client01 kernel: [    0.026971] found SMP MP-table at [mem 0x000ff780-0x000ff78f]
Mar  9 10:40:56 Client01 kernel: [    0.031566] check: Scanning 1 areas for low memory corruption
Mar  9 10:40:56 Client01 kernel: [    0.036223] Using GB pages for direct mapping
Mar  9 10:40:56 Client01 systemd-networkd[894]: eth0: Link DOWN
Mar  9 10:40:56 Client01 kernel: [    0.039911] BRK [0x15f002000, 0x15f002fff] PGTABLE
Mar  9 10:40:56 Client01 kernel: [    0.039914] BRK [0x15f003000, 0x15f003fff] PGTABLE
Mar  9 10:40:56 Client01 kernel: [    0.039915] BRK [0x15f004000, 0x15f004fff] PGTABLE
Mar  9 10:40:56 Client01 kernel: [    0.039945] BRK [0x15f005000, 0x15f005fff] PGTABLE
Mar  9 10:40:56 Client01 kernel: [    0.040017] BRK [0x15f006000, 0x15f006fff] PGTABLE
Mar  9 10:40:56 Client01 kernel: [    0.040052] RAMDISK: [mem 0x3598f000-0x36cbefff]
Mar  9 10:40:56 Client01 kernel: [    0.043725] ACPI: Early table checksum verification disabled
Mar  9 10:40:56 Client01 kernel: [    0.048534] ACPI: RSDP 0x00000000000F5BF0 000014 (v00 ACPIAM)
Mar  9 10:40:56 Client01 systemd-networkd[894]: eth0: Lost carrier
Mar  9 10:40:56 Client01 kernel: [    0.052984] ACPI: RSDT 0x000000003FFF0000 000040 (v01 VRTUAL MICROSFT 06001702 MSFT 00000097)
Mar  9 10:40:56 Client01 kernel: [    0.059947] ACPI: FACP 0x000000003FFF0200 000081 (v02 VRTUAL MICROSFT 06001702 MSFT 00000097)
Mar  9 10:40:56 Client01 kernel: [    0.066986] ACPI: DSDT 0x000000003FFF1D24 003CBE (v01 MSFTVM MSFTVM02 00000002 INTL 02002026)
Mar  9 10:40:56 Client01 kernel: [    0.074016] ACPI: FACS 0x000000003FFFF000 000040
Mar  9 10:40:56 Client01 kernel: [    0.077826] ACPI: WAET 0x000000003FFF1A80 000028 (v01 VRTUAL MICROSFT 06001702 MSFT 00000097)
Mar  9 10:40:56 Client01 systemd-networkd[894]: eth0: Removing non-existent address: fe80::20d:3aff:fe22:d5e/64 (valid forever), ignoring
Mar  9 10:40:56 Client01 kernel: [    0.084836] ACPI: SLIC 0x000000003FFF1AC0 000176 (v01 VRTUAL MICROSFT 06001702 MSFT 00000097)
Mar  9 10:40:56 Client01 kernel: [    0.091967] ACPI: OEM0 0x000000003FFF1CC0 000064 (v01 VRTUAL MICROSFT 06001702 MSFT 00000097)
Mar  9 10:40:56 Client01 kernel: [    0.098839] ACPI: SRAT 0x000000003FFF0800 000140 (v02 VRTUAL MICROSFT 00000001 MSFT 00000001)
Mar  9 10:40:56 Client01 kernel: [    0.105728] ACPI: APIC 0x000000003FFF0300 000452 (v01 VRTUAL MICROSFT 06001702 MSFT 00000097)
Mar  9 10:40:56 Client01 kernel: [    0.112271] ACPI: OEMB 0x000000003FFFF040 000064 (v01 VRTUAL MICROSFT 06001702 MSFT 00000097)
Mar  9 10:40:56 Client01 systemd-networkd[894]: eth0: IPv6 successfully enabled
Mar  9 10:40:56 Client01 kernel: [    0.118771] ACPI: Local APIC address 0xfee00000
Mar  9 10:40:56 Client01 kernel: [    0.118824] SRAT: PXM 0 -> APIC 0x00 -> Node 0
Mar  9 10:40:56 Client01 kernel: [    0.122440] SRAT: PXM 0 -> APIC 0x01 -> Node 0
Mar  9 10:40:56 Client01 kernel: [    0.126502] ACPI: SRAT: Node 0 PXM 0 [mem 0x00000000-0x3fffffff] hotplug
Mar  9 10:40:56 Client01 kernel: [    0.131682] ACPI: SRAT: Node 0 PXM 0 [mem 0x100000000-0x2bfffffff] hotplug
Mar  9 10:40:56 Client01 systemd-networkd[894]: lo: Link is not managed by us
Mar  9 10:40:56 Client01 kernel: [    0.137240] ACPI: SRAT: Node 0 PXM 0 [mem 0x2c0200000-0xfdfffffff] hotplug
Mar  9 10:40:56 Client01 kernel: [    0.142360] ACPI: SRAT: Node 0 PXM 0 [mem 0x1000000000-0xffffffffff] hotplug
Mar  9 10:40:56 Client01 kernel: [    0.148230] ACPI: SRAT: Node 0 PXM 0 [mem 0x10000200000-0x1ffffffffff] hotplug
Mar  9 10:40:56 Client01 kernel: [    0.153990] ACPI: SRAT: Node 0 PXM 0 [mem 0x20000200000-0x3ffffffffff] hotplug
Mar  9 10:40:56 Client01 kernel: [    0.159961] NUMA: Node 0 [mem 0x00000000-0x3fffffff] + [mem 0x100000000-0x2bfffffff] -> [mem 0x00000000-0x2bfffffff]
Mar  9 10:40:56 Client01 systemd[1]: Starting Network Name Resolution...
Mar  9 10:40:56 Client01 kernel: [    0.168478] NODE_DATA(0) allocated [mem 0x2bffd5000-0x2bfffffff]
Mar  9 10:40:56 Client01 kernel: [    0.173628] Zone ranges:
Mar  9 10:40:56 Client01 kernel: [    0.175576]   DMA      [mem 0x0000000000001000-0x0000000000ffffff]
Mar  9 10:40:56 Client01 kernel: [    0.180549]   DMA32    [mem 0x0000000001000000-0x00000000ffffffff]
Mar  9 10:40:56 Client01 kernel: [    0.185627]   Normal   [mem 0x0000000100000000-0x00000002bfffffff]
Mar  9 10:40:56 Client01 systemd[1]: Starting Wait for Network to be Configured...
Mar  9 10:40:56 Client01 kernel: [    0.190776]   Device   empty
Mar  9 10:40:56 Client01 kernel: [    0.193267] Movable zone start for each node
Mar  9 10:40:56 Client01 kernel: [    0.197168] Early memory node ranges
Mar  9 10:40:56 Client01 kernel: [    0.200095]   node   0: [mem 0x0000000000001000-0x000000000009efff]
Mar  9 10:40:56 Client01 kernel: [    0.205608]   node   0: [mem 0x0000000000100000-0x000000003ffeffff]
Mar  9 10:40:56 Client01 systemd-networkd[894]: eth0: Link UP
Mar  9 10:40:56 Client01 kernel: [    0.210838]   node   0: [mem 0x0000000100000000-0x00000002bfffffff]
Mar  9 10:40:56 Client01 kernel: [    0.215837] Zeroed struct page in unavailable ranges: 114 pages
Mar  9 10:40:56 Client01 kernel: [    0.215839] Initmem setup node 0 [mem 0x0000000000001000-0x00000002bfffffff]
Mar  9 10:40:56 Client01 systemd-networkd[894]: eth0: Gained carrier
Mar  9 10:40:56 Client01 systemd-resolved[928]: Positive Trust Anchors:
Mar  9 10:40:56 Client01 systemd-resolved[928]: . IN DS 19036 8 2 49aac11d7b6f6446702e54a1607371607a1a41855200fd2ce1cdde32f24e8fb5
Mar  9 10:40:56 Client01 systemd-resolved[928]: . IN DS 20326 8 2 e06d44b80b8f1d39a95c0b0d7c65d08458e880409bbc683457104237c7f8ec8d
Mar  9 10:40:56 Client01 systemd-resolved[928]: Negative trust anchors: 10.in-addr.arpa 16.172.in-addr.arpa 17.172.in-addr.arpa 18.172.in-addr.arpa 19.172.in-addr.arpa 20.172.in-addr.arpa 21.172.in-addr.arpa 22.172.in-addr.arpa 23.172.in-addr.arpa 24.172.in-addr.arpa 25.172.in-addr.arpa 26.172.in-addr.arpa 27.172.in-addr.arpa 28.172.in-addr.arpa 29.172.in-addr.arpa 30.172.in-addr.arpa 31.172.in-addr.arpa 168.192.in-addr.arpa d.f.ip6.arpa corp home internal intranet lan local private test
Mar  9 10:40:56 Client01 systemd-resolved[928]: Using system hostname 'Client01'.
Mar  9 10:40:56 Client01 systemd[1]: Started Network Name Resolution.
Mar  9 10:40:56 Client01 systemd[1]: Reached target Host and Network Name Lookups.
Mar  9 10:40:56 Client01 systemd[1]: Reached target Network.
Mar  9 10:40:56 Client01 systemd-networkd[894]: eth0: DHCPv4 address 10.0.0.6/8 via 10.0.0.1
Mar  9 10:40:56 Client01 kernel: [    0.226521] On node 0 totalpages: 2097038
Mar  9 10:40:56 Client01 kernel: [    0.226522]   DMA zone: 64 pages used for memmap
Mar  9 10:40:56 Client01 kernel: [    0.226522]   DMA zone: 21 pages reserved
Mar  9 10:40:56 Client01 kernel: [    0.226523]   DMA zone: 3998 pages, LIFO batch:0
Mar  9 10:40:56 Client01 kernel: [    0.226622]   DMA32 zone: 4032 pages used for memmap
Mar  9 10:40:56 Client01 kernel: [    0.226623]   DMA32 zone: 258032 pages, LIFO batch:63
Mar  9 10:40:56 Client01 kernel: [    0.235102]   Normal zone: 28672 pages used for memmap
Mar  9 10:40:56 Client01 kernel: [    0.235103]   Normal zone: 1835008 pages, LIFO batch:63
Mar  9 10:40:56 Client01 kernel: [    0.282524] ACPI: PM-Timer IO Port: 0x408
Mar  9 10:40:56 Client01 kernel: [    0.286240] ACPI: Local APIC address 0xfee00000
Mar  9 10:40:56 Client01 kernel: [    0.286251] ACPI: LAPIC_NMI (acpi_id[0xff] dfl dfl lint[0x1])
Mar  9 10:40:56 Client01 kernel: [    0.292286] IOAPIC[0]: apic_id 0, version 17, address 0xfec00000, GSI 0-23
Mar  9 10:40:56 Client01 kernel: [    0.297933] ACPI: INT_SRC_OVR (bus 0 bus_irq 0 global_irq 2 dfl dfl)
Mar  9 10:40:56 Client01 kernel: [    0.302950] ACPI: INT_SRC_OVR (bus 0 bus_irq 9 global_irq 9 high level)
Mar  9 10:40:56 Client01 kernel: [    0.308342] ACPI: IRQ0 used by override.
Mar  9 10:40:56 Client01 kernel: [    0.308343] ACPI: IRQ9 used by override.
Mar  9 10:40:56 Client01 kernel: [    0.308346] Using ACPI (MADT) for SMP configuration information
Mar  9 10:40:56 Client01 kernel: [    0.313187] smpboot: Allowing 128 CPUs, 126 hotplug CPUs
Mar  9 10:40:56 Client01 kernel: [    0.317189] PM: Registered nosave memory: [mem 0x00000000-0x00000fff]
Mar  9 10:40:56 Client01 kernel: [    0.322727] PM: Registered nosave memory: [mem 0x0009f000-0x0009ffff]
Mar  9 10:40:56 Client01 kernel: [    0.327927] PM: Registered nosave memory: [mem 0x000a0000-0x000dffff]
Mar  9 10:40:56 Client01 kernel: [    0.332979] PM: Registered nosave memory: [mem 0x000e0000-0x000fffff]
Mar  9 10:40:56 Client01 kernel: [    0.338315] PM: Registered nosave memory: [mem 0x3fff0000-0x3fffefff]
Mar  9 10:40:56 Client01 kernel: [    0.348453] PM: Registered nosave memory: [mem 0x3ffff000-0x3fffffff]
Mar  9 10:40:56 Client01 kernel: [    0.353695] PM: Registered nosave memory: [mem 0x40000000-0xffffffff]
Mar  9 10:40:56 Client01 kernel: [    0.359105] [mem 0x40000000-0xffffffff] available for PCI devices
Mar  9 10:40:56 Client01 kernel: [    0.364227] Booting paravirtualized kernel on bare hardware
Mar  9 10:40:56 Client01 kernel: [    0.368737] clocksource: refined-jiffies: mask: 0xffffffff max_cycles: 0xffffffff, max_idle_ns: 7645519600211568 ns
Mar  9 10:40:56 Client01 kernel: [    0.378491] random: get_random_bytes called from start_kernel+0x93/0x503 with crng_init=0
Mar  9 10:40:56 Client01 kernel: [    0.384936] setup_percpu: NR_CPUS:8192 nr_cpumask_bits:128 nr_cpu_ids:128 nr_node_ids:1
Mar  9 10:40:56 Client01 kernel: [    0.399203] percpu: Embedded 45 pages/cpu s147456 r8192 d28672 u262144
Mar  9 10:40:56 Client01 kernel: [    0.404540] pcpu-alloc: s147456 r8192 d28672 u262144 alloc=1*2097152
Mar  9 10:40:56 Client01 kernel: [    0.404541] pcpu-alloc: [0] 000 001 002 003 004 005 006 007 
Mar  9 10:40:56 Client01 kernel: [    0.404544] pcpu-alloc: [0] 008 009 010 011 012 013 014 015 
Mar  9 10:40:56 Client01 kernel: [    0.404546] pcpu-alloc: [0] 016 017 018 019 020 021 022 023 
Mar  9 10:40:56 Client01 kernel: [    0.404548] pcpu-alloc: [0] 024 025 026 027 028 029 030 031 
Mar  9 10:40:56 Client01 kernel: [    0.404550] pcpu-alloc: [0] 032 033 034 035 036 037 038 039 
Mar  9 10:40:56 Client01 kernel: [    0.404551] pcpu-alloc: [0] 040 041 042 043 044 045 046 047 
Mar  9 10:40:56 Client01 kernel: [    0.404553] pcpu-alloc: [0] 048 049 050 051 052 053 054 055 
Mar  9 10:40:56 Client01 kernel: [    0.404555] pcpu-alloc: [0] 056 057 058 059 060 061 062 063 
Mar  9 10:40:56 Client01 kernel: [    0.404557] pcpu-alloc: [0] 064 065 066 067 068 069 070 071 
Mar  9 10:40:56 Client01 kernel: [    0.404559] pcpu-alloc: [0] 072 073 074 075 076 077 078 079 
Mar  9 10:40:56 Client01 kernel: [    0.404561] pcpu-alloc: [0] 080 081 082 083 084 085 086 087 
Mar  9 10:40:56 Client01 kernel: [    0.404562] pcpu-alloc: [0] 088 089 090 091 092 093 094 095 
Mar  9 10:40:56 Client01 kernel: [    0.404564] pcpu-alloc: [0] 096 097 098 099 100 101 102 103 
Mar  9 10:40:56 Client01 kernel: [    0.404566] pcpu-alloc: [0] 104 105 106 107 108 109 110 111 
Mar  9 10:40:56 Client01 kernel: [    0.404568] pcpu-alloc: [0] 112 113 114 115 116 117 118 119 
Mar  9 10:40:56 Client01 kernel: [    0.404569] pcpu-alloc: [0] 120 121 122 123 124 125 126 127 
Mar  9 10:40:56 Client01 kernel: [    0.404598] Hyper-V: PV spinlocks enabled
Mar  9 10:40:56 Client01 kernel: [    0.407923] PV qspinlock hash table entries: 512 (order: 1, 8192 bytes)
Mar  9 10:40:56 Client01 kernel: [    0.413381] Built 1 zonelists, mobility grouping on.  Total pages: 2064249
Mar  9 10:40:56 Client01 kernel: [    0.418779] Policy zone: Normal
Mar  9 10:40:56 Client01 kernel: [    0.421253] Kernel command line: BOOT_IMAGE=/boot/vmlinuz-5.0.0-1032-azure root=UUID=5604f71e-1e5f-443c-a99e-b82bb5c201df ro console=tty1 console=ttyS0 earlyprintk=ttyS0 rootdelay=300
Mar  9 10:40:56 Client01 kernel: [    0.434696] printk: log_buf_len individual max cpu contribution: 4096 bytes
Mar  9 10:40:56 Client01 kernel: [    0.440407] printk: log_buf_len total cpu_extra contributions: 520192 bytes
Mar  9 10:40:56 Client01 kernel: [    0.445912] printk: log_buf_len min size: 262144 bytes
Mar  9 10:40:56 Client01 kernel: [    0.450313] printk: log_buf_len: 1048576 bytes
Mar  9 10:40:56 Client01 kernel: [    0.453751] printk: early log buf free: 251180(95%)
Mar  9 10:40:56 Client01 kernel: [    0.470075] Calgary: detecting Calgary via BIOS EBDA area
Mar  9 10:40:56 Client01 kernel: [    0.470077] Calgary: Unable to locate Rio Grande table in EBDA - bailing!
Mar  9 10:40:56 Client01 kernel: [    0.488960] Memory: 8118156K/8388152K available (12292K kernel code, 2233K rwdata, 3944K rodata, 2360K init, 5524K bss, 269996K reserved, 0K cma-reserved)
Mar  9 10:40:56 Client01 kernel: [    0.501662] SLUB: HWalign=64, Order=0-3, MinObjects=0, CPUs=128, Nodes=1
Mar  9 10:40:56 Client01 kernel: [    0.507148] Kernel/User page tables isolation: enabled
Mar  9 10:40:56 Client01 kernel: [    0.511284] ftrace: allocating 38709 entries in 152 pages
Mar  9 10:40:56 Client01 kernel: [    0.532206] rcu: Hierarchical RCU implementation.
Mar  9 10:40:56 Client01 kernel: [    0.535833] rcu: 	RCU restricting CPUs from NR_CPUS=8192 to nr_cpu_ids=128.
Mar  9 10:40:56 Client01 kernel: [    0.541305] 	Tasks RCU enabled.
Mar  9 10:40:56 Client01 kernel: [    0.543721] rcu: RCU calculated value of scheduler-enlistment delay is 25 jiffies.
Mar  9 10:40:56 Client01 kernel: [    0.550303] rcu: Adjusting geometry for rcu_fanout_leaf=16, nr_cpu_ids=128
Mar  9 10:40:56 Client01 kernel: [    0.558907] NR_IRQS: 524544, nr_irqs: 1448, preallocated irqs: 16
Mar  9 10:40:56 Client01 kernel: [    0.571936] Console: colour VGA+ 80x25
Mar  9 10:40:56 Client01 kernel: [    1.294646] printk: console [tty1] enabled
Mar  9 10:40:56 Client01 kernel: [    1.299123] printk: console [ttyS0] enabled
Mar  9 10:40:56 Client01 kernel: [    1.306428] printk: bootconsole [earlyser0] disabled
Mar  9 10:40:56 Client01 kernel: [    1.315118] ACPI: Core revision 20181213
Mar  9 10:40:56 Client01 kernel: [    1.318995] APIC: Switch to symmetric I/O mode setup
Mar  9 10:40:56 Client01 kernel: [    1.323666] Switched APIC routing to physical flat.
Mar  9 10:40:56 Client01 kernel: [    1.328375] Hyper-V: Using IPI hypercalls
Mar  9 10:40:56 Client01 kernel: [    1.332140] Hyper-V: Using enlightened APIC (xapic mode)
Mar  9 10:40:56 Client01 kernel: [    1.332148] clocksource: hyperv_clocksource_tsc_page: mask: 0xffffffffffffffff max_cycles: 0x24e6a1710, max_idle_ns: 440795202120 ns
Mar  9 10:40:56 Client01 kernel: [    1.375344] Calibrating delay loop (skipped), value calculated using timer frequency.. 4190.39 BogoMIPS (lpj=8380784)
Mar  9 10:40:56 Client01 kernel: [    1.379329] pid_max: default: 131072 minimum: 1024
Mar  9 10:40:56 Client01 kernel: [    1.379329] LSM: Security Framework initializing
Mar  9 10:40:56 Client01 kernel: [    1.379329] Yama: becoming mindful.
Mar  9 10:40:56 Client01 kernel: [    1.379329] AppArmor: AppArmor initialized
Mar  9 10:40:56 Client01 kernel: [    1.379329] Dentry cache hash table entries: 1048576 (order: 11, 8388608 bytes)
Mar  9 10:40:56 Client01 kernel: [    1.379329] Inode-cache hash table entries: 524288 (order: 10, 4194304 bytes)
Mar  9 10:40:56 Client01 kernel: [    1.379329] Mount-cache hash table entries: 16384 (order: 5, 131072 bytes)
Mar  9 10:40:56 Client01 kernel: [    1.379329] Mountpoint-cache hash table entries: 16384 (order: 5, 131072 bytes)
Mar  9 10:40:56 Client01 kernel: [    1.379329] Last level iTLB entries: 4KB 64, 2MB 8, 4MB 8
Mar  9 10:40:56 Client01 kernel: [    1.379329] Last level dTLB entries: 4KB 64, 2MB 0, 4MB 0, 1GB 4
Mar  9 10:40:56 Client01 kernel: [    1.379329] Spectre V1 : Mitigation: usercopy/swapgs barriers and __user pointer sanitization
Mar  9 10:40:56 Client01 kernel: [    1.379329] Spectre V2 : Mitigation: Full generic retpoline
Mar  9 10:40:56 Client01 kernel: [    1.379329] Spectre V2 : Spectre v2 / SpectreRSB mitigation: Filling RSB on context switch
Mar  9 10:40:56 Client01 kernel: [    1.379329] Speculative Store Bypass: Vulnerable
Mar  9 10:40:56 Client01 kernel: [    1.379329] TAA: Vulnerable: Clear CPU buffers attempted, no microcode
Mar  9 10:40:56 Client01 kernel: [    1.379329] MDS: Vulnerable: Clear CPU buffers attempted, no microcode
Mar  9 10:40:56 Client01 kernel: [    1.379329] Freeing SMP alternatives memory: 36K
Mar  9 10:40:56 Client01 kernel: [    1.379329] smpboot: CPU0: Intel(R) Xeon(R) Platinum 8171M CPU @ 2.60GHz (family: 0x6, model: 0x55, stepping: 0x4)
Mar  9 10:40:56 Client01 kernel: [    1.379564] Performance Events: unsupported p6 CPU model 85 no PMU driver, software events only.
Mar  9 10:40:56 Client01 kernel: [    1.383377] rcu: Hierarchical SRCU implementation.
Mar  9 10:40:56 Client01 kernel: [    1.388534] random: crng done (trusting CPU's manufacturer)
Mar  9 10:40:56 Client01 kernel: [    1.391369] NMI watchdog: Perf NMI watchdog permanently disabled
Mar  9 10:40:56 Client01 kernel: [    1.396667] smp: Bringing up secondary CPUs ...
Mar  9 10:40:56 Client01 kernel: [    1.399461] x86: Booting SMP configuration:
Mar  9 10:40:56 Client01 kernel: [    1.403333] .... node  #0, CPUs:          #1
Mar  9 10:40:56 Client01 kernel: [    1.405506] MDS CPU bug present and SMT on, data leak possible. See https://www.kernel.org/doc/html/latest/admin-guide/hw-vuln/mds.html for more details.
Mar  9 10:40:56 Client01 kernel: [    1.411332] TAA CPU bug present and SMT on, data leak possible. See https://www.kernel.org/doc/html/latest/admin-guide/hw-vuln/tsx_async_abort.html for more details.
Mar  9 10:40:56 Client01 kernel: [    1.415334] smp: Brought up 1 node, 2 CPUs
Mar  9 10:40:56 Client01 kernel: [    1.419332] smpboot: Max logical packages: 64
Mar  9 10:40:56 Client01 kernel: [    1.423332] smpboot: Total of 2 processors activated (8380.78 BogoMIPS)
Mar  9 10:40:56 Client01 kernel: [    1.428145] devtmpfs: initialized
Mar  9 10:40:56 Client01 kernel: [    1.431397] x86/mm: Memory block size: 128MB
Mar  9 10:40:56 Client01 kernel: [    1.435978] PM: Registering ACPI NVS region [mem 0x3ffff000-0x3fffffff] (4096 bytes)
Mar  9 10:40:56 Client01 kernel: [    1.443490] clocksource: jiffies: mask: 0xffffffff max_cycles: 0xffffffff, max_idle_ns: 7645041785100000 ns
Mar  9 10:40:56 Client01 kernel: [    1.447410] futex hash table entries: 32768 (order: 9, 2097152 bytes)
Mar  9 10:40:56 Client01 kernel: [    1.452018] pinctrl core: initialized pinctrl subsystem
Mar  9 10:40:56 Client01 kernel: [    1.476112] RTC time: 10:40:16, date: 2020-03-09
Mar  9 10:40:56 Client01 kernel: [    1.479709] NET: Registered protocol family 16
Mar  9 10:40:56 Client01 kernel: [    1.483427] audit: initializing netlink subsys (disabled)
Mar  9 10:40:56 Client01 kernel: [    1.487368] audit: type=2000 audit(1583750415.112:1): state=initialized audit_enabled=0 res=1
Mar  9 10:40:56 Client01 kernel: [    1.487471] EISA bus registered
Mar  9 10:40:56 Client01 kernel: [    1.495360] cpuidle: using governor ladder
Mar  9 10:40:56 Client01 kernel: [    1.499351] cpuidle: using governor menu
Mar  9 10:40:56 Client01 kernel: [    1.503426] ACPI: bus type PCI registered
Mar  9 10:40:56 Client01 kernel: [    1.507332] acpiphp: ACPI Hot Plug PCI Controller Driver version: 0.5
Mar  9 10:40:56 Client01 kernel: [    1.511576] PCI: Using configuration type 1 for base access
Mar  9 10:40:56 Client01 kernel: [    1.519482] HugeTLB registered 1.00 GiB page size, pre-allocated 0 pages
Mar  9 10:40:56 Client01 kernel: [    1.523340] HugeTLB registered 2.00 MiB page size, pre-allocated 0 pages
Mar  9 10:40:56 Client01 kernel: [    1.527606] ACPI: Added _OSI(Module Device)
Mar  9 10:40:56 Client01 kernel: [    1.531338] ACPI: Added _OSI(Processor Device)
Mar  9 10:40:56 Client01 kernel: [    1.535339] ACPI: Added _OSI(3.0 _SCP Extensions)
Mar  9 10:40:56 Client01 kernel: [    1.539331] ACPI: Added _OSI(Processor Aggregator Device)
Mar  9 10:40:56 Client01 kernel: [    1.543332] ACPI: Added _OSI(Linux-Dell-Video)
Mar  9 10:40:56 Client01 kernel: [    1.547332] ACPI: Added _OSI(Linux-Lenovo-NV-HDMI-Audio)
Mar  9 10:40:56 Client01 kernel: [    1.551333] ACPI: Added _OSI(Linux-HPI-Hybrid-Graphics)
Mar  9 10:40:56 Client01 kernel: [    1.556735] ACPI: 1 ACPI AML tables successfully acquired and loaded
Mar  9 10:40:56 Client01 kernel: [    1.564883] ACPI: Interpreter enabled
Mar  9 10:40:56 Client01 kernel: [    1.567346] ACPI: (supports S0 S5)
Mar  9 10:40:56 Client01 kernel: [    1.570158] ACPI: Using IOAPIC for interrupt routing
Mar  9 10:40:56 Client01 kernel: [    1.575361] PCI: Using host bridge windows from ACPI; if necessary, use "pci=nocrs" and report a bug
Mar  9 10:40:56 Client01 kernel: [    1.583635] ACPI: Enabled 1 GPEs in block 00 to 0F
Mar  9 10:40:56 Client01 kernel: [    1.608706] ACPI: PCI Root Bridge [PCI0] (domain 0000 [bus 00-ff])
Mar  9 10:40:56 Client01 kernel: [    1.615336] acpi PNP0A03:00: _OSC: OS supports [ASPM ClockPM Segments MSI]
Mar  9 10:40:56 Client01 kernel: [    1.619346] acpi PNP0A03:00: fail to add MMCONFIG information, can't access extended PCI configuration space under this bridge.
Mar  9 10:40:56 Client01 kernel: [    1.631585] PCI host bridge to bus 0000:00
Mar  9 10:40:56 Client01 kernel: [    1.631585] pci_bus 0000:00: root bus resource [mem 0xfe0000000-0xfffffffff window]
Mar  9 10:40:56 Client01 kernel: [    1.643335] pci_bus 0000:00: root bus resource [io  0x0000-0x0cf7 window]
Mar  9 10:40:56 Client01 kernel: [    1.647343] pci_bus 0000:00: root bus resource [io  0x0d00-0xffff window]
Mar  9 10:40:56 Client01 kernel: [    1.655332] pci_bus 0000:00: root bus resource [mem 0x000a0000-0x000bffff window]
Mar  9 10:40:56 Client01 kernel: [    1.663332] pci_bus 0000:00: root bus resource [mem 0x40000000-0xfffbffff window]
Mar  9 10:40:56 Client01 kernel: [    1.667333] pci_bus 0000:00: root bus resource [bus 00-ff]
Mar  9 10:40:56 Client01 kernel: [    1.671524] pci 0000:00:00.0: [8086:7192] type 00 class 0x060000
Mar  9 10:40:56 Client01 kernel: [    1.678934] pci 0000:00:07.0: [8086:7110] type 00 class 0x060100
Mar  9 10:40:56 Client01 kernel: [    1.682690] pci 0000:00:07.1: [8086:7111] type 00 class 0x010180
Mar  9 10:40:56 Client01 kernel: [    1.685423] pci 0000:00:07.1: reg 0x20: [io  0xffa0-0xffaf]
Mar  9 10:40:56 Client01 kernel: [    1.686590] pci 0000:00:07.1: legacy IDE quirk: reg 0x10: [io  0x01f0-0x01f7]
Mar  9 10:40:56 Client01 kernel: [    1.691334] pci 0000:00:07.1: legacy IDE quirk: reg 0x14: [io  0x03f6]
Mar  9 10:40:56 Client01 kernel: [    1.699332] pci 0000:00:07.1: legacy IDE quirk: reg 0x18: [io  0x0170-0x0177]
Mar  9 10:40:56 Client01 kernel: [    1.703333] pci 0000:00:07.1: legacy IDE quirk: reg 0x1c: [io  0x0376]
Mar  9 10:40:56 Client01 kernel: [    1.708124] pci 0000:00:07.3: [8086:7113] type 00 class 0x068000
Mar  9 10:40:56 Client01 kernel: [    1.708169] * Found PM-Timer Bug on the chipset. Due to workarounds for a bug,
Mar  9 10:40:56 Client01 kernel: [    1.708169] * this clock source is slow. Consider trying other clock sources
Mar  9 10:40:56 Client01 kernel: [    1.719336] pci 0000:00:07.3: acpi_pm_check_blacklist+0x0/0x40 took 11718 usecs
Mar  9 10:40:56 Client01 kernel: [    1.726297] pci 0000:00:07.3: quirk: [io  0x0400-0x043f] claimed by PIIX4 ACPI
Mar  9 10:40:56 Client01 kernel: [    1.736275] pci 0000:00:08.0: [1414:5353] type 00 class 0x030000
Mar  9 10:40:56 Client01 kernel: [    1.736992] pci 0000:00:08.0: reg 0x10: [mem 0xf8000000-0xfbffffff]
Mar  9 10:40:56 Client01 kernel: [    1.762595] ACPI: PCI Interrupt Link [LNKA] (IRQs 3 4 5 7 9 10 *11 12 14 15)
Mar  9 10:40:56 Client01 kernel: [    1.771879] ACPI: PCI Interrupt Link [LNKB] (IRQs 3 4 5 7 9 10 11 12 14 15) *0, disabled.
Mar  9 10:40:56 Client01 kernel: [    1.779594] ACPI: PCI Interrupt Link [LNKC] (IRQs 3 4 5 7 9 10 11 12 14 15) *0, disabled.
Mar  9 10:40:56 Client01 kernel: [    1.787596] ACPI: PCI Interrupt Link [LNKD] (IRQs 3 4 5 7 9 10 11 12 14 15) *0, disabled.
Mar  9 10:40:56 Client01 kernel: [    1.795788] SCSI subsystem initialized
Mar  9 10:40:56 Client01 kernel: [    1.799415] libata version 3.00 loaded.
Mar  9 10:40:56 Client01 kernel: [    1.799420] pci 0000:00:08.0: vgaarb: setting as boot VGA device
Mar  9 10:40:56 Client01 kernel: [    1.803329] pci 0000:00:08.0: vgaarb: VGA device added: decodes=io+mem,owns=io+mem,locks=none
Mar  9 10:40:56 Client01 kernel: [    1.803334] pci 0000:00:08.0: vgaarb: bridge control possible
Mar  9 10:40:56 Client01 kernel: [    1.807331] vgaarb: loaded
Mar  9 10:40:56 Client01 kernel: [    1.810228] pps_core: LinuxPPS API ver. 1 registered
Mar  9 10:40:56 Client01 kernel: [    1.811331] pps_core: Software ver. 5.3.6 - Copyright 2005-2007 Rodolfo Giometti <giometti@linux.it>
Mar  9 10:40:56 Client01 kernel: [    1.815338] PTP clock support registered
Mar  9 10:40:56 Client01 kernel: [    1.819431] EDAC MC: Ver: 3.0.0
Mar  9 10:40:56 Client01 kernel: [    1.823970] hv_vmbus: Vmbus version:4.0
Mar  9 10:40:56 Client01 kernel: [    1.827395] PCI: Using ACPI for IRQ routing
Mar  9 10:40:56 Client01 kernel: [    1.831329] PCI: pci_cache_line_size set to 64 bytes
Mar  9 10:40:56 Client01 kernel: [    1.831329] e820: reserve RAM buffer [mem 0x0009fc00-0x0009ffff]
Mar  9 10:40:56 Client01 kernel: [    1.831329] e820: reserve RAM buffer [mem 0x3fff0000-0x3fffffff]
Mar  9 10:40:56 Client01 kernel: [    1.831329] NetLabel: Initializing
Mar  9 10:40:56 Client01 kernel: [    1.835335] NetLabel:  domain hash size = 128
Mar  9 10:40:56 Client01 kernel: [    1.839165] NetLabel:  protocols = UNLABELED CIPSOv4 CALIPSO
Mar  9 10:40:56 Client01 kernel: [    1.843355] NetLabel:  unlabeled traffic allowed by default
Mar  9 10:40:56 Client01 kernel: [    1.847409] clocksource: Switched to clocksource hyperv_clocksource_tsc_page
Mar  9 10:40:56 Client01 kernel: [    1.874070] VFS: Disk quotas dquot_6.6.0
Mar  9 10:40:56 Client01 kernel: [    1.878090] VFS: Dquot-cache hash table entries: 512 (order 0, 4096 bytes)
Mar  9 10:40:56 Client01 kernel: [    1.884650] AppArmor: AppArmor Filesystem Enabled
Mar  9 10:40:56 Client01 kernel: [    1.889887] pnp: PnP ACPI init
Mar  9 10:40:56 Client01 kernel: [    1.892904] pnp 00:00: Plug and Play ACPI device, IDs PNP0b00 (active)
Mar  9 10:40:56 Client01 kernel: [    1.892950] pnp 00:01: Plug and Play ACPI device, IDs PNP0303 PNP030b (active)
Mar  9 10:40:56 Client01 kernel: [    1.892990] pnp 00:02: Plug and Play ACPI device, IDs PNP0f03 PNP0f13 (active)
Mar  9 10:40:56 Client01 kernel: [    1.893804] pnp 00:03: [dma 0 disabled]
Mar  9 10:40:56 Client01 kernel: [    1.893825] pnp 00:03: Plug and Play ACPI device, IDs PNP0501 (active)
Mar  9 10:40:56 Client01 kernel: [    1.894665] pnp 00:04: [dma 0 disabled]
Mar  9 10:40:56 Client01 kernel: [    1.894685] pnp 00:04: Plug and Play ACPI device, IDs PNP0501 (active)
Mar  9 10:40:56 Client01 kernel: [    1.895554] pnp 00:05: [dma 2]
Mar  9 10:40:56 Client01 kernel: [    1.895586] pnp 00:05: Plug and Play ACPI device, IDs PNP0700 (active)
Mar  9 10:40:56 Client01 kernel: [    1.895625] system 00:06: [io  0x01e0-0x01ef] has been reserved
Mar  9 10:40:56 Client01 kernel: [    1.900558] system 00:06: [io  0x0160-0x016f] has been reserved
Mar  9 10:40:56 Client01 kernel: [    1.905201] system 00:06: [io  0x0278-0x027f] has been reserved
Mar  9 10:40:56 Client01 kernel: [    1.909765] system 00:06: [io  0x0378-0x037f] has been reserved
Mar  9 10:40:56 Client01 kernel: [    1.914625] system 00:06: [io  0x0678-0x067f] has been reserved
Mar  9 10:40:56 Client01 kernel: [    1.919262] system 00:06: [io  0x0778-0x077f] has been reserved
Mar  9 10:40:56 Client01 kernel: [    1.923781] system 00:06: [io  0x04d0-0x04d1] has been reserved
Mar  9 10:40:56 Client01 kernel: [    1.928248] system 00:06: Plug and Play ACPI device, IDs PNP0c02 (active)
Mar  9 10:40:56 Client01 kernel: [    1.928395] system 00:07: [io  0x0400-0x043f] has been reserved
Mar  9 10:40:56 Client01 kernel: [    1.932903] system 00:07: [io  0x0370-0x0371] has been reserved
Mar  9 10:40:56 Client01 kernel: [    1.937355] system 00:07: [io  0x0440-0x044f] has been reserved
Mar  9 10:40:56 Client01 kernel: [    1.941889] system 00:07: [mem 0xfec00000-0xfec00fff] could not be reserved
Mar  9 10:40:56 Client01 kernel: [    1.947409] system 00:07: [mem 0xfee00000-0xfee00fff] has been reserved
Mar  9 10:40:56 Client01 kernel: [    1.952895] system 00:07: Plug and Play ACPI device, IDs PNP0c02 (active)
Mar  9 10:40:56 Client01 kernel: [    1.953015] system 00:08: [mem 0x00000000-0x0009ffff] could not be reserved
Mar  9 10:40:56 Client01 kernel: [    1.958320] system 00:08: [mem 0x000c0000-0x000dffff] could not be reserved
Mar  9 10:40:56 Client01 kernel: [    1.963823] system 00:08: [mem 0x000e0000-0x000fffff] could not be reserved
Mar  9 10:40:56 Client01 kernel: [    1.969177] system 00:08: [mem 0x00100000-0x3fffffff] could not be reserved
Mar  9 10:40:56 Client01 kernel: [    1.974238] system 00:08: [mem 0xfffc0000-0xffffffff] has been reserved
Mar  9 10:40:56 Client01 kernel: [    1.980203] system 00:08: Plug and Play ACPI device, IDs PNP0c01 (active)
Mar  9 10:40:56 Client01 kernel: [    1.980514] pnp: PnP ACPI: found 9 devices
Mar  9 10:40:56 Client01 kernel: [    1.991525] clocksource: acpi_pm: mask: 0xffffff max_cycles: 0xffffff, max_idle_ns: 2085701024 ns
Mar  9 10:40:56 Client01 kernel: [    1.999813] pci_bus 0000:00: resource 4 [mem 0xfe0000000-0xfffffffff window]
Mar  9 10:40:56 Client01 kernel: [    1.999815] pci_bus 0000:00: resource 5 [io  0x0000-0x0cf7 window]
Mar  9 10:40:56 Client01 kernel: [    1.999816] pci_bus 0000:00: resource 6 [io  0x0d00-0xffff window]
Mar  9 10:40:56 Client01 kernel: [    1.999818] pci_bus 0000:00: resource 7 [mem 0x000a0000-0x000bffff window]
Mar  9 10:40:56 Client01 kernel: [    1.999819] pci_bus 0000:00: resource 8 [mem 0x40000000-0xfffbffff window]
Mar  9 10:40:56 Client01 kernel: [    1.999951] NET: Registered protocol family 2
Mar  9 10:40:56 Client01 kernel: [    2.003920] tcp_listen_portaddr_hash hash table entries: 4096 (order: 4, 65536 bytes)
Mar  9 10:40:56 Client01 kernel: [    2.010151] TCP established hash table entries: 65536 (order: 7, 524288 bytes)
Mar  9 10:40:56 Client01 kernel: [    2.015765] TCP bind hash table entries: 65536 (order: 8, 1048576 bytes)
Mar  9 10:40:56 Client01 kernel: [    2.020657] TCP: Hash tables configured (established 65536 bind 65536)
Mar  9 10:40:56 Client01 kernel: [    2.025573] UDP hash table entries: 4096 (order: 5, 131072 bytes)
Mar  9 10:40:56 Client01 kernel: [    2.030461] UDP-Lite hash table entries: 4096 (order: 5, 131072 bytes)
Mar  9 10:40:56 Client01 kernel: [    2.035700] NET: Registered protocol family 1
Mar  9 10:40:56 Client01 kernel: [    2.039317] NET: Registered protocol family 44
Mar  9 10:40:56 Client01 kernel: [    2.042816] pci 0000:00:00.0: Limiting direct PCI/PCI transfers
Mar  9 10:40:56 Client01 kernel: [    2.047645] pci 0000:00:08.0: Video device with shadowed ROM at [mem 0x000c0000-0x000dffff]
Mar  9 10:40:56 Client01 kernel: [    2.053537] PCI: CLS 0 bytes, default 64
Mar  9 10:40:56 Client01 kernel: [    2.053574] Unpacking initramfs...
Mar  9 10:40:56 Client01 kernel: [    2.379097] Freeing initrd memory: 19648K
Mar  9 10:40:56 Client01 kernel: [    2.382509] PCI-DMA: Using software bounce buffering for IO (SWIOTLB)
Mar  9 10:40:56 Client01 kernel: [    2.387805] software IO TLB: mapped [mem 0x3bff0000-0x3fff0000] (64MB)
Mar  9 10:40:56 Client01 kernel: [    2.392984] check: Scanning for low memory corruption every 60 seconds
Mar  9 10:40:56 Client01 kernel: [    2.399935] Initialise system trusted keyrings
Mar  9 10:40:56 Client01 kernel: [    2.404337] Key type blacklist registered
Mar  9 10:40:56 Client01 kernel: [    2.408141] workingset: timestamp_bits=36 max_order=21 bucket_order=0
Mar  9 10:40:56 Client01 kernel: [    2.414176] zbud: loaded
Mar  9 10:40:56 Client01 kernel: [    2.417436] squashfs: version 4.0 (2009/01/31) Phillip Lougher
Mar  9 10:40:56 Client01 kernel: [    2.423273] fuse init (API version 7.28)
Mar  9 10:40:56 Client01 kernel: [    2.459606] Key type asymmetric registered
Mar  9 10:40:56 Client01 kernel: [    2.462915] Asymmetric key parser 'x509' registered
Mar  9 10:40:56 Client01 kernel: [    2.467478] Block layer SCSI generic (bsg) driver version 0.4 loaded (major 243)
Mar  9 10:40:56 Client01 kernel: [    2.473623] shpchp: Standard Hot Plug PCI Controller Driver version: 0.4
Mar  9 10:40:56 Client01 kernel: [    2.479157] intel_idle: Please enable MWAIT in BIOS SETUP
Mar  9 10:40:56 Client01 kernel: [    2.479233] input: Power Button as /devices/LNXSYSTM:00/LNXPWRBN:00/input/input0
Mar  9 10:40:56 Client01 kernel: [    2.485185] ACPI: Power Button [PWRF]
Mar  9 10:40:56 Client01 kernel: [    2.488860] Serial: 8250/16550 driver, 32 ports, IRQ sharing enabled
Mar  9 10:40:56 Client01 kernel: [    2.523297] 00:03: ttyS0 at I/O 0x3f8 (irq = 4, base_baud = 115200) is a 16550A
Mar  9 10:40:56 Client01 kernel: [    2.558893] 00:04: ttyS1 at I/O 0x2f8 (irq = 3, base_baud = 115200) is a 16550A
Mar  9 10:40:56 Client01 kernel: [    2.567314] Linux agpgart interface v0.103
Mar  9 10:40:56 Client01 kernel: [    2.581685] loop: module loaded
Mar  9 10:40:56 Client01 kernel: [    2.584813] hv_vmbus: registering driver hv_storvsc
Mar  9 10:40:56 Client01 kernel: [    2.590297] ata_piix 0000:00:07.1: version 2.13
Mar  9 10:40:56 Client01 kernel: [    2.590607] ata_piix 0000:00:07.1: Hyper-V Virtual Machine detected, ATA device ignore set
Mar  9 10:40:56 Client01 kernel: [    2.591118] scsi host0: storvsc_host_t
Mar  9 10:40:56 Client01 kernel: [    2.605508] scsi host1: ata_piix
Mar  9 10:40:56 Client01 kernel: [    2.609701] scsi 0:0:0:0: Direct-Access     Msft     Virtual Disk     1.0  PQ: 0 ANSI: 5
Mar  9 10:40:56 Client01 kernel: [    2.612538] scsi host2: ata_piix
Mar  9 10:40:56 Client01 kernel: [    2.621361] sd 0:0:0:0: Attached scsi generic sg0 type 0
Mar  9 10:40:56 Client01 kernel: [    2.627281] ata1: PATA max UDMA/33 cmd 0x1f0 ctl 0x3f6 bmdma 0xffa0 irq 14
Mar  9 10:40:56 Client01 kernel: [    2.637193] sd 0:0:0:0: [sda] 62916608 512-byte logical blocks: (32.2 GB/30.0 GiB)
Mar  9 10:40:56 Client01 kernel: [    2.642853] ata2: PATA max UDMA/33 cmd 0x170 ctl 0x376 bmdma 0xffa8 irq 15
Mar  9 10:40:56 Client01 kernel: [    2.642958] libphy: Fixed MDIO Bus: probed
Mar  9 10:40:56 Client01 kernel: [    2.650709] sd 0:0:0:0: [sda] 4096-byte physical blocks
Mar  9 10:40:56 Client01 kernel: [    2.650878] sd 0:0:0:0: [sda] Write Protect is off
Mar  9 10:40:56 Client01 kernel: [    2.660902] tun: Universal TUN/TAP device driver, 1.6
Mar  9 10:40:56 Client01 kernel: [    2.665556] PPP generic driver version 2.4.2
Mar  9 10:40:56 Client01 kernel: [    2.668919] sd 0:0:0:0: [sda] Mode Sense: 0f 00 10 00
Mar  9 10:40:56 Client01 kernel: [    2.669217] sd 0:0:0:0: [sda] Write cache: enabled, read cache: enabled, supports DPO and FUA
Mar  9 10:40:56 Client01 kernel: [    2.675060] i8042: PNP: PS/2 Controller [PNP0303:PS2K,PNP0f03:PS2M] at 0x60,0x64 irq 1,12
Mar  9 10:40:56 Client01 kernel: [    2.699404] scsi host3: storvsc_host_t
Mar  9 10:40:56 Client01 kernel: [    2.727386] scsi 3:0:1:0: Direct-Access     Msft     Virtual Disk     1.0  PQ: 0 ANSI: 5
Mar  9 10:40:56 Client01 kernel: [    2.727615] serio: i8042 KBD port at 0x60,0x64 irq 1
Mar  9 10:40:56 Client01 kernel: [    2.740701] serio: i8042 AUX port at 0x60,0x64 irq 12
Mar  9 10:40:56 Client01 kernel: [    2.742089] GPT:Primary header thinks Alt. header is not at the end of the disk.
Mar  9 10:40:56 Client01 kernel: [    2.749976] sd 3:0:1:0: Attached scsi generic sg1 type 0
Mar  9 10:40:56 Client01 kernel: [    2.760143] GPT:4612095 != 62916607
Mar  9 10:40:56 Client01 kernel: [    2.767130] mousedev: PS/2 mouse device common for all mice
Mar  9 10:40:56 Client01 kernel: [    2.774760] GPT:Alternate GPT header not at the end of the disk.
Mar  9 10:40:56 Client01 kernel: [    2.783034] rtc_cmos 00:00: RTC can wake from S4
Mar  9 10:40:56 Client01 kernel: [    2.792607] GPT:4612095 != 62916607
Mar  9 10:40:56 Client01 kernel: [    2.808097] GPT: Use GNU Parted to correct GPT errors.
Mar  9 10:40:56 Client01 kernel: [    2.814011]  sda: sda1 sda14 sda15
Mar  9 10:40:56 Client01 kernel: [    2.822740] sd 3:0:1:0: [sdb] 104857600 512-byte logical blocks: (53.7 GB/50.0 GiB)
Mar  9 10:40:56 Client01 kernel: [    2.831677] sd 3:0:1:0: [sdb] 4096-byte physical blocks
Mar  9 10:40:56 Client01 kernel: [    2.841147] rtc_cmos 00:00: registered as rtc0
Mar  9 10:40:56 Client01 kernel: [    2.846813] rtc_cmos 00:00: alarms up to one month, 114 bytes nvram
Mar  9 10:40:56 Client01 kernel: [    2.854319] device-mapper: uevent: version 1.0.3
Mar  9 10:40:56 Client01 kernel: [    2.861107] device-mapper: ioctl: 4.39.0-ioctl (2018-04-03) initialised: dm-devel@redhat.com
Mar  9 10:40:56 Client01 kernel: [    2.873985] platform eisa.0: Probing EISA bus 0
Mar  9 10:40:56 Client01 kernel: [    2.879783] platform eisa.0: EISA: Cannot allocate resource for mainboard
Mar  9 10:40:56 Client01 kernel: [    2.887557] platform eisa.0: Cannot allocate resource for EISA slot 1
Mar  9 10:40:56 Client01 kernel: [    2.895570] platform eisa.0: Cannot allocate resource for EISA slot 2
Mar  9 10:40:56 Client01 kernel: [    2.902886] sd 0:0:0:0: [sda] Attached SCSI disk
Mar  9 10:40:56 Client01 kernel: [    2.908495] platform eisa.0: Cannot allocate resource for EISA slot 3
Mar  9 10:40:56 Client01 kernel: [    2.915665] platform eisa.0: Cannot allocate resource for EISA slot 4
Mar  9 10:40:56 Client01 kernel: [    2.923087] platform eisa.0: Cannot allocate resource for EISA slot 5
Mar  9 10:40:56 Client01 kernel: [    2.930573] platform eisa.0: Cannot allocate resource for EISA slot 6
Mar  9 10:40:56 Client01 kernel: [    2.938993] platform eisa.0: Cannot allocate resource for EISA slot 7
Mar  9 10:40:56 Client01 kernel: [    2.946131] platform eisa.0: Cannot allocate resource for EISA slot 8
Mar  9 10:40:56 Client01 kernel: [    2.952842] platform eisa.0: EISA: Detected 0 cards
Mar  9 10:40:56 Client01 kernel: [    2.959731] NET: Registered protocol family 10
Mar  9 10:40:56 Client01 kernel: [    2.967497] scsi host4: storvsc_host_t
Mar  9 10:40:56 Client01 kernel: [    2.981281] scsi host5: storvsc_host_t
Mar  9 10:40:56 Client01 kernel: [    2.999756] Segment Routing with IPv6
Mar  9 10:40:56 Client01 kernel: [    3.005491] NET: Registered protocol family 17
Mar  9 10:40:56 Client01 kernel: [    3.011380] Key type dns_resolver registered
Mar  9 10:40:56 Client01 kernel: [    3.047952] sd 3:0:1:0: [sdb] Write Protect is off
Mar  9 10:40:56 Client01 kernel: [    3.054049] sd 3:0:1:0: [sdb] Mode Sense: 0f 00 10 00
Mar  9 10:40:56 Client01 kernel: [    3.104020] ata1.01: host indicates ignore ATA devices, ignored
Mar  9 10:40:56 Client01 kernel: [    3.105255] mce: Using 1 MCE banks
Mar  9 10:40:56 Client01 kernel: [    3.106376] ata2.01: NODEV after polling detection
Mar  9 10:40:56 Client01 kernel: [    3.109858] RAS: Correctable Errors collector initialized.
Mar  9 10:40:56 Client01 kernel: [    3.116451] sd 3:0:1:0: [sdb] Write cache: disabled, read cache: enabled, supports DPO and FUA
Mar  9 10:40:56 Client01 kernel: [    3.127626] registered taskstats version 1
Mar  9 10:40:56 Client01 kernel: [    3.133063] Loading compiled-in X.509 certificates
Mar  9 10:40:56 Client01 kernel: [    3.140536]  sdb: sdb1
Mar  9 10:40:56 Client01 kernel: [    3.151879] Loaded X.509 cert 'Build time autogenerated kernel key: 9c13c25bb46bb08aadac8fd6055952f30e111a90'
Mar  9 10:40:56 Client01 kernel: [    3.164762] zswap: loaded using pool lzo/zbud
Mar  9 10:40:56 Client01 kernel: [    3.173639] input: AT Translated Set 2 keyboard as /devices/platform/i8042/serio0/input/input1
Mar  9 10:40:56 Client01 kernel: [    3.228960] ata1.00: host indicates ignore ATA devices, ignored
Mar  9 10:40:56 Client01 kernel: [    3.230047] sd 3:0:1:0: [sdb] Attached SCSI disk
Mar  9 10:40:56 Client01 kernel: [    3.231123] ata2.00: ATAPI: Virtual CD, , max MWDMA2
Mar  9 10:40:56 Client01 kernel: [    3.250851] scsi 2:0:0:0: CD-ROM            Msft     Virtual CD/ROM   1.0  PQ: 0 ANSI: 5
Mar  9 10:40:56 Client01 kernel: [    3.256089] Key type big_key registered
Mar  9 10:40:56 Client01 kernel: [    3.265688] sr 2:0:0:0: [sr0] scsi3-mmc drive: 0x/0x tray
Mar  9 10:40:56 Client01 kernel: [    3.268464] Key type trusted registered
Mar  9 10:40:56 Client01 kernel: [    3.282202] cdrom: Uniform CD-ROM driver Revision: 3.20
Mar  9 10:40:56 Client01 kernel: [    3.294351] Key type encrypted registered
Mar  9 10:40:56 Client01 kernel: [    3.298774] sr 2:0:0:0: Attached scsi CD-ROM sr0
Mar  9 10:40:56 Client01 kernel: [    3.310601] sr 2:0:0:0: Attached scsi generic sg2 type 5
Mar  9 10:40:56 Client01 kernel: [    3.310751] AppArmor: AppArmor sha1 policy hashing enabled
Mar  9 10:40:56 Client01 kernel: [    3.321589] ima: No TPM chip found, activating TPM-bypass!
Mar  9 10:40:56 Client01 kernel: [    3.326428] ima: Allocated hash algorithm: sha1
Mar  9 10:40:56 Client01 kernel: [    3.330696] No architecture policies found
Mar  9 10:40:56 Client01 kernel: [    3.337167] evm: Initialising EVM extended attributes:
Mar  9 10:40:56 Client01 kernel: [    3.342018] evm: security.selinux
Mar  9 10:40:56 Client01 kernel: [    3.345254] evm: security.SMACK64
Mar  9 10:40:56 Client01 kernel: [    3.348993] evm: security.SMACK64EXEC
Mar  9 10:40:56 Client01 kernel: [    3.353317] evm: security.SMACK64TRANSMUTE
Mar  9 10:40:56 Client01 kernel: [    3.357434] evm: security.SMACK64MMAP
Mar  9 10:40:56 Client01 kernel: [    3.361129] evm: security.apparmor
Mar  9 10:40:56 Client01 kernel: [    3.364514] evm: security.ima
Mar  9 10:40:56 Client01 kernel: [    3.367562] evm: security.capability
Mar  9 10:40:56 Client01 kernel: [    3.371419] evm: HMAC attrs: 0x1
Mar  9 10:40:56 Client01 kernel: [    3.375553]   Magic number: 12:847:678
Mar  9 10:40:56 Client01 kernel: [    3.379753] acpi LNXCPU:23: hash matches
Mar  9 10:40:56 Client01 kernel: [    3.383964] rtc_cmos 00:00: setting system clock to 2020-03-09T10:40:18 UTC (1583750418)
Mar  9 10:40:56 Client01 kernel: [    3.391481] Unstable clock detected, switching default tracing clock to "global"
Mar  9 10:40:56 Client01 kernel: [    3.391481] If you want to keep using the local clock, then add:
Mar  9 10:40:56 Client01 kernel: [    3.391481]   "trace_clock=local"
Mar  9 10:40:56 Client01 kernel: [    3.391481] on the kernel command line
Mar  9 10:40:56 Client01 kernel: [    3.411821] Freeing unused decrypted memory: 2040K
Mar  9 10:40:56 Client01 kernel: [    3.416476] Freeing unused kernel image memory: 2360K
Mar  9 10:40:56 Client01 kernel: [    3.427367] Write protecting the kernel read-only data: 18432k
Mar  9 10:40:56 Client01 kernel: [    3.433490] Freeing unused kernel image memory: 2008K
Mar  9 10:40:56 Client01 kernel: [    3.438388] Freeing unused kernel image memory: 152K
Mar  9 10:40:56 Client01 kernel: [    3.453950] x86/mm: Checked W+X mappings: passed, no W+X pages found.
Mar  9 10:40:56 Client01 kernel: [    3.459185] x86/mm: Checking user space page tables
Mar  9 10:40:56 Client01 kernel: [    3.473446] x86/mm: Checked W+X mappings: passed, no W+X pages found.
Mar  9 10:40:56 Client01 kernel: [    3.478345] Run /init as init process
Mar  9 10:40:56 Client01 kernel: [    3.591171] hv_utils: Registering HyperV Utility Driver
Mar  9 10:40:56 Client01 kernel: [    3.596336] hv_vmbus: registering driver hv_utils
Mar  9 10:40:56 Client01 kernel: [    3.615123] hv_vmbus: registering driver hyperv_keyboard
Mar  9 10:40:56 Client01 kernel: [    3.620684] hv_vmbus: registering driver hv_netvsc
Mar  9 10:40:56 Client01 kernel: [    3.628582] input: AT Translated Set 2 keyboard as /devices/LNXSYSTM:00/LNXSYBUS:00/PNP0A03:00/device:07/VMBUS:01/d34b2567-b9b6-42b9-8778-0a4ec0b955bf/serio2/input/input3
Mar  9 10:40:56 Client01 kernel: [    3.647972] hidraw: raw HID events driver (C) Jiri Kosina
Mar  9 10:40:56 Client01 kernel: [    3.653606] hv_utils: Heartbeat IC version 3.0
Mar  9 10:40:56 Client01 kernel: [    3.670358] hv_utils: Shutdown IC version 3.0
Mar  9 10:40:56 Client01 kernel: [    3.682812] hv_utils: TimeSync IC version 4.0
Mar  9 10:40:56 Client01 kernel: [    3.687932] hv_utils: VSS IC version 5.0
Mar  9 10:40:56 Client01 kernel: [    3.698787] hv_vmbus: registering driver hyperv_fb
Mar  9 10:40:56 Client01 kernel: [    3.705961] hv_vmbus: registering driver hid_hyperv
Mar  9 10:40:56 Client01 kernel: [    3.712373] hyperv_fb: Screen resolution: 1152x864, Color depth: 32
Mar  9 10:40:56 Client01 kernel: [    3.724547] Console: switching to colour frame buffer device 144x54
Mar  9 10:40:56 Client01 kernel: [    3.725975] cryptd: max_cpu_qlen set to 1000
Mar  9 10:40:56 Client01 kernel: [    3.750023] input: Microsoft Vmbus HID-compliant Mouse as /devices/0006:045E:0621.0001/input/input4
Mar  9 10:40:56 Client01 kernel: [    3.773343] hid 0006:045E:0621.0001: input: <UNKNOWN> HID v0.01 Mouse [Microsoft Vmbus HID-compliant Mouse] on 
Mar  9 10:40:56 Client01 kernel: [    3.793013] AVX2 version of gcm_enc/dec engaged.
Mar  9 10:40:56 Client01 kernel: [    3.799038] AES CTR mode by8 optimization enabled
Mar  9 10:40:56 Client01 kernel: [    6.543340] raid6: avx512x4 gen() 27690 MB/s
Mar  9 10:40:56 Client01 kernel: [    6.591338] raid6: avx512x4 xor() 18678 MB/s
Mar  9 10:40:56 Client01 kernel: [    6.639340] raid6: avx512x2 gen() 26840 MB/s
Mar  9 10:40:56 Client01 kernel: [    6.687348] raid6: avx512x2 xor() 16338 MB/s
Mar  9 10:40:56 Client01 kernel: [    6.735339] raid6: avx512x1 gen() 24372 MB/s
Mar  9 10:40:56 Client01 kernel: [    6.783340] raid6: avx512x1 xor() 13874 MB/s
Mar  9 10:40:56 Client01 kernel: [    6.831340] raid6: avx2x4   gen() 23486 MB/s
Mar  9 10:40:56 Client01 kernel: [    6.879341] raid6: avx2x4   xor() 14935 MB/s
Mar  9 10:40:56 Client01 kernel: [    6.927362] raid6: avx2x2   gen() 20673 MB/s
Mar  9 10:40:56 Client01 kernel: [    6.975341] raid6: avx2x2   xor() 12296 MB/s
Mar  9 10:40:56 Client01 kernel: [    7.023343] raid6: avx2x1   gen() 15994 MB/s
Mar  9 10:40:56 Client01 kernel: [    7.071343] raid6: avx2x1   xor() 12061 MB/s
Mar  9 10:40:56 Client01 kernel: [    7.119341] raid6: sse2x4   gen() 11985 MB/s
Mar  9 10:40:56 Client01 kernel: [    7.167343] raid6: sse2x4   xor()  7799 MB/s
Mar  9 10:40:56 Client01 kernel: [    7.219346] raid6: sse2x2   gen() 10731 MB/s
Mar  9 10:40:56 Client01 kernel: [    7.267341] raid6: sse2x2   xor()  7493 MB/s
Mar  9 10:40:56 Client01 kernel: [    7.315341] raid6: sse2x1   gen()  8977 MB/s
Mar  9 10:40:56 Client01 kernel: [    7.363332] raid6: sse2x1   xor()  6354 MB/s
Mar  9 10:40:56 Client01 kernel: [    7.367074] raid6: using algorithm avx512x4 gen() 27690 MB/s
Mar  9 10:40:56 Client01 kernel: [    7.371825] raid6: .... xor() 18678 MB/s, rmw enabled
Mar  9 10:40:56 Client01 kernel: [    7.375763] raid6: using avx512x2 recovery algorithm
Mar  9 10:40:56 Client01 kernel: [    7.381033] xor: automatically using best checksumming function   avx       
Mar  9 10:40:56 Client01 kernel: [    7.388972] async_tx: api initialized (async)
Mar  9 10:40:56 Client01 kernel: [    7.451001] Btrfs loaded, crc32c=crc32c-intel
Mar  9 10:40:56 Client01 kernel: [    7.545648] EXT4-fs (sda1): mounted filesystem with ordered data mode. Opts: (null)
Mar  9 10:40:56 Client01 kernel: [    8.781841] systemd[1]: systemd 237 running in system mode. (+PAM +AUDIT +SELINUX +IMA +APPARMOR +SMACK +SYSVINIT +UTMP +LIBCRYPTSETUP +GCRYPT +GNUTLS +ACL +XZ +LZ4 +SECCOMP +BLKID +ELFUTILS +KMOD -IDN2 +IDN -PCRE2 default-hierarchy=hybrid)
Mar  9 10:40:56 Client01 kernel: [    8.799291] systemd[1]: Detected virtualization microsoft.
Mar  9 10:40:56 Client01 kernel: [    8.804090] systemd[1]: Detected architecture x86-64.
Mar  9 10:40:56 Client01 kernel: [    8.832627] systemd[1]: Set hostname to <ubuntu>.
Mar  9 10:40:56 Client01 kernel: [    8.880207] systemd[1]: Initializing machine ID from random generator.
Mar  9 10:40:56 Client01 kernel: [    8.886543] systemd[1]: Installed transient /etc/machine-id file.
Mar  9 10:40:56 Client01 kernel: [    9.634186] systemd[1]: Started Forward Password Requests to Wall Directory Watch.
Mar  9 10:40:56 Client01 kernel: [    9.645817] systemd[1]: Set up automount Arbitrary Executable File Formats File System Automount Point.
Mar  9 10:40:56 Client01 kernel: [    9.661886] systemd[1]: Created slice User and Session Slice.
Mar  9 10:40:56 Client01 kernel: [    9.671710] systemd[1]: Created slice System Slice.
Mar  9 10:40:56 Client01 kernel: [    9.835485] EXT4-fs (sda1): re-mounted. Opts: discard
Mar  9 10:40:56 Client01 kernel: [    9.844981] Loading iSCSI transport class v2.0-870.
Mar  9 10:40:56 Client01 kernel: [    9.942435] iscsi: registered transport (tcp)
Mar  9 10:40:56 Client01 kernel: [   10.020014] systemd-journald[508]: Received request to flush runtime journal from PID 1
Mar  9 10:40:56 Client01 kernel: [   10.089764] iscsi: registered transport (iser)
Mar  9 10:40:56 Client01 kernel: [   10.461323] hv_vmbus: registering driver hv_balloon
Mar  9 10:40:56 Client01 kernel: [   10.465834] hv_balloon: Using Dynamic Memory protocol version 2.0
Mar  9 10:40:56 Client01 kernel: [   10.773113] KVM: vmx: using Hyper-V Enlightened VMCS
Mar  9 10:40:56 Client01 kernel: [   10.883502] hv_utils: KVP IC version 4.0
Mar  9 10:40:56 Client01 kernel: [   12.618279] audit: type=1400 audit(1583750428.271:2): apparmor="STATUS" operation="profile_load" profile="unconfined" name="/sbin/dhclient" pid=779 comm="apparmor_parser"
Mar  9 10:40:56 Client01 kernel: [   12.619368] audit: type=1400 audit(1583750428.271:3): apparmor="STATUS" operation="profile_load" profile="unconfined" name="/usr/lib/NetworkManager/nm-dhcp-client.action" pid=779 comm="apparmor_parser"
Mar  9 10:40:56 Client01 kernel: [   12.619927] audit: type=1400 audit(1583750428.271:4): apparmor="STATUS" operation="profile_load" profile="unconfined" name="/usr/lib/NetworkManager/nm-dhcp-helper" pid=779 comm="apparmor_parser"
Mar  9 10:40:56 Client01 kernel: [   12.620539] audit: type=1400 audit(1583750428.271:5): apparmor="STATUS" operation="profile_load" profile="unconfined" name="/usr/lib/connman/scripts/dhclient-script" pid=779 comm="apparmor_parser"
Mar  9 10:40:56 Client01 kernel: [   12.638863] audit: type=1400 audit(1583750428.287:6): apparmor="STATUS" operation="profile_load" profile="unconfined" name="/usr/bin/lxc-start" pid=794 comm="apparmor_parser"
Mar  9 10:40:56 Client01 kernel: [   12.754939] audit: type=1400 audit(1583750428.403:7): apparmor="STATUS" operation="profile_load" profile="unconfined" name="/usr/bin/man" pid=796 comm="apparmor_parser"
Mar  9 10:40:56 Client01 kernel: [   12.755651] audit: type=1400 audit(1583750428.407:8): apparmor="STATUS" operation="profile_load" profile="unconfined" name="man_filter" pid=796 comm="apparmor_parser"
Mar  9 10:40:56 Client01 kernel: [   12.756253] audit: type=1400 audit(1583750428.407:9): apparmor="STATUS" operation="profile_load" profile="unconfined" name="man_groff" pid=796 comm="apparmor_parser"
Mar  9 10:40:56 Client01 kernel: [   12.758214] audit: type=1400 audit(1583750428.407:10): apparmor="STATUS" operation="profile_load" profile="unconfined" name="lxc-container-default" pid=782 comm="apparmor_parser"
Mar  9 10:40:56 Client01 kernel: [   12.758837] audit: type=1400 audit(1583750428.407:11): apparmor="STATUS" operation="profile_load" profile="unconfined" name="lxc-container-default-cgns" pid=782 comm="apparmor_parser"
Mar  9 10:40:56 Client01 kernel: [   16.638738] UDF-fs: INFO Mounting volume 'UDF Volume', timestamp 2020/03/10 00:00 (1000)
Mar  9 10:40:56 Client01 kernel: [   16.766142] IPv6: ADDRCONF(NETDEV_CHANGE): eth0: link becomes ready
Mar  9 10:40:56 Client01 kernel: [   24.690595] EXT4-fs (sda1): resizing filesystem from 548091 to 7836155 blocks
Mar  9 10:40:56 Client01 kernel: [   26.801216] EXT4-fs (sda1): resized filesystem to 7836155
Mar  9 10:40:56 Client01 kernel: [   27.352406]  sdb: sdb1
Mar  9 10:40:56 Client01 kernel: [   38.814941] EXT4-fs (sdb1): mounted filesystem with ordered data mode. Opts: (null)
Mar  9 10:40:56 Client01 kernel: [   40.615262] hv_utils: VSS: userspace daemon ver. 129 connected
Mar  9 10:40:56 Client01 kernel: [   40.674415] new mount options do not match the existing superblock, will be ignored
Mar  9 10:40:57 Client01 systemd-timesyncd[751]: Network configuration changed, trying to establish connection.
Mar  9 10:40:57 Client01 systemd-networkd[894]: eth0: Gained IPv6LL
Mar  9 10:40:57 Client01 systemd-networkd[894]: eth0: Configured
Mar  9 10:40:57 Client01 systemd-timesyncd[751]: Network configuration changed, trying to establish connection.
Mar  9 10:40:57 Client01 systemd-networkd-wait-online[929]: managing: eth0
Mar  9 10:40:57 Client01 systemd-networkd-wait-online[929]: ignoring: lo
Mar  9 10:40:57 Client01 systemd[1]: Started Wait for Network to be Configured.
Mar  9 10:40:57 Client01 systemd[1]: Starting Initial cloud-init job (metadata service crawler)...
Mar  9 10:40:57 Client01 cloud-init[960]: Cloud-init v. 19.4-33-gbb4131a2-0ubuntu1~18.04.1 running 'init' at Mon, 09 Mar 2020 10:40:35 +0000. Up 19.13 seconds.
Mar  9 10:40:57 Client01 cloud-init[960]: ci-info: ++++++++++++++++++++++++++++++++++++Net device info++++++++++++++++++++++++++++++++++++
Mar  9 10:40:57 Client01 cloud-init[960]: ci-info: +--------+------+----------------------------+-----------+--------+-------------------+
Mar  9 10:40:57 Client01 cloud-init[960]: ci-info: | Device |  Up  |          Address           |    Mask   | Scope  |     Hw-Address    |
Mar  9 10:40:57 Client01 cloud-init[960]: ci-info: +--------+------+----------------------------+-----------+--------+-------------------+
Mar  9 10:40:57 Client01 cloud-init[960]: ci-info: |  eth0  | True |          10.0.0.6          | 255.0.0.0 | global | 00:0d:3a:22:0d:5e |
Mar  9 10:40:57 Client01 cloud-init[960]: ci-info: |  eth0  | True | fe80::20d:3aff:fe22:d5e/64 |     .     |  link  | 00:0d:3a:22:0d:5e |
Mar  9 10:40:57 Client01 cloud-init[960]: ci-info: |   lo   | True |         127.0.0.1          | 255.0.0.0 |  host  |         .         |
Mar  9 10:40:57 Client01 cloud-init[960]: ci-info: |   lo   | True |          ::1/128           |     .     |  host  |         .         |
Mar  9 10:40:57 Client01 cloud-init[960]: ci-info: +--------+------+----------------------------+-----------+--------+-------------------+
Mar  9 10:40:57 Client01 cloud-init[960]: ci-info: ++++++++++++++++++++++++++++++Route IPv4 info+++++++++++++++++++++++++++++++
Mar  9 10:40:57 Client01 cloud-init[960]: ci-info: +-------+-----------------+----------+-----------------+-----------+-------+
Mar  9 10:40:57 Client01 cloud-init[960]: ci-info: | Route |   Destination   | Gateway  |     Genmask     | Interface | Flags |
Mar  9 10:40:57 Client01 cloud-init[960]: ci-info: +-------+-----------------+----------+-----------------+-----------+-------+
Mar  9 10:40:57 Client01 cloud-init[960]: ci-info: |   0   |     0.0.0.0     | 10.0.0.1 |     0.0.0.0     |    eth0   |   UG  |
Mar  9 10:40:57 Client01 cloud-init[960]: ci-info: |   1   |     10.0.0.0    | 0.0.0.0  |    255.0.0.0    |    eth0   |   U   |
Mar  9 10:40:57 Client01 cloud-init[960]: ci-info: |   2   |  168.63.129.16  | 10.0.0.1 | 255.255.255.255 |    eth0   |  UGH  |
Mar  9 10:40:57 Client01 cloud-init[960]: ci-info: |   3   | 169.254.169.254 | 10.0.0.1 | 255.255.255.255 |    eth0   |  UGH  |
Mar  9 10:40:57 Client01 cloud-init[960]: ci-info: +-------+-----------------+----------+-----------------+-----------+-------+
Mar  9 10:40:57 Client01 cloud-init[960]: ci-info: +++++++++++++++++++Route IPv6 info+++++++++++++++++++
Mar  9 10:40:57 Client01 cloud-init[960]: ci-info: +-------+-------------+---------+-----------+-------+
Mar  9 10:40:57 Client01 cloud-init[960]: ci-info: | Route | Destination | Gateway | Interface | Flags |
Mar  9 10:40:57 Client01 cloud-init[960]: ci-info: +-------+-------------+---------+-----------+-------+
Mar  9 10:40:57 Client01 cloud-init[960]: ci-info: |   1   |  fe80::/64  |    ::   |    eth0   |   U   |
Mar  9 10:40:57 Client01 cloud-init[960]: ci-info: |   3   |    local    |    ::   |    eth0   |   U   |
Mar  9 10:40:57 Client01 cloud-init[960]: ci-info: |   4   |   ff00::/8  |    ::   |    eth0   |   U   |
Mar  9 10:40:57 Client01 cloud-init[960]: ci-info: +-------+-------------+---------+-----------+-------+
Mar  9 10:40:57 Client01 ntfs-3g[1019]: Version 2017.3.23 integrated FUSE 28
Mar  9 10:40:57 Client01 ntfs-3g[1019]: Mounted /dev/sdb1 (Read-Only, label "Temporary Storage", NTFS 3.1)
Mar  9 10:40:57 Client01 ntfs-3g[1019]: Cmdline options: ro
Mar  9 10:40:57 Client01 ntfs-3g[1019]: Mount options: ro,allow_other,nonempty,relatime,fsname=/dev/sdb1,blkdev,blksize=4096
Mar  9 10:40:57 Client01 ntfs-3g[1019]: Ownership and permissions disabled, configuration type 7
Mar  9 10:40:57 Client01 ntfs-3g[1019]: Unmounting /dev/sdb1 (Temporary Storage)
Mar  9 10:40:57 Client01 systemd[1]: Reloading.
Mar  9 10:40:57 Client01 cloud-init[960]: Generating public/private rsa key pair.
Mar  9 10:40:57 Client01 cloud-init[960]: Your identification has been saved in /etc/ssh/ssh_host_rsa_key.
Mar  9 10:40:57 Client01 cloud-init[960]: Your public key has been saved in /etc/ssh/ssh_host_rsa_key.pub.
Mar  9 10:40:57 Client01 cloud-init[960]: The key fingerprint is:
Mar  9 10:40:57 Client01 cloud-init[960]: SHA256:4M+7FxzwTb02C/0bpXgw4Aslp3/Sp0z7KDQY6IvfOEs root@Client01
Mar  9 10:40:57 Client01 cloud-init[960]: The key's randomart image is:
Mar  9 10:40:57 Client01 cloud-init[960]: +---[RSA 2048]----+
Mar  9 10:40:57 Client01 cloud-init[960]: |             .   |
Mar  9 10:40:57 Client01 cloud-init[960]: |        o + . .  |
Mar  9 10:40:57 Client01 cloud-init[960]: |      .. O + . . |
Mar  9 10:40:57 Client01 cloud-init[960]: |     ...+ + = = .|
Mar  9 10:40:57 Client01 cloud-init[960]: |     .. S* + * =.|
Mar  9 10:40:57 Client01 cloud-init[960]: |      .o. O = =..|
Mar  9 10:40:57 Client01 cloud-init[960]: |     .E.o. B =  o|
Mar  9 10:40:57 Client01 cloud-init[960]: |    ..oo .o +. . |
Mar  9 10:40:57 Client01 cloud-init[960]: |     .+o+o ....  |
Mar  9 10:40:57 Client01 cloud-init[960]: +----[SHA256]-----+
Mar  9 10:40:57 Client01 cloud-init[960]: Generating public/private dsa key pair.
Mar  9 10:40:57 Client01 cloud-init[960]: Your identification has been saved in /etc/ssh/ssh_host_dsa_key.
Mar  9 10:40:57 Client01 cloud-init[960]: Your public key has been saved in /etc/ssh/ssh_host_dsa_key.pub.
Mar  9 10:40:57 Client01 cloud-init[960]: The key fingerprint is:
Mar  9 10:40:57 Client01 cloud-init[960]: SHA256:9iQoBFccfgn+RXanzI6yBZeMv9p3jfJ+GpMJWHryDHo root@Client01
Mar  9 10:40:57 Client01 cloud-init[960]: The key's randomart image is:
Mar  9 10:40:57 Client01 cloud-init[960]: +---[DSA 1024]----+
Mar  9 10:40:57 Client01 cloud-init[960]: |  . .o+.  o . .  |
Mar  9 10:40:57 Client01 cloud-init[960]: |   o o.. * = o   |
Mar  9 10:40:57 Client01 cloud-init[960]: |    . o = = =    |
Mar  9 10:40:57 Client01 cloud-init[960]: |   .   + = *     |
Mar  9 10:40:57 Client01 cloud-init[960]: |    . . S X +    |
Mar  9 10:40:57 Client01 cloud-init[960]: |     . . O B . o |
Mar  9 10:40:57 Client01 cloud-init[960]: |        o E o =o |
Mar  9 10:40:57 Client01 cloud-init[960]: |         +  o ooo|
Mar  9 10:40:57 Client01 cloud-init[960]: |        . .. =+o |
Mar  9 10:40:57 Client01 cloud-init[960]: +----[SHA256]-----+
Mar  9 10:40:57 Client01 cloud-init[960]: Generating public/private ecdsa key pair.
Mar  9 10:40:57 Client01 cloud-init[960]: Your identification has been saved in /etc/ssh/ssh_host_ecdsa_key.
Mar  9 10:40:57 Client01 cloud-init[960]: Your public key has been saved in /etc/ssh/ssh_host_ecdsa_key.pub.
Mar  9 10:40:57 Client01 cloud-init[960]: The key fingerprint is:
Mar  9 10:40:57 Client01 cloud-init[960]: SHA256:437qmu89uEHsbkCVwiHYa/F8shSAZGu9zchv0zccUOc root@Client01
Mar  9 10:40:57 Client01 cloud-init[960]: The key's randomart image is:
Mar  9 10:40:57 Client01 cloud-init[960]: +---[ECDSA 256]---+
Mar  9 10:40:57 Client01 cloud-init[960]: | .o+oo.. .. .    |
Mar  9 10:40:57 Client01 cloud-init[960]: | .ooo.+ o. o     |
Mar  9 10:40:57 Client01 cloud-init[960]: |  o .= +.   E    |
Mar  9 10:40:57 Client01 cloud-init[960]: | . .o=*...       |
Mar  9 10:40:57 Client01 cloud-init[960]: |   .+oo+S .      |
Mar  9 10:40:57 Client01 cloud-init[960]: |     .o= o .     |
Mar  9 10:40:57 Client01 cloud-init[960]: |      +.=.+      |
Mar  9 10:40:57 Client01 cloud-init[960]: |     . =o+o.     |
Mar  9 10:40:57 Client01 cloud-init[960]: |      o*O+..     |
Mar  9 10:40:57 Client01 cloud-init[960]: +----[SHA256]-----+
Mar  9 10:40:57 Client01 cloud-init[960]: Generating public/private ed25519 key pair.
Mar  9 10:40:57 Client01 cloud-init[960]: Your identification has been saved in /etc/ssh/ssh_host_ed25519_key.
Mar  9 10:40:57 Client01 cloud-init[960]: Your public key has been saved in /etc/ssh/ssh_host_ed25519_key.pub.
Mar  9 10:40:57 Client01 cloud-init[960]: The key fingerprint is:
Mar  9 10:40:57 Client01 cloud-init[960]: SHA256:yqoxr3LzSLVaUKFmVCMUJA/lrpf+Hf6dXMRh8x9e+9A root@Client01
Mar  9 10:40:57 Client01 cloud-init[960]: The key's randomart image is:
Mar  9 10:40:57 Client01 cloud-init[960]: +--[ED25519 256]--+
Mar  9 10:40:57 Client01 cloud-init[960]: |o+Bo+            |
Mar  9 10:40:57 Client01 cloud-init[960]: | * o o           |
Mar  9 10:40:57 Client01 cloud-init[960]: |  * .       +    |
Mar  9 10:40:57 Client01 cloud-init[960]: | + .       o +   |
Mar  9 10:40:57 Client01 cloud-init[960]: |  o .   S   o ...|
Mar  9 10:40:57 Client01 cloud-init[960]: | . + o .   .  .o+|
Mar  9 10:40:57 Client01 cloud-init[960]: |. * o +     . .oE|
Mar  9 10:40:57 Client01 cloud-init[960]: |.+oB + . o o   ..|
Mar  9 10:40:57 Client01 cloud-init[960]: | o**= o.. +     .|
Mar  9 10:40:57 Client01 cloud-init[960]: +----[SHA256]-----+
Mar  9 10:40:57 Client01 systemd[1]: Started Initial cloud-init job (metadata service crawler).
Mar  9 10:40:57 Client01 systemd[1]: Reached target System Initialization.
Mar  9 10:40:57 Client01 systemd[1]: Listening on ACPID Listen Socket.
Mar  9 10:40:57 Client01 systemd[1]: Started ACPI Events Check.
Mar  9 10:40:57 Client01 systemd[1]: Reached target Paths.
Mar  9 10:40:57 Client01 systemd[1]: Starting Socket activation for snappy daemon.
Mar  9 10:40:57 Client01 systemd[1]: Started Message of the Day.
Mar  9 10:40:57 Client01 systemd[1]: Started Discard unused blocks once a week.
Mar  9 10:40:57 Client01 systemd[1]: Starting LXD - unix socket.
Mar  9 10:40:57 Client01 systemd[1]: Started Daily Cleanup of Temporary Directories.
Mar  9 10:40:57 Client01 systemd[1]: Listening on Open-iSCSI iscsid Socket.
Mar  9 10:40:57 Client01 systemd[1]: Listening on D-Bus System Message Bus Socket.
Mar  9 10:40:57 Client01 systemd[1]: Listening on UUID daemon activation socket.
Mar  9 10:40:57 Client01 systemd[1]: Started Daily apt download activities.
Mar  9 10:40:57 Client01 systemd[1]: Started Daily apt upgrade and clean activities.
Mar  9 10:40:57 Client01 systemd[1]: Reached target Timers.
Mar  9 10:40:57 Client01 systemd[1]: Reached target Network is Online.
Mar  9 10:40:57 Client01 systemd[1]: Starting Availability of block devices...
Mar  9 10:40:57 Client01 systemd[1]: Reached target Remote File Systems (Pre).
Mar  9 10:40:57 Client01 systemd[1]: Reached target Remote File Systems.
Mar  9 10:40:57 Client01 systemd[1]: Reached target Cloud-config availability.
Mar  9 10:40:57 Client01 systemd[1]: Listening on Socket activation for snappy daemon.
Mar  9 10:40:57 Client01 systemd[1]: Listening on LXD - unix socket.
Mar  9 10:40:57 Client01 systemd[1]: Started Availability of block devices.
Mar  9 10:40:57 Client01 systemd[1]: Reached target Sockets.
Mar  9 10:40:57 Client01 systemd[1]: Reached target Basic System.
Mar  9 10:40:57 Client01 systemd[1]: Started irqbalance daemon.
Mar  9 10:40:57 Client01 systemd[1]: Starting LXD - container startup/shutdown...
Mar  9 10:40:57 Client01 systemd[1]: Started Hyper-V File Copy Protocol Daemon.
Mar  9 10:40:57 Client01 systemd[1]: Starting LSB: automatic crash report generation...
Mar  9 10:40:57 Client01 systemd[1]: Started Deferred execution scheduler.
Mar  9 10:40:57 Client01 systemd[1]: Started D-Bus System Message Bus.
Mar  9 10:40:57 Client01 HV_FCOPY: starting; pid is:1176
Mar  9 10:40:57 Client01 HV_FCOPY: open /dev/vmbus/hv_fcopy failed; error: 2 No such file or directory
Mar  9 10:40:57 Client01 dbus-daemon[1183]: [system] AppArmor D-Bus mediation is enabled
Mar  9 10:40:57 Client01 systemd[1]: Started Regular background program processing daemon.
Mar  9 10:40:57 Client01 cron[1202]: (CRON) INFO (pidfile fd = 3)
Mar  9 10:40:57 Client01 systemd[1]: Starting Accounts Service...
Mar  9 10:40:57 Client01 systemd[1]: Starting Pollinate to seed the pseudo random number generator...
Mar  9 10:40:57 Client01 systemd[1]: Starting LSB: Record successful boot for GRUB...
Mar  9 10:40:57 Client01 cron[1202]: (CRON) INFO (Running @reboot jobs)
Mar  9 10:40:57 Client01 systemd[1]: Starting Login Service...
Mar  9 10:40:57 Client01 systemd[1]: Starting Dispatcher daemon for systemd-networkd...
Mar  9 10:40:57 Client01 systemd[1]: Started Hyper-V VSS Protocol Daemon.
Mar  9 10:40:57 Client01 systemd[1]: Started FUSE filesystem for LXC.
Mar  9 10:40:57 Client01 systemd[1]: Starting Permit User Sessions...
Mar  9 10:40:57 Client01 systemd[1]: Started Azure Linux Agent.
Mar  9 10:40:57 Client01 systemd[1]: Starting System Logging Service...
Mar  9 10:40:57 Client01 systemd[1]: Starting Snappy daemon...
Mar  9 10:40:57 Client01 systemd[1]: hv-fcopy-daemon.service: Main process exited, code=exited, status=1/FAILURE
Mar  9 10:40:57 Client01 systemd[1]: hv-fcopy-daemon.service: Failed with result 'exit-code'.
Mar  9 10:40:57 Client01 systemd[1]: Started Permit User Sessions.
Mar  9 10:40:57 Client01 Hyper-V VSS: VSS starting; pid is:1217
Mar  9 10:40:57 Client01 Hyper-V VSS: VSS: kernel module version: 129
Mar  9 10:40:57 Client01 systemd[1]: Starting Hold until boot process finishes up...
Mar  9 10:40:57 Client01 systemd[1]: Starting Terminate Plymouth Boot Screen...
Mar  9 10:40:57 Client01 systemd[1]: Started Hold until boot process finishes up.
Mar  9 10:40:57 Client01 systemd[1]: Started Serial Getty on ttyS0.
Mar  9 10:40:57 Client01 grub-common[1213]:  * Recording successful boot for GRUB
Mar  9 10:40:57 Client01 systemd[1]: Starting Set console scheme...
Mar  9 10:40:57 Client01 systemd[1]: Started Terminate Plymouth Boot Screen.
Mar  9 10:40:57 Client01 lxcfs[1218]: mount namespace: 5
Mar  9 10:40:57 Client01 lxcfs[1218]: hierarchies:
Mar  9 10:40:57 Client01 lxcfs[1218]:   0: fd:   6: hugetlb
Mar  9 10:40:57 Client01 lxcfs[1218]:   1: fd:   7: freezer
Mar  9 10:40:57 Client01 lxcfs[1218]:   2: fd:   8: rdma
Mar  9 10:40:57 Client01 lxcfs[1218]:   3: fd:   9: cpuset
Mar  9 10:40:57 Client01 lxcfs[1218]:   4: fd:  10: memory
Mar  9 10:40:57 Client01 lxcfs[1218]:   5: fd:  11: net_cls,net_prio
Mar  9 10:40:57 Client01 lxcfs[1218]:   6: fd:  12: pids
Mar  9 10:40:57 Client01 lxcfs[1218]:   7: fd:  13: perf_event
Mar  9 10:40:57 Client01 lxcfs[1218]:   8: fd:  14: cpu,cpuacct
Mar  9 10:40:57 Client01 lxcfs[1218]:   9: fd:  15: devices
Mar  9 10:40:57 Client01 lxcfs[1218]:  10: fd:  16: blkio
Mar  9 10:40:57 Client01 lxcfs[1218]:  11: fd:  17: name=systemd
Mar  9 10:40:57 Client01 lxcfs[1218]:  12: fd:  18: unified
Mar  9 10:40:57 Client01 systemd[1]: Started Set console scheme.
Mar  9 10:40:57 Client01 systemd[1]: Created slice system-getty.slice.
Mar  9 10:40:57 Client01 systemd[1]: Started Getty on tty1.
Mar  9 10:40:57 Client01 systemd[1]: Reached target Login Prompts.
Mar  9 10:40:57 Client01 apport[1181]:  * Starting automatic crash report generation: apport
Mar  9 10:40:57 Client01 apport[1181]:    ...done.
Mar  9 10:40:57 Client01 systemd[1]: Started LSB: automatic crash report generation.
Mar  9 10:40:57 Client01 pollinate[1212]: client sent challenge to [https://entropy.ubuntu.com/]
Mar  9 10:40:57 Client01 dbus-daemon[1183]: [system] Activating via systemd: service name='org.freedesktop.PolicyKit1' unit='polkit.service' requested by ':1.3' (uid=0 pid=1205 comm="/usr/lib/accountsservice/accounts-daemon " label="unconfined")
Mar  9 10:40:57 Client01 systemd[1]: Starting Authorization Manager...
Mar  9 10:40:57 Client01 systemd[1]: Started Login Service.
Mar  9 10:40:57 Client01 systemd[1]: Started Unattended Upgrades Shutdown.
Mar  9 10:40:57 Client01 grub-common[1213]:    ...done.
Mar  9 10:40:57 Client01 systemd[1]: Started LSB: Record successful boot for GRUB.
Mar  9 10:40:56 Client01 systemd[1]: Started System Logging Service.
Mar  9 10:40:56 Client01 rsyslogd: imuxsock: Acquired UNIX socket '/run/systemd/journal/syslog' (fd 3) from systemd.  [v8.32.0]
Mar  9 10:40:56 Client01 rsyslogd: rsyslogd's groupid changed to 106
Mar  9 10:40:56 Client01 rsyslogd: rsyslogd's userid changed to 102
Mar  9 10:40:56 Client01 rsyslogd:  [origin software="rsyslogd" swVersion="8.32.0" x-pid="1223" x-info="http://www.rsyslog.com"] start
Mar  9 10:40:57 Client01 polkitd[1271]: started daemon version 0.105 using authority implementation `local' version `0.105'
Mar  9 10:40:57 Client01 dbus-daemon[1183]: [system] Successfully activated service 'org.freedesktop.PolicyKit1'
Mar  9 10:40:57 Client01 systemd[1]: Started Authorization Manager.
Mar  9 10:40:57 Client01 accounts-daemon[1205]: started daemon version 0.6.45
Mar  9 10:40:57 Client01 systemd[1]: Started Accounts Service.
Mar  9 10:40:57 Client01 networkd-dispatcher[1215]: No valid path found for iwconfig
Mar  9 10:40:57 Client01 networkd-dispatcher[1215]: No valid path found for iw
Mar  9 10:40:57 Client01 systemd[1]: Started Dispatcher daemon for systemd-networkd.
Mar  9 10:40:57 Client01 python3[1221]: 2020/03/09 10:40:57.866365 INFO Daemon Azure Linux Agent Version:2.2.45
Mar  9 10:40:57 Client01 python3[1221]: 2020/03/09 10:40:57.871986 INFO Daemon OS: ubuntu 18.04
Mar  9 10:40:57 Client01 python3[1221]: 2020/03/09 10:40:57.875238 INFO Daemon Python: 3.6.9
Mar  9 10:40:57 Client01 python3[1221]: 2020/03/09 10:40:57.878664 INFO Daemon CGroups Status: The cgroup filesystem is ready to use
Mar  9 10:40:57 Client01 python3[1221]: 2020/03/09 10:40:57.884408 INFO Daemon Run daemon
Mar  9 10:40:57 Client01 python3[1221]: 2020/03/09 10:40:57.894739 INFO Daemon cloud-init is enabled: True
Mar  9 10:40:57 Client01 python3[1221]: 2020/03/09 10:40:57.898160 INFO Daemon Using cloud-init for provisioning
Mar  9 10:40:57 Client01 python3[1221]: 2020/03/09 10:40:57.901981 INFO Daemon Clean protocol
Mar  9 10:40:57 Client01 python3[1221]: 2020/03/09 10:40:57.904974 INFO Daemon Running CloudInit provisioning handler
Mar  9 10:40:57 Client01 python3[1221]: 2020/03/09 10:40:57.911492 INFO Daemon Detect protocol endpoints
Mar  9 10:40:57 Client01 python3[1221]: 2020/03/09 10:40:57.914868 INFO Daemon Clean protocol
Mar  9 10:40:57 Client01 python3[1221]: 2020/03/09 10:40:57.917781 INFO Daemon WireServer endpoint is not found. Rerun dhcp handler
Mar  9 10:40:57 Client01 python3[1221]: 2020/03/09 10:40:57.924411 INFO Daemon Test for route to 168.63.129.16
Mar  9 10:40:57 Client01 python3[1221]: 2020/03/09 10:40:57.937575 INFO Daemon Route to 168.63.129.16 exists
Mar  9 10:40:57 Client01 python3[1221]: 2020/03/09 10:40:57.941413 INFO Daemon Wire server endpoint:168.63.129.16
Mar  9 10:40:57 Client01 python3[1221]: 2020/03/09 10:40:57.950165 INFO Daemon Fabric preferred wire protocol version:2015-04-05
Mar  9 10:40:57 Client01 python3[1221]: 2020/03/09 10:40:57.954521 INFO Daemon Wire protocol version:2012-11-30
Mar  9 10:40:57 Client01 python3[1221]: 2020/03/09 10:40:57.958090 INFO Daemon Server preferred version:2015-04-05
Mar  9 10:40:58 Client01 python3[1221]: 2020/03/09 10:40:58.048205 INFO Daemon ssh host key found at: /etc/ssh/ssh_host_rsa_key.pub
Mar  9 10:40:58 Client01 python3[1221]: 2020/03/09 10:40:58.056615 INFO Daemon Thumbprint obtained from : /etc/ssh/ssh_host_rsa_key.pub
Mar  9 10:40:58 Client01 python3[1221]: 2020/03/09 10:40:58.063666 INFO Daemon Finished provisioning
Mar  9 10:40:58 Client01 pollinate[1212]: client verified challenge/response with [https://entropy.ubuntu.com/]
Mar  9 10:40:58 Client01 pollinate[1212]: client hashed response from [https://entropy.ubuntu.com/]
Mar  9 10:40:58 Client01 pollinate[1212]: client successfully seeded [/dev/urandom]
Mar  9 10:40:58 Client01 systemd[1]: Started Pollinate to seed the pseudo random number generator.
Mar  9 10:40:58 Client01 systemd[1]: Starting OpenBSD Secure Shell server...
Mar  9 10:40:58 Client01 snapd[1228]: AppArmor status: apparmor is enabled and all features are available
Mar  9 10:40:58 Client01 systemd[1]: Started OpenBSD Secure Shell server.
Mar  9 10:40:58 Client01 snapd[1228]: daemon.go:346: started snapd/2.42.1+18.04 (series 16; classic) ubuntu/18.04 (amd64) linux/5.0.0-1032-azure.
Mar  9 10:40:58 Client01 snapd[1228]: daemon.go:439: adjusting startup timeout by 30s (pessimistic estimate of 30s plus 5s per snap)
Mar  9 10:40:59 Client01 python3[1221]: 2020/03/09 10:40:59.080579 INFO Daemon RDMA capabilities are not enabled, skipping
Mar  9 10:40:59 Client01 python3[1221]: 2020/03/09 10:40:59.085708 INFO Daemon Installed Agent WALinuxAgent-2.2.45 is the most current agent
Mar  9 10:40:59 Client01 python3[1221]: 2020/03/09 10:40:59.213793 INFO ExtHandler Agent WALinuxAgent-2.2.45 is running as the goal state agent
Mar  9 10:40:59 Client01 python3[1221]: 2020/03/09 10:40:59.219836 INFO ExtHandler Distro info: ubuntu 18.04, osutil class being used: Ubuntu18OSUtil, agent service name: walinuxagent
Mar  9 10:40:59 Client01 python3[1221]: 2020/03/09 10:40:59.229389 INFO ExtHandler Wire server endpoint:168.63.129.16
Mar  9 10:40:59 Client01 python3[1221]: 2020/03/09 10:40:59.244368 INFO ExtHandler Start env monitor service.
Mar  9 10:40:59 Client01 python3[1221]: 2020/03/09 10:40:59.250216 INFO ExtHandler Configure routes
Mar  9 10:40:59 Client01 python3[1221]: 2020/03/09 10:40:59.254195 INFO ExtHandler Gateway:None
Mar  9 10:40:59 Client01 python3[1221]: 2020/03/09 10:40:59.258428 INFO ExtHandler Routes:None
Mar  9 10:40:59 Client01 python3[1221]: 2020/03/09 10:40:59.262233 INFO ExtHandler Hostname record does not exist, creating [/var/lib/waagent/published_hostname] with hostname [Client01]
Mar  9 10:40:59 Client01 python3[1221]: 2020/03/09 10:40:59.275455 INFO ExtHandler Wire server endpoint:168.63.129.16
Mar  9 10:40:59 Client01 python3[1221]: 2020/03/09 10:40:59.283455 INFO ExtHandler WALinuxAgent-2.2.45 running as process 1458
Mar  9 10:40:59 Client01 python3[1221]: 2020/03/09 10:40:59.295351 INFO ExtHandler CGroups Status: The cgroup filesystem is ready to use
Mar  9 10:40:59 Client01 python3[1221]: 2020/03/09 10:40:59.301429 INFO ExtHandler Started tracking new cgroup: walinuxagent.service, path: /sys/fs/cgroup/cpu/system.slice/walinuxagent.service
Mar  9 10:40:59 Client01 python3[1221]: 2020/03/09 10:40:59.310750 INFO ExtHandler Started tracking new cgroup: walinuxagent.service, path: /sys/fs/cgroup/memory/system.slice/walinuxagent.service
Mar  9 10:40:59 Client01 systemd[1]: Started LXD - container startup/shutdown.
Mar  9 10:40:59 Client01 kernel: [   43.664350] bpfilter: Loaded bpfilter_umh pid 1476
Mar  9 10:40:59 Client01 systemd[1]: Reloading.
Mar  9 10:40:59 Client01 python3[1221]: 2020/03/09 10:40:59.407722 INFO ExtHandler Route table: [{"Iface": "eth0", "Destination": "0.0.0.0", "Gateway": "10.0.0.1", "Mask": "0.0.0.0", "Flags": "0x0003", "Metric": "100"},{"Iface": "eth0", "Destination": "10.0.0.0", "Gateway": "0.0.0.0", "Mask": "255.0.0.0", "Flags": "0x0001", "Metric": "0"},{"Iface": "eth0", "Destination": "168.63.129.16", "Gateway": "10.0.0.1", "Mask": "255.255.255.255", "Flags": "0x0007", "Metric": "100"},{"Iface": "eth0", "Destination": "169.254.169.254", "Gateway": "10.0.0.1", "Mask": "255.255.255.255", "Flags": "0x0007", "Metric": "100"}]
Mar  9 10:40:59 Client01 python3[1221]: 2020/03/09 10:40:59.444773 INFO ExtHandler Initial NIC state: [{ "name": "lo", "link": "<LOOPBACK,UP,LOWER_UP> mtu 65536 qdisc noqueue state UNKNOWN mode DEFAULT group default qlen 1000\    link/loopback 00:00:00:00:00:00 brd 00:00:00:00:00:00" }, { "name": "eth0", "link": "<BROADCAST,MULTICAST,UP,LOWER_UP> mtu 1500 qdisc mq state UP mode DEFAULT group default qlen 1000\    link/ether 00:0d:3a:22:0d:5e brd ff:ff:ff:ff:ff:ff" }]
Mar  9 10:40:59 Client01 python3[1221]: 2020/03/09 10:40:59.507741 INFO ExtHandler Successfully added Azure fabric firewall rules
Mar  9 10:40:59 Client01 snapd[1228]: helpers.go:104: error trying to compare the snap system key: system-key missing on disk
Mar  9 10:40:59 Client01 python3[1221]: 2020/03/09 10:40:59.522732 INFO ExtHandler Firewall rules:
Mar  9 10:40:59 Client01 python3[1221]: Chain INPUT (policy ACCEPT 0 packets, 0 bytes)
Mar  9 10:40:59 Client01 python3[1221]:     pkts      bytes target     prot opt in     out     source               destination
Mar  9 10:40:59 Client01 python3[1221]: Chain FORWARD (policy ACCEPT 0 packets, 0 bytes)
Mar  9 10:40:59 Client01 python3[1221]:     pkts      bytes target     prot opt in     out     source               destination
Mar  9 10:40:59 Client01 python3[1221]: Chain OUTPUT (policy ACCEPT 0 packets, 0 bytes)
Mar  9 10:40:59 Client01 python3[1221]:     pkts      bytes target     prot opt in     out     source               destination
Mar  9 10:40:59 Client01 python3[1221]:        0        0 ACCEPT     tcp  --  *      *       0.0.0.0/0            168.63.129.16        owner UID match 0
Mar  9 10:40:59 Client01 python3[1221]:        0        0 DROP       tcp  --  *      *       0.0.0.0/0            168.63.129.16        ctstate INVALID,NEW
Mar  9 10:40:59 Client01 python3[1221]: 2020/03/09 10:40:59.530132 INFO ExtHandler Set block dev timeout: sdb with timeout: 300
Mar  9 10:40:59 Client01 python3[1221]: 2020/03/09 10:40:59.532277 INFO ExtHandler Set block dev timeout: sda with timeout: 300
Mar  9 10:40:59 Client01 systemd[1]: Created slice Slice for walinuxagent extensions.
Mar  9 10:40:59 Client01 python3[1221]: 2020/03/09 10:40:59.615172 INFO ExtHandler Created slice for walinuxagent extensions system-walinuxagent.extensions.slice
Mar  9 10:40:59 Client01 python3[1221]: 2020/03/09 10:40:59.618220 INFO ExtHandler Wire server endpoint:168.63.129.16
Mar  9 10:40:59 Client01 systemd[1]: Started Snappy daemon.
Mar  9 10:40:59 Client01 systemd[1]: Starting Wait until snapd is fully seeded...
Mar  9 10:40:59 Client01 python3[1221]: 2020/03/09 10:40:59.931080 INFO ExtHandler Agent WALinuxAgent-2.2.45 discovered update WALinuxAgent-2.2.46 -- exiting
Mar  9 10:41:00 Client01 python3[1221]: 2020/03/09 10:41:00.094095 INFO Daemon Agent WALinuxAgent-2.2.45 launched with command 'python3 -u /usr/sbin/waagent -run-exthandlers' is successfully running
Mar  9 10:41:00 Client01 python3[1221]: 2020/03/09 10:41:00.104194 INFO Daemon Determined Agent WALinuxAgent-2.2.46 to be the latest agent
Mar  9 10:41:00 Client01 python3[1221]: 2020-03-09T10:41:00.412398Z INFO ExtHandler Agent WALinuxAgent-2.2.46 is running as the goal state agent
Mar  9 10:41:00 Client01 python3[1221]: 2020-03-09T10:41:00.416444Z INFO ExtHandler Distro info: ubuntu 18.04, osutil class being used: Ubuntu18OSUtil, agent service name: walinuxagent
Mar  9 10:41:00 Client01 python3[1221]: 2020-03-09T10:41:00.432331Z INFO ExtHandler WireServer endpoint 168.63.129.16 read from file
Mar  9 10:41:00 Client01 python3[1221]: 2020-03-09T10:41:00.436614Z INFO ExtHandler Wire server endpoint:168.63.129.16
Mar  9 10:41:00 Client01 python3[1221]: 2020-03-09T10:41:00.452876Z INFO ExtHandler Start env monitor service.
Mar  9 10:41:00 Client01 python3[1221]: 2020-03-09T10:41:00.472924Z INFO ExtHandler Configure routes
Mar  9 10:41:00 Client01 python3[1221]: 2020-03-09T10:41:00.477517Z INFO ExtHandler Gateway:None
Mar  9 10:41:00 Client01 python3[1221]: 2020-03-09T10:41:00.481227Z INFO ExtHandler Routes:None
Mar  9 10:41:00 Client01 python3[1221]: 2020-03-09T10:41:00.495669Z INFO ExtHandler WALinuxAgent-2.2.46 running as process 1589
Mar  9 10:41:00 Client01 python3[1221]: 2020-03-09T10:41:00.495826Z INFO ExtHandler WireServer endpoint 168.63.129.16 read from file
Mar  9 10:41:00 Client01 python3[1221]: 2020-03-09T10:41:00.496171Z INFO ExtHandler Wire server endpoint:168.63.129.16
Mar  9 10:41:00 Client01 python3[1221]: 2020-03-09T10:41:00.507520Z INFO ExtHandler CGroups Status: The cgroup filesystem is ready to use
Mar  9 10:41:00 Client01 python3[1221]: 2020-03-09T10:41:00.510775Z INFO ExtHandler Started tracking new cgroup: walinuxagent.service, path: /sys/fs/cgroup/cpu/system.slice/walinuxagent.service
Mar  9 10:41:00 Client01 python3[1221]: 2020-03-09T10:41:00.514904Z INFO ExtHandler Started tracking new cgroup: walinuxagent.service, path: /sys/fs/cgroup/memory/system.slice/walinuxagent.service
Mar  9 10:41:00 Client01 systemd[1]: Reloading.
Mar  9 10:41:00 Client01 python3[1221]: 2020-03-09T10:41:00.534638Z INFO ExtHandler Route table: [{"Iface": "eth0", "Destination": "0.0.0.0", "Gateway": "10.0.0.1", "Mask": "0.0.0.0", "Flags": "0x0003", "Metric": "100"},{"Iface": "eth0", "Destination": "10.0.0.0", "Gateway": "0.0.0.0", "Mask": "255.0.0.0", "Flags": "0x0001", "Metric": "0"},{"Iface": "eth0", "Destination": "168.63.129.16", "Gateway": "10.0.0.1", "Mask": "255.255.255.255", "Flags": "0x0007", "Metric": "100"},{"Iface": "eth0", "Destination": "169.254.169.254", "Gateway": "10.0.0.1", "Mask": "255.255.255.255", "Flags": "0x0007", "Metric": "100"}]
Mar  9 10:41:00 Client01 python3[1221]: 2020-03-09T10:41:00.576245Z INFO ExtHandler Initial NIC state: [{ "name": "lo", "link": "<LOOPBACK,UP,LOWER_UP> mtu 65536 qdisc noqueue state UNKNOWN mode DEFAULT group default qlen 1000\    link/loopback 00:00:00:00:00:00 brd 00:00:00:00:00:00" }, { "name": "eth0", "link": "<BROADCAST,MULTICAST,UP,LOWER_UP> mtu 1500 qdisc mq state UP mode DEFAULT group default qlen 1000\    link/ether 00:0d:3a:22:0d:5e brd ff:ff:ff:ff:ff:ff" }]
Mar  9 10:41:00 Client01 python3[1221]: 2020-03-09T10:41:00.636601Z INFO ExtHandler Successfully added Azure fabric firewall rules
Mar  9 10:41:00 Client01 python3[1221]: 2020-03-09T10:41:00.647542Z INFO ExtHandler Firewall rules:
Mar  9 10:41:00 Client01 python3[1221]: Chain INPUT (policy ACCEPT 0 packets, 0 bytes)
Mar  9 10:41:00 Client01 python3[1221]:     pkts      bytes target     prot opt in     out     source               destination
Mar  9 10:41:00 Client01 python3[1221]: Chain FORWARD (policy ACCEPT 0 packets, 0 bytes)
Mar  9 10:41:00 Client01 python3[1221]:     pkts      bytes target     prot opt in     out     source               destination
Mar  9 10:41:00 Client01 python3[1221]: Chain OUTPUT (policy ACCEPT 0 packets, 0 bytes)
Mar  9 10:41:00 Client01 python3[1221]:     pkts      bytes target     prot opt in     out     source               destination
Mar  9 10:41:00 Client01 python3[1221]:        0        0 ACCEPT     tcp  --  *      *       0.0.0.0/0            168.63.129.16        owner UID match 0
Mar  9 10:41:00 Client01 python3[1221]:        0        0 DROP       tcp  --  *      *       0.0.0.0/0            168.63.129.16        ctstate INVALID,NEW
Mar  9 10:41:00 Client01 systemd[1]: Started Wait until snapd is fully seeded.
Mar  9 10:41:00 Client01 systemd[1]: Starting Apply the settings specified in cloud-config...
Mar  9 10:41:00 Client01 python3[1221]: 2020-03-09T10:41:00.796716Z INFO ExtHandler Created slice for walinuxagent extensions system-walinuxagent.extensions.slice
Mar  9 10:41:00 Client01 python3[1221]: 2020-03-09T10:41:00.811610Z INFO ExtHandler WireServer endpoint 168.63.129.16 read from file
Mar  9 10:41:00 Client01 python3[1221]: 2020-03-09T10:41:00.817128Z INFO ExtHandler Wire server endpoint:168.63.129.16
Mar  9 10:41:00 Client01 python3[1221]: 2020-03-09T10:41:00.945401Z INFO ExtHandler WireServer endpoint 168.63.129.16 read from file
Mar  9 10:41:00 Client01 python3[1221]: 2020-03-09T10:41:00.946074Z INFO ExtHandler Wire server endpoint:168.63.129.16
Mar  9 10:41:01 Client01 python3[1221]: 2020-03-09T10:41:01.147341Z INFO ExtHandler WireServer endpoint 168.63.129.16 read from file
Mar  9 10:41:01 Client01 python3[1221]: 2020-03-09T10:41:01.148351Z INFO ExtHandler Wire server endpoint:168.63.129.16
Mar  9 10:41:01 Client01 python3[1221]: 2020-03-09T10:41:01.157704Z INFO ExtHandler ProcessGoalState completed [incarnation 1; 212 ms]
Mar  9 10:41:01 Client01 systemd[1]: Stopping OpenBSD Secure Shell server...
Mar  9 10:41:01 Client01 systemd[1]: Stopped OpenBSD Secure Shell server.
Mar  9 10:41:01 Client01 systemd[1]: Starting OpenBSD Secure Shell server...
Mar  9 10:41:01 Client01 systemd[1]: Started OpenBSD Secure Shell server.
Mar  9 10:41:03 Client01 systemd-resolved[928]: Server returned error NXDOMAIN, mitigating potential DNS violation DVE-2018-0001, retrying transaction with reduced feature level UDP.
Mar  9 10:41:03 Client01 systemd-resolved[928]: message repeated 3 times: [ Server returned error NXDOMAIN, mitigating potential DNS violation DVE-2018-0001, retrying transaction with reduced feature level UDP.]
Mar  9 10:41:03 Client01 cloud-init[1654]: Cloud-init v. 19.4-33-gbb4131a2-0ubuntu1~18.04.1 running 'modules:config' at Mon, 09 Mar 2020 10:41:01 +0000. Up 44.72 seconds.
Mar  9 10:41:03 Client01 systemd[1]: Started Apply the settings specified in cloud-config.
Mar  9 10:41:03 Client01 systemd[1]: Starting Write warning to Azure ephemeral disk...
Mar  9 10:41:03 Client01 root: Added ephemeral disk warning to /mnt/DATALOSS_WARNING_README.txt
Mar  9 10:41:03 Client01 systemd[1]: Started Write warning to Azure ephemeral disk.
Mar  9 10:41:03 Client01 systemd[1]: Reached target Multi-User System.
Mar  9 10:41:03 Client01 systemd[1]: Reached target Graphical Interface.
Mar  9 10:41:03 Client01 systemd[1]: Starting Update UTMP about System Runlevel Changes...
Mar  9 10:41:03 Client01 systemd[1]: Starting Execute cloud user/final scripts...
Mar  9 10:41:03 Client01 systemd[1]: Started Update UTMP about System Runlevel Changes.
Mar  9 10:41:03 Client01 ec2: 
Mar  9 10:41:03 Client01 ec2: #############################################################
Mar  9 10:41:03 Client01 ec2: -----BEGIN SSH HOST KEY FINGERPRINTS-----
Mar  9 10:41:03 Client01 ec2: 1024 SHA256:9iQoBFccfgn+RXanzI6yBZeMv9p3jfJ+GpMJWHryDHo root@Client01 (DSA)
Mar  9 10:41:03 Client01 ec2: 256 SHA256:437qmu89uEHsbkCVwiHYa/F8shSAZGu9zchv0zccUOc root@Client01 (ECDSA)
Mar  9 10:41:03 Client01 ec2: 256 SHA256:yqoxr3LzSLVaUKFmVCMUJA/lrpf+Hf6dXMRh8x9e+9A root@Client01 (ED25519)
Mar  9 10:41:03 Client01 ec2: 2048 SHA256:4M+7FxzwTb02C/0bpXgw4Aslp3/Sp0z7KDQY6IvfOEs root@Client01 (RSA)
Mar  9 10:41:03 Client01 ec2: -----END SSH HOST KEY FINGERPRINTS-----
Mar  9 10:41:03 Client01 ec2: #############################################################
Mar  9 10:41:03 Client01 cloud-init[1786]: Cloud-init v. 19.4-33-gbb4131a2-0ubuntu1~18.04.1 running 'modules:final' at Mon, 09 Mar 2020 10:41:03 +0000. Up 47.12 seconds.
Mar  9 10:41:03 Client01 cloud-init[1786]: ci-info: no authorized SSH keys fingerprints found for user jdoe.
Mar  9 10:41:03 Client01 cloud-init[1786]: Cloud-init v. 19.4-33-gbb4131a2-0ubuntu1~18.04.1 finished at Mon, 09 Mar 2020 10:41:03 +0000. Datasource DataSourceAzure [seed=/dev/sr0].  Up 47.50 seconds
Mar  9 10:41:04 Client01 systemd[1]: Started Execute cloud user/final scripts.
Mar  9 10:41:04 Client01 systemd[1]: Reached target Cloud-init target.
Mar  9 10:41:04 Client01 systemd[1]: Startup finished in 7.668s (kernel) + 39.911s (userspace) = 47.579s.
