LineId,Month,Date,Time,Type,Component,Content,EventId,EventTemplate,ParameterList
1,Mar,9,10:40:56,Client01,kernel,[    0.000000] Linux version 5.0.0-1032-azure (buildd@lcy01-amd64-016) (gcc version 7.4.0 (Ubuntu 7.4.0-1ubuntu1~18.04.1)) #34-Ubuntu SMP Mon Feb 10 19:37:25 UTC 2020 (Ubuntu 5.0.0-1032.34-azure 5.0.21),be94182a,[ <*>.<*>] Linux version <*>.<*>.<*>-<*>-azure (buildd@lcy01-amd64-<*>) (gcc version <*>.<*>.<*> (Ubuntu <*>.<*>.<*>-1ubuntu1~<*>.<*>.<*>)) #<*>-Ubuntu SMP Mon Feb <*> <*>:<*>:<*> UTC <*> (Ubuntu <*>.<*>.<*>-<*>.<*>-azure <*>.<*>.<*>),"['0.000000', '5', '0.0-1032', '016', '7', '4.0', '7', '4.0', '18', '04.1', '34', '10 19', '37:25', '2020', '5', '0', '0-1032.34', '5', '0.21']"
2,Mar,9,10:40:56,Client01,kernel,[    0.000000] Command line: BOOT_IMAGE=/boot/vmlinuz-5.0.0-1032-azure root=UUID=5604f71e-1e5f-443c-a99e-b82bb5c201df ro console=tty1 console=ttyS0 earlyprintk=ttyS0 rootdelay=300,114429ff,[ <*>.<*>] Command line: BOOT_IMAGE=/boot/vmlinuz-<*>.<*>.<*>-<*>-azure root=UUID=5604f71e-1e5f-443c-a99e-b82bb5c201df ro console=tty1 console=ttyS0 earlyprintk=ttyS0 rootdelay=<*>,"['0.000000', '5', '0.0-1032', '300']"
3,Mar,9,10:40:56,Client01,kernel,[    0.000000] KERNEL supported cpus:,965b1ec6,[ <*>.<*>] KERNEL supported cpus:,['0.000000']
4,Mar,9,10:40:56,Client01,kernel,[    0.000000]   Intel GenuineIntel,936b8562,[ <*>.<*>] <*> <*>,"['0.000000', 'Intel GenuineIntel']"
5,Mar,9,10:40:56,Client01,kernel,[    0.000000]   AMD AuthenticAMD,936b8562,[ <*>.<*>] <*> <*>,"['0.000000', 'AMD AuthenticAMD']"
6,Mar,9,10:40:56,Client01,kernel,[    0.000000]   Hygon HygonGenuine,936b8562,[ <*>.<*>] <*> <*>,"['0.000000', 'Hygon HygonGenuine']"
7,Mar,9,10:40:56,Client01,kernel,[    0.000000]   Centaur CentaurHauls,936b8562,[ <*>.<*>] <*> <*>,"['0.000000', 'Centaur CentaurHauls']"
8,Mar,9,10:40:56,Client01,kernel,[    0.000000] x86/fpu: Supporting XSAVE feature 0x001: 'x87 floating point registers',fde341ba,[ <*>.<*>] x86/fpu: Supporting XSAVE feature 0x001: 'x87 floating point registers',['0.000000']
9,Mar,9,10:40:56,Client01,kernel,[    0.000000] x86/fpu: Supporting XSAVE feature 0x002: 'SSE registers',a6660de3,[ <*>.<*>] x86/fpu: Supporting XSAVE feature <*> <*> <*>,"['0.000000', '0x002:', ""'SSE registers'""]"
10,Mar,9,10:40:56,Client01,kernel,[    0.000000] x86/fpu: Supporting XSAVE feature 0x004: 'AVX registers',a6660de3,[ <*>.<*>] x86/fpu: Supporting XSAVE feature <*> <*> <*>,"['0.000000', '0x004:', ""'AVX registers'""]"
11,Mar,9,10:40:56,Client01,kernel,[    0.000000] x86/fpu: Supporting XSAVE feature 0x008: 'MPX bounds registers',21239b8b,[ <*>.<*>] x86/fpu: Supporting XSAVE feature 0x008: 'MPX bounds registers',['0.000000']
12,Mar,9,10:40:56,Client01,kernel,[    0.000000] x86/fpu: Supporting XSAVE feature 0x010: 'MPX CSR',a6660de3,[ <*>.<*>] x86/fpu: Supporting XSAVE feature <*> <*> <*>,"['0.000000', '0x010:', ""'MPX CSR'""]"
13,Mar,9,10:40:56,Client01,kernel,[    0.000000] x86/fpu: Supporting XSAVE feature 0x020: 'AVX-512 opmask',a6660de3,[ <*>.<*>] x86/fpu: Supporting XSAVE feature <*> <*> <*>,"['0.000000', '0x020:', ""'AVX-512 opmask'""]"
14,Mar,9,10:40:56,Client01,kernel,[    0.000000] x86/fpu: Supporting XSAVE feature 0x040: 'AVX-512 Hi256',a6660de3,[ <*>.<*>] x86/fpu: Supporting XSAVE feature <*> <*> <*>,"['0.000000', '0x040:', ""'AVX-512 Hi256'""]"
15,Mar,9,10:40:56,Client01,kernel,[    0.000000] x86/fpu: Supporting XSAVE feature 0x080: 'AVX-512 ZMM_Hi256',a6660de3,[ <*>.<*>] x86/fpu: Supporting XSAVE feature <*> <*> <*>,"['0.000000', '0x080:', ""'AVX-512 ZMM_Hi256'""]"
16,Mar,9,10:40:56,Client01,kernel,"[    0.000000] x86/fpu: xstate_offset[2]:  576, xstate_sizes[2]:  256",94e7a6df,"[ <*>.<*>] x86/fpu: xstate_offset[<*>]: <*>, xstate_sizes[<*>]: <*>","['0.000000', '2', '576', '2', '256']"
17,Mar,9,10:40:56,Client01,kernel,"[    0.000000] x86/fpu: xstate_offset[3]:  832, xstate_sizes[3]:   64",94e7a6df,"[ <*>.<*>] x86/fpu: xstate_offset[<*>]: <*>, xstate_sizes[<*>]: <*>","['0.000000', '3', '832', '3', '64']"
18,Mar,9,10:40:56,Client01,kernel,"[    0.000000] x86/fpu: xstate_offset[4]:  896, xstate_sizes[4]:   64",94e7a6df,"[ <*>.<*>] x86/fpu: xstate_offset[<*>]: <*>, xstate_sizes[<*>]: <*>","['0.000000', '4', '896', '4', '64']"
19,Mar,9,10:40:56,Client01,kernel,"[    0.000000] x86/fpu: xstate_offset[5]:  960, xstate_sizes[5]:   64",94e7a6df,"[ <*>.<*>] x86/fpu: xstate_offset[<*>]: <*>, xstate_sizes[<*>]: <*>","['0.000000', '5', '960', '5', '64']"
20,Mar,9,10:40:56,Client01,kernel,"[    0.000000] x86/fpu: xstate_offset[6]: 1024, xstate_sizes[6]:  512",94e7a6df,"[ <*>.<*>] x86/fpu: xstate_offset[<*>]: <*>, xstate_sizes[<*>]: <*>","['0.000000', '6', '1024', '6', '512']"
21,Mar,9,10:40:56,Client01,kernel,"[    0.000000] x86/fpu: xstate_offset[7]: 1536, xstate_sizes[7]: 1024",94e7a6df,"[ <*>.<*>] x86/fpu: xstate_offset[<*>]: <*>, xstate_sizes[<*>]: <*>","['0.000000', '7', '1536', '7', '1024']"
22,Mar,9,10:40:56,Client01,kernel,"[    0.000000] x86/fpu: Enabled xstate features 0xff, context size is 2560 bytes, using 'compacted' format.",51ae9b48,"[ <*>.<*>] x86/fpu: Enabled xstate features <*> context size is <*> bytes, using <*> format.","['0.000000', '0xff,', '2560', ""'compacted'""]"
23,Mar,9,10:40:56,Client01,kernel,[    0.000000] BIOS-provided physical RAM map:,679f5927,[ <*>.<*>] BIOS-provided physical RAM map:,['0.000000']
24,Mar,9,10:40:56,Client01,kernel,[    0.000000] BIOS-e820: [mem 0x0000000000000000-0x000000000009fbff] usable,d4d60197,[ <*>.<*>] BIOS-e820: [mem <*> <*>,"['0.000000', '0x0000000000000000-0x000000000009fbff] usable']"
25,Mar,9,10:40:56,Client01,kernel,[    0.000000] BIOS-e820: [mem 0x000000000009fc00-0x000000000009ffff] reserved,d4d60197,[ <*>.<*>] BIOS-e820: [mem <*> <*>,"['0.000000', '0x000000000009fc00-0x000000000009ffff] reserved']"
26,Mar,9,10:40:56,Client01,kernel,[    0.000000] BIOS-e820: [mem 0x00000000000e0000-0x00000000000fffff] reserved,d4d60197,[ <*>.<*>] BIOS-e820: [mem <*> <*>,"['0.000000', '0x00000000000e0000-0x00000000000fffff] reserved']"
27,Mar,9,10:40:56,Client01,kernel,[    0.000000] BIOS-e820: [mem 0x0000000000100000-0x000000003ffeffff] usable,d4d60197,[ <*>.<*>] BIOS-e820: [mem <*> <*>,"['0.000000', '0x0000000000100000-0x000000003ffeffff] usable']"
28,Mar,9,10:40:56,Client01,kernel,[    0.000000] BIOS-e820: [mem 0x000000003fff0000-0x000000003fffefff] ACPI data,976560cf,[ <*>.<*>] BIOS-e820: [mem <*> ACPI <*>,"['0.000000', '0x000000003fff0000-0x000000003fffefff]', 'data']"
29,Mar,9,10:40:56,Client01,kernel,[    0.000000] BIOS-e820: [mem 0x000000003ffff000-0x000000003fffffff] ACPI NVS,976560cf,[ <*>.<*>] BIOS-e820: [mem <*> ACPI <*>,"['0.000000', '0x000000003ffff000-0x000000003fffffff]', 'NVS']"
30,Mar,9,10:40:56,Client01,kernel,[    0.000000] BIOS-e820: [mem 0x0000000100000000-0x00000002bfffffff] usable,d4d60197,[ <*>.<*>] BIOS-e820: [mem <*> <*>,"['0.000000', '0x0000000100000000-0x00000002bfffffff] usable']"
31,Mar,9,10:40:56,Client01,kernel,[    0.000000] printk: bootconsole [earlyser0] enabled,8f72dbf6,[ <*>.<*>] <*> <*> <*> enabled,"['0.000000', 'printk:', 'bootconsole [earlyser0]']"
32,Mar,9,10:40:56,Client01,kernel,[    0.000000] NX (Execute Disable) protection: active,a2cd9fdb,[ <*>.<*>] NX (Execute Disable) protection: active,['0.000000']
33,Mar,9,10:40:56,Client01,kernel,[    0.000000] SMBIOS 2.3 present.,271e8bd5,[ <*>.<*>] SMBIOS <*>.<*> present.,"['0.000000', '2.3']"
34,Mar,9,10:40:56,Client01,kernel,"[    0.000000] DMI: Microsoft Corporation Virtual Machine/Virtual Machine, BIOS 090007  06/02/2017",b20e8a2e,"[ <*>.<*>] DMI: Microsoft Corporation Virtual Machine/Virtual Machine, BIOS <*> <*>/<*>/<*>","['0.000000', '090007  06', '02/2017']"
35,Mar,9,10:40:56,Client01,kernel,[    0.000000] Hypervisor detected: Microsoft Hyper-V,91ab13e8,[ <*>.<*>] Hypervisor detected: Microsoft Hyper-V,['0.000000']
36,Mar,9,10:40:56,Client01,kernel,"[    0.000000] Hyper-V: features 0x2e7f, hints 0x44c2c",9d9bfdd0,"[ <*>.<*>] Hyper-V: features 0x2e7f, hints 0x44c2c",['0.000000']
37,Mar,9,10:40:56,Client01,kernel,[    0.000000] Hyper-V Host Build:14393-10.0-0-0.305,e41e7a65,[ <*>.<*>] Hyper-V Host Build:<*>-<*>.<*>-<*>-<*>.<*>,"['0.000000', '14393-10', '0', '0-0.305']"
38,Mar,9,10:40:56,Client01,kernel,[    0.000000] Hyper-V: LAPIC Timer Frequency: 0xc3500,14bf15a5,[ <*>.<*>] Hyper-V: LAPIC Timer Frequency: 0xc<*>,"['0.000000', '3500']"
39,Mar,9,10:40:56,Client01,kernel,[    0.000000] tsc: Marking TSC unstable due to running on Hyper-V,eaf7708b,[ <*>.<*>] tsc: Marking TSC unstable due to running on Hyper-V,['0.000000']
40,Mar,9,10:40:56,Client01,kernel,[    0.000000] Hyper-V: Using hypercall for remote TLB flush,db4f6103,[ <*>.<*>] Hyper-V: Using hypercall for remote TLB flush,['0.000000']
41,Mar,9,10:40:56,Client01,kernel,[    0.000000] tsc: Detected 2095.196 MHz processor,835ab552,[ <*>.<*>] tsc: Detected <*>.<*> MHz processor,"['0.000000', '2095.196']"
42,Mar,9,10:40:56,Client01,kernel,[    0.001599] e820: update [mem 0x00000000-0x00000fff] usable ==> reserved,7f8f754f,[ <*>.<*>] e820: update [mem <*> usable ==> reserved,"['0.001599', '0x00000000-0x00000fff]']"
43,Mar,9,10:40:56,Client01,kernel,[    0.001601] e820: remove [mem 0x000a0000-0x000fffff] usable,1f70e9aa,[ <*>.<*>] e820: remove [mem 0x000a0000-0x000fffff] usable,['0.001601']
44,Mar,9,10:40:56,Client01,kernel,[    0.001606] last_pfn = 0x2c0000 max_arch_pfn = 0x400000000,893b62e4,[ <*>.<*>] last_pfn = <*> max_arch_pfn = 0x<*>,"['0.001606', '0x2c0000', '400000000']"
45,Mar,9,10:40:56,Client01,kernel,[    0.006071] MTRR default type: uncachable,1dbe8e7a,[ <*>.<*>] MTRR <*> <*> <*>,"['0.006071', 'default', 'type: uncachable']"
46,Mar,9,10:40:56,Client01,kernel,[    0.006072] MTRR fixed ranges enabled:,1dbe8e7a,[ <*>.<*>] MTRR <*> <*> <*>,"['0.006072', 'fixed', 'ranges enabled:']"
47,Mar,9,10:40:56,Client01,kernel,[    0.006073]   00000-9FFFF write-back,936b8562,[ <*>.<*>] <*> <*>,"['0.006073', '00000-9FFFF write-back']"
48,Mar,9,10:40:56,Client01,kernel,[    0.006074]   A0000-DFFFF uncachable,936b8562,[ <*>.<*>] <*> <*>,"['0.006074', 'A0000-DFFFF uncachable']"
49,Mar,9,10:40:56,Client01,kernel,[    0.006074]   E0000-FFFFF write-back,936b8562,[ <*>.<*>] <*> <*>,"['0.006074', 'E0000-FFFFF write-back']"
50,Mar,9,10:40:56,Client01,kernel,[    0.006075] MTRR variable ranges enabled:,1dbe8e7a,[ <*>.<*>] MTRR <*> <*> <*>,"['0.006075', 'variable', 'ranges enabled:']"
51,Mar,9,10:40:56,Client01,kernel,[    0.006076]   0 base 00000000000 mask FFFC0000000 write-back,d1b7c0bc,[ <*>.<*>] <*> base <*> mask <*> write-back,"['0.006076', '0', '00000000000', 'FFFC0000000']"
52,Mar,9,10:40:56,Client01,kernel,[    0.006077]   1 base 00100000000 mask FF000000000 write-back,d1b7c0bc,[ <*>.<*>] <*> base <*> mask <*> write-back,"['0.006077', '1', '00100000000', 'FF000000000']"
53,Mar,9,10:40:56,Client01,kernel,[    0.006078]   2 disabled,936b8562,[ <*>.<*>] <*> <*>,"['0.006078', '2 disabled']"
54,Mar,9,10:40:56,Client01,kernel,[    0.006078]   3 disabled,936b8562,[ <*>.<*>] <*> <*>,"['0.006078', '3 disabled']"
55,Mar,9,10:40:56,Client01,kernel,[    0.006079]   4 disabled,936b8562,[ <*>.<*>] <*> <*>,"['0.006079', '4 disabled']"
56,Mar,9,10:40:56,Client01,kernel,[    0.006079]   5 disabled,936b8562,[ <*>.<*>] <*> <*>,"['0.006079', '5 disabled']"
57,Mar,9,10:40:56,Client01,kernel,[    0.006080]   6 disabled,936b8562,[ <*>.<*>] <*> <*>,"['0.006080', '6 disabled']"
58,Mar,9,10:40:56,Client01,kernel,[    0.006080]   7 disabled,936b8562,[ <*>.<*>] <*> <*>,"['0.006080', '7 disabled']"
59,Mar,9,10:40:56,Client01,kernel,[    0.006092] x86/PAT: Configuration [0-7]: WB  WC  UC- UC  WB  WP  UC- WT,5414a551,[ <*>.<*>] x86/PAT: Configuration [<*>-<*>]: WB WC UC- UC WB WP UC- WT,"['0.006092', '0-7']"
60,Mar,9,10:40:56,Client01,kernel,[    0.011589] e820: update [mem 0x40000000-0xffffffff] usable ==> reserved,7f8f754f,[ <*>.<*>] e820: update [mem <*> usable ==> reserved,"['0.011589', '0x40000000-0xffffffff]']"
61,Mar,9,10:40:56,Client01,kernel,[    0.014324] last_pfn = 0x3fff0 max_arch_pfn = 0x400000000,893b62e4,[ <*>.<*>] last_pfn = <*> max_arch_pfn = 0x<*>,"['0.014324', '0x3fff0', '400000000']"
62,Mar,9,10:40:56,Client01,kernel,[    0.026971] found SMP MP-table at [mem 0x000ff780-0x000ff78f],849f346f,[ <*>.<*>] found SMP MP-table at [mem 0x000ff780-0x000ff78f],['0.026971']
63,Mar,9,10:40:56,Client01,kernel,[    0.031566] check: Scanning 1 areas for low memory corruption,5b3d4674,[ <*>.<*>] check: Scanning <*> areas for low memory corruption,"['0.031566', '1']"
64,Mar,9,10:40:56,Client01,kernel,[    0.036223] Using GB pages for direct mapping,f6c22858,[ <*>.<*>] Using GB pages for direct mapping,['0.036223']
65,Mar,9,10:40:56,Client01,kernel,"[    0.039911] BRK [0x15f002000, 0x15f002fff] PGTABLE",bd206d38,[ <*>.<*>] BRK <*> <*> PGTABLE,"['0.039911', '[0x15f002000, 0x15f002fff]']"
66,Mar,9,10:40:56,Client01,kernel,"[    0.039914] BRK [0x15f003000, 0x15f003fff] PGTABLE",bd206d38,[ <*>.<*>] BRK <*> <*> PGTABLE,"['0.039914', '[0x15f003000, 0x15f003fff]']"
67,Mar,9,10:40:56,Client01,kernel,"[    0.039915] BRK [0x15f004000, 0x15f004fff] PGTABLE",bd206d38,[ <*>.<*>] BRK <*> <*> PGTABLE,"['0.039915', '[0x15f004000, 0x15f004fff]']"
68,Mar,9,10:40:56,Client01,kernel,"[    0.039945] BRK [0x15f005000, 0x15f005fff] PGTABLE",bd206d38,[ <*>.<*>] BRK <*> <*> PGTABLE,"['0.039945', '[0x15f005000, 0x15f005fff]']"
69,Mar,9,10:40:56,Client01,kernel,"[    0.040017] BRK [0x15f006000, 0x15f006fff] PGTABLE",bd206d38,[ <*>.<*>] BRK <*> <*> PGTABLE,"['0.040017', '[0x15f006000, 0x15f006fff]']"
70,Mar,9,10:40:56,Client01,kernel,[    0.040052] RAMDISK: [mem 0x3598f000-0x36cbefff],1c598435,[ <*>.<*>] <*> [mem <*>,"['0.040052', 'RAMDISK:', '0x3598f000-0x36cbefff]']"
71,Mar,9,10:40:56,Client01,kernel,[    0.043725] ACPI: Early table checksum verification disabled,5e4615b4,[ <*>.<*>] ACPI: Early table checksum verification disabled,['0.043725']
72,Mar,9,10:40:56,Client01,kernel,[    0.048534] ACPI: RSDP 0x00000000000F5BF0 000014 (v00 ACPIAM),ef90a7c4,[ <*>.<*>] ACPI: RSDP 0x00000000000F5BF0 <*> (v00 ACPIAM),"['0.048534', '000014']"
73,Mar,9,10:40:56,Client01,kernel,[    0.052984] ACPI: RSDT 0x000000003FFF0000 000040 (v01 VRTUAL MICROSFT 06001702 MSFT 00000097),99b568dc,[ <*>.<*>] ACPI: <*> <*> <*> <*> VRTUAL MICROSFT <*> MSFT <*>),"['0.052984', 'RSDT', '0x000000003FFF0000 000040 (v01', '06001702', '00000097']"
74,Mar,9,10:40:56,Client01,kernel,[    0.059947] ACPI: FACP 0x000000003FFF0200 000081 (v02 VRTUAL MICROSFT 06001702 MSFT 00000097),99b568dc,[ <*>.<*>] ACPI: <*> <*> <*> <*> VRTUAL MICROSFT <*> MSFT <*>),"['0.059947', 'FACP', '0x000000003FFF0200 000081 (v02', '06001702', '00000097']"
75,Mar,9,10:40:56,Client01,kernel,[    0.066986] ACPI: DSDT 0x000000003FFF1D24 003CBE (v01 MSFTVM MSFTVM02 00000002 INTL 02002026),55f70f8e,[ <*>.<*>] ACPI: DSDT 0x000000003FFF1D24 003CBE (v01 MSFTVM MSFTVM02 <*> INTL <*>),"['0.066986', '00000002', '02002026']"
76,Mar,9,10:40:56,Client01,kernel,[    0.074016] ACPI: FACS 0x000000003FFFF000 000040,384a7d61,[ <*>.<*>] ACPI: <*> <*> <*>,"['0.074016', 'FACS', '0x000000003FFFF000 000040']"
77,Mar,9,10:40:56,Client01,kernel,[    0.077826] ACPI: WAET 0x000000003FFF1A80 000028 (v01 VRTUAL MICROSFT 06001702 MSFT 00000097),99b568dc,[ <*>.<*>] ACPI: <*> <*> <*> <*> VRTUAL MICROSFT <*> MSFT <*>),"['0.077826', 'WAET', '0x000000003FFF1A80 000028 (v01', '06001702', '00000097']"
78,Mar,9,10:40:56,Client01,kernel,[    0.084836] ACPI: SLIC 0x000000003FFF1AC0 000176 (v01 VRTUAL MICROSFT 06001702 MSFT 00000097),99b568dc,[ <*>.<*>] ACPI: <*> <*> <*> <*> VRTUAL MICROSFT <*> MSFT <*>),"['0.084836', 'SLIC', '0x000000003FFF1AC0 000176 (v01', '06001702', '00000097']"
79,Mar,9,10:40:56,Client01,kernel,[    0.091967] ACPI: OEM0 0x000000003FFF1CC0 000064 (v01 VRTUAL MICROSFT 06001702 MSFT 00000097),99b568dc,[ <*>.<*>] ACPI: <*> <*> <*> <*> VRTUAL MICROSFT <*> MSFT <*>),"['0.091967', 'OEM0', '0x000000003FFF1CC0 000064 (v01', '06001702', '00000097']"
80,Mar,9,10:40:56,Client01,kernel,[    0.098839] ACPI: SRAT 0x000000003FFF0800 000140 (v02 VRTUAL MICROSFT 00000001 MSFT 00000001),99b568dc,[ <*>.<*>] ACPI: <*> <*> <*> <*> VRTUAL MICROSFT <*> MSFT <*>),"['0.098839', 'SRAT', '0x000000003FFF0800 000140 (v02', '00000001', '00000001']"
81,Mar,9,10:40:56,Client01,kernel,[    0.105728] ACPI: APIC 0x000000003FFF0300 000452 (v01 VRTUAL MICROSFT 06001702 MSFT 00000097),99b568dc,[ <*>.<*>] ACPI: <*> <*> <*> <*> VRTUAL MICROSFT <*> MSFT <*>),"['0.105728', 'APIC', '0x000000003FFF0300 000452 (v01', '06001702', '00000097']"
82,Mar,9,10:40:56,Client01,kernel,[    0.112271] ACPI: OEMB 0x000000003FFFF040 000064 (v01 VRTUAL MICROSFT 06001702 MSFT 00000097),99b568dc,[ <*>.<*>] ACPI: <*> <*> <*> <*> VRTUAL MICROSFT <*> MSFT <*>),"['0.112271', 'OEMB', '0x000000003FFFF040 000064 (v01', '06001702', '00000097']"
83,Mar,9,10:40:56,Client01,kernel,[    0.118771] ACPI: Local APIC address 0xfee00000,33c2304b,[ <*>.<*>] ACPI: Local APIC address 0xfee<*>,"['0.118771', '00000']"
84,Mar,9,10:40:56,Client01,kernel,[    0.118824] SRAT: PXM 0 -> APIC 0x00 -> Node 0,3a0052b7,[ <*>.<*>] SRAT: PXM <*> -> APIC <*> -> Node <*>,"['0.118824', '0 ->', '0x00 ->', '0']"
85,Mar,9,10:40:56,Client01,kernel,[    0.122440] SRAT: PXM 0 -> APIC 0x01 -> Node 0,3a0052b7,[ <*>.<*>] SRAT: PXM <*> -> APIC <*> -> Node <*>,"['0.122440', '0 ->', '0x01 ->', '0']"
86,Mar,9,10:40:56,Client01,kernel,[    0.126502] ACPI: SRAT: Node 0 PXM 0 [mem 0x00000000-0x3fffffff] hotplug,59806dab,[ <*>.<*>] ACPI: SRAT: Node <*> PXM <*> [mem <*> hotplug,"['0.126502', '0', '0', '0x00000000-0x3fffffff]']"
87,Mar,9,10:40:56,Client01,kernel,[    0.131682] ACPI: SRAT: Node 0 PXM 0 [mem 0x100000000-0x2bfffffff] hotplug,59806dab,[ <*>.<*>] ACPI: SRAT: Node <*> PXM <*> [mem <*> hotplug,"['0.131682', '0', '0', '0x100000000-0x2bfffffff]']"
88,Mar,9,10:40:56,Client01,kernel,[    0.137240] ACPI: SRAT: Node 0 PXM 0 [mem 0x2c0200000-0xfdfffffff] hotplug,59806dab,[ <*>.<*>] ACPI: SRAT: Node <*> PXM <*> [mem <*> hotplug,"['0.137240', '0', '0', '0x2c0200000-0xfdfffffff]']"
89,Mar,9,10:40:56,Client01,kernel,[    0.142360] ACPI: SRAT: Node 0 PXM 0 [mem 0x1000000000-0xffffffffff] hotplug,59806dab,[ <*>.<*>] ACPI: SRAT: Node <*> PXM <*> [mem <*> hotplug,"['0.142360', '0', '0', '0x1000000000-0xffffffffff]']"
90,Mar,9,10:40:56,Client01,kernel,[    0.148230] ACPI: SRAT: Node 0 PXM 0 [mem 0x10000200000-0x1ffffffffff] hotplug,59806dab,[ <*>.<*>] ACPI: SRAT: Node <*> PXM <*> [mem <*> hotplug,"['0.148230', '0', '0', '0x10000200000-0x1ffffffffff]']"
91,Mar,9,10:40:56,Client01,kernel,[    0.153990] ACPI: SRAT: Node 0 PXM 0 [mem 0x20000200000-0x3ffffffffff] hotplug,59806dab,[ <*>.<*>] ACPI: SRAT: Node <*> PXM <*> [mem <*> hotplug,"['0.153990', '0', '0', '0x20000200000-0x3ffffffffff]']"
92,Mar,9,10:40:56,Client01,kernel,[    0.159961] NUMA: Node 0 [mem 0x00000000-0x3fffffff] + [mem 0x100000000-0x2bfffffff] -> [mem 0x00000000-0x2bfffffff],2149b3b0,[ <*>.<*>] NUMA: Node <*> [mem 0x00000000-0x3fffffff] + [mem 0x100000000-0x2bfffffff] -> [mem 0x00000000-0x2bfffffff],"['0.159961', '0']"
93,Mar,9,10:40:56,Client01,kernel,[    0.168478] NODE_DATA(0) allocated [mem 0x2bffd5000-0x2bfffffff],b6667f9b,[ <*>.<*>] <*> <*> [mem <*>,"['0.168478', 'NODE_DATA(0) allocated', '0x2bffd5000-0x2bfffffff]']"
94,Mar,9,10:40:56,Client01,kernel,[    0.173628] Zone ranges:,936b8562,[ <*>.<*>] <*> <*>,"['0.173628', 'Zone ranges:']"
95,Mar,9,10:40:56,Client01,kernel,[    0.175576]   DMA      [mem 0x0000000000001000-0x0000000000ffffff],1c598435,[ <*>.<*>] <*> [mem <*>,"['0.175576', 'DMA', '0x0000000000001000-0x0000000000ffffff]']"
96,Mar,9,10:40:56,Client01,kernel,[    0.180549]   DMA32    [mem 0x0000000001000000-0x00000000ffffffff],1c598435,[ <*>.<*>] <*> [mem <*>,"['0.180549', 'DMA32', '0x0000000001000000-0x00000000ffffffff]']"
97,Mar,9,10:40:56,Client01,kernel,[    0.185627]   Normal   [mem 0x0000000100000000-0x00000002bfffffff],1c598435,[ <*>.<*>] <*> [mem <*>,"['0.185627', 'Normal', '0x0000000100000000-0x00000002bfffffff]']"
98,Mar,9,10:40:56,Client01,kernel,[    0.190776]   Device   empty,936b8562,[ <*>.<*>] <*> <*>,"['0.190776', 'Device   empty']"
99,Mar,9,10:40:56,Client01,kernel,[    0.193267] Movable zone start for each node,64c52242,[ <*>.<*>] Movable zone start for each node,['0.193267']
100,Mar,9,10:40:56,Client01,kernel,[    0.197168] Early memory node ranges,a091d2c8,[ <*>.<*>] Early memory node ranges,['0.197168']
101,Mar,9,10:40:56,Client01,kernel,[    0.200095]   node   0: [mem 0x0000000000001000-0x000000000009efff],b6667f9b,[ <*>.<*>] <*> <*> [mem <*>,"['0.200095', 'node   0:', '0x0000000000001000-0x000000000009efff]']"
102,Mar,9,10:40:56,Client01,kernel,[    0.205608]   node   0: [mem 0x0000000000100000-0x000000003ffeffff],b6667f9b,[ <*>.<*>] <*> <*> [mem <*>,"['0.205608', 'node   0:', '0x0000000000100000-0x000000003ffeffff]']"
103,Mar,9,10:40:56,Client01,kernel,[    0.210838]   node   0: [mem 0x0000000100000000-0x00000002bfffffff],b6667f9b,[ <*>.<*>] <*> <*> [mem <*>,"['0.210838', 'node   0:', '0x0000000100000000-0x00000002bfffffff]']"
104,Mar,9,10:40:56,Client01,kernel,[    0.215837] Zeroed struct page in unavailable ranges: 114 pages,466785ab,[ <*>.<*>] Zeroed struct page in unavailable ranges: <*> pages,"['0.215837', '114']"
105,Mar,9,10:40:56,Client01,kernel,[    0.215839] Initmem setup node 0 [mem 0x0000000000001000-0x00000002bfffffff],9b9613f5,[ <*>.<*>] Initmem setup node <*> [mem 0x0000000000001000-0x00000002bfffffff],"['0.215839', '0']"
106,Mar,9,10:40:56,Client01,kernel,[    0.226521] On node 0 totalpages: 2097038,6d7e682c,[ <*>.<*>] On node <*> totalpages: <*>,"['0.226521', '0', '2097038']"
107,Mar,9,10:40:56,Client01,kernel,[    0.226522]   DMA zone: 64 pages used for memmap,8f605fdb,[ <*>.<*>] <*> zone: <*> pages used for memmap,"['0.226522', 'DMA', '64']"
108,Mar,9,10:40:56,Client01,kernel,[    0.226522]   DMA zone: 21 pages reserved,4f135b04,[ <*>.<*>] DMA zone: <*> pages reserved,"['0.226522', '21']"
109,Mar,9,10:40:56,Client01,kernel,"[    0.226523]   DMA zone: 3998 pages, LIFO batch:0",c61c09e1,"[ <*>.<*>] <*> zone: <*> pages, LIFO batch:<*>","['0.226523', 'DMA', '3998', '0']"
110,Mar,9,10:40:56,Client01,kernel,[    0.226622]   DMA32 zone: 4032 pages used for memmap,8f605fdb,[ <*>.<*>] <*> zone: <*> pages used for memmap,"['0.226622', 'DMA32', '4032']"
111,Mar,9,10:40:56,Client01,kernel,"[    0.226623]   DMA32 zone: 258032 pages, LIFO batch:63",c61c09e1,"[ <*>.<*>] <*> zone: <*> pages, LIFO batch:<*>","['0.226623', 'DMA32', '258032', '63']"
112,Mar,9,10:40:56,Client01,kernel,[    0.235102]   Normal zone: 28672 pages used for memmap,8f605fdb,[ <*>.<*>] <*> zone: <*> pages used for memmap,"['0.235102', 'Normal', '28672']"
113,Mar,9,10:40:56,Client01,kernel,"[    0.235103]   Normal zone: 1835008 pages, LIFO batch:63",c61c09e1,"[ <*>.<*>] <*> zone: <*> pages, LIFO batch:<*>","['0.235103', 'Normal', '1835008', '63']"
114,Mar,9,10:40:56,Client01,kernel,[    0.282524] ACPI: PM-Timer IO Port: 0x408,b78b9daf,[ <*>.<*>] ACPI: PM-Timer IO Port: 0x<*>,"['0.282524', '408']"
115,Mar,9,10:40:56,Client01,kernel,[    0.286240] ACPI: Local APIC address 0xfee00000,33c2304b,[ <*>.<*>] ACPI: Local APIC address 0xfee<*>,"['0.286240', '00000']"
116,Mar,9,10:40:56,Client01,kernel,[    0.286251] ACPI: LAPIC_NMI (acpi_id[0xff] dfl dfl lint[0x1]),dd7dce95,[ <*>.<*>] ACPI: LAPIC_NMI (acpi_id[0xff] dfl dfl lint[0x1]),['0.286251']
117,Mar,9,10:40:56,Client01,kernel,"[    0.292286] IOAPIC[0]: apic_id 0, version 17, address 0xfec00000, GSI 0-23",a7e15138,"[ <*>.<*>] IOAPIC[<*>]: apic_id <*>, version <*>, address 0xfec00000, GSI <*>-<*>","['0.292286', '0', '0', '17', '0-23']"
118,Mar,9,10:40:56,Client01,kernel,[    0.297933] ACPI: INT_SRC_OVR (bus 0 bus_irq 0 global_irq 2 dfl dfl),14e2150c,[ <*>.<*>] ACPI: INT_SRC_OVR (bus <*> bus_irq <*> global_irq <*> <*> <*>,"['0.297933', '0', '0', '2', 'dfl dfl)']"
119,Mar,9,10:40:56,Client01,kernel,[    0.302950] ACPI: INT_SRC_OVR (bus 0 bus_irq 9 global_irq 9 high level),14e2150c,[ <*>.<*>] ACPI: INT_SRC_OVR (bus <*> bus_irq <*> global_irq <*> <*> <*>,"['0.302950', '0', '9', '9', 'high level)']"
120,Mar,9,10:40:56,Client01,kernel,[    0.308342] ACPI: IRQ0 used by override.,908df579,[ <*>.<*>] ACPI: <*> used by override.,"['0.308342', 'IRQ0']"
121,Mar,9,10:40:56,Client01,kernel,[    0.308343] ACPI: IRQ9 used by override.,908df579,[ <*>.<*>] ACPI: <*> used by override.,"['0.308343', 'IRQ9']"
122,Mar,9,10:40:56,Client01,kernel,[    0.308346] Using ACPI (MADT) for SMP configuration information,2d06faa7,[ <*>.<*>] Using ACPI (MADT) for SMP configuration information,['0.308346']
123,Mar,9,10:40:56,Client01,kernel,"[    0.313187] smpboot: Allowing 128 CPUs, 126 hotplug CPUs",9b8c143d,"[ <*>.<*>] smpboot: Allowing <*> CPUs, <*> hotplug CPUs","['0.313187', '128', '126']"
124,Mar,9,10:40:56,Client01,kernel,[    0.317189] PM: Registered nosave memory: [mem 0x00000000-0x00000fff],adb3b7e0,[ <*>.<*>] PM: Registered nosave memory: [mem <*>,"['0.317189', '0x00000000-0x00000fff]']"
125,Mar,9,10:40:56,Client01,kernel,[    0.322727] PM: Registered nosave memory: [mem 0x0009f000-0x0009ffff],adb3b7e0,[ <*>.<*>] PM: Registered nosave memory: [mem <*>,"['0.322727', '0x0009f000-0x0009ffff]']"
126,Mar,9,10:40:56,Client01,kernel,[    0.327927] PM: Registered nosave memory: [mem 0x000a0000-0x000dffff],adb3b7e0,[ <*>.<*>] PM: Registered nosave memory: [mem <*>,"['0.327927', '0x000a0000-0x000dffff]']"
127,Mar,9,10:40:56,Client01,kernel,[    0.332979] PM: Registered nosave memory: [mem 0x000e0000-0x000fffff],adb3b7e0,[ <*>.<*>] PM: Registered nosave memory: [mem <*>,"['0.332979', '0x000e0000-0x000fffff]']"
128,Mar,9,10:40:56,Client01,kernel,[    0.338315] PM: Registered nosave memory: [mem 0x3fff0000-0x3fffefff],adb3b7e0,[ <*>.<*>] PM: Registered nosave memory: [mem <*>,"['0.338315', '0x3fff0000-0x3fffefff]']"
129,Mar,9,10:40:56,Client01,kernel,[    0.348453] PM: Registered nosave memory: [mem 0x3ffff000-0x3fffffff],adb3b7e0,[ <*>.<*>] PM: Registered nosave memory: [mem <*>,"['0.348453', '0x3ffff000-0x3fffffff]']"
130,Mar,9,10:40:56,Client01,kernel,[    0.353695] PM: Registered nosave memory: [mem 0x40000000-0xffffffff],adb3b7e0,[ <*>.<*>] PM: Registered nosave memory: [mem <*>,"['0.353695', '0x40000000-0xffffffff]']"
131,Mar,9,10:40:56,Client01,kernel,[    0.359105] [mem 0x40000000-0xffffffff] available for PCI devices,3f07a14b,[ <*>.<*>] [mem 0x40000000-0xffffffff] available for PCI devices,['0.359105']
132,Mar,9,10:40:56,Client01,kernel,[    0.364227] Booting paravirtualized kernel on bare hardware,8d50c11c,[ <*>.<*>] Booting paravirtualized kernel on bare hardware,['0.364227']
133,Mar,9,10:40:56,Client01,kernel,"[    0.368737] clocksource: refined-jiffies: mask: 0xffffffff max_cycles: 0xffffffff, max_idle_ns: 7645519600211568 ns",86aa80c1,[ <*>.<*>] clocksource: <*> mask: <*> max_cycles: <*> max_idle_ns: <*> ns,"['0.368737', 'refined-jiffies:', '0xffffffff', '0xffffffff,', '7645519600211568']"
134,Mar,9,10:40:56,Client01,kernel,[    0.378491] random: get_random_bytes called from start_kernel+0x93/0x503 with crng_init=0,443bf847,[ <*>.<*>] random: get_random_bytes called from start_kernel+0x93/0x503 with crng_init=<*>,"['0.378491', '0']"
135,Mar,9,10:40:56,Client01,kernel,[    0.384936] setup_percpu: NR_CPUS:8192 nr_cpumask_bits:128 nr_cpu_ids:128 nr_node_ids:1,179bb8e8,[ <*>.<*>] setup_percpu: NR_CPUS:<*> nr_cpumask_bits:<*> nr_cpu_ids:<*> nr_node_ids:<*>,"['0.384936', '8192', '128', '128', '1']"
136,Mar,9,10:40:56,Client01,kernel,[    0.399203] percpu: Embedded 45 pages/cpu s147456 r8192 d28672 u262144,e239aa8c,[ <*>.<*>] percpu: Embedded <*> pages/cpu s147456 r8192 d28672 u<*>,"['0.399203', '45', '262144']"
137,Mar,9,10:40:56,Client01,kernel,[    0.404540] pcpu-alloc: s147456 r8192 d28672 u262144 alloc=1*2097152,9389e3c2,[ <*>.<*>] pcpu-alloc: s147456 r8192 d28672 u262144 alloc=<*>*<*>,"['0.404540', '1*2097152']"
138,Mar,9,10:40:56,Client01,kernel,[    0.404541] pcpu-alloc: [0] 000 001 002 003 004 005 006 007,30022ec8,[ <*>.<*>] pcpu-alloc: [<*>] <*> <*> <*> <*> <*> <*> <*> <*>,"['0.404541', '0', '000', '001', '002', '003 004 005 006 007']"
139,Mar,9,10:40:56,Client01,kernel,[    0.404544] pcpu-alloc: [0] 008 009 010 011 012 013 014 015,30022ec8,[ <*>.<*>] pcpu-alloc: [<*>] <*> <*> <*> <*> <*> <*> <*> <*>,"['0.404544', '0', '008', '009', '010', '011 012 013 014 015']"
140,Mar,9,10:40:56,Client01,kernel,[    0.404546] pcpu-alloc: [0] 016 017 018 019 020 021 022 023,30022ec8,[ <*>.<*>] pcpu-alloc: [<*>] <*> <*> <*> <*> <*> <*> <*> <*>,"['0.404546', '0', '016', '017', '018', '019 020 021 022 023']"
141,Mar,9,10:40:56,Client01,kernel,[    0.404548] pcpu-alloc: [0] 024 025 026 027 028 029 030 031,30022ec8,[ <*>.<*>] pcpu-alloc: [<*>] <*> <*> <*> <*> <*> <*> <*> <*>,"['0.404548', '0', '024', '025', '026', '027 028 029 030 031']"
142,Mar,9,10:40:56,Client01,kernel,[    0.404550] pcpu-alloc: [0] 032 033 034 035 036 037 038 039,30022ec8,[ <*>.<*>] pcpu-alloc: [<*>] <*> <*> <*> <*> <*> <*> <*> <*>,"['0.404550', '0', '032', '033', '034', '035 036 037 038 039']"
143,Mar,9,10:40:56,Client01,kernel,[    0.404551] pcpu-alloc: [0] 040 041 042 043 044 045 046 047,30022ec8,[ <*>.<*>] pcpu-alloc: [<*>] <*> <*> <*> <*> <*> <*> <*> <*>,"['0.404551', '0', '040', '041', '042', '043 044 045 046 047']"
144,Mar,9,10:40:56,Client01,kernel,[    0.404553] pcpu-alloc: [0] 048 049 050 051 052 053 054 055,30022ec8,[ <*>.<*>] pcpu-alloc: [<*>] <*> <*> <*> <*> <*> <*> <*> <*>,"['0.404553', '0', '048', '049', '050', '051 052 053 054 055']"
145,Mar,9,10:40:56,Client01,kernel,[    0.404555] pcpu-alloc: [0] 056 057 058 059 060 061 062 063,30022ec8,[ <*>.<*>] pcpu-alloc: [<*>] <*> <*> <*> <*> <*> <*> <*> <*>,"['0.404555', '0', '056', '057', '058', '059 060 061 062 063']"
146,Mar,9,10:40:56,Client01,kernel,[    0.404557] pcpu-alloc: [0] 064 065 066 067 068 069 070 071,30022ec8,[ <*>.<*>] pcpu-alloc: [<*>] <*> <*> <*> <*> <*> <*> <*> <*>,"['0.404557', '0', '064', '065', '066', '067 068 069 070 071']"
147,Mar,9,10:40:56,Client01,kernel,[    0.404559] pcpu-alloc: [0] 072 073 074 075 076 077 078 079,30022ec8,[ <*>.<*>] pcpu-alloc: [<*>] <*> <*> <*> <*> <*> <*> <*> <*>,"['0.404559', '0', '072', '073', '074', '075 076 077 078 079']"
148,Mar,9,10:40:56,Client01,kernel,[    0.404561] pcpu-alloc: [0] 080 081 082 083 084 085 086 087,30022ec8,[ <*>.<*>] pcpu-alloc: [<*>] <*> <*> <*> <*> <*> <*> <*> <*>,"['0.404561', '0', '080', '081', '082', '083 084 085 086 087']"
149,Mar,9,10:40:56,Client01,kernel,[    0.404562] pcpu-alloc: [0] 088 089 090 091 092 093 094 095,30022ec8,[ <*>.<*>] pcpu-alloc: [<*>] <*> <*> <*> <*> <*> <*> <*> <*>,"['0.404562', '0', '088', '089', '090', '091 092 093 094 095']"
150,Mar,9,10:40:56,Client01,kernel,[    0.404564] pcpu-alloc: [0] 096 097 098 099 100 101 102 103,30022ec8,[ <*>.<*>] pcpu-alloc: [<*>] <*> <*> <*> <*> <*> <*> <*> <*>,"['0.404564', '0', '096', '097', '098', '099 100 101 102 103']"
151,Mar,9,10:40:56,Client01,kernel,[    0.404566] pcpu-alloc: [0] 104 105 106 107 108 109 110 111,30022ec8,[ <*>.<*>] pcpu-alloc: [<*>] <*> <*> <*> <*> <*> <*> <*> <*>,"['0.404566', '0', '104', '105', '106', '107 108 109 110 111']"
152,Mar,9,10:40:56,Client01,kernel,[    0.404568] pcpu-alloc: [0] 112 113 114 115 116 117 118 119,30022ec8,[ <*>.<*>] pcpu-alloc: [<*>] <*> <*> <*> <*> <*> <*> <*> <*>,"['0.404568', '0', '112', '113', '114', '115 116 117 118 119']"
153,Mar,9,10:40:56,Client01,kernel,[    0.404569] pcpu-alloc: [0] 120 121 122 123 124 125 126 127,30022ec8,[ <*>.<*>] pcpu-alloc: [<*>] <*> <*> <*> <*> <*> <*> <*> <*>,"['0.404569', '0', '120', '121', '122', '123 124 125 126 127']"
154,Mar,9,10:40:56,Client01,kernel,[    0.404598] Hyper-V: PV spinlocks enabled,8f72dbf6,[ <*>.<*>] <*> <*> <*> enabled,"['0.404598', 'Hyper-V:', 'PV spinlocks']"
155,Mar,9,10:40:56,Client01,kernel,"[    0.407923] PV qspinlock hash table entries: 512 (order: 1, 8192 bytes)",e2564448,"[ <*>.<*>] <*> <*> hash table entries: <*> <*> <*>, <*> bytes)","['0.407923', 'PV qspinlock', '512', '(order: 1', '8192']"
156,Mar,9,10:40:56,Client01,kernel,"[    0.413381] Built 1 zonelists, mobility grouping on.  Total pages: 2064249",6111a56b,"[ <*>.<*>] Built <*> zonelists, mobility grouping on. Total pages: <*>","['0.413381', '1', '2064249']"
157,Mar,9,10:40:56,Client01,kernel,[    0.418779] Policy zone: Normal,fea59dea,[ <*>.<*>] Policy zone: Normal,['0.418779']
158,Mar,9,10:40:56,Client01,kernel,[    0.421253] Kernel command line: BOOT_IMAGE=/boot/vmlinuz-5.0.0-1032-azure root=UUID=5604f71e-1e5f-443c-a99e-b82bb5c201df ro console=tty1 console=ttyS0 earlyprintk=ttyS0 rootdelay=300,96f4d3c0,[ <*>.<*>] Kernel command line: BOOT_IMAGE=/boot/vmlinuz-<*>.<*>.<*>-<*>-azure root=UUID=5604f71e-1e5f-443c-a99e-b82bb5c201df ro console=tty1 console=ttyS0 earlyprintk=ttyS0 rootdelay=<*>,"['0.421253', '5', '0.0-1032', '300']"
159,Mar,9,10:40:56,Client01,kernel,[    0.434696] printk: log_buf_len individual max cpu contribution: 4096 bytes,4bf266f9,[ <*>.<*>] printk: log_buf_len individual max cpu contribution: <*> bytes,"['0.434696', '4096']"
160,Mar,9,10:40:56,Client01,kernel,[    0.440407] printk: log_buf_len total cpu_extra contributions: 520192 bytes,eb09db24,[ <*>.<*>] printk: log_buf_len total cpu_extra contributions: <*> bytes,"['0.440407', '520192']"
161,Mar,9,10:40:56,Client01,kernel,[    0.445912] printk: log_buf_len min size: 262144 bytes,87a236f5,[ <*>.<*>] printk: log_buf_len min size: <*> bytes,"['0.445912', '262144']"
162,Mar,9,10:40:56,Client01,kernel,[    0.450313] printk: log_buf_len: 1048576 bytes,ae7520bd,[ <*>.<*>] printk: <*> <*> <*>,"['0.450313', 'log_buf_len:', '1048576 bytes']"
163,Mar,9,10:40:56,Client01,kernel,[    0.453751] printk: early log buf free: 251180(95%),3836433f,[ <*>.<*>] printk: early log buf free: <*>(<*>%),"['0.453751', '251180(95']"
164,Mar,9,10:40:56,Client01,kernel,[    0.470075] Calgary: detecting Calgary via BIOS EBDA area,0ab61629,[ <*>.<*>] Calgary: detecting Calgary via BIOS EBDA area,['0.470075']
165,Mar,9,10:40:56,Client01,kernel,[    0.470077] Calgary: Unable to locate Rio Grande table in EBDA - bailing!,610ef30a,[ <*>.<*>] Calgary: Unable to locate Rio Grande table in EBDA - bailing!,['0.470077']
166,Mar,9,10:40:56,Client01,kernel,"[    0.488960] Memory: 8118156K/8388152K available (12292K kernel code, 2233K rwdata, 3944K rodata, 2360K init, 5524K bss, 269996K reserved, 0K cma-reserved)",cebb4727,"[ <*>.<*>] Memory: <*> available (12292K kernel code, 2233K rwdata, 3944K rodata, 2360K init, 5524K bss, <*> reserved, 0K cma-reserved)","['0.488960', '8118156K/8388152K', '269996K']"
167,Mar,9,10:40:56,Client01,kernel,"[    0.501662] SLUB: HWalign=64, Order=0-3, MinObjects=0, CPUs=128, Nodes=1",0650e733,"[ <*>.<*>] SLUB: HWalign=<*>, Order=<*>-<*>, MinObjects=<*>, CPUs=<*>, Nodes=<*>","['0.501662', '64', '0-3', '0', '128', '1']"
168,Mar,9,10:40:56,Client01,kernel,[    0.507148] Kernel/User page tables isolation: enabled,1c356206,[ <*>.<*>] Kernel/User page tables isolation: enabled,['0.507148']
169,Mar,9,10:40:56,Client01,kernel,[    0.511284] ftrace: allocating 38709 entries in 152 pages,bff63748,[ <*>.<*>] ftrace: allocating <*> entries in <*> pages,"['0.511284', '38709', '152']"
170,Mar,9,10:40:56,Client01,kernel,[    0.532206] rcu: Hierarchical RCU implementation.,a4a8ef32,[ <*>.<*>] rcu: Hierarchical <*> implementation.,"['0.532206', 'RCU']"
171,Mar,9,10:40:56,Client01,kernel,[    0.535833] rcu: 	RCU restricting CPUs from NR_CPUS=8192 to nr_cpu_ids=128.,b21b8830,[ <*>.<*>] rcu: RCU restricting CPUs from NR_CPUS=<*> to nr_cpu_ids=<*>.,"['0.535833', '8192', '128']"
172,Mar,9,10:40:56,Client01,kernel,[    0.541305] 	Tasks RCU enabled.,0b9385e9,[ <*>.<*>] Tasks RCU enabled.,['0.541305']
173,Mar,9,10:40:56,Client01,kernel,[    0.543721] rcu: RCU calculated value of scheduler-enlistment delay is 25 jiffies.,47b028da,[ <*>.<*>] rcu: RCU calculated value of scheduler-enlistment delay is <*> jiffies.,"['0.543721', '25']"
174,Mar,9,10:40:56,Client01,kernel,"[    0.550303] rcu: Adjusting geometry for rcu_fanout_leaf=16, nr_cpu_ids=128",b2110681,"[ <*>.<*>] rcu: Adjusting geometry for rcu_fanout_leaf=<*>, nr_cpu_ids=<*>","['0.550303', '16', '128']"
175,Mar,9,10:40:56,Client01,kernel,"[    0.558907] NR_IRQS: 524544, nr_irqs: 1448, preallocated irqs: 16",448ffa05,"[ <*>.<*>] NR_IRQS: <*>, nr_irqs: <*>, preallocated irqs: <*>","['0.558907', '524544', '1448', '16']"
176,Mar,9,10:40:56,Client01,kernel,[    0.571936] Console: colour VGA+ 80x25,ba5a5b44,[ <*>.<*>] Console: colour VGA+ 80x<*>,"['0.571936', '25']"
177,Mar,9,10:40:56,Client01,kernel,[    1.294646] printk: console [tty1] enabled,8f72dbf6,[ <*>.<*>] <*> <*> <*> enabled,"['1.294646', 'printk:', 'console [tty1]']"
178,Mar,9,10:40:56,Client01,kernel,[    1.299123] printk: console [ttyS0] enabled,8f72dbf6,[ <*>.<*>] <*> <*> <*> enabled,"['1.299123', 'printk:', 'console [ttyS0]']"
179,Mar,9,10:40:56,Client01,kernel,[    1.306428] printk: bootconsole [earlyser0] disabled,ae7520bd,[ <*>.<*>] printk: <*> <*> <*>,"['1.306428', 'bootconsole', '[earlyser0] disabled']"
180,Mar,9,10:40:56,Client01,kernel,[    1.315118] ACPI: Core revision 20181213,384a7d61,[ <*>.<*>] ACPI: <*> <*> <*>,"['1.315118', 'Core', 'revision 20181213']"
181,Mar,9,10:40:56,Client01,kernel,[    1.318995] APIC: Switch to symmetric I/O mode setup,78932e3c,[ <*>.<*>] APIC: Switch to symmetric I/O mode setup,['1.318995']
182,Mar,9,10:40:56,Client01,kernel,[    1.323666] Switched APIC routing to physical flat.,e5c5d87b,[ <*>.<*>] Switched APIC routing to physical flat.,['1.323666']
183,Mar,9,10:40:56,Client01,kernel,[    1.328375] Hyper-V: Using IPI hypercalls,cc148139,[ <*>.<*>] Hyper-V: Using IPI hypercalls,['1.328375']
184,Mar,9,10:40:56,Client01,kernel,[    1.332140] Hyper-V: Using enlightened APIC (xapic mode),ce2a1825,[ <*>.<*>] Hyper-V: Using enlightened APIC (xapic mode),['1.332140']
185,Mar,9,10:40:56,Client01,kernel,"[    1.332148] clocksource: hyperv_clocksource_tsc_page: mask: 0xffffffffffffffff max_cycles: 0x24e6a1710, max_idle_ns: 440795202120 ns",86aa80c1,[ <*>.<*>] clocksource: <*> mask: <*> max_cycles: <*> max_idle_ns: <*> ns,"['1.332148', 'hyperv_clocksource_tsc_page:', '0xffffffffffffffff', '0x24e6a1710,', '440795202120']"
186,Mar,9,10:40:56,Client01,kernel,"[    1.375344] Calibrating delay loop (skipped), value calculated using timer frequency.. 4190.39 BogoMIPS (lpj=8380784)",21d515eb,"[ <*>.<*>] Calibrating delay loop (skipped), value calculated using timer frequency.. <*>.<*> BogoMIPS (lpj=<*>)","['1.375344', '4190.39', '8380784']"
187,Mar,9,10:40:56,Client01,kernel,[    1.379329] pid_max: default: 131072 minimum: 1024,f518058d,[ <*>.<*>] pid_max: default: <*> minimum: <*>,"['1.379329', '131072', '1024']"
188,Mar,9,10:40:56,Client01,kernel,[    1.379329] LSM: Security Framework initializing,4a44d82f,[ <*>.<*>] LSM: Security Framework initializing,['1.379329']
189,Mar,9,10:40:56,Client01,kernel,[    1.379329] Yama: becoming mindful.,2824e23c,[ <*>.<*>] Yama: becoming mindful.,['1.379329']
190,Mar,9,10:40:56,Client01,kernel,[    1.379329] AppArmor: AppArmor initialized,39dbb8e6,[ <*>.<*>] <*> <*> initialized,"['1.379329', 'AppArmor: AppArmor']"
191,Mar,9,10:40:56,Client01,kernel,"[    1.379329] Dentry cache hash table entries: 1048576 (order: 11, 8388608 bytes)",e2564448,"[ <*>.<*>] <*> <*> hash table entries: <*> <*> <*>, <*> bytes)","['1.379329', 'Dentry cache', '1048576', '(order: 11', '8388608']"
192,Mar,9,10:40:56,Client01,kernel,"[    1.379329] Inode-cache hash table entries: 524288 (order: 10, 4194304 bytes)",6a78c96c,"[ <*>.<*>] <*> hash table entries: <*> (order: <*>, <*> bytes)","['1.379329', 'Inode-cache', '524288', '10', '4194304']"
193,Mar,9,10:40:56,Client01,kernel,"[    1.379329] Mount-cache hash table entries: 16384 (order: 5, 131072 bytes)",6a78c96c,"[ <*>.<*>] <*> hash table entries: <*> (order: <*>, <*> bytes)","['1.379329', 'Mount-cache', '16384', '5', '131072']"
194,Mar,9,10:40:56,Client01,kernel,"[    1.379329] Mountpoint-cache hash table entries: 16384 (order: 5, 131072 bytes)",6a78c96c,"[ <*>.<*>] <*> hash table entries: <*> (order: <*>, <*> bytes)","['1.379329', 'Mountpoint-cache', '16384', '5', '131072']"
195,Mar,9,10:40:56,Client01,kernel,"[    1.379329] Last level iTLB entries: 4KB 64, 2MB 8, 4MB 8",fd5fafaf,"[ <*>.<*>] Last level iTLB entries: 4KB <*>, 2MB <*>, 4MB <*>","['1.379329', '64', '8', '8']"
196,Mar,9,10:40:56,Client01,kernel,"[    1.379329] Last level dTLB entries: 4KB 64, 2MB 0, 4MB 0, 1GB 4",7e4285f0,"[ <*>.<*>] Last level dTLB entries: 4KB <*>, 2MB <*>, 4MB <*>, 1GB <*>","['1.379329', '64', '0', '0', '4']"
197,Mar,9,10:40:56,Client01,kernel,[    1.379329] Spectre V1 : Mitigation: usercopy/swapgs barriers and __user pointer sanitization,0a5fefa9,[ <*>.<*>] Spectre V1 : Mitigation: usercopy/swapgs barriers and __user pointer sanitization,['1.379329']
198,Mar,9,10:40:56,Client01,kernel,[    1.379329] Spectre V2 : Mitigation: Full generic retpoline,2b81bf58,[ <*>.<*>] Spectre V2 : Mitigation: Full generic retpoline,['1.379329']
199,Mar,9,10:40:56,Client01,kernel,[    1.379329] Spectre V2 : Spectre v2 / SpectreRSB mitigation: Filling RSB on context switch,0b47a21f,[ <*>.<*>] Spectre V2 : Spectre v2 / SpectreRSB mitigation: Filling RSB on context switch,['1.379329']
200,Mar,9,10:40:56,Client01,kernel,[    1.379329] Speculative Store Bypass: Vulnerable,e996fac8,[ <*>.<*>] Speculative Store Bypass: Vulnerable,['1.379329']
201,Mar,9,10:40:56,Client01,kernel,"[    1.379329] TAA: Vulnerable: Clear CPU buffers attempted, no microcode",3233ab26,"[ <*>.<*>] <*> Vulnerable: Clear CPU buffers attempted, no microcode","['1.379329', 'TAA:']"
202,Mar,9,10:40:56,Client01,kernel,"[    1.379329] MDS: Vulnerable: Clear CPU buffers attempted, no microcode",3233ab26,"[ <*>.<*>] <*> Vulnerable: Clear CPU buffers attempted, no microcode","['1.379329', 'MDS:']"
203,Mar,9,10:40:56,Client01,kernel,[    1.379329] Freeing SMP alternatives memory: 36K,b69059a5,[ <*>.<*>] Freeing <*> <*> memory: <*>,"['1.379329', 'SMP alternatives', '36K']"
204,Mar,9,10:40:56,Client01,kernel,"[    1.379329] smpboot: CPU0: Intel(R) Xeon(R) Platinum 8171M CPU @ 2.60GHz (family: 0x6, model: 0x55, stepping: 0x4)",91c6cedc,"[ <*>.<*>] smpboot: CPU0: Intel(R) Xeon(R) <*> <*> <*> @ <*> (family: 0x6, model: <*> stepping: <*>","['1.379329', 'Platinum', '8171M CPU', '2.60GHz', '0x55,', '0x4)']"
205,Mar,9,10:40:56,Client01,kernel,"[    1.379564] Performance Events: unsupported p6 CPU model 85 no PMU driver, software events only.",af43d4d4,"[ <*>.<*>] Performance Events: unsupported p6 CPU model <*> no PMU driver, software events only.","['1.379564', '85']"
206,Mar,9,10:40:56,Client01,kernel,[    1.383377] rcu: Hierarchical SRCU implementation.,a4a8ef32,[ <*>.<*>] rcu: Hierarchical <*> implementation.,"['1.383377', 'SRCU']"
207,Mar,9,10:40:56,Client01,kernel,[    1.388534] random: crng done (trusting CPU's manufacturer),dcaf4674,[ <*>.<*>] random: crng done (trusting CPU's manufacturer),['1.388534']
208,Mar,9,10:40:56,Client01,kernel,[    1.391369] NMI watchdog: Perf NMI watchdog permanently disabled,5fbc9904,[ <*>.<*>] NMI watchdog: Perf NMI watchdog permanently disabled,['1.391369']
209,Mar,9,10:40:56,Client01,kernel,[    1.396667] smp: Bringing up secondary CPUs ...,b2081125,[ <*>.<*>] smp: Bringing up secondary CPUs ...,['1.396667']
210,Mar,9,10:40:56,Client01,kernel,[    1.399461] x86: Booting SMP configuration:,0a1ec610,[ <*>.<*>] x86: Booting SMP configuration:,['1.399461']
211,Mar,9,10:40:56,Client01,kernel,"[    1.403333] .... node  #0, CPUs:          #1",3388cb84,"[ <*>.<*>] .... node #<*>, CPUs: #<*>","['1.403333', '0', '1']"
212,Mar,9,10:40:56,Client01,kernel,"[    1.405506] MDS CPU bug present and SMT on, data leak possible. See https://www.kernel.org/doc/html/latest/admin-guide/hw-vuln/mds.html for more details.",2e12bf3b,"[ <*>.<*>] <*> CPU bug present and SMT on, data leak possible. See <*> for more details.","['1.405506', 'MDS', 'https://www.kernel.org/doc/html/latest/admin-guide/hw-vuln/mds.html']"
213,Mar,9,10:40:56,Client01,kernel,"[    1.411332] TAA CPU bug present and SMT on, data leak possible. See https://www.kernel.org/doc/html/latest/admin-guide/hw-vuln/tsx_async_abort.html for more details.",2e12bf3b,"[ <*>.<*>] <*> CPU bug present and SMT on, data leak possible. See <*> for more details.","['1.411332', 'TAA', 'https://www.kernel.org/doc/html/latest/admin-guide/hw-vuln/tsx_async_abort.html']"
214,Mar,9,10:40:56,Client01,kernel,"[    1.415334] smp: Brought up 1 node, 2 CPUs",84ff81ae,"[ <*>.<*>] smp: Brought up <*> node, <*> CPUs","['1.415334', '1', '2']"
215,Mar,9,10:40:56,Client01,kernel,[    1.419332] smpboot: Max logical packages: 64,bb2b44d1,[ <*>.<*>] smpboot: Max logical packages: <*>,"['1.419332', '64']"
216,Mar,9,10:40:56,Client01,kernel,[    1.423332] smpboot: Total of 2 processors activated (8380.78 BogoMIPS),674ff42a,[ <*>.<*>] smpboot: Total of <*> processors activated (<*>.<*> BogoMIPS),"['1.423332', '2', '8380.78']"
217,Mar,9,10:40:56,Client01,kernel,[    1.428145] devtmpfs: initialized,936b8562,[ <*>.<*>] <*> <*>,"['1.428145', 'devtmpfs: initialized']"
218,Mar,9,10:40:56,Client01,kernel,[    1.431397] x86/mm: Memory block size: 128MB,515f329c,[ <*>.<*>] x86/mm: Memory block size: 128MB,['1.431397']
219,Mar,9,10:40:56,Client01,kernel,[    1.435978] PM: Registering ACPI NVS region [mem 0x3ffff000-0x3fffffff] (4096 bytes),5360d077,[ <*>.<*>] PM: Registering ACPI NVS region [mem 0x3ffff000-0x3fffffff] (<*> bytes),"['1.435978', '4096']"
220,Mar,9,10:40:56,Client01,kernel,"[    1.443490] clocksource: jiffies: mask: 0xffffffff max_cycles: 0xffffffff, max_idle_ns: 7645041785100000 ns",86aa80c1,[ <*>.<*>] clocksource: <*> mask: <*> max_cycles: <*> max_idle_ns: <*> ns,"['1.443490', 'jiffies:', '0xffffffff', '0xffffffff,', '7645041785100000']"
221,Mar,9,10:40:56,Client01,kernel,"[    1.447410] futex hash table entries: 32768 (order: 9, 2097152 bytes)",6a78c96c,"[ <*>.<*>] <*> hash table entries: <*> (order: <*>, <*> bytes)","['1.447410', 'futex', '32768', '9', '2097152']"
222,Mar,9,10:40:56,Client01,kernel,[    1.452018] pinctrl core: initialized pinctrl subsystem,09628428,[ <*>.<*>] pinctrl core: initialized pinctrl subsystem,['1.452018']
223,Mar,9,10:40:56,Client01,kernel,"[    1.476112] RTC time: 10:40:16, date: 2020-03-09",0b45c280,"[ <*>.<*>] RTC time: <*>:<*>:<*>, date: <*>-<*>-<*>","['1.476112', '10', '40:16', '2020', '03-09']"
224,Mar,9,10:40:56,Client01,kernel,[    1.479709] NET: Registered protocol family 16,87d471e6,[ <*>.<*>] NET: Registered protocol family <*>,"['1.479709', '16']"
225,Mar,9,10:40:56,Client01,kernel,[    1.483427] audit: initializing netlink subsys (disabled),4b0e5b36,[ <*>.<*>] audit: initializing netlink subsys (disabled),['1.483427']
226,Mar,9,10:40:56,Client01,kernel,[    1.487368] audit: type=2000 audit(1583750415.112:1): state=initialized audit_enabled=0 res=1,74417e93,[ <*>.<*>] audit: type=<*> audit(<*>.<*>:<*>): state=initialized audit_enabled=<*> res=<*>,"['1.487368', '2000', '1583750415.112', '1', '0', '1']"
227,Mar,9,10:40:56,Client01,kernel,[    1.487471] EISA bus registered,cd3fa45b,[ <*>.<*>] EISA bus registered,['1.487471']
228,Mar,9,10:40:56,Client01,kernel,[    1.495360] cpuidle: using governor ladder,ebf1d118,[ <*>.<*>] cpuidle: using governor <*>,"['1.495360', 'ladder']"
229,Mar,9,10:40:56,Client01,kernel,[    1.499351] cpuidle: using governor menu,ebf1d118,[ <*>.<*>] cpuidle: using governor <*>,"['1.499351', 'menu']"
230,Mar,9,10:40:56,Client01,kernel,[    1.503426] ACPI: bus type PCI registered,35356d63,[ <*>.<*>] ACPI: bus type PCI registered,['1.503426']
231,Mar,9,10:40:56,Client01,kernel,[    1.507332] acpiphp: ACPI Hot Plug PCI Controller Driver version: 0.5,572a6a6a,[ <*>.<*>] <*> <*> Hot Plug PCI Controller Driver version: <*>.<*>,"['1.507332', 'acpiphp: ACPI', '0.5']"
232,Mar,9,10:40:56,Client01,kernel,[    1.511576] PCI: Using configuration type 1 for base access,4e0fd40b,[ <*>.<*>] PCI: Using configuration type <*> for base access,"['1.511576', '1']"
233,Mar,9,10:40:56,Client01,kernel,"[    1.519482] HugeTLB registered 1.00 GiB page size, pre-allocated 0 pages",ed0c38b8,"[ <*>.<*>] HugeTLB registered <*>.<*> <*> page size, pre-allocated <*> pages","['1.519482', '1.00', 'GiB', '0']"
234,Mar,9,10:40:56,Client01,kernel,"[    1.523340] HugeTLB registered 2.00 MiB page size, pre-allocated 0 pages",ed0c38b8,"[ <*>.<*>] HugeTLB registered <*>.<*> <*> page size, pre-allocated <*> pages","['1.523340', '2.00', 'MiB', '0']"
235,Mar,9,10:40:56,Client01,kernel,[    1.527606] ACPI: Added _OSI(Module Device),384a7d61,[ <*>.<*>] ACPI: <*> <*> <*>,"['1.527606', 'Added', '_OSI(Module Device)']"
236,Mar,9,10:40:56,Client01,kernel,[    1.531338] ACPI: Added _OSI(Processor Device),384a7d61,[ <*>.<*>] ACPI: <*> <*> <*>,"['1.531338', 'Added', '_OSI(Processor Device)']"
237,Mar,9,10:40:56,Client01,kernel,[    1.535339] ACPI: Added _OSI(3.0 _SCP Extensions),382e1fc9,[ <*>.<*>] ACPI: Added <*> <*> <*>,"['1.535339', '_OSI(3.0', '_SCP Extensions)']"
238,Mar,9,10:40:56,Client01,kernel,[    1.539331] ACPI: Added _OSI(Processor Aggregator Device),382e1fc9,[ <*>.<*>] ACPI: Added <*> <*> <*>,"['1.539331', '_OSI(Processor', 'Aggregator Device)']"
239,Mar,9,10:40:56,Client01,kernel,[    1.543332] ACPI: Added _OSI(Linux-Dell-Video),c1870ad0,[ <*>.<*>] ACPI: <*> <*>,"['1.543332', 'Added _OSI(Linux-Dell-Video)']"
240,Mar,9,10:40:56,Client01,kernel,[    1.547332] ACPI: Added _OSI(Linux-Lenovo-NV-HDMI-Audio),c1870ad0,[ <*>.<*>] ACPI: <*> <*>,"['1.547332', 'Added _OSI(Linux-Lenovo-NV-HDMI-Audio)']"
241,Mar,9,10:40:56,Client01,kernel,[    1.551333] ACPI: Added _OSI(Linux-HPI-Hybrid-Graphics),c1870ad0,[ <*>.<*>] ACPI: <*> <*>,"['1.551333', 'Added _OSI(Linux-HPI-Hybrid-Graphics)']"
242,Mar,9,10:40:56,Client01,kernel,[    1.556735] ACPI: 1 ACPI AML tables successfully acquired and loaded,bfc45663,[ <*>.<*>] ACPI: <*> ACPI AML tables successfully acquired and loaded,"['1.556735', '1']"
243,Mar,9,10:40:56,Client01,kernel,[    1.564883] ACPI: Interpreter enabled,c1870ad0,[ <*>.<*>] ACPI: <*> <*>,"['1.564883', 'Interpreter enabled']"
244,Mar,9,10:40:56,Client01,kernel,[    1.567346] ACPI: (supports S0 S5),384a7d61,[ <*>.<*>] ACPI: <*> <*> <*>,"['1.567346', '(supports', 'S0 S5)']"
245,Mar,9,10:40:56,Client01,kernel,[    1.570158] ACPI: Using IOAPIC for interrupt routing,a19890d6,[ <*>.<*>] <*> Using <*> for <*> routing,"['1.570158', 'ACPI:', 'IOAPIC', 'interrupt']"
246,Mar,9,10:40:56,Client01,kernel,"[    1.575361] PCI: Using host bridge windows from ACPI; if necessary, use ""pci=nocrs"" and report a bug",7ca6598a,"[ <*>.<*>] PCI: Using host bridge windows from ACPI; if necessary, use ""pci=nocrs"" and report a bug",['1.575361']
247,Mar,9,10:40:56,Client01,kernel,[    1.583635] ACPI: Enabled 1 GPEs in block 00 to 0F,dd22b4d7,[ <*>.<*>] ACPI: Enabled <*> GPEs in block <*> to 0F,"['1.583635', '1', '00']"
248,Mar,9,10:40:56,Client01,kernel,[    1.608706] ACPI: PCI Root Bridge [PCI0] (domain 0000 [bus 00-ff]),4cc075f1,[ <*>.<*>] ACPI: PCI Root Bridge [PCI0] (domain <*> [bus <*>-ff]),"['1.608706', '0000', '00']"
249,Mar,9,10:40:56,Client01,kernel,[    1.615336] acpi PNP0A03:00: _OSC: OS supports [ASPM ClockPM Segments MSI],6a4e7cff,[ <*>.<*>] acpi PNP0A03:<*>: _OSC: OS supports [ASPM ClockPM Segments MSI],"['1.615336', '00']"
250,Mar,9,10:40:56,Client01,kernel,"[    1.619346] acpi PNP0A03:00: fail to add MMCONFIG information, can't access extended PCI configuration space under this bridge.",cfb932ab,"[ <*>.<*>] acpi PNP0A03:<*>: fail to add MMCONFIG information, can't access extended PCI configuration space under this bridge.","['1.619346', '00']"
251,Mar,9,10:40:56,Client01,kernel,[    1.631585] PCI host bridge to bus 0000:00,7c45b630,[ <*>.<*>] PCI host bridge to bus <*>:<*>,"['1.631585', '0000:00']"
252,Mar,9,10:40:56,Client01,kernel,[    1.631585] pci_bus 0000:00: root bus resource [mem 0xfe0000000-0xfffffffff window],6124e846,[ <*>.<*>] pci_bus <*>:<*>: root bus resource <*> <*> window],"['1.631585', '0000:00', '[mem 0xfe0000000-0xfffffffff']"
253,Mar,9,10:40:56,Client01,kernel,[    1.643335] pci_bus 0000:00: root bus resource [io  0x0000-0x0cf7 window],6124e846,[ <*>.<*>] pci_bus <*>:<*>: root bus resource <*> <*> window],"['1.643335', '0000:00', '[io  0x0000-0x0cf7']"
254,Mar,9,10:40:56,Client01,kernel,[    1.647343] pci_bus 0000:00: root bus resource [io  0x0d00-0xffff window],6124e846,[ <*>.<*>] pci_bus <*>:<*>: root bus resource <*> <*> window],"['1.647343', '0000:00', '[io  0x0d00-0xffff']"
255,Mar,9,10:40:56,Client01,kernel,[    1.655332] pci_bus 0000:00: root bus resource [mem 0x000a0000-0x000bffff window],6124e846,[ <*>.<*>] pci_bus <*>:<*>: root bus resource <*> <*> window],"['1.655332', '0000:00', '[mem 0x000a0000-0x000bffff']"
256,Mar,9,10:40:56,Client01,kernel,[    1.663332] pci_bus 0000:00: root bus resource [mem 0x40000000-0xfffbffff window],6124e846,[ <*>.<*>] pci_bus <*>:<*>: root bus resource <*> <*> window],"['1.663332', '0000:00', '[mem 0x40000000-0xfffbffff']"
257,Mar,9,10:40:56,Client01,kernel,[    1.667333] pci_bus 0000:00: root bus resource [bus 00-ff],5a1ebdfa,[ <*>.<*>] pci_bus <*>:<*>: root bus resource [bus <*>-ff],"['1.667333', '0000:00', '00']"
258,Mar,9,10:40:56,Client01,kernel,[    1.671524] pci 0000:00:00.0: [8086:7192] type 00 class 0x060000,8d015fe4,[ <*>.<*>] pci <*>:<*>:<*>.<*>: [<*>:<*>] type <*> class 0x<*>,"['1.671524', '0000', '00:00.0', '8086:7192', '00', '060000']"
259,Mar,9,10:40:56,Client01,kernel,[    1.678934] pci 0000:00:07.0: [8086:7110] type 00 class 0x060100,8d015fe4,[ <*>.<*>] pci <*>:<*>:<*>.<*>: [<*>:<*>] type <*> class 0x<*>,"['1.678934', '0000', '00:07.0', '8086:7110', '00', '060100']"
260,Mar,9,10:40:56,Client01,kernel,[    1.682690] pci 0000:00:07.1: [8086:7111] type 00 class 0x010180,8d015fe4,[ <*>.<*>] pci <*>:<*>:<*>.<*>: [<*>:<*>] type <*> class 0x<*>,"['1.682690', '0000', '00:07.1', '8086:7111', '00', '010180']"
261,Mar,9,10:40:56,Client01,kernel,[    1.685423] pci 0000:00:07.1: reg 0x20: [io  0xffa0-0xffaf],32a4060e,[ <*>.<*>] pci <*>:<*>:<*>.<*>: <*> <*> <*> <*>,"['1.685423', '0000', '00:07.1', 'reg', '0x20: [io  0xffa0-0xffaf]']"
262,Mar,9,10:40:56,Client01,kernel,[    1.686590] pci 0000:00:07.1: legacy IDE quirk: reg 0x10: [io  0x01f0-0x01f7],181635a5,[ <*>.<*>] pci <*>:<*>:<*>.<*>: legacy IDE quirk: reg <*> [io <*>,"['1.686590', '0000', '00:07.1', '0x10:', '0x01f0-0x01f7]']"
263,Mar,9,10:40:56,Client01,kernel,[    1.691334] pci 0000:00:07.1: legacy IDE quirk: reg 0x14: [io  0x03f6],181635a5,[ <*>.<*>] pci <*>:<*>:<*>.<*>: legacy IDE quirk: reg <*> [io <*>,"['1.691334', '0000', '00:07.1', '0x14:', '0x03f6]']"
264,Mar,9,10:40:56,Client01,kernel,[    1.699332] pci 0000:00:07.1: legacy IDE quirk: reg 0x18: [io  0x0170-0x0177],181635a5,[ <*>.<*>] pci <*>:<*>:<*>.<*>: legacy IDE quirk: reg <*> [io <*>,"['1.699332', '0000', '00:07.1', '0x18:', '0x0170-0x0177]']"
265,Mar,9,10:40:56,Client01,kernel,[    1.703333] pci 0000:00:07.1: legacy IDE quirk: reg 0x1c: [io  0x0376],181635a5,[ <*>.<*>] pci <*>:<*>:<*>.<*>: legacy IDE quirk: reg <*> [io <*>,"['1.703333', '0000', '00:07.1', '0x1c:', '0x0376]']"
266,Mar,9,10:40:56,Client01,kernel,[    1.708124] pci 0000:00:07.3: [8086:7113] type 00 class 0x068000,8d015fe4,[ <*>.<*>] pci <*>:<*>:<*>.<*>: [<*>:<*>] type <*> class 0x<*>,"['1.708124', '0000', '00:07.3', '8086:7113', '00', '068000']"
267,Mar,9,10:40:56,Client01,kernel,"[    1.708169] * Found PM-Timer Bug on the chipset. Due to workarounds for a bug,",8a2b7de3,"[ <*>.<*>] * Found PM-Timer Bug on the chipset. Due to workarounds for a bug,",['1.708169']
268,Mar,9,10:40:56,Client01,kernel,[    1.708169] * this clock source is slow. Consider trying other clock sources,62865f1f,[ <*>.<*>] * this clock source is slow. Consider trying other clock sources,['1.708169']
269,Mar,9,10:40:56,Client01,kernel,[    1.719336] pci 0000:00:07.3: acpi_pm_check_blacklist+0x0/0x40 took 11718 usecs,32a4060e,[ <*>.<*>] pci <*>:<*>:<*>.<*>: <*> <*> <*> <*>,"['1.719336', '0000', '00:07.3', 'acpi_pm_check_blacklist+0x0/0x40', 'took 11718 usecs']"
270,Mar,9,10:40:56,Client01,kernel,[    1.726297] pci 0000:00:07.3: quirk: [io  0x0400-0x043f] claimed by PIIX4 ACPI,41ab7ff6,[ <*>.<*>] pci <*>:<*>:<*>.<*>: quirk: [io 0x0400-0x043f] claimed by PIIX4 ACPI,"['1.726297', '0000', '00:07.3']"
271,Mar,9,10:40:56,Client01,kernel,[    1.736275] pci 0000:00:08.0: [1414:5353] type 00 class 0x030000,8d015fe4,[ <*>.<*>] pci <*>:<*>:<*>.<*>: [<*>:<*>] type <*> class 0x<*>,"['1.736275', '0000', '00:08.0', '1414:5353', '00', '030000']"
272,Mar,9,10:40:56,Client01,kernel,[    1.736992] pci 0000:00:08.0: reg 0x10: [mem 0xf8000000-0xfbffffff],32a4060e,[ <*>.<*>] pci <*>:<*>:<*>.<*>: <*> <*> <*> <*>,"['1.736992', '0000', '00:08.0', 'reg', '0x10: [mem 0xf8000000-0xfbffffff]']"
273,Mar,9,10:40:56,Client01,kernel,[    1.762595] ACPI: PCI Interrupt Link [LNKA] (IRQs 3 4 5 7 9 10 *11 12 14 15),36d5d52a,[ <*>.<*>] ACPI: PCI Interrupt Link [LNKA] (IRQs <*> <*> <*> <*> <*> <*> *<*> <*> <*> <*>),"['1.762595', '3', '4', '5 7 9 10', '11', '12 14 15']"
274,Mar,9,10:40:56,Client01,kernel,"[    1.771879] ACPI: PCI Interrupt Link [LNKB] (IRQs 3 4 5 7 9 10 11 12 14 15) *0, disabled.",314bf718,"[ <*>.<*>] ACPI: PCI Interrupt Link <*> (IRQs <*> <*> <*> <*> <*> <*> <*> <*> <*> <*>) *<*>, disabled.","['1.771879', '[LNKB]', '3', '4', '5', '7', '9 10 11 12 14 15', '0']"
275,Mar,9,10:40:56,Client01,kernel,"[    1.779594] ACPI: PCI Interrupt Link [LNKC] (IRQs 3 4 5 7 9 10 11 12 14 15) *0, disabled.",314bf718,"[ <*>.<*>] ACPI: PCI Interrupt Link <*> (IRQs <*> <*> <*> <*> <*> <*> <*> <*> <*> <*>) *<*>, disabled.","['1.779594', '[LNKC]', '3', '4', '5', '7', '9 10 11 12 14 15', '0']"
276,Mar,9,10:40:56,Client01,kernel,"[    1.787596] ACPI: PCI Interrupt Link [LNKD] (IRQs 3 4 5 7 9 10 11 12 14 15) *0, disabled.",314bf718,"[ <*>.<*>] ACPI: PCI Interrupt Link <*> (IRQs <*> <*> <*> <*> <*> <*> <*> <*> <*> <*>) *<*>, disabled.","['1.787596', '[LNKD]', '3', '4', '5', '7', '9 10 11 12 14 15', '0']"
277,Mar,9,10:40:56,Client01,kernel,[    1.795788] SCSI subsystem initialized,39dbb8e6,[ <*>.<*>] <*> <*> initialized,"['1.795788', 'SCSI subsystem']"
278,Mar,9,10:40:56,Client01,kernel,[    1.799415] libata version 3.00 loaded.,1c5da341,[ <*>.<*>] libata version <*>.<*> loaded.,"['1.799415', '3.00']"
279,Mar,9,10:40:56,Client01,kernel,[    1.799420] pci 0000:00:08.0: vgaarb: setting as boot VGA device,624c855c,[ <*>.<*>] pci <*>:<*>:<*>.<*>: vgaarb: setting as boot VGA device,"['1.799420', '0000', '00:08.0']"
280,Mar,9,10:40:56,Client01,kernel,"[    1.803329] pci 0000:00:08.0: vgaarb: VGA device added: decodes=io+mem,owns=io+mem,locks=none",0c975011,"[ <*>.<*>] pci <*>:<*>:<*>.<*>: vgaarb: VGA device added: decodes=io+mem,owns=io+mem,locks=none","['1.803329', '0000', '00:08.0']"
281,Mar,9,10:40:56,Client01,kernel,[    1.803334] pci 0000:00:08.0: vgaarb: bridge control possible,32a4060e,[ <*>.<*>] pci <*>:<*>:<*>.<*>: <*> <*> <*> <*>,"['1.803334', '0000', '00:08.0', 'vgaarb:', 'bridge control possible']"
282,Mar,9,10:40:56,Client01,kernel,[    1.807331] vgaarb: loaded,936b8562,[ <*>.<*>] <*> <*>,"['1.807331', 'vgaarb: loaded']"
283,Mar,9,10:40:56,Client01,kernel,[    1.810228] pps_core: LinuxPPS API ver. 1 registered,47dded99,[ <*>.<*>] pps_core: LinuxPPS API ver. <*> registered,"['1.810228', '1']"
284,Mar,9,10:40:56,Client01,kernel,[    1.811331] pps_core: Software ver. 5.3.6 - Copyright 2005-2007 Rodolfo Giometti <giometti@linux.it>,5062e8d4,[ <*>.<*>] pps_core: Software ver. <*>.<*>.<*> - Copyright <*>-<*> Rodolfo Giometti <giometti@linux.it>,"['1.811331', '5', '3.6', '2005-2007']"
285,Mar,9,10:40:56,Client01,kernel,[    1.815338] PTP clock support registered,dbd17d1c,[ <*>.<*>] <*> <*> <*> registered,"['1.815338', 'PTP', 'clock support']"
286,Mar,9,10:40:56,Client01,kernel,[    1.819431] EDAC MC: Ver: 3.0.0,d9a4db27,[ <*>.<*>] <*> <*> <*> <*>.<*>.<*>,"['1.819431', 'EDAC', 'MC: Ver: 3', '0.0']"
287,Mar,9,10:40:56,Client01,kernel,[    1.823970] hv_vmbus: Vmbus version:4.0,b4f56b29,[ <*>.<*>] hv_vmbus: Vmbus version:<*>.<*>,"['1.823970', '4.0']"
288,Mar,9,10:40:56,Client01,kernel,[    1.827395] PCI: Using ACPI for IRQ routing,a19890d6,[ <*>.<*>] <*> Using <*> for <*> routing,"['1.827395', 'PCI:', 'ACPI', 'IRQ']"
289,Mar,9,10:40:56,Client01,kernel,[    1.831329] PCI: pci_cache_line_size set to 64 bytes,a5db758e,[ <*>.<*>] PCI: pci_cache_line_size set to <*> bytes,"['1.831329', '64']"
290,Mar,9,10:40:56,Client01,kernel,[    1.831329] e820: reserve RAM buffer [mem 0x0009fc00-0x0009ffff],4790cbc8,[ <*>.<*>] e820: reserve RAM buffer [mem <*>,"['1.831329', '0x0009fc00-0x0009ffff]']"
291,Mar,9,10:40:56,Client01,kernel,[    1.831329] e820: reserve RAM buffer [mem 0x3fff0000-0x3fffffff],4790cbc8,[ <*>.<*>] e820: reserve RAM buffer [mem <*>,"['1.831329', '0x3fff0000-0x3fffffff]']"
292,Mar,9,10:40:56,Client01,kernel,[    1.831329] NetLabel: Initializing,936b8562,[ <*>.<*>] <*> <*>,"['1.831329', 'NetLabel: Initializing']"
293,Mar,9,10:40:56,Client01,kernel,[    1.835335] NetLabel:  domain hash size = 128,47e096b1,[ <*>.<*>] NetLabel: domain hash size = <*>,"['1.835335', '128']"
294,Mar,9,10:40:56,Client01,kernel,[    1.839165] NetLabel:  protocols = UNLABELED CIPSOv4 CALIPSO,e79f8145,[ <*>.<*>] NetLabel: protocols = UNLABELED CIPSOv4 CALIPSO,['1.839165']
295,Mar,9,10:40:56,Client01,kernel,[    1.843355] NetLabel:  unlabeled traffic allowed by default,68b4478a,[ <*>.<*>] NetLabel: unlabeled traffic allowed by default,['1.843355']
296,Mar,9,10:40:56,Client01,kernel,[    1.847409] clocksource: Switched to clocksource hyperv_clocksource_tsc_page,1f32fb91,[ <*>.<*>] clocksource: Switched to clocksource hyperv_clocksource_tsc_page,['1.847409']
297,Mar,9,10:40:56,Client01,kernel,[    1.874070] VFS: Disk quotas dquot_6.6.0,33812074,[ <*>.<*>] VFS: Disk quotas dquot_<*>.<*>.<*>,"['1.874070', '6', '6.0']"
298,Mar,9,10:40:56,Client01,kernel,"[    1.878090] VFS: Dquot-cache hash table entries: 512 (order 0, 4096 bytes)",e2564448,"[ <*>.<*>] <*> <*> hash table entries: <*> <*> <*>, <*> bytes)","['1.878090', 'VFS: Dquot-cache', '512', '(order 0', '4096']"
299,Mar,9,10:40:56,Client01,kernel,[    1.884650] AppArmor: AppArmor Filesystem Enabled,83ce5f94,[ <*>.<*>] AppArmor: AppArmor Filesystem Enabled,['1.884650']
300,Mar,9,10:40:56,Client01,kernel,[    1.889887] pnp: PnP ACPI init,1faaa63f,[ <*>.<*>] pnp: PnP ACPI init,['1.889887']
301,Mar,9,10:40:56,Client01,kernel,"[    1.892904] pnp 00:00: Plug and Play ACPI device, IDs PNP0b00 (active)",bddfdc42,"[ <*>.<*>] <*> <*>:<*>: Plug and Play ACPI device, IDs <*> (active)","['1.892904', 'pnp 00', '00', 'PNP0b00']"
302,Mar,9,10:40:56,Client01,kernel,"[    1.892950] pnp 00:01: Plug and Play ACPI device, IDs PNP0303 PNP030b (active)",3f6b66d2,"[ <*>.<*>] pnp <*>:<*>: Plug and Play ACPI device, IDs <*> <*> (active)","['1.892950', '00:01', 'PNP0303 PNP030b']"
303,Mar,9,10:40:56,Client01,kernel,"[    1.892990] pnp 00:02: Plug and Play ACPI device, IDs PNP0f03 PNP0f13 (active)",3f6b66d2,"[ <*>.<*>] pnp <*>:<*>: Plug and Play ACPI device, IDs <*> <*> (active)","['1.892990', '00:02', 'PNP0f03 PNP0f13']"
304,Mar,9,10:40:56,Client01,kernel,[    1.893804] pnp 00:03: [dma 0 disabled],d7764389,[ <*>.<*>] pnp <*>:<*>: [dma <*> disabled],"['1.893804', '00:03', '0']"
305,Mar,9,10:40:56,Client01,kernel,"[    1.893825] pnp 00:03: Plug and Play ACPI device, IDs PNP0501 (active)",bddfdc42,"[ <*>.<*>] <*> <*>:<*>: Plug and Play ACPI device, IDs <*> (active)","['1.893825', 'pnp 00', '03', 'PNP0501']"
306,Mar,9,10:40:56,Client01,kernel,[    1.894665] pnp 00:04: [dma 0 disabled],d7764389,[ <*>.<*>] pnp <*>:<*>: [dma <*> disabled],"['1.894665', '00:04', '0']"
307,Mar,9,10:40:56,Client01,kernel,"[    1.894685] pnp 00:04: Plug and Play ACPI device, IDs PNP0501 (active)",bddfdc42,"[ <*>.<*>] <*> <*>:<*>: Plug and Play ACPI device, IDs <*> (active)","['1.894685', 'pnp 00', '04', 'PNP0501']"
308,Mar,9,10:40:56,Client01,kernel,[    1.895554] pnp 00:05: [dma 2],0c328929,[ <*>.<*>] pnp <*>:<*>: [dma <*>],"['1.895554', '00:05', '2']"
309,Mar,9,10:40:56,Client01,kernel,"[    1.895586] pnp 00:05: Plug and Play ACPI device, IDs PNP0700 (active)",bddfdc42,"[ <*>.<*>] <*> <*>:<*>: Plug and Play ACPI device, IDs <*> (active)","['1.895586', 'pnp 00', '05', 'PNP0700']"
310,Mar,9,10:40:56,Client01,kernel,[    1.895625] system 00:06: [io  0x01e0-0x01ef] has been reserved,d9819c5a,[ <*>.<*>] system <*>:<*>: <*> <*> has been reserved,"['1.895625', '00:06', '[io  0x01e0-0x01ef]']"
311,Mar,9,10:40:56,Client01,kernel,[    1.900558] system 00:06: [io  0x0160-0x016f] has been reserved,d9819c5a,[ <*>.<*>] system <*>:<*>: <*> <*> has been reserved,"['1.900558', '00:06', '[io  0x0160-0x016f]']"
312,Mar,9,10:40:56,Client01,kernel,[    1.905201] system 00:06: [io  0x0278-0x027f] has been reserved,d9819c5a,[ <*>.<*>] system <*>:<*>: <*> <*> has been reserved,"['1.905201', '00:06', '[io  0x0278-0x027f]']"
313,Mar,9,10:40:56,Client01,kernel,[    1.909765] system 00:06: [io  0x0378-0x037f] has been reserved,d9819c5a,[ <*>.<*>] system <*>:<*>: <*> <*> has been reserved,"['1.909765', '00:06', '[io  0x0378-0x037f]']"
314,Mar,9,10:40:56,Client01,kernel,[    1.914625] system 00:06: [io  0x0678-0x067f] has been reserved,d9819c5a,[ <*>.<*>] system <*>:<*>: <*> <*> has been reserved,"['1.914625', '00:06', '[io  0x0678-0x067f]']"
315,Mar,9,10:40:56,Client01,kernel,[    1.919262] system 00:06: [io  0x0778-0x077f] has been reserved,d9819c5a,[ <*>.<*>] system <*>:<*>: <*> <*> has been reserved,"['1.919262', '00:06', '[io  0x0778-0x077f]']"
316,Mar,9,10:40:56,Client01,kernel,[    1.923781] system 00:06: [io  0x04d0-0x04d1] has been reserved,d9819c5a,[ <*>.<*>] system <*>:<*>: <*> <*> has been reserved,"['1.923781', '00:06', '[io  0x04d0-0x04d1]']"
317,Mar,9,10:40:56,Client01,kernel,"[    1.928248] system 00:06: Plug and Play ACPI device, IDs PNP0c02 (active)",bddfdc42,"[ <*>.<*>] <*> <*>:<*>: Plug and Play ACPI device, IDs <*> (active)","['1.928248', 'system 00', '06', 'PNP0c02']"
318,Mar,9,10:40:56,Client01,kernel,[    1.928395] system 00:07: [io  0x0400-0x043f] has been reserved,d9819c5a,[ <*>.<*>] system <*>:<*>: <*> <*> has been reserved,"['1.928395', '00:07', '[io  0x0400-0x043f]']"
319,Mar,9,10:40:56,Client01,kernel,[    1.932903] system 00:07: [io  0x0370-0x0371] has been reserved,d9819c5a,[ <*>.<*>] system <*>:<*>: <*> <*> has been reserved,"['1.932903', '00:07', '[io  0x0370-0x0371]']"
320,Mar,9,10:40:56,Client01,kernel,[    1.937355] system 00:07: [io  0x0440-0x044f] has been reserved,d9819c5a,[ <*>.<*>] system <*>:<*>: <*> <*> has been reserved,"['1.937355', '00:07', '[io  0x0440-0x044f]']"
321,Mar,9,10:40:56,Client01,kernel,[    1.941889] system 00:07: [mem 0xfec00000-0xfec00fff] could not be reserved,e270d668,[ <*>.<*>] system <*>:<*>: [mem <*> could not be reserved,"['1.941889', '00:07', '0xfec00000-0xfec00fff]']"
322,Mar,9,10:40:56,Client01,kernel,[    1.947409] system 00:07: [mem 0xfee00000-0xfee00fff] has been reserved,d9819c5a,[ <*>.<*>] system <*>:<*>: <*> <*> has been reserved,"['1.947409', '00:07', '[mem 0xfee00000-0xfee00fff]']"
323,Mar,9,10:40:56,Client01,kernel,"[    1.952895] system 00:07: Plug and Play ACPI device, IDs PNP0c02 (active)",bddfdc42,"[ <*>.<*>] <*> <*>:<*>: Plug and Play ACPI device, IDs <*> (active)","['1.952895', 'system 00', '07', 'PNP0c02']"
324,Mar,9,10:40:56,Client01,kernel,[    1.953015] system 00:08: [mem 0x00000000-0x0009ffff] could not be reserved,e270d668,[ <*>.<*>] system <*>:<*>: [mem <*> could not be reserved,"['1.953015', '00:08', '0x00000000-0x0009ffff]']"
325,Mar,9,10:40:56,Client01,kernel,[    1.958320] system 00:08: [mem 0x000c0000-0x000dffff] could not be reserved,e270d668,[ <*>.<*>] system <*>:<*>: [mem <*> could not be reserved,"['1.958320', '00:08', '0x000c0000-0x000dffff]']"
326,Mar,9,10:40:56,Client01,kernel,[    1.963823] system 00:08: [mem 0x000e0000-0x000fffff] could not be reserved,e270d668,[ <*>.<*>] system <*>:<*>: [mem <*> could not be reserved,"['1.963823', '00:08', '0x000e0000-0x000fffff]']"
327,Mar,9,10:40:56,Client01,kernel,[    1.969177] system 00:08: [mem 0x00100000-0x3fffffff] could not be reserved,e270d668,[ <*>.<*>] system <*>:<*>: [mem <*> could not be reserved,"['1.969177', '00:08', '0x00100000-0x3fffffff]']"
328,Mar,9,10:40:56,Client01,kernel,[    1.974238] system 00:08: [mem 0xfffc0000-0xffffffff] has been reserved,d9819c5a,[ <*>.<*>] system <*>:<*>: <*> <*> has been reserved,"['1.974238', '00:08', '[mem 0xfffc0000-0xffffffff]']"
329,Mar,9,10:40:56,Client01,kernel,"[    1.980203] system 00:08: Plug and Play ACPI device, IDs PNP0c01 (active)",bddfdc42,"[ <*>.<*>] <*> <*>:<*>: Plug and Play ACPI device, IDs <*> (active)","['1.980203', 'system 00', '08', 'PNP0c01']"
330,Mar,9,10:40:56,Client01,kernel,[    1.980514] pnp: PnP ACPI: found 9 devices,f89824e6,[ <*>.<*>] pnp: PnP ACPI: found <*> devices,"['1.980514', '9']"
331,Mar,9,10:40:56,Client01,kernel,"[    1.991525] clocksource: acpi_pm: mask: 0xffffff max_cycles: 0xffffff, max_idle_ns: 2085701024 ns",86aa80c1,[ <*>.<*>] clocksource: <*> mask: <*> max_cycles: <*> max_idle_ns: <*> ns,"['1.991525', 'acpi_pm:', '0xffffff', '0xffffff,', '2085701024']"
332,Mar,9,10:40:56,Client01,kernel,[    1.999813] pci_bus 0000:00: resource 4 [mem 0xfe0000000-0xfffffffff window],b390ddbe,[ <*>.<*>] pci_bus <*>:<*>: resource <*> <*> <*> window],"['1.999813', '0000:00', '4', '[mem 0xfe0000000-0xfffffffff']"
333,Mar,9,10:40:56,Client01,kernel,[    1.999815] pci_bus 0000:00: resource 5 [io  0x0000-0x0cf7 window],b390ddbe,[ <*>.<*>] pci_bus <*>:<*>: resource <*> <*> <*> window],"['1.999815', '0000:00', '5', '[io  0x0000-0x0cf7']"
334,Mar,9,10:40:56,Client01,kernel,[    1.999816] pci_bus 0000:00: resource 6 [io  0x0d00-0xffff window],b390ddbe,[ <*>.<*>] pci_bus <*>:<*>: resource <*> <*> <*> window],"['1.999816', '0000:00', '6', '[io  0x0d00-0xffff']"
335,Mar,9,10:40:56,Client01,kernel,[    1.999818] pci_bus 0000:00: resource 7 [mem 0x000a0000-0x000bffff window],b390ddbe,[ <*>.<*>] pci_bus <*>:<*>: resource <*> <*> <*> window],"['1.999818', '0000:00', '7', '[mem 0x000a0000-0x000bffff']"
336,Mar,9,10:40:56,Client01,kernel,[    1.999819] pci_bus 0000:00: resource 8 [mem 0x40000000-0xfffbffff window],b390ddbe,[ <*>.<*>] pci_bus <*>:<*>: resource <*> <*> <*> window],"['1.999819', '0000:00', '8', '[mem 0x40000000-0xfffbffff']"
337,Mar,9,10:40:56,Client01,kernel,[    1.999951] NET: Registered protocol family 2,87d471e6,[ <*>.<*>] NET: Registered protocol family <*>,"['1.999951', '2']"
338,Mar,9,10:40:56,Client01,kernel,"[    2.003920] tcp_listen_portaddr_hash hash table entries: 4096 (order: 4, 65536 bytes)",6a78c96c,"[ <*>.<*>] <*> hash table entries: <*> (order: <*>, <*> bytes)","['2.003920', 'tcp_listen_portaddr_hash', '4096', '4', '65536']"
339,Mar,9,10:40:56,Client01,kernel,"[    2.010151] TCP established hash table entries: 65536 (order: 7, 524288 bytes)",e2564448,"[ <*>.<*>] <*> <*> hash table entries: <*> <*> <*>, <*> bytes)","['2.010151', 'TCP established', '65536', '(order: 7', '524288']"
340,Mar,9,10:40:56,Client01,kernel,"[    2.015765] TCP bind hash table entries: 65536 (order: 8, 1048576 bytes)",e2564448,"[ <*>.<*>] <*> <*> hash table entries: <*> <*> <*>, <*> bytes)","['2.015765', 'TCP bind', '65536', '(order: 8', '1048576']"
341,Mar,9,10:40:56,Client01,kernel,[    2.020657] TCP: Hash tables configured (established 65536 bind 65536),a9c6a646,[ <*>.<*>] TCP: Hash tables configured (established <*> bind <*>),"['2.020657', '65536', '65536']"
342,Mar,9,10:40:56,Client01,kernel,"[    2.025573] UDP hash table entries: 4096 (order: 5, 131072 bytes)",6a78c96c,"[ <*>.<*>] <*> hash table entries: <*> (order: <*>, <*> bytes)","['2.025573', 'UDP', '4096', '5', '131072']"
343,Mar,9,10:40:56,Client01,kernel,"[    2.030461] UDP-Lite hash table entries: 4096 (order: 5, 131072 bytes)",6a78c96c,"[ <*>.<*>] <*> hash table entries: <*> (order: <*>, <*> bytes)","['2.030461', 'UDP-Lite', '4096', '5', '131072']"
344,Mar,9,10:40:56,Client01,kernel,[    2.035700] NET: Registered protocol family 1,87d471e6,[ <*>.<*>] NET: Registered protocol family <*>,"['2.035700', '1']"
345,Mar,9,10:40:56,Client01,kernel,[    2.039317] NET: Registered protocol family 44,87d471e6,[ <*>.<*>] NET: Registered protocol family <*>,"['2.039317', '44']"
346,Mar,9,10:40:56,Client01,kernel,[    2.042816] pci 0000:00:00.0: Limiting direct PCI/PCI transfers,32a4060e,[ <*>.<*>] pci <*>:<*>:<*>.<*>: <*> <*> <*> <*>,"['2.042816', '0000', '00:00.0', 'Limiting', 'direct PCI/PCI transfers']"
347,Mar,9,10:40:56,Client01,kernel,[    2.047645] pci 0000:00:08.0: Video device with shadowed ROM at [mem 0x000c0000-0x000dffff],6f240111,[ <*>.<*>] pci <*>:<*>:<*>.<*>: Video device with shadowed ROM at [mem 0x000c0000-0x000dffff],"['2.047645', '0000', '00:08.0']"
348,Mar,9,10:40:56,Client01,kernel,"[    2.053537] PCI: CLS 0 bytes, default 64",4158f22b,"[ <*>.<*>] PCI: CLS <*> bytes, default <*>","['2.053537', '0', '64']"
349,Mar,9,10:40:56,Client01,kernel,[    2.053574] Unpacking initramfs...,936b8562,[ <*>.<*>] <*> <*>,"['2.053574', 'Unpacking initramfs...']"
350,Mar,9,10:40:56,Client01,kernel,[    2.379097] Freeing initrd memory: 19648K,76917a1e,[ <*>.<*>] Freeing initrd memory: <*>,"['2.379097', '19648K']"
351,Mar,9,10:40:56,Client01,kernel,[    2.382509] PCI-DMA: Using software bounce buffering for IO (SWIOTLB),e5f603b3,[ <*>.<*>] PCI-DMA: Using software bounce buffering for IO (SWIOTLB),['2.382509']
352,Mar,9,10:40:56,Client01,kernel,[    2.387805] software IO TLB: mapped [mem 0x3bff0000-0x3fff0000] (64MB),f8156a21,[ <*>.<*>] software IO TLB: mapped [mem 0x3bff0000-0x3fff0000] (64MB),['2.387805']
353,Mar,9,10:40:56,Client01,kernel,[    2.392984] check: Scanning for low memory corruption every 60 seconds,44ef95da,[ <*>.<*>] check: Scanning for low memory corruption every <*> seconds,"['2.392984', '60']"
354,Mar,9,10:40:56,Client01,kernel,[    2.399935] Initialise system trusted keyrings,21a70e82,[ <*>.<*>] Initialise system trusted keyrings,['2.399935']
355,Mar,9,10:40:56,Client01,kernel,[    2.404337] Key type blacklist registered,dbd17d1c,[ <*>.<*>] <*> <*> <*> registered,"['2.404337', 'Key', 'type blacklist']"
356,Mar,9,10:40:56,Client01,kernel,[    2.408141] workingset: timestamp_bits=36 max_order=21 bucket_order=0,f1c1ebff,[ <*>.<*>] workingset: timestamp_bits=<*> max_order=<*> bucket_order=<*>,"['2.408141', '36', '21', '0']"
357,Mar,9,10:40:56,Client01,kernel,[    2.414176] zbud: loaded,936b8562,[ <*>.<*>] <*> <*>,"['2.414176', 'zbud: loaded']"
358,Mar,9,10:40:56,Client01,kernel,[    2.417436] squashfs: version 4.0 (2009/01/31) Phillip Lougher,f4b6394d,[ <*>.<*>] squashfs: version <*>.<*> (<*>/<*>/<*>) Phillip Lougher,"['2.417436', '4.0', '2009', '01/31']"
359,Mar,9,10:40:56,Client01,kernel,[    2.423273] fuse init (API version 7.28),2d9471a3,[ <*>.<*>] fuse init (API version <*>.<*>),"['2.423273', '7.28']"
360,Mar,9,10:40:56,Client01,kernel,[    2.459606] Key type asymmetric registered,dbd17d1c,[ <*>.<*>] <*> <*> <*> registered,"['2.459606', 'Key', 'type asymmetric']"
361,Mar,9,10:40:56,Client01,kernel,[    2.462915] Asymmetric key parser 'x509' registered,3ecc6026,[ <*>.<*>] Asymmetric key parser 'x509' registered,['2.462915']
362,Mar,9,10:40:56,Client01,kernel,[    2.467478] Block layer SCSI generic (bsg) driver version 0.4 loaded (major 243),669e3ce3,[ <*>.<*>] Block layer SCSI generic (bsg) driver version <*>.<*> loaded (major <*>),"['2.467478', '0.4', '243']"
363,Mar,9,10:40:56,Client01,kernel,[    2.473623] shpchp: Standard Hot Plug PCI Controller Driver version: 0.4,572a6a6a,[ <*>.<*>] <*> <*> Hot Plug PCI Controller Driver version: <*>.<*>,"['2.473623', 'shpchp: Standard', '0.4']"
364,Mar,9,10:40:56,Client01,kernel,[    2.479157] intel_idle: Please enable MWAIT in BIOS SETUP,4b4d22f6,[ <*>.<*>] intel_idle: Please enable MWAIT in BIOS SETUP,['2.479157']
365,Mar,9,10:40:56,Client01,kernel,[    2.479233] input: Power Button as /devices/LNXSYSTM:00/LNXPWRBN:00/input/input0,f2dc1a2f,[ <*>.<*>] input: Power Button as /devices/LNXSYSTM:<*>/LNXPWRBN:<*>/input/input<*>,"['2.479233', '00', '00', '0']"
366,Mar,9,10:40:56,Client01,kernel,[    2.485185] ACPI: Power Button [PWRF],384a7d61,[ <*>.<*>] ACPI: <*> <*> <*>,"['2.485185', 'Power', 'Button [PWRF]']"
367,Mar,9,10:40:56,Client01,kernel,"[    2.488860] Serial: 8250/16550 driver, 32 ports, IRQ sharing enabled",ea64f415,"[ <*>.<*>] Serial: <*>/<*> driver, <*> ports, IRQ sharing enabled","['2.488860', '8250/16550', '32']"
368,Mar,9,10:40:56,Client01,kernel,"[    2.523297] 00:03: ttyS0 at I/O 0x3f8 (irq = 4, base_baud = 115200) is a 16550A",7e28a5dc,"[ <*>.<*>] <*>:<*>: <*> at I/O <*> (irq = <*>, base_baud = <*>) is a 16550A","['2.523297', '00:03', 'ttyS0', '0x3f8', '4', '115200']"
369,Mar,9,10:40:56,Client01,kernel,"[    2.558893] 00:04: ttyS1 at I/O 0x2f8 (irq = 3, base_baud = 115200) is a 16550A",7e28a5dc,"[ <*>.<*>] <*>:<*>: <*> at I/O <*> (irq = <*>, base_baud = <*>) is a 16550A","['2.558893', '00:04', 'ttyS1', '0x2f8', '3', '115200']"
370,Mar,9,10:40:56,Client01,kernel,[    2.567314] Linux agpgart interface v0.103,2614401b,[ <*>.<*>] Linux agpgart interface v0.<*>,"['2.567314', '103']"
371,Mar,9,10:40:56,Client01,kernel,[    2.581685] loop: module loaded,0ae41d87,[ <*>.<*>] loop: module loaded,['2.581685']
372,Mar,9,10:40:56,Client01,kernel,[    2.584813] hv_vmbus: registering driver hv_storvsc,12bef385,[ <*>.<*>] hv_vmbus: registering driver <*>,"['2.584813', 'hv_storvsc']"
373,Mar,9,10:40:56,Client01,kernel,[    2.590297] ata_piix 0000:00:07.1: version 2.13,48f9cb4d,[ <*>.<*>] <*> <*> version <*>,"['2.590297', 'ata_piix 0000:00:07.1:', '2.13']"
374,Mar,9,10:40:56,Client01,kernel,"[    2.590607] ata_piix 0000:00:07.1: Hyper-V Virtual Machine detected, ATA device ignore set",26b1b5d7,"[ <*>.<*>] ata_piix <*>:<*>:<*>.<*>: Hyper-V Virtual Machine detected, ATA device ignore set","['2.590607', '0000', '00:07.1']"
375,Mar,9,10:40:56,Client01,kernel,[    2.591118] scsi host0: storvsc_host_t,9ebf0a1a,[ <*>.<*>] scsi <*> <*>,"['2.591118', 'host0: storvsc_host_t']"
376,Mar,9,10:40:56,Client01,kernel,[    2.605508] scsi host1: ata_piix,9ebf0a1a,[ <*>.<*>] scsi <*> <*>,"['2.605508', 'host1: ata_piix']"
377,Mar,9,10:40:56,Client01,kernel,[    2.609701] scsi 0:0:0:0: Direct-Access     Msft     Virtual Disk     1.0  PQ: 0 ANSI: 5,4920f446,[ <*>.<*>] scsi <*>:<*>:<*>:<*>: <*> Msft Virtual <*> <*>.<*> PQ: <*> ANSI: <*>,"['2.609701', '0', '0:0:0', 'Direct-Access', 'Disk     1', '0', '0', '5']"
378,Mar,9,10:40:56,Client01,kernel,[    2.612538] scsi host2: ata_piix,9ebf0a1a,[ <*>.<*>] scsi <*> <*>,"['2.612538', 'host2: ata_piix']"
379,Mar,9,10:40:56,Client01,kernel,[    2.621361] sd 0:0:0:0: Attached scsi generic sg0 type 0,7fc4e243,[ <*>.<*>] <*> <*>:<*>:<*>:<*>: Attached scsi generic <*> type <*>,"['2.621361', 'sd 0', '0', '0:0', 'sg0', '0']"
380,Mar,9,10:40:56,Client01,kernel,[    2.627281] ata1: PATA max UDMA/33 cmd 0x1f0 ctl 0x3f6 bmdma 0xffa0 irq 14,fa004d8c,[ <*>.<*>] <*> PATA max UDMA/<*> cmd <*> ctl <*> bmdma <*> irq <*>,"['2.627281', 'ata1:', '33', '0x1f0', '0x3f6', '0xffa0', '14']"
381,Mar,9,10:40:56,Client01,kernel,[    2.637193] sd 0:0:0:0: [sda] 62916608 512-byte logical blocks: (32.2 GB/30.0 GiB),9f727691,[ <*>.<*>] sd <*>:<*>:<*>:<*>: <*> <*> <*>-byte logical blocks: (<*>.<*> GB/<*>.<*> GiB),"['2.637193', '0', '0:0:0', '[sda]', '62916608 512', '32.2', '30.0']"
382,Mar,9,10:40:56,Client01,kernel,[    2.642853] ata2: PATA max UDMA/33 cmd 0x170 ctl 0x376 bmdma 0xffa8 irq 15,fa004d8c,[ <*>.<*>] <*> PATA max UDMA/<*> cmd <*> ctl <*> bmdma <*> irq <*>,"['2.642853', 'ata2:', '33', '0x170', '0x376', '0xffa8', '15']"
383,Mar,9,10:40:56,Client01,kernel,[    2.642958] libphy: Fixed MDIO Bus: probed,557f1a34,[ <*>.<*>] libphy: Fixed MDIO Bus: probed,['2.642958']
384,Mar,9,10:40:56,Client01,kernel,[    2.650709] sd 0:0:0:0: [sda] 4096-byte physical blocks,bbce10d5,[ <*>.<*>] sd <*>:<*>:<*>:<*>: <*> <*> <*> <*>,"['2.650709', '0', '0:0:0', '[sda]', '4096-byte physical blocks']"
385,Mar,9,10:40:56,Client01,kernel,[    2.650878] sd 0:0:0:0: [sda] Write Protect is off,10c5c754,[ <*>.<*>] sd <*>:<*>:<*>:<*>: <*> Write Protect is off,"['2.650878', '0', '0:0:0', '[sda]']"
386,Mar,9,10:40:56,Client01,kernel,"[    2.660902] tun: Universal TUN/TAP device driver, 1.6",0a220e22,"[ <*>.<*>] tun: Universal TUN/TAP device driver, <*>.<*>","['2.660902', '1.6']"
387,Mar,9,10:40:56,Client01,kernel,[    2.665556] PPP generic driver version 2.4.2,0946490e,[ <*>.<*>] PPP generic driver version <*>.<*>.<*>,"['2.665556', '2', '4.2']"
388,Mar,9,10:40:56,Client01,kernel,[    2.668919] sd 0:0:0:0: [sda] Mode Sense: 0f 00 10 00,735161ce,[ <*>.<*>] sd <*>:<*>:<*>:<*>: <*> Mode Sense: 0f <*> <*> <*>,"['2.668919', '0', '0:0:0', '[sda]', '00', '10 00']"
389,Mar,9,10:40:56,Client01,kernel,"[    2.669217] sd 0:0:0:0: [sda] Write cache: enabled, read cache: enabled, supports DPO and FUA",ffdecc77,"[ <*>.<*>] sd <*>:<*>:<*>:<*>: <*> Write cache: <*> read cache: enabled, supports DPO and FUA","['2.669217', '0', '0:0:0', '[sda]', 'enabled,']"
390,Mar,9,10:40:56,Client01,kernel,"[    2.675060] i8042: PNP: PS/2 Controller [PNP0303:PS2K,PNP0f03:PS2M] at 0x60,0x64 irq 1,12",4ef74bfa,"[ <*>.<*>] i8042: PNP: PS/<*> Controller [PNP0303:PS2K,PNP0f03:PS2M] at 0x60,0x64 irq <*>,<*>","['2.675060', '2', '1,12']"
391,Mar,9,10:40:56,Client01,kernel,[    2.699404] scsi host3: storvsc_host_t,9ebf0a1a,[ <*>.<*>] scsi <*> <*>,"['2.699404', 'host3: storvsc_host_t']"
392,Mar,9,10:40:56,Client01,kernel,[    2.727386] scsi 3:0:1:0: Direct-Access     Msft     Virtual Disk     1.0  PQ: 0 ANSI: 5,4920f446,[ <*>.<*>] scsi <*>:<*>:<*>:<*>: <*> Msft Virtual <*> <*>.<*> PQ: <*> ANSI: <*>,"['2.727386', '3', '0:1:0', 'Direct-Access', 'Disk     1', '0', '0', '5']"
393,Mar,9,10:40:56,Client01,kernel,"[    2.727615] serio: i8042 KBD port at 0x60,0x64 irq 1",82ad81cc,"[ <*>.<*>] serio: i8042 <*> port at 0x60,0x64 irq <*>","['2.727615', 'KBD', '1']"
394,Mar,9,10:40:56,Client01,kernel,"[    2.740701] serio: i8042 AUX port at 0x60,0x64 irq 12",82ad81cc,"[ <*>.<*>] serio: i8042 <*> port at 0x60,0x64 irq <*>","['2.740701', 'AUX', '12']"
395,Mar,9,10:40:56,Client01,kernel,[    2.742089] GPT:Primary header thinks Alt. header is not at the end of the disk.,b398e527,[ <*>.<*>] GPT:Primary header thinks Alt. header is not at the end of the disk.,['2.742089']
396,Mar,9,10:40:56,Client01,kernel,[    2.749976] sd 3:0:1:0: Attached scsi generic sg1 type 0,7fc4e243,[ <*>.<*>] <*> <*>:<*>:<*>:<*>: Attached scsi generic <*> type <*>,"['2.749976', 'sd 3', '0', '1:0', 'sg1', '0']"
397,Mar,9,10:40:56,Client01,kernel,[    2.760143] GPT:4612095 != 62916607,8a328cfc,[ <*>.<*>] GPT:<*> != <*>,"['2.760143', '4612095', '62916607']"
398,Mar,9,10:40:56,Client01,kernel,[    2.767130] mousedev: PS/2 mouse device common for all mice,dbaeb175,[ <*>.<*>] mousedev: PS/<*> mouse device common for all mice,"['2.767130', '2']"
399,Mar,9,10:40:56,Client01,kernel,[    2.774760] GPT:Alternate GPT header not at the end of the disk.,4bac58cc,[ <*>.<*>] GPT:Alternate GPT header not at the end of the disk.,['2.774760']
400,Mar,9,10:40:56,Client01,kernel,[    2.783034] rtc_cmos 00:00: RTC can wake from S4,516bbbf1,[ <*>.<*>] rtc_cmos <*>:<*>: RTC can wake from S<*>,"['2.783034', '00:00', '4']"
401,Mar,9,10:40:56,Client01,kernel,[    2.792607] GPT:4612095 != 62916607,8a328cfc,[ <*>.<*>] GPT:<*> != <*>,"['2.792607', '4612095', '62916607']"
402,Mar,9,10:40:56,Client01,kernel,[    2.808097] GPT: Use GNU Parted to correct GPT errors.,dd89679f,[ <*>.<*>] GPT: Use GNU Parted to correct GPT errors.,['2.808097']
403,Mar,9,10:40:56,Client01,kernel,[    2.814011]  sda: sda1 sda14 sda15,909da0e6,[ <*>.<*>] sda: sda1 sda14 sda<*>,"['2.814011', '15']"
404,Mar,9,10:40:56,Client01,kernel,[    2.822740] sd 3:0:1:0: [sdb] 104857600 512-byte logical blocks: (53.7 GB/50.0 GiB),9f727691,[ <*>.<*>] sd <*>:<*>:<*>:<*>: <*> <*> <*>-byte logical blocks: (<*>.<*> GB/<*>.<*> GiB),"['2.822740', '3', '0:1:0', '[sdb]', '104857600 512', '53.7', '50.0']"
405,Mar,9,10:40:56,Client01,kernel,[    2.831677] sd 3:0:1:0: [sdb] 4096-byte physical blocks,bbce10d5,[ <*>.<*>] sd <*>:<*>:<*>:<*>: <*> <*> <*> <*>,"['2.831677', '3', '0:1:0', '[sdb]', '4096-byte physical blocks']"
406,Mar,9,10:40:56,Client01,kernel,[    2.841147] rtc_cmos 00:00: registered as rtc0,fcfaf745,[ <*>.<*>] rtc_cmos <*>:<*>: registered as rtc<*>,"['2.841147', '00:00', '0']"
407,Mar,9,10:40:56,Client01,kernel,"[    2.846813] rtc_cmos 00:00: alarms up to one month, 114 bytes nvram",139c403f,"[ <*>.<*>] rtc_cmos <*>:<*>: alarms up to one month, <*> bytes nvram","['2.846813', '00:00', '114']"
408,Mar,9,10:40:56,Client01,kernel,[    2.854319] device-mapper: uevent: version 1.0.3,d9a4db27,[ <*>.<*>] <*> <*> <*> <*>.<*>.<*>,"['2.854319', 'device-mapper:', 'uevent: version 1', '0.3']"
409,Mar,9,10:40:56,Client01,kernel,[    2.861107] device-mapper: ioctl: 4.39.0-ioctl (2018-04-03) initialised: dm-devel@redhat.com,5bb267ad,[ <*>.<*>] device-mapper: ioctl: <*>.<*>.<*>-ioctl (<*>-<*>-<*>) initialised: dm-devel@redhat.com,"['2.861107', '4', '39.0', '2018', '04-03']"
410,Mar,9,10:40:56,Client01,kernel,[    2.873985] platform eisa.0: Probing EISA bus 0,2de64ea0,[ <*>.<*>] platform eisa.<*>: <*> <*> <*> <*>,"['2.873985', '0', 'Probing', 'EISA bus 0']"
411,Mar,9,10:40:56,Client01,kernel,[    2.879783] platform eisa.0: EISA: Cannot allocate resource for mainboard,be358a3d,[ <*>.<*>] platform eisa.<*>: EISA: Cannot allocate resource for mainboard,"['2.879783', '0']"
412,Mar,9,10:40:56,Client01,kernel,[    2.887557] platform eisa.0: Cannot allocate resource for EISA slot 1,0ad8dabf,[ <*>.<*>] platform eisa.<*>: Cannot allocate resource for EISA slot <*>,"['2.887557', '0', '1']"
413,Mar,9,10:40:56,Client01,kernel,[    2.895570] platform eisa.0: Cannot allocate resource for EISA slot 2,0ad8dabf,[ <*>.<*>] platform eisa.<*>: Cannot allocate resource for EISA slot <*>,"['2.895570', '0', '2']"
414,Mar,9,10:40:56,Client01,kernel,[    2.902886] sd 0:0:0:0: [sda] Attached SCSI disk,bbce10d5,[ <*>.<*>] sd <*>:<*>:<*>:<*>: <*> <*> <*> <*>,"['2.902886', '0', '0:0:0', '[sda]', 'Attached SCSI disk']"
415,Mar,9,10:40:56,Client01,kernel,[    2.908495] platform eisa.0: Cannot allocate resource for EISA slot 3,0ad8dabf,[ <*>.<*>] platform eisa.<*>: Cannot allocate resource for EISA slot <*>,"['2.908495', '0', '3']"
416,Mar,9,10:40:56,Client01,kernel,[    2.915665] platform eisa.0: Cannot allocate resource for EISA slot 4,0ad8dabf,[ <*>.<*>] platform eisa.<*>: Cannot allocate resource for EISA slot <*>,"['2.915665', '0', '4']"
417,Mar,9,10:40:56,Client01,kernel,[    2.923087] platform eisa.0: Cannot allocate resource for EISA slot 5,0ad8dabf,[ <*>.<*>] platform eisa.<*>: Cannot allocate resource for EISA slot <*>,"['2.923087', '0', '5']"
418,Mar,9,10:40:56,Client01,kernel,[    2.930573] platform eisa.0: Cannot allocate resource for EISA slot 6,0ad8dabf,[ <*>.<*>] platform eisa.<*>: Cannot allocate resource for EISA slot <*>,"['2.930573', '0', '6']"
419,Mar,9,10:40:56,Client01,kernel,[    2.938993] platform eisa.0: Cannot allocate resource for EISA slot 7,0ad8dabf,[ <*>.<*>] platform eisa.<*>: Cannot allocate resource for EISA slot <*>,"['2.938993', '0', '7']"
420,Mar,9,10:40:56,Client01,kernel,[    2.946131] platform eisa.0: Cannot allocate resource for EISA slot 8,0ad8dabf,[ <*>.<*>] platform eisa.<*>: Cannot allocate resource for EISA slot <*>,"['2.946131', '0', '8']"
421,Mar,9,10:40:56,Client01,kernel,[    2.952842] platform eisa.0: EISA: Detected 0 cards,2de64ea0,[ <*>.<*>] platform eisa.<*>: <*> <*> <*> <*>,"['2.952842', '0', 'EISA:', 'Detected 0 cards']"
422,Mar,9,10:40:56,Client01,kernel,[    2.959731] NET: Registered protocol family 10,87d471e6,[ <*>.<*>] NET: Registered protocol family <*>,"['2.959731', '10']"
423,Mar,9,10:40:56,Client01,kernel,[    2.967497] scsi host4: storvsc_host_t,9ebf0a1a,[ <*>.<*>] scsi <*> <*>,"['2.967497', 'host4: storvsc_host_t']"
424,Mar,9,10:40:56,Client01,kernel,[    2.981281] scsi host5: storvsc_host_t,9ebf0a1a,[ <*>.<*>] scsi <*> <*>,"['2.981281', 'host5: storvsc_host_t']"
425,Mar,9,10:40:56,Client01,kernel,[    2.999756] Segment Routing with IPv6,26c4f486,[ <*>.<*>] Segment Routing with IPv<*>,"['2.999756', '6']"
426,Mar,9,10:40:56,Client01,kernel,[    3.005491] NET: Registered protocol family 17,87d471e6,[ <*>.<*>] NET: Registered protocol family <*>,"['3.005491', '17']"
427,Mar,9,10:40:56,Client01,kernel,[    3.011380] Key type dns_resolver registered,dbd17d1c,[ <*>.<*>] <*> <*> <*> registered,"['3.011380', 'Key', 'type dns_resolver']"
428,Mar,9,10:40:56,Client01,kernel,[    3.047952] sd 3:0:1:0: [sdb] Write Protect is off,10c5c754,[ <*>.<*>] sd <*>:<*>:<*>:<*>: <*> Write Protect is off,"['3.047952', '3', '0:1:0', '[sdb]']"
429,Mar,9,10:40:56,Client01,kernel,[    3.054049] sd 3:0:1:0: [sdb] Mode Sense: 0f 00 10 00,735161ce,[ <*>.<*>] sd <*>:<*>:<*>:<*>: <*> Mode Sense: 0f <*> <*> <*>,"['3.054049', '3', '0:1:0', '[sdb]', '00', '10 00']"
430,Mar,9,10:40:56,Client01,kernel,"[    3.104020] ata1.01: host indicates ignore ATA devices, ignored",eaf7c3db,"[ <*>.<*>] ata1.<*>: host indicates ignore ATA devices, ignored","['3.104020', '01']"
431,Mar,9,10:40:56,Client01,kernel,[    3.105255] mce: Using 1 MCE banks,48176c35,[ <*>.<*>] mce: Using <*> MCE banks,"['3.105255', '1']"
432,Mar,9,10:40:56,Client01,kernel,[    3.106376] ata2.01: NODEV after polling detection,31169089,[ <*>.<*>] ata2.<*>: NODEV after polling detection,"['3.106376', '01']"
433,Mar,9,10:40:56,Client01,kernel,[    3.109858] RAS: Correctable Errors collector initialized.,329258f5,[ <*>.<*>] RAS: Correctable Errors collector initialized.,['3.109858']
434,Mar,9,10:40:56,Client01,kernel,"[    3.116451] sd 3:0:1:0: [sdb] Write cache: disabled, read cache: enabled, supports DPO and FUA",ffdecc77,"[ <*>.<*>] sd <*>:<*>:<*>:<*>: <*> Write cache: <*> read cache: enabled, supports DPO and FUA","['3.116451', '3', '0:1:0', '[sdb]', 'disabled,']"
435,Mar,9,10:40:56,Client01,kernel,[    3.127626] registered taskstats version 1,48f9cb4d,[ <*>.<*>] <*> <*> version <*>,"['3.127626', 'registered taskstats', '1']"
436,Mar,9,10:40:56,Client01,kernel,[    3.133063] Loading compiled-in X.509 certificates,9a257afa,[ <*>.<*>] Loading compiled-in X.<*> certificates,"['3.133063', '509']"
437,Mar,9,10:40:56,Client01,kernel,[    3.140536]  sdb: sdb1,936b8562,[ <*>.<*>] <*> <*>,"['3.140536', 'sdb: sdb1']"
438,Mar,9,10:40:56,Client01,kernel,[    3.151879] Loaded X.509 cert 'Build time autogenerated kernel key: 9c13c25bb46bb08aadac8fd6055952f30e111a90',e0570adb,[ <*>.<*>] Loaded X.<*> cert 'Build time autogenerated kernel key: 9c13c25bb46bb08aadac8fd6055952f30e111a90',"['3.151879', '509']"
439,Mar,9,10:40:56,Client01,kernel,[    3.164762] zswap: loaded using pool lzo/zbud,18f18ee6,[ <*>.<*>] zswap: loaded using pool lzo/zbud,['3.164762']
440,Mar,9,10:40:56,Client01,kernel,[    3.173639] input: AT Translated Set 2 keyboard as /devices/platform/i8042/serio0/input/input1,d15b796b,[ <*>.<*>] input: AT Translated Set <*> keyboard as <*>,"['3.173639', '2', '/devices/platform/i8042/serio0/input/input1']"
441,Mar,9,10:40:56,Client01,kernel,"[    3.228960] ata1.00: host indicates ignore ATA devices, ignored",eaf7c3db,"[ <*>.<*>] ata1.<*>: host indicates ignore ATA devices, ignored","['3.228960', '00']"
442,Mar,9,10:40:56,Client01,kernel,[    3.230047] sd 3:0:1:0: [sdb] Attached SCSI disk,bbce10d5,[ <*>.<*>] sd <*>:<*>:<*>:<*>: <*> <*> <*> <*>,"['3.230047', '3', '0:1:0', '[sdb]', 'Attached SCSI disk']"
443,Mar,9,10:40:56,Client01,kernel,"[    3.231123] ata2.00: ATAPI: Virtual CD, , max MWDMA2",32444bcd,"[ <*>.<*>] ata2.<*>: ATAPI: Virtual CD, , max MWDMA<*>","['3.231123', '00', '2']"
444,Mar,9,10:40:56,Client01,kernel,[    3.250851] scsi 2:0:0:0: CD-ROM            Msft     Virtual CD/ROM   1.0  PQ: 0 ANSI: 5,4920f446,[ <*>.<*>] scsi <*>:<*>:<*>:<*>: <*> Msft Virtual <*> <*>.<*> PQ: <*> ANSI: <*>,"['3.250851', '2', '0:0:0', 'CD-ROM', 'CD/ROM   1', '0', '0', '5']"
445,Mar,9,10:40:56,Client01,kernel,[    3.256089] Key type big_key registered,dbd17d1c,[ <*>.<*>] <*> <*> <*> registered,"['3.256089', 'Key', 'type big_key']"
446,Mar,9,10:40:56,Client01,kernel,[    3.265688] sr 2:0:0:0: [sr0] scsi3-mmc drive: 0x/0x tray,859df3b2,[ <*>.<*>] sr <*>:<*>:<*>:<*>: [sr0] scsi3-mmc drive: 0x/0x tray,"['3.265688', '2', '0:0:0']"
447,Mar,9,10:40:56,Client01,kernel,[    3.268464] Key type trusted registered,dbd17d1c,[ <*>.<*>] <*> <*> <*> registered,"['3.268464', 'Key', 'type trusted']"
448,Mar,9,10:40:56,Client01,kernel,[    3.282202] cdrom: Uniform CD-ROM driver Revision: 3.20,3c032de4,[ <*>.<*>] cdrom: Uniform CD-ROM driver Revision: <*>.<*>,"['3.282202', '3.20']"
449,Mar,9,10:40:56,Client01,kernel,[    3.294351] Key type encrypted registered,dbd17d1c,[ <*>.<*>] <*> <*> <*> registered,"['3.294351', 'Key', 'type encrypted']"
450,Mar,9,10:40:56,Client01,kernel,[    3.298774] sr 2:0:0:0: Attached scsi CD-ROM sr0,74c6e44a,[ <*>.<*>] sr <*>:<*>:<*>:<*>: Attached scsi CD-ROM sr<*>,"['3.298774', '2', '0:0:0', '0']"
451,Mar,9,10:40:56,Client01,kernel,[    3.310601] sr 2:0:0:0: Attached scsi generic sg2 type 5,7fc4e243,[ <*>.<*>] <*> <*>:<*>:<*>:<*>: Attached scsi generic <*> type <*>,"['3.310601', 'sr 2', '0', '0:0', 'sg2', '5']"
452,Mar,9,10:40:56,Client01,kernel,[    3.310751] AppArmor: AppArmor sha1 policy hashing enabled,c9165bad,[ <*>.<*>] AppArmor: AppArmor sha1 policy hashing enabled,['3.310751']
453,Mar,9,10:40:56,Client01,kernel,"[    3.321589] ima: No TPM chip found, activating TPM-bypass!",d7543f09,"[ <*>.<*>] ima: No TPM chip found, activating TPM-bypass!",['3.321589']
454,Mar,9,10:40:56,Client01,kernel,[    3.326428] ima: Allocated hash algorithm: sha1,7adc29a9,[ <*>.<*>] ima: Allocated hash algorithm: sha<*>,"['3.326428', '1']"
455,Mar,9,10:40:56,Client01,kernel,[    3.330696] No architecture policies found,98199832,[ <*>.<*>] No architecture policies found,['3.330696']
456,Mar,9,10:40:56,Client01,kernel,[    3.337167] evm: Initialising EVM extended attributes:,d0626d7a,[ <*>.<*>] evm: Initialising EVM extended attributes:,['3.337167']
457,Mar,9,10:40:56,Client01,kernel,[    3.342018] evm: security.selinux,936b8562,[ <*>.<*>] <*> <*>,"['3.342018', 'evm: security.selinux']"
458,Mar,9,10:40:56,Client01,kernel,[    3.345254] evm: security.SMACK64,936b8562,[ <*>.<*>] <*> <*>,"['3.345254', 'evm: security.SMACK64']"
459,Mar,9,10:40:56,Client01,kernel,[    3.348993] evm: security.SMACK64EXEC,936b8562,[ <*>.<*>] <*> <*>,"['3.348993', 'evm: security.SMACK64EXEC']"
460,Mar,9,10:40:56,Client01,kernel,[    3.353317] evm: security.SMACK64TRANSMUTE,936b8562,[ <*>.<*>] <*> <*>,"['3.353317', 'evm: security.SMACK64TRANSMUTE']"
461,Mar,9,10:40:56,Client01,kernel,[    3.357434] evm: security.SMACK64MMAP,936b8562,[ <*>.<*>] <*> <*>,"['3.357434', 'evm: security.SMACK64MMAP']"
462,Mar,9,10:40:56,Client01,kernel,[    3.361129] evm: security.apparmor,936b8562,[ <*>.<*>] <*> <*>,"['3.361129', 'evm: security.apparmor']"
463,Mar,9,10:40:56,Client01,kernel,[    3.364514] evm: security.ima,936b8562,[ <*>.<*>] <*> <*>,"['3.364514', 'evm: security.ima']"
464,Mar,9,10:40:56,Client01,kernel,[    3.367562] evm: security.capability,936b8562,[ <*>.<*>] <*> <*>,"['3.367562', 'evm: security.capability']"
465,Mar,9,10:40:56,Client01,kernel,[    3.371419] evm: HMAC attrs: 0x1,b86827a7,[ <*>.<*>] evm: HMAC attrs: 0x<*>,"['3.371419', '1']"
466,Mar,9,10:40:56,Client01,kernel,[    3.375553]   Magic number: 12:847:678,7eec6703,[ <*>.<*>] Magic number: <*>:<*>:<*>,"['3.375553', '12', '847:678']"
467,Mar,9,10:40:56,Client01,kernel,[    3.379753] acpi LNXCPU:23: hash matches,9f29b756,[ <*>.<*>] <*> <*> hash matches,"['3.379753', 'acpi LNXCPU:23:']"
468,Mar,9,10:40:56,Client01,kernel,[    3.383964] rtc_cmos 00:00: setting system clock to 2020-03-09T10:40:18 UTC (1583750418),841f29af,[ <*>.<*>] rtc_cmos <*>:<*>: setting system clock to <*> UTC (<*>),"['3.383964', '00:00', '2020-03-09T10:40:18', '1583750418']"
469,Mar,9,10:40:56,Client01,kernel,"[    3.391481] Unstable clock detected, switching default tracing clock to ""global""",efffaa04,"[ <*>.<*>] Unstable clock detected, switching default tracing clock to ""global""",['3.391481']
470,Mar,9,10:40:56,Client01,kernel,"[    3.391481] If you want to keep using the local clock, then add:",50e8f7c1,"[ <*>.<*>] If you want to keep using the local clock, then add:",['3.391481']
471,Mar,9,10:40:56,Client01,kernel,"[    3.391481]   ""trace_clock=local""",4be41c2d,"[ <*>.<*>] ""trace_clock=local""",['3.391481']
472,Mar,9,10:40:56,Client01,kernel,[    3.391481] on the kernel command line,486444a8,[ <*>.<*>] on the kernel command line,['3.391481']
473,Mar,9,10:40:56,Client01,kernel,[    3.411821] Freeing unused decrypted memory: 2040K,b69059a5,[ <*>.<*>] Freeing <*> <*> memory: <*>,"['3.411821', 'unused decrypted', '2040K']"
474,Mar,9,10:40:56,Client01,kernel,[    3.416476] Freeing unused kernel image memory: 2360K,8cde047a,[ <*>.<*>] Freeing unused kernel image memory: <*>,"['3.416476', '2360K']"
475,Mar,9,10:40:56,Client01,kernel,[    3.427367] Write protecting the kernel read-only data: 18432k,19fad870,[ <*>.<*>] Write protecting the kernel read-only data: 18432k,['3.427367']
476,Mar,9,10:40:56,Client01,kernel,[    3.433490] Freeing unused kernel image memory: 2008K,8cde047a,[ <*>.<*>] Freeing unused kernel image memory: <*>,"['3.433490', '2008K']"
477,Mar,9,10:40:56,Client01,kernel,[    3.438388] Freeing unused kernel image memory: 152K,8cde047a,[ <*>.<*>] Freeing unused kernel image memory: <*>,"['3.438388', '152K']"
478,Mar,9,10:40:56,Client01,kernel,"[    3.453950] x86/mm: Checked W+X mappings: passed, no W+X pages found.",0456e59a,"[ <*>.<*>] x86/mm: Checked W+X mappings: passed, no W+X pages found.",['3.453950']
479,Mar,9,10:40:56,Client01,kernel,[    3.459185] x86/mm: Checking user space page tables,03c80a6b,[ <*>.<*>] x86/mm: Checking user space page tables,['3.459185']
480,Mar,9,10:40:56,Client01,kernel,"[    3.473446] x86/mm: Checked W+X mappings: passed, no W+X pages found.",0456e59a,"[ <*>.<*>] x86/mm: Checked W+X mappings: passed, no W+X pages found.",['3.473446']
481,Mar,9,10:40:56,Client01,kernel,[    3.478345] Run /init as init process,40c073a4,[ <*>.<*>] Run /init as init process,['3.478345']
482,Mar,9,10:40:56,Client01,kernel,[    3.591171] hv_utils: Registering HyperV Utility Driver,f3d3b6f6,[ <*>.<*>] hv_utils: Registering HyperV Utility Driver,['3.591171']
483,Mar,9,10:40:56,Client01,kernel,[    3.596336] hv_vmbus: registering driver hv_utils,12bef385,[ <*>.<*>] hv_vmbus: registering driver <*>,"['3.596336', 'hv_utils']"
484,Mar,9,10:40:56,Client01,kernel,[    3.615123] hv_vmbus: registering driver hyperv_keyboard,12bef385,[ <*>.<*>] hv_vmbus: registering driver <*>,"['3.615123', 'hyperv_keyboard']"
485,Mar,9,10:40:56,Client01,kernel,[    3.620684] hv_vmbus: registering driver hv_netvsc,12bef385,[ <*>.<*>] hv_vmbus: registering driver <*>,"['3.620684', 'hv_netvsc']"
486,Mar,9,10:40:56,Client01,kernel,[    3.628582] input: AT Translated Set 2 keyboard as /devices/LNXSYSTM:00/LNXSYBUS:00/PNP0A03:00/device:07/VMBUS:01/d34b2567-b9b6-42b9-8778-0a4ec0b955bf/serio2/input/input3,d15b796b,[ <*>.<*>] input: AT Translated Set <*> keyboard as <*>,"['3.628582', '2', '/devices/LNXSYSTM:00/LNXSYBUS:00/PNP0A03:00/device:07/VMBUS:01/d34b2567-b9b6-42b9-8778-0a4ec0b955bf/serio2/input/input3']"
487,Mar,9,10:40:56,Client01,kernel,[    3.647972] hidraw: raw HID events driver (C) Jiri Kosina,0b48689c,[ <*>.<*>] hidraw: raw HID events driver (C) Jiri Kosina,['3.647972']
488,Mar,9,10:40:56,Client01,kernel,[    3.653606] hv_utils: Heartbeat IC version 3.0,46912ed2,[ <*>.<*>] hv_utils: <*> IC version <*>.<*>,"['3.653606', 'Heartbeat', '3.0']"
489,Mar,9,10:40:56,Client01,kernel,[    3.670358] hv_utils: Shutdown IC version 3.0,46912ed2,[ <*>.<*>] hv_utils: <*> IC version <*>.<*>,"['3.670358', 'Shutdown', '3.0']"
490,Mar,9,10:40:56,Client01,kernel,[    3.682812] hv_utils: TimeSync IC version 4.0,46912ed2,[ <*>.<*>] hv_utils: <*> IC version <*>.<*>,"['3.682812', 'TimeSync', '4.0']"
491,Mar,9,10:40:56,Client01,kernel,[    3.687932] hv_utils: VSS IC version 5.0,46912ed2,[ <*>.<*>] hv_utils: <*> IC version <*>.<*>,"['3.687932', 'VSS', '5.0']"
