Mar  9 10:43:14 Client03 keyboard-setup.sh[494]: cannot open file /run/tmpkbd.DULnWm
Mar  9 10:43:14 Client03 systemd[1]: Starting Flush Journal to Persistent Storage...
Mar  9 10:43:14 Client03 systemd[1]: Started udev Coldplug all Devices.
Mar  9 10:43:14 Client03 systemd[1]: Started Create Static Device Nodes in /dev.
Mar  9 10:43:14 Client03 systemd[1]: Starting udev Kernel Device Manager...
Mar  9 10:43:14 Client03 systemd-modules-load[500]: Inserted module 'iscsi_tcp'
Mar  9 10:43:14 Client03 systemd[1]: Started Flush Journal to Persistent Storage.
Mar  9 10:43:14 Client03 systemd-modules-load[500]: Inserted module 'ib_iser'
Mar  9 10:43:14 Client03 systemd[1]: Started Load Kernel Modules.
Mar  9 10:43:14 Client03 systemd[1]: Mounting FUSE Control File System...
Mar  9 10:43:14 Client03 systemd[1]: Starting Apply Kernel Variables...
Mar  9 10:43:14 Client03 systemd[1]: Mounting Kernel Configuration File System...
Mar  9 10:43:14 Client03 systemd[1]: Mounted FUSE Control File System.
Mar  9 10:43:14 Client03 systemd[1]: Mounted Kernel Configuration File System.
Mar  9 10:43:14 Client03 systemd[1]: Started LVM2 metadata daemon.
Mar  9 10:43:14 Client03 systemd[1]: Started Apply Kernel Variables.
Mar  9 10:43:14 Client03 systemd[1]: Started udev Kernel Device Manager.
Mar  9 10:43:14 Client03 systemd[1]: Started Monitoring of LVM2 mirrors, snapshots etc. using dmeventd or progress polling.
Mar  9 10:43:14 Client03 systemd[1]: Found device /dev/ttyS0.
Mar  9 10:43:14 Client03 systemd-udevd[548]: link_config: autonegotiation is unset or enabled, the speed and duplex are not writable.
Mar  9 10:43:14 Client03 systemd[1]: Listening on Load/Save RF Kill Switch Status /dev/rfkill Watch.
Mar  9 10:43:14 Client03 systemd[1]: Found device /sys/devices/virtual/misc/vmbus!hv_kvp.
Mar  9 10:43:14 Client03 systemd-udevd[550]: link_config: autonegotiation is unset or enabled, the speed and duplex are not writable.
Mar  9 10:43:14 Client03 systemd[1]: Started Hyper-V KVP Protocol Daemon.
Mar  9 10:43:14 Client03 KVP: KVP starting; pid is:580
Mar  9 10:43:14 Client03 KVP: KVP LIC Version: 3.1
Mar  9 10:43:14 Client03 systemd[1]: Started Set the console keyboard layout.
Mar  9 10:43:14 Client03 systemd[1]: Started Dispatch Password Requests to Console Directory Watch.
Mar  9 10:43:14 Client03 systemd[1]: Reached target Local Encrypted Volumes.
Mar  9 10:43:14 Client03 systemd[1]: Reached target Local File Systems (Pre).
Mar  9 10:43:14 Client03 systemd[1]: Found device Virtual_Disk UEFI.
Mar  9 10:43:14 Client03 systemd[1]: Mounting /boot/efi...
Mar  9 10:43:14 Client03 systemd[1]: Mounted /boot/efi.
Mar  9 10:43:14 Client03 systemd[1]: Reached target Local File Systems.
Mar  9 10:43:14 Client03 systemd[1]: Starting Tell Plymouth To Write Out Runtime Data...
Mar  9 10:43:14 Client03 systemd[1]: Starting ebtables ruleset management...
Mar  9 10:43:14 Client03 systemd[1]: Starting Commit a transient machine-id on disk...
Mar  9 10:43:14 Client03 systemd[1]: Starting Set console font and keymap...
Mar  9 10:43:14 Client03 systemd[1]: Starting AppArmor initialization...
Mar  9 10:43:14 Client03 systemd[1]: Starting Create Volatile Files and Directories...
Mar  9 10:43:14 Client03 systemd[1]: Started Set console font and keymap.
Mar  9 10:43:14 Client03 systemd[1]: Started Tell Plymouth To Write Out Runtime Data.
Mar  9 10:43:14 Client03 systemd[1]: Started Commit a transient machine-id on disk.
Mar  9 10:43:14 Client03 systemd[1]: Started Create Volatile Files and Directories.
Mar  9 10:43:14 Client03 systemd[1]: Starting Network Time Synchronization...
Mar  9 10:43:14 Client03 systemd[1]: Starting Update UTMP about System Boot/Shutdown...
Mar  9 10:43:14 Client03 systemd[1]: Started ebtables ruleset management.
Mar  9 10:43:14 Client03 systemd[1]: Started Update UTMP about System Boot/Shutdown.
Mar  9 10:43:14 Client03 apparmor[747]:  * Starting AppArmor profiles
Mar  9 10:43:14 Client03 systemd[1]: Started Network Time Synchronization.
Mar  9 10:43:14 Client03 systemd[1]: Reached target System Time Synchronized.
Mar  9 10:43:14 Client03 apparmor[747]: Skipping profile in /etc/apparmor.d/disable: usr.sbin.rsyslogd
Mar  9 10:43:14 Client03 apparmor[747]:    ...done.
Mar  9 10:43:14 Client03 systemd[1]: Started AppArmor initialization.
Mar  9 10:43:14 Client03 systemd[1]: Starting Initial cloud-init job (pre-networking)...
Mar  9 10:43:14 Client03 sh[859]: + [ -e /var/lib/cloud/instance/obj.pkl ]
Mar  9 10:43:14 Client03 sh[859]: + exit 0
Mar  9 10:43:14 Client03 dhclient[924]: Internet Systems Consortium DHCP Client 4.3.5
Mar  9 10:43:14 Client03 dhclient[924]: Copyright 2004-2016 Internet Systems Consortium.
Mar  9 10:43:14 Client03 dhclient[924]: All rights reserved.
Mar  9 10:43:14 Client03 dhclient[924]: For info, please visit https://www.isc.org/software/dhcp/
Mar  9 10:43:14 Client03 dhclient[924]: 
Mar  9 10:43:14 Client03 dhclient[924]: Listening on LPF/eth0/00:0d:3a:20:d5:af
Mar  9 10:43:14 Client03 dhclient[924]: Sending on   LPF/eth0/00:0d:3a:20:d5:af
Mar  9 10:43:14 Client03 dhclient[924]: Sending on   Socket/fallback
Mar  9 10:43:14 Client03 dhclient[924]: DHCPDISCOVER on eth0 to 255.255.255.255 port 67 interval 3 (xid=0x6063c703)
Mar  9 10:43:14 Client03 dhclient[924]: DHCPREQUEST of 10.0.0.4 on eth0 to 255.255.255.255 port 67 (xid=0x3c76360)
Mar  9 10:43:14 Client03 dhclient[924]: DHCPOFFER of 10.0.0.4 from 168.63.129.16
Mar  9 10:43:14 Client03 dhclient[924]: DHCPACK of 10.0.0.4 from 168.63.129.16
Mar  9 10:43:14 Client03 dhclient[924]: bound to 10.0.0.4 -- renewal in 4294967295 seconds.
Mar  9 10:43:14 Client03 dhclient[951]: Internet Systems Consortium DHCP Client 4.3.5
Mar  9 10:43:14 Client03 dhclient[951]: Copyright 2004-2016 Internet Systems Consortium.
Mar  9 10:43:14 Client03 dhclient[951]: All rights reserved.
Mar  9 10:43:14 Client03 dhclient[951]: For info, please visit https://www.isc.org/software/dhcp/
Mar  9 10:43:14 Client03 dhclient[951]: 
Mar  9 10:43:14 Client03 dhclient[951]: Listening on LPF/eth0/00:0d:3a:20:d5:af
Mar  9 10:43:14 Client03 dhclient[951]: Sending on   LPF/eth0/00:0d:3a:20:d5:af
Mar  9 10:43:14 Client03 dhclient[951]: Sending on   Socket/fallback
Mar  9 10:43:14 Client03 dhclient[951]: DHCPDISCOVER on eth0 to 255.255.255.255 port 67 interval 3 (xid=0x47e97c19)
Mar  9 10:43:14 Client03 dhclient[951]: DHCPREQUEST of 10.0.0.9 on eth0 to 255.255.255.255 port 67 (xid=0x197ce947)
Mar  9 10:43:14 Client03 dhclient[951]: DHCPOFFER of 10.0.0.9 from 168.63.129.16
Mar  9 10:43:14 Client03 dhclient[951]: DHCPACK of 10.0.0.9 from 168.63.129.16
Mar  9 10:43:14 Client03 dhclient[951]: bound to 10.0.0.9 -- renewal in 4294967295 seconds.
Mar  9 10:43:14 Client03 cloud-init[868]: Cloud-init v. 19.4-33-gbb4131a2-0ubuntu1~18.04.1 running 'init-local' at Mon, 09 Mar 2020 10:41:03 +0000. Up 24.49 seconds.
Mar  9 10:43:14 Client03 systemd[1]: Started Initial cloud-init job (pre-networking).
Mar  9 10:43:14 Client03 systemd[1]: Reached target Network (Pre).
Mar  9 10:43:14 Client03 systemd[1]: Starting Network Service...
Mar  9 10:43:14 Client03 systemd-networkd[979]: Enumeration completed
Mar  9 10:43:14 Client03 systemd[1]: Started Network Service.
Mar  9 10:43:14 Client03 systemd[1]: Starting Network Name Resolution...
Mar  9 10:43:14 Client03 systemd-networkd[979]: eth0: Link UP
Mar  9 10:43:14 Client03 systemd-networkd[979]: eth0: Gained carrier
Mar  9 10:43:14 Client03 systemd-networkd[979]: eth0: Gained IPv6LL
Mar  9 10:43:14 Client03 systemd-networkd[979]: eth0: Lost carrier
Mar  9 10:43:14 Client03 systemd-networkd[979]: eth0: Gained carrier
Mar  9 10:43:14 Client03 systemd-timesyncd[801]: Network configuration changed, trying to establish connection.
Mar  9 10:43:14 Client03 systemd-networkd[979]: eth0: Link DOWN
Mar  9 10:43:14 Client03 systemd-networkd[979]: eth0: Lost carrier
Mar  9 10:43:14 Client03 systemd-networkd[979]: eth0: Link UP
Mar  9 10:43:14 Client03 systemd-networkd[979]: eth0: Gained carrier
Mar  9 10:43:14 Client03 systemd-networkd[979]: eth0: Link DOWN
Mar  9 10:43:14 Client03 systemd-networkd[979]: eth0: Lost carrier
Mar  9 10:43:14 Client03 systemd-timesyncd[801]: Network configuration changed, trying to establish connection.
Mar  9 10:43:14 Client03 systemd-networkd[979]: eth0: Removing non-existent address: fe80::20d:3aff:fe20:d5af/64 (valid forever), ignoring
Mar  9 10:43:14 Client03 systemd[1]: Starting Wait for Network to be Configured...
Mar  9 10:43:14 Client03 systemd-networkd-wait-online[1021]: ignoring: lo
Mar  9 10:43:14 Client03 systemd-networkd[979]: eth0: IPv6 successfully enabled
Mar  9 10:43:14 Client03 systemd-networkd[979]: lo: Link is not managed by us
Mar  9 10:43:14 Client03 systemd-networkd-wait-online[1021]: ignoring: lo
Mar  9 10:43:14 Client03 systemd-networkd-wait-online[1021]: message repeated 3 times: [ ignoring: lo]
Mar  9 10:43:14 Client03 systemd-networkd[979]: eth0: Link UP
Mar  9 10:43:14 Client03 systemd-networkd[979]: eth0: Gained carrier
Mar  9 10:43:14 Client03 systemd-networkd-wait-online[1021]: ignoring: lo
Mar  9 10:43:14 Client03 systemd-resolved[1008]: Positive Trust Anchors:
Mar  9 10:43:14 Client03 systemd-resolved[1008]: . IN DS 19036 8 2 49aac11d7b6f6446702e54a1607371607a1a41855200fd2ce1cdde32f24e8fb5
Mar  9 10:43:14 Client03 systemd-resolved[1008]: . IN DS 20326 8 2 e06d44b80b8f1d39a95c0b0d7c65d08458e880409bbc683457104237c7f8ec8d
Mar  9 10:43:14 Client03 kernel: [    0.000000] Linux version 5.0.0-1032-azure (buildd@lcy01-amd64-016) (gcc version 7.4.0 (Ubuntu 7.4.0-1ubuntu1~18.04.1)) #34-Ubuntu SMP Mon Feb 10 19:37:25 UTC 2020 (Ubuntu 5.0.0-1032.34-azure 5.0.21)
Mar  9 10:43:14 Client03 kernel: [    0.000000] Command line: BOOT_IMAGE=/boot/vmlinuz-5.0.0-1032-azure root=UUID=5604f71e-1e5f-443c-a99e-b82bb5c201df ro console=tty1 console=ttyS0 earlyprintk=ttyS0 rootdelay=300
Mar  9 10:43:14 Client03 kernel: [    0.000000] KERNEL supported cpus:
Mar  9 10:43:14 Client03 systemd-resolved[1008]: Negative trust anchors: 10.in-addr.arpa 16.172.in-addr.arpa 17.172.in-addr.arpa 18.172.in-addr.arpa 19.172.in-addr.arpa 20.172.in-addr.arpa 21.172.in-addr.arpa 22.172.in-addr.arpa 23.172.in-addr.arpa 24.172.in-addr.arpa 25.172.in-addr.arpa 26.172.in-addr.arpa 27.172.in-addr.arpa 28.172.in-addr.arpa 29.172.in-addr.arpa 30.172.in-addr.arpa 31.172.in-addr.arpa 168.192.in-addr.arpa d.f.ip6.arpa corp home internal intranet lan local private test
Mar  9 10:43:14 Client03 systemd-resolved[1008]: Using system hostname 'Client03'.
Mar  9 10:43:14 Client03 systemd[1]: Started Network Name Resolution.
Mar  9 10:43:14 Client03 systemd[1]: Reached target Host and Network Name Lookups.
Mar  9 10:43:14 Client03 systemd[1]: Reached target Network.
Mar  9 10:43:14 Client03 systemd-networkd[979]: eth0: DHCPv4 address 10.0.0.9/8 via 10.0.0.1
Mar  9 10:43:14 Client03 systemd-timesyncd[801]: Network configuration changed, trying to establish connection.
Mar  9 10:43:14 Client03 systemd-networkd-wait-online[1021]: ignoring: lo
Mar  9 10:43:14 Client03 systemd-networkd[979]: eth0: Gained IPv6LL
Mar  9 10:43:14 Client03 systemd-networkd[979]: eth0: Configured
Mar  9 10:43:14 Client03 systemd-timesyncd[801]: Network configuration changed, trying to establish connection.
Mar  9 10:43:14 Client03 systemd-networkd-wait-online[1021]: ignoring: lo
Mar  9 10:43:14 Client03 systemd-networkd-wait-online[1021]: managing: eth0
Mar  9 10:43:14 Client03 systemd[1]: Started Wait for Network to be Configured.
Mar  9 10:43:14 Client03 systemd[1]: Starting Initial cloud-init job (metadata service crawler)...
Mar  9 10:43:14 Client03 cloud-init[1039]: Cloud-init v. 19.4-33-gbb4131a2-0ubuntu1~18.04.1 running 'init' at Mon, 09 Mar 2020 10:43:02 +0000. Up 143.80 seconds.
Mar  9 10:43:14 Client03 cloud-init[1039]: ci-info: ++++++++++++++++++++++++++++++++++++Net device info+++++++++++++++++++++++++++++++++++++
Mar  9 10:43:14 Client03 cloud-init[1039]: ci-info: +--------+------+-----------------------------+-----------+--------+-------------------+
Mar  9 10:43:14 Client03 cloud-init[1039]: ci-info: | Device |  Up  |           Address           |    Mask   | Scope  |     Hw-Address    |
Mar  9 10:43:14 Client03 cloud-init[1039]: ci-info: +--------+------+-----------------------------+-----------+--------+-------------------+
Mar  9 10:43:14 Client03 cloud-init[1039]: ci-info: |  eth0  | True |           10.0.0.9          | 255.0.0.0 | global | 00:0d:3a:20:d5:af |
Mar  9 10:43:14 Client03 cloud-init[1039]: ci-info: |  eth0  | True | fe80::20d:3aff:fe20:d5af/64 |     .     |  link  | 00:0d:3a:20:d5:af |
Mar  9 10:43:14 Client03 cloud-init[1039]: ci-info: |   lo   | True |          127.0.0.1          | 255.0.0.0 |  host  |         .         |
Mar  9 10:43:14 Client03 cloud-init[1039]: ci-info: |   lo   | True |           ::1/128           |     .     |  host  |         .         |
Mar  9 10:43:14 Client03 cloud-init[1039]: ci-info: +--------+------+-----------------------------+-----------+--------+-------------------+
Mar  9 10:43:14 Client03 cloud-init[1039]: ci-info: ++++++++++++++++++++++++++++++Route IPv4 info+++++++++++++++++++++++++++++++
Mar  9 10:43:14 Client03 cloud-init[1039]: ci-info: +-------+-----------------+----------+-----------------+-----------+-------+
Mar  9 10:43:14 Client03 cloud-init[1039]: ci-info: | Route |   Destination   | Gateway  |     Genmask     | Interface | Flags |
Mar  9 10:43:14 Client03 cloud-init[1039]: ci-info: +-------+-----------------+----------+-----------------+-----------+-------+
Mar  9 10:43:14 Client03 cloud-init[1039]: ci-info: |   0   |     0.0.0.0     | 10.0.0.1 |     0.0.0.0     |    eth0   |   UG  |
Mar  9 10:43:14 Client03 cloud-init[1039]: ci-info: |   1   |     10.0.0.0    | 0.0.0.0  |    255.0.0.0    |    eth0   |   U   |
Mar  9 10:43:14 Client03 cloud-init[1039]: ci-info: |   2   |  168.63.129.16  | 10.0.0.1 | 255.255.255.255 |    eth0   |  UGH  |
Mar  9 10:43:14 Client03 cloud-init[1039]: ci-info: |   3   | 169.254.169.254 | 10.0.0.1 | 255.255.255.255 |    eth0   |  UGH  |
Mar  9 10:43:14 Client03 kernel: [    0.000000]   Intel GenuineIntel
Mar  9 10:43:14 Client03 kernel: [    0.000000]   AMD AuthenticAMD
Mar  9 10:43:14 Client03 cloud-init[1039]: ci-info: +-------+-----------------+----------+-----------------+-----------+-------+
Mar  9 10:43:14 Client03 cloud-init[1039]: ci-info: +++++++++++++++++++Route IPv6 info+++++++++++++++++++
Mar  9 10:43:14 Client03 cloud-init[1039]: ci-info: +-------+-------------+---------+-----------+-------+
Mar  9 10:43:14 Client03 cloud-init[1039]: ci-info: | Route | Destination | Gateway | Interface | Flags |
Mar  9 10:43:14 Client03 cloud-init[1039]: ci-info: +-------+-------------+---------+-----------+-------+
Mar  9 10:43:14 Client03 cloud-init[1039]: ci-info: |   1   |  fe80::/64  |    ::   |    eth0   |   U   |
Mar  9 10:43:14 Client03 cloud-init[1039]: ci-info: |   3   |    local    |    ::   |    eth0   |   U   |
Mar  9 10:43:14 Client03 cloud-init[1039]: ci-info: |   4   |   ff00::/8  |    ::   |    eth0   |   U   |
Mar  9 10:43:14 Client03 cloud-init[1039]: ci-info: +-------+-------------+---------+-----------+-------+
Mar  9 10:43:14 Client03 ntfs-3g[1104]: Version 2017.3.23 integrated FUSE 28
Mar  9 10:43:14 Client03 ntfs-3g[1104]: Mounted /dev/sdb1 (Read-Only, label "Temporary Storage", NTFS 3.1)
Mar  9 10:43:14 Client03 ntfs-3g[1104]: Cmdline options: ro
Mar  9 10:43:14 Client03 ntfs-3g[1104]: Mount options: ro,allow_other,nonempty,relatime,fsname=/dev/sdb1,blkdev,blksize=4096
Mar  9 10:43:14 Client03 ntfs-3g[1104]: Ownership and permissions disabled, configuration type 7
Mar  9 10:43:14 Client03 ntfs-3g[1104]: Unmounting /dev/sdb1 (Temporary Storage)
Mar  9 10:43:14 Client03 systemd[1]: Reloading.
Mar  9 10:43:14 Client03 cloud-init[1039]: Generating public/private rsa key pair.
Mar  9 10:43:14 Client03 cloud-init[1039]: Your identification has been saved in /etc/ssh/ssh_host_rsa_key.
Mar  9 10:43:14 Client03 cloud-init[1039]: Your public key has been saved in /etc/ssh/ssh_host_rsa_key.pub.
Mar  9 10:43:14 Client03 cloud-init[1039]: The key fingerprint is:
Mar  9 10:43:14 Client03 cloud-init[1039]: SHA256:SwJTaOhkuFDWCpuoSvPbtxLIS96ymdjN7ZJ/usn11wQ root@Client03
Mar  9 10:43:14 Client03 cloud-init[1039]: The key's randomart image is:
Mar  9 10:43:14 Client03 cloud-init[1039]: +---[RSA 2048]----+
Mar  9 10:43:14 Client03 cloud-init[1039]: | ooo ..          |
Mar  9 10:43:14 Client03 cloud-init[1039]: |+.+ +.           |
Mar  9 10:43:14 Client03 cloud-init[1039]: |oO oo            |
Mar  9 10:43:14 Client03 cloud-init[1039]: |= o  o       E   |
Mar  9 10:43:14 Client03 cloud-init[1039]: |. . . . S     .  |
Mar  9 10:43:14 Client03 cloud-init[1039]: |.o + . o .     . |
Mar  9 10:43:14 Client03 cloud-init[1039]: |o = o o ..    o  |
Mar  9 10:43:14 Client03 cloud-init[1039]: |. o=*=o.o..  . . |
Mar  9 10:43:14 Client03 cloud-init[1039]: | . *++*X=  ..    |
Mar  9 10:43:14 Client03 cloud-init[1039]: +----[SHA256]-----+
Mar  9 10:43:14 Client03 cloud-init[1039]: Generating public/private dsa key pair.
Mar  9 10:43:14 Client03 cloud-init[1039]: Your identification has been saved in /etc/ssh/ssh_host_dsa_key.
Mar  9 10:43:14 Client03 cloud-init[1039]: Your public key has been saved in /etc/ssh/ssh_host_dsa_key.pub.
Mar  9 10:43:14 Client03 cloud-init[1039]: The key fingerprint is:
Mar  9 10:43:14 Client03 cloud-init[1039]: SHA256:R9YtQZBWQkohOiRjc9jZ38P0Ul7tl0q0qqvBReXcxpU root@Client03
Mar  9 10:43:14 Client03 cloud-init[1039]: The key's randomart image is:
Mar  9 10:43:14 Client03 cloud-init[1039]: +---[DSA 1024]----+
Mar  9 10:43:14 Client03 cloud-init[1039]: |  =ooo. oo+*+  o.|
Mar  9 10:43:14 Client03 cloud-init[1039]: | ..*o..o .Bo++oE.|
Mar  9 10:43:14 Client03 cloud-init[1039]: |    o  ..*o*+=o..|
Mar  9 10:43:14 Client03 cloud-init[1039]: |     .  oo= ++ .o|
Mar  9 10:43:14 Client03 cloud-init[1039]: |        S..oo . .|
Mar  9 10:43:14 Client03 cloud-init[1039]: |      . .. . .   |
Mar  9 10:43:14 Client03 cloud-init[1039]: |       o  .      |
Mar  9 10:43:14 Client03 cloud-init[1039]: |        ..       |
Mar  9 10:43:14 Client03 cloud-init[1039]: |       ....      |
Mar  9 10:43:14 Client03 cloud-init[1039]: +----[SHA256]-----+
Mar  9 10:43:14 Client03 cloud-init[1039]: Generating public/private ecdsa key pair.
Mar  9 10:43:14 Client03 cloud-init[1039]: Your identification has been saved in /etc/ssh/ssh_host_ecdsa_key.
Mar  9 10:43:14 Client03 cloud-init[1039]: Your public key has been saved in /etc/ssh/ssh_host_ecdsa_key.pub.
Mar  9 10:43:14 Client03 cloud-init[1039]: The key fingerprint is:
Mar  9 10:43:14 Client03 cloud-init[1039]: SHA256:QkYEsiBxeFi32nrcWd4sjoTzRIvos4XkhsC3wY7a4+c root@Client03
Mar  9 10:43:14 Client03 cloud-init[1039]: The key's randomart image is:
Mar  9 10:43:14 Client03 cloud-init[1039]: +---[ECDSA 256]---+
Mar  9 10:43:14 Client03 cloud-init[1039]: |+=+ ooo          |
Mar  9 10:43:14 Client03 cloud-init[1039]: |+o.+ o           |
Mar  9 10:43:14 Client03 cloud-init[1039]: | .. . o          |
Mar  9 10:43:14 Client03 cloud-init[1039]: |. .o o           |
Mar  9 10:43:14 Client03 cloud-init[1039]: |..o+. o S        |
Mar  9 10:43:14 Client03 cloud-init[1039]: |.++=o= * o       |
Mar  9 10:43:14 Client03 cloud-init[1039]: |..*oB * o o      |
Mar  9 10:43:14 Client03 cloud-init[1039]: |.+oo.= o .       |
Mar  9 10:43:14 Client03 cloud-init[1039]: |..=*E o .        |
Mar  9 10:43:14 Client03 cloud-init[1039]: +----[SHA256]-----+
Mar  9 10:43:14 Client03 cloud-init[1039]: Generating public/private ed25519 key pair.
Mar  9 10:43:14 Client03 cloud-init[1039]: Your identification has been saved in /etc/ssh/ssh_host_ed25519_key.
Mar  9 10:43:14 Client03 cloud-init[1039]: Your public key has been saved in /etc/ssh/ssh_host_ed25519_key.pub.
Mar  9 10:43:14 Client03 cloud-init[1039]: The key fingerprint is:
Mar  9 10:43:14 Client03 cloud-init[1039]: SHA256:sGEXZz6n+DoIIyVTMOaVznIvVHU2X+jMIYalU8tJWLk root@Client03
Mar  9 10:43:14 Client03 cloud-init[1039]: The key's randomart image is:
Mar  9 10:43:14 Client03 cloud-init[1039]: +--[ED25519 256]--+
Mar  9 10:43:14 Client03 cloud-init[1039]: |  +... .o=@. ..  |
Mar  9 10:43:14 Client03 cloud-init[1039]: | o oo . o%+=o.   |
Mar  9 10:43:14 Client03 cloud-init[1039]: |  .+ .+ +.**o.   |
Mar  9 10:43:14 Client03 cloud-init[1039]: |  + *. = oE++    |
Mar  9 10:43:14 Client03 cloud-init[1039]: |   B .. S .      |
Mar  9 10:43:14 Client03 cloud-init[1039]: |  . + .  .       |
Mar  9 10:43:14 Client03 cloud-init[1039]: |   . + .  .      |
Mar  9 10:43:14 Client03 cloud-init[1039]: |      . ..       |
Mar  9 10:43:14 Client03 cloud-init[1039]: |        ..       |
Mar  9 10:43:14 Client03 cloud-init[1039]: +----[SHA256]-----+
Mar  9 10:43:14 Client03 systemd[1]: Started Initial cloud-init job (metadata service crawler).
Mar  9 10:43:14 Client03 systemd[1]: Reached target Cloud-config availability.
Mar  9 10:43:14 Client03 systemd[1]: Reached target Network is Online.
Mar  9 10:43:14 Client03 systemd[1]: Reached target Remote File Systems (Pre).
Mar  9 10:43:14 Client03 systemd[1]: Reached target Remote File Systems.
Mar  9 10:43:14 Client03 systemd[1]: Starting Availability of block devices...
Mar  9 10:43:14 Client03 systemd[1]: Reached target System Initialization.
Mar  9 10:43:14 Client03 systemd[1]: Started ACPI Events Check.
Mar  9 10:43:14 Client03 systemd[1]: Listening on UUID daemon activation socket.
Mar  9 10:43:14 Client03 systemd[1]: Listening on D-Bus System Message Bus Socket.
Mar  9 10:43:14 Client03 systemd[1]: Starting Socket activation for snappy daemon.
Mar  9 10:43:14 Client03 systemd[1]: Started Daily Cleanup of Temporary Directories.
Mar  9 10:43:14 Client03 systemd[1]: Reached target Paths.
Mar  9 10:43:14 Client03 systemd[1]: Starting LXD - unix socket.
Mar  9 10:43:14 Client03 systemd[1]: Started Daily apt download activities.
Mar  9 10:43:14 Client03 systemd[1]: Started Daily apt upgrade and clean activities.
Mar  9 10:43:14 Client03 systemd[1]: Listening on ACPID Listen Socket.
Mar  9 10:43:14 Client03 systemd[1]: Started Discard unused blocks once a week.
Mar  9 10:43:14 Client03 systemd[1]: Started Message of the Day.
Mar  9 10:43:14 Client03 systemd[1]: Reached target Timers.
Mar  9 10:43:14 Client03 systemd[1]: Listening on Open-iSCSI iscsid Socket.
Mar  9 10:43:14 Client03 systemd[1]: Started Availability of block devices.
Mar  9 10:43:14 Client03 systemd[1]: Listening on Socket activation for snappy daemon.
Mar  9 10:43:14 Client03 systemd[1]: Listening on LXD - unix socket.
Mar  9 10:43:14 Client03 systemd[1]: Reached target Sockets.
Mar  9 10:43:14 Client03 systemd[1]: Reached target Basic System.
Mar  9 10:43:14 Client03 systemd[1]: Started FUSE filesystem for LXC.
Mar  9 10:43:14 Client03 systemd[1]: Starting Pollinate to seed the pseudo random number generator...
Mar  9 10:43:14 Client03 systemd[1]: Starting LSB: Record successful boot for GRUB...
Mar  9 10:43:14 Client03 systemd[1]: Starting LXD - container startup/shutdown...
Mar  9 10:43:14 Client03 systemd[1]: Starting Login Service...
Mar  9 10:43:14 Client03 systemd[1]: Starting Dispatcher daemon for systemd-networkd...
Mar  9 10:43:14 Client03 systemd[1]: Started Deferred execution scheduler.
Mar  9 10:43:14 Client03 systemd[1]: Started Regular background program processing daemon.
Mar  9 10:43:14 Client03 systemd[1]: Started Azure Linux Agent.
Mar  9 10:43:14 Client03 systemd[1]: Starting LSB: automatic crash report generation...
Mar  9 10:43:14 Client03 systemd[1]: Started irqbalance daemon.
Mar  9 10:43:14 Client03 systemd[1]: Started Hyper-V VSS Protocol Daemon.
Mar  9 10:43:14 Client03 systemd[1]: Starting Accounts Service...
Mar  9 10:43:14 Client03 systemd[1]: Started D-Bus System Message Bus.
Mar  9 10:43:14 Client03 Hyper-V VSS: VSS starting; pid is:1281
Mar  9 10:43:14 Client03 Hyper-V VSS: VSS: kernel module version: 129
Mar  9 10:43:14 Client03 cron[1272]: (CRON) INFO (pidfile fd = 3)
Mar  9 10:43:14 Client03 lxcfs[1243]: mount namespace: 5
Mar  9 10:43:14 Client03 lxcfs[1243]: hierarchies:
Mar  9 10:43:14 Client03 lxcfs[1243]:   0: fd:   6: freezer
Mar  9 10:43:14 Client03 lxcfs[1243]:   1: fd:   7: cpu,cpuacct
Mar  9 10:43:14 Client03 lxcfs[1243]:   2: fd:   8: memory
Mar  9 10:43:14 Client03 lxcfs[1243]:   3: fd:   9: pids
Mar  9 10:43:14 Client03 lxcfs[1243]:   4: fd:  10: devices
Mar  9 10:43:14 Client03 lxcfs[1243]:   5: fd:  11: hugetlb
Mar  9 10:43:14 Client03 lxcfs[1243]:   6: fd:  12: cpuset
Mar  9 10:43:14 Client03 lxcfs[1243]:   7: fd:  13: rdma
Mar  9 10:43:14 Client03 lxcfs[1243]:   8: fd:  14: net_cls,net_prio
Mar  9 10:43:14 Client03 lxcfs[1243]:   9: fd:  15: blkio
Mar  9 10:43:14 Client03 lxcfs[1243]:  10: fd:  16: perf_event
Mar  9 10:43:14 Client03 lxcfs[1243]:  11: fd:  17: name=systemd
Mar  9 10:43:14 Client03 lxcfs[1243]:  12: fd:  18: unified
Mar  9 10:43:14 Client03 pollinate[1253]: client sent challenge to [https://entropy.ubuntu.com/]
Mar  9 10:43:14 Client03 cron[1272]: (CRON) INFO (Running @reboot jobs)
Mar  9 10:43:14 Client03 dbus-daemon[1283]: [system] AppArmor D-Bus mediation is enabled
Mar  9 10:43:14 Client03 systemd[1]: Started Hyper-V File Copy Protocol Daemon.
Mar  9 10:43:14 Client03 systemd[1]: Starting System Logging Service...
Mar  9 10:43:14 Client03 systemd[1]: Starting Permit User Sessions...
Mar  9 10:43:14 Client03 HV_FCOPY: starting; pid is:1349
Mar  9 10:43:14 Client03 HV_FCOPY: open /dev/vmbus/hv_fcopy failed; error: 2 No such file or directory
Mar  9 10:43:14 Client03 systemd[1]: Starting Snappy daemon...
Mar  9 10:43:14 Client03 systemd[1]: hv-fcopy-daemon.service: Main process exited, code=exited, status=1/FAILURE
Mar  9 10:43:14 Client03 systemd[1]: hv-fcopy-daemon.service: Failed with result 'exit-code'.
Mar  9 10:43:14 Client03 systemd[1]: Started Permit User Sessions.
Mar  9 10:43:14 Client03 dbus-daemon[1283]: [system] Activating via systemd: service name='org.freedesktop.PolicyKit1' unit='polkit.service' requested by ':1.4' (uid=0 pid=1282 comm="/usr/lib/accountsservice/accounts-daemon " label="unconfined")
Mar  9 10:43:14 Client03 systemd[1]: Started Login Service.
Mar  9 10:43:14 Client03 grub-common[1255]:  * Recording successful boot for GRUB
Mar  9 10:43:14 Client03 systemd[1]: Starting Authorization Manager...
Mar  9 10:43:14 Client03 apport[1279]:  * Starting automatic crash report generation: apport
Mar  9 10:43:14 Client03 systemd[1]: Started Unattended Upgrades Shutdown.
Mar  9 10:43:14 Client03 systemd[1]: Starting Hold until boot process finishes up...
Mar  9 10:43:14 Client03 apport[1279]:    ...done.
Mar  9 10:43:14 Client03 systemd[1]: Starting Terminate Plymouth Boot Screen...
Mar  9 10:43:14 Client03 systemd[1]: Started LSB: automatic crash report generation.
Mar  9 10:43:14 Client03 systemd[1]: Started Hold until boot process finishes up.
Mar  9 10:43:14 Client03 systemd[1]: Started Terminate Plymouth Boot Screen.
Mar  9 10:43:14 Client03 systemd[1]: Starting Set console scheme...
Mar  9 10:43:14 Client03 systemd[1]: Started Serial Getty on ttyS0.
Mar  9 10:43:14 Client03 systemd[1]: Started Set console scheme.
Mar  9 10:43:14 Client03 systemd[1]: Created slice system-getty.slice.
Mar  9 10:43:14 Client03 systemd[1]: Started Getty on tty1.
Mar  9 10:43:14 Client03 systemd[1]: Reached target Login Prompts.
Mar  9 10:43:14 Client03 grub-common[1255]:    ...done.
Mar  9 10:43:14 Client03 systemd[1]: Started LSB: Record successful boot for GRUB.
Mar  9 10:43:14 Client03 polkitd[1382]: started daemon version 0.105 using authority implementation `local' version `0.105'
Mar  9 10:43:14 Client03 dbus-daemon[1283]: [system] Successfully activated service 'org.freedesktop.PolicyKit1'
Mar  9 10:43:14 Client03 systemd[1]: Started Authorization Manager.
Mar  9 10:43:14 Client03 accounts-daemon[1282]: started daemon version 0.6.45
Mar  9 10:43:14 Client03 systemd[1]: Started Accounts Service.
Mar  9 10:43:14 Client03 networkd-dispatcher[1269]: No valid path found for iwconfig
Mar  9 10:43:14 Client03 networkd-dispatcher[1269]: No valid path found for iw
Mar  9 10:43:14 Client03 systemd[1]: Started Dispatcher daemon for systemd-networkd.
Mar  9 10:43:14 Client03 systemd[1]: Started System Logging Service.
Mar  9 10:43:14 Client03 rsyslogd: imuxsock: Acquired UNIX socket '/run/systemd/journal/syslog' (fd 3) from systemd.  [v8.32.0]
Mar  9 10:43:14 Client03 rsyslogd: rsyslogd's groupid changed to 106
Mar  9 10:43:14 Client03 rsyslogd: rsyslogd's userid changed to 102
Mar  9 10:43:14 Client03 rsyslogd:  [origin software="rsyslogd" swVersion="8.32.0" x-pid="1350" x-info="http://www.rsyslog.com"] start
Mar  9 10:43:14 Client03 kernel: [    0.000000]   Hygon HygonGenuine
Mar  9 10:43:14 Client03 kernel: [    0.000000]   Centaur CentaurHauls
Mar  9 10:43:14 Client03 kernel: [    0.000000] x86/fpu: Supporting XSAVE feature 0x001: 'x87 floating point registers'
Mar  9 10:43:14 Client03 kernel: [    0.000000] x86/fpu: Supporting XSAVE feature 0x002: 'SSE registers'
Mar  9 10:43:14 Client03 kernel: [    0.000000] x86/fpu: Supporting XSAVE feature 0x004: 'AVX registers'
Mar  9 10:43:14 Client03 kernel: [    0.000000] x86/fpu: xstate_offset[2]:  576, xstate_sizes[2]:  256
Mar  9 10:43:14 Client03 kernel: [    0.000000] x86/fpu: Enabled xstate features 0x7, context size is 832 bytes, using 'standard' format.
Mar  9 10:43:14 Client03 kernel: [    0.000000] BIOS-provided physical RAM map:
Mar  9 10:43:14 Client03 kernel: [    0.000000] BIOS-e820: [mem 0x0000000000000000-0x000000000009fbff] usable
Mar  9 10:43:14 Client03 kernel: [    0.000000] BIOS-e820: [mem 0x000000000009fc00-0x000000000009ffff] reserved
Mar  9 10:43:14 Client03 kernel: [    0.000000] BIOS-e820: [mem 0x00000000000e0000-0x00000000000fffff] reserved
Mar  9 10:43:14 Client03 kernel: [    0.000000] BIOS-e820: [mem 0x0000000000100000-0x000000003ffeffff] usable
Mar  9 10:43:14 Client03 kernel: [    0.000000] BIOS-e820: [mem 0x000000003fff0000-0x000000003fffefff] ACPI data
Mar  9 10:43:14 Client03 kernel: [    0.000000] BIOS-e820: [mem 0x000000003ffff000-0x000000003fffffff] ACPI NVS
Mar  9 10:43:14 Client03 kernel: [    0.000000] BIOS-e820: [mem 0x0000000100000000-0x00000002bfffffff] usable
Mar  9 10:43:14 Client03 kernel: [    0.000000] printk: bootconsole [earlyser0] enabled
Mar  9 10:43:14 Client03 kernel: [    0.000000] NX (Execute Disable) protection: active
Mar  9 10:43:14 Client03 kernel: [    0.000000] SMBIOS 2.3 present.
Mar  9 10:43:14 Client03 kernel: [    0.000000] DMI: Microsoft Corporation Virtual Machine/Virtual Machine, BIOS 090007  06/02/2017
Mar  9 10:43:14 Client03 kernel: [    0.000000] Hypervisor detected: Microsoft Hyper-V
Mar  9 10:43:14 Client03 kernel: [    0.000000] Hyper-V: features 0x2e7f, hints 0x44c2c
Mar  9 10:43:14 Client03 kernel: [    0.000000] Hyper-V Host Build:14393-10.0-0-0.305
Mar  9 10:43:14 Client03 kernel: [    0.000000] Hyper-V: LAPIC Timer Frequency: 0xc3500
Mar  9 10:43:14 Client03 kernel: [    0.000000] tsc: Marking TSC unstable due to running on Hyper-V
Mar  9 10:43:14 Client03 kernel: [    0.000000] Hyper-V: Using hypercall for remote TLB flush
Mar  9 10:43:14 Client03 kernel: [    0.000000] tsc: Detected 2394.456 MHz processor
Mar  9 10:43:14 Client03 kernel: [    0.001428] e820: update [mem 0x00000000-0x00000fff] usable ==> reserved
Mar  9 10:43:14 Client03 kernel: [    0.001430] e820: remove [mem 0x000a0000-0x000fffff] usable
Mar  9 10:43:14 Client03 kernel: [    0.001434] last_pfn = 0x2c0000 max_arch_pfn = 0x400000000
Mar  9 10:43:14 Client03 kernel: [    0.004531] MTRR default type: uncachable
Mar  9 10:43:14 Client03 kernel: [    0.004532] MTRR fixed ranges enabled:
Mar  9 10:43:14 Client03 kernel: [    0.004533]   00000-9FFFF write-back
Mar  9 10:43:14 Client03 kernel: [    0.004534]   A0000-DFFFF uncachable
Mar  9 10:43:14 Client03 kernel: [    0.004534]   E0000-FFFFF write-back
Mar  9 10:43:14 Client03 kernel: [    0.004535] MTRR variable ranges enabled:
Mar  9 10:43:14 Client03 kernel: [    0.004536]   0 base 00000000000 mask FFFC0000000 write-back
Mar  9 10:43:14 Client03 kernel: [    0.004537]   1 base 00100000000 mask FF000000000 write-back
Mar  9 10:43:14 Client03 kernel: [    0.004538]   2 disabled
Mar  9 10:43:14 Client03 kernel: [    0.004538]   3 disabled
Mar  9 10:43:14 Client03 kernel: [    0.004539]   4 disabled
Mar  9 10:43:14 Client03 kernel: [    0.004539]   5 disabled
Mar  9 10:43:14 Client03 kernel: [    0.004539]   6 disabled
Mar  9 10:43:14 Client03 kernel: [    0.004540]   7 disabled
Mar  9 10:43:14 Client03 kernel: [    0.004550] x86/PAT: Configuration [0-7]: WB  WC  UC- UC  WB  WP  UC- WT  
Mar  9 10:43:14 Client03 kernel: [    0.008516] e820: update [mem 0x40000000-0xffffffff] usable ==> reserved
Mar  9 10:43:14 Client03 kernel: [    0.010290] last_pfn = 0x3fff0 max_arch_pfn = 0x400000000
Mar  9 10:43:14 Client03 kernel: [    0.020843] found SMP MP-table at [mem 0x000ff780-0x000ff78f]
Mar  9 10:43:14 Client03 kernel: [    0.024332] check: Scanning 1 areas for low memory corruption
Mar  9 10:43:14 Client03 kernel: [    0.027431] Using GB pages for direct mapping
Mar  9 10:43:14 Client03 kernel: [    0.029956] BRK [0x1cda02000, 0x1cda02fff] PGTABLE
Mar  9 10:43:14 Client03 kernel: [    0.029958] BRK [0x1cda03000, 0x1cda03fff] PGTABLE
Mar  9 10:43:14 Client03 kernel: [    0.029959] BRK [0x1cda04000, 0x1cda04fff] PGTABLE
Mar  9 10:43:14 Client03 kernel: [    0.029981] BRK [0x1cda05000, 0x1cda05fff] PGTABLE
Mar  9 10:43:14 Client03 kernel: [    0.030017] BRK [0x1cda06000, 0x1cda06fff] PGTABLE
Mar  9 10:43:14 Client03 kernel: [    0.030034] RAMDISK: [mem 0x3598f000-0x36cbefff]
Mar  9 10:43:14 Client03 kernel: [    0.032757] ACPI: Early table checksum verification disabled
Mar  9 10:43:14 Client03 kernel: [    0.035898] ACPI: RSDP 0x00000000000F5BF0 000014 (v00 ACPIAM)
Mar  9 10:43:14 Client03 kernel: [    0.039120] ACPI: RSDT 0x000000003FFF0000 000040 (v01 VRTUAL MICROSFT 06001702 MSFT 00000097)
Mar  9 10:43:14 Client03 kernel: [    0.046008] ACPI: FACP 0x000000003FFF0200 000081 (v02 VRTUAL MICROSFT 06001702 MSFT 00000097)
Mar  9 10:43:14 Client03 kernel: [    0.051272] ACPI: DSDT 0x000000003FFF1D24 003CBE (v01 MSFTVM MSFTVM02 00000002 INTL 02002026)
Mar  9 10:43:14 Client03 kernel: [    0.056548] ACPI: FACS 0x000000003FFFF000 000040
Mar  9 10:43:14 Client03 kernel: [    0.059278] ACPI: WAET 0x000000003FFF1A80 000028 (v01 VRTUAL MICROSFT 06001702 MSFT 00000097)
Mar  9 10:43:14 Client03 kernel: [    0.064196] ACPI: SLIC 0x000000003FFF1AC0 000176 (v01 VRTUAL MICROSFT 06001702 MSFT 00000097)
Mar  9 10:43:14 Client03 kernel: [    0.069008] ACPI: OEM0 0x000000003FFF1CC0 000064 (v01 VRTUAL MICROSFT 06001702 MSFT 00000097)
Mar  9 10:43:14 Client03 kernel: [    0.073751] ACPI: SRAT 0x000000003FFF0800 000140 (v02 VRTUAL MICROSFT 00000001 MSFT 00000001)
Mar  9 10:43:14 Client03 kernel: [    0.078470] ACPI: APIC 0x000000003FFF0300 000452 (v01 VRTUAL MICROSFT 06001702 MSFT 00000097)
Mar  9 10:43:14 Client03 kernel: [    0.083417] ACPI: OEMB 0x000000003FFFF040 000064 (v01 VRTUAL MICROSFT 06001702 MSFT 00000097)
Mar  9 10:43:14 Client03 kernel: [    0.088705] ACPI: Local APIC address 0xfee00000
Mar  9 10:43:14 Client03 kernel: [    0.088743] SRAT: PXM 0 -> APIC 0x00 -> Node 0
Mar  9 10:43:14 Client03 kernel: [    0.091468] SRAT: PXM 0 -> APIC 0x01 -> Node 0
Mar  9 10:43:14 Client03 kernel: [    0.094447] ACPI: SRAT: Node 0 PXM 0 [mem 0x00000000-0x3fffffff] hotplug
Mar  9 10:43:14 Client03 kernel: [    0.098610] ACPI: SRAT: Node 0 PXM 0 [mem 0x100000000-0x2bfffffff] hotplug
Mar  9 10:43:14 Client03 kernel: [    0.107800] ACPI: SRAT: Node 0 PXM 0 [mem 0x2c0200000-0xfdfffffff] hotplug
Mar  9 10:43:14 Client03 kernel: [    0.111720] ACPI: SRAT: Node 0 PXM 0 [mem 0x1000000000-0xffffffffff] hotplug
Mar  9 10:43:14 Client03 kernel: [    0.115920] ACPI: SRAT: Node 0 PXM 0 [mem 0x10000200000-0x1ffffffffff] hotplug
Mar  9 10:43:14 Client03 kernel: [    0.120473] ACPI: SRAT: Node 0 PXM 0 [mem 0x20000200000-0x3ffffffffff] hotplug
Mar  9 10:43:14 Client03 kernel: [    0.125089] NUMA: Node 0 [mem 0x00000000-0x3fffffff] + [mem 0x100000000-0x2bfffffff] -> [mem 0x00000000-0x2bfffffff]
Mar  9 10:43:14 Client03 kernel: [    0.131971] NODE_DATA(0) allocated [mem 0x2bffd5000-0x2bfffffff]
Mar  9 10:43:14 Client03 kernel: [    0.136167] Zone ranges:
Mar  9 10:43:14 Client03 kernel: [    0.137964]   DMA      [mem 0x0000000000001000-0x0000000000ffffff]
Mar  9 10:43:14 Client03 kernel: [    0.142025]   DMA32    [mem 0x0000000001000000-0x00000000ffffffff]
Mar  9 10:43:14 Client03 kernel: [    0.145689]   Normal   [mem 0x0000000100000000-0x00000002bfffffff]
Mar  9 10:43:14 Client03 kernel: [    0.153572]   Device   empty
Mar  9 10:43:14 Client03 kernel: [    0.155232] Movable zone start for each node
Mar  9 10:43:14 Client03 kernel: [    0.157883] Early memory node ranges
Mar  9 10:43:14 Client03 kernel: [    0.160120]   node   0: [mem 0x0000000000001000-0x000000000009efff]
Mar  9 10:43:14 Client03 kernel: [    0.164077]   node   0: [mem 0x0000000000100000-0x000000003ffeffff]
Mar  9 10:43:14 Client03 kernel: [    0.168219]   node   0: [mem 0x0000000100000000-0x00000002bfffffff]
Mar  9 10:43:14 Client03 kernel: [    0.172079] Zeroed struct page in unavailable ranges: 114 pages
Mar  9 10:43:14 Client03 kernel: [    0.172081] Initmem setup node 0 [mem 0x0000000000001000-0x00000002bfffffff]
Mar  9 10:43:14 Client03 kernel: [    0.177730] On node 0 totalpages: 2097038
Mar  9 10:43:14 Client03 kernel: [    0.177732]   DMA zone: 64 pages used for memmap
Mar  9 10:43:14 Client03 kernel: [    0.177733]   DMA zone: 21 pages reserved
Mar  9 10:43:14 Client03 kernel: [    0.177734]   DMA zone: 3998 pages, LIFO batch:0
Mar  9 10:43:14 Client03 kernel: [    0.177874]   DMA32 zone: 4032 pages used for memmap
Mar  9 10:43:14 Client03 kernel: [    0.177875]   DMA32 zone: 258032 pages, LIFO batch:63
Mar  9 10:43:14 Client03 kernel: [    0.186426]   Normal zone: 28672 pages used for memmap
Mar  9 10:43:14 Client03 kernel: [    0.186427]   Normal zone: 1835008 pages, LIFO batch:63
Mar  9 10:43:14 Client03 kernel: [    0.231267] ACPI: PM-Timer IO Port: 0x408
Mar  9 10:43:14 Client03 kernel: [    0.232702] ACPI: Local APIC address 0xfee00000
Mar  9 10:43:14 Client03 kernel: [    0.232712] ACPI: LAPIC_NMI (acpi_id[0xff] dfl dfl lint[0x1])
Mar  9 10:43:14 Client03 kernel: [    0.235988] IOAPIC[0]: apic_id 0, version 17, address 0xfec00000, GSI 0-23
Mar  9 10:43:14 Client03 kernel: [    0.239240] ACPI: INT_SRC_OVR (bus 0 bus_irq 0 global_irq 2 dfl dfl)
Mar  9 10:43:14 Client03 kernel: [    0.243166] ACPI: INT_SRC_OVR (bus 0 bus_irq 9 global_irq 9 high level)
Mar  9 10:43:14 Client03 kernel: [    0.247412] ACPI: IRQ0 used by override.
Mar  9 10:43:14 Client03 kernel: [    0.247413] ACPI: IRQ9 used by override.
Mar  9 10:43:14 Client03 kernel: [    0.247416] Using ACPI (MADT) for SMP configuration information
Mar  9 10:43:14 Client03 kernel: [    0.251045] smpboot: Allowing 128 CPUs, 126 hotplug CPUs
Mar  9 10:43:14 Client03 kernel: [    0.254167] PM: Registered nosave memory: [mem 0x00000000-0x00000fff]
Mar  9 10:43:14 Client03 kernel: [    0.257507] PM: Registered nosave memory: [mem 0x0009f000-0x0009ffff]
Mar  9 10:43:14 Client03 kernel: [    0.261772] PM: Registered nosave memory: [mem 0x000a0000-0x000dffff]
Mar  9 10:43:14 Client03 kernel: [    0.265838] PM: Registered nosave memory: [mem 0x000e0000-0x000fffff]
Mar  9 10:43:14 Client03 kernel: [    0.269801] PM: Registered nosave memory: [mem 0x3fff0000-0x3fffefff]
Mar  9 10:43:14 Client03 kernel: [    0.273787] PM: Registered nosave memory: [mem 0x3ffff000-0x3fffffff]
Mar  9 10:43:14 Client03 kernel: [    0.277979] PM: Registered nosave memory: [mem 0x40000000-0xffffffff]
Mar  9 10:43:14 Client03 kernel: [    0.282432] [mem 0x40000000-0xffffffff] available for PCI devices
Mar  9 10:43:14 Client03 kernel: [    0.286307] Booting paravirtualized kernel on bare hardware
Mar  9 10:43:14 Client03 kernel: [    0.289886] clocksource: refined-jiffies: mask: 0xffffffff max_cycles: 0xffffffff, max_idle_ns: 7645519600211568 ns
Mar  9 10:43:14 Client03 kernel: [    0.296541] random: get_random_bytes called from start_kernel+0x93/0x503 with crng_init=0
Mar  9 10:43:14 Client03 kernel: [    0.301574] setup_percpu: NR_CPUS:8192 nr_cpumask_bits:128 nr_cpu_ids:128 nr_node_ids:1
Mar  9 10:43:14 Client03 kernel: [    0.314212] percpu: Embedded 45 pages/cpu s147456 r8192 d28672 u262144
Mar  9 10:43:14 Client03 kernel: [    0.316917] pcpu-alloc: s147456 r8192 d28672 u262144 alloc=1*2097152
Mar  9 10:43:14 Client03 kernel: [    0.316918] pcpu-alloc: [0] 000 001 002 003 004 005 006 007 
Mar  9 10:43:14 Client03 kernel: [    0.316920] pcpu-alloc: [0] 008 009 010 011 012 013 014 015 
Mar  9 10:43:14 Client03 kernel: [    0.316922] pcpu-alloc: [0] 016 017 018 019 020 021 022 023 
Mar  9 10:43:14 Client03 kernel: [    0.316924] pcpu-alloc: [0] 024 025 026 027 028 029 030 031 
Mar  9 10:43:14 Client03 kernel: [    0.316926] pcpu-alloc: [0] 032 033 034 035 036 037 038 039 
Mar  9 10:43:14 Client03 kernel: [    0.316927] pcpu-alloc: [0] 040 041 042 043 044 045 046 047 
Mar  9 10:43:14 Client03 kernel: [    0.316929] pcpu-alloc: [0] 048 049 050 051 052 053 054 055 
Mar  9 10:43:14 Client03 kernel: [    0.316931] pcpu-alloc: [0] 056 057 058 059 060 061 062 063 
Mar  9 10:43:14 Client03 kernel: [    0.316932] pcpu-alloc: [0] 064 065 066 067 068 069 070 071 
Mar  9 10:43:14 Client03 kernel: [    0.316934] pcpu-alloc: [0] 072 073 074 075 076 077 078 079 
Mar  9 10:43:14 Client03 kernel: [    0.316936] pcpu-alloc: [0] 080 081 082 083 084 085 086 087 
Mar  9 10:43:14 Client03 kernel: [    0.316937] pcpu-alloc: [0] 088 089 090 091 092 093 094 095 
Mar  9 10:43:14 Client03 kernel: [    0.316939] pcpu-alloc: [0] 096 097 098 099 100 101 102 103 
Mar  9 10:43:14 Client03 kernel: [    0.316941] pcpu-alloc: [0] 104 105 106 107 108 109 110 111 
Mar  9 10:43:14 Client03 kernel: [    0.316943] pcpu-alloc: [0] 112 113 114 115 116 117 118 119 
Mar  9 10:43:14 Client03 kernel: [    0.316944] pcpu-alloc: [0] 120 121 122 123 124 125 126 127 
Mar  9 10:43:14 Client03 kernel: [    0.316980] Hyper-V: PV spinlocks enabled
Mar  9 10:43:14 Client03 kernel: [    0.318658] PV qspinlock hash table entries: 512 (order: 1, 8192 bytes)
Mar  9 10:43:14 Client03 kernel: [    0.322318] Built 1 zonelists, mobility grouping on.  Total pages: 2064249
Mar  9 10:43:14 Client03 kernel: [    0.325960] Policy zone: Normal
Mar  9 10:43:14 Client03 kernel: [    0.327532] Kernel command line: BOOT_IMAGE=/boot/vmlinuz-5.0.0-1032-azure root=UUID=5604f71e-1e5f-443c-a99e-b82bb5c201df ro console=tty1 console=ttyS0 earlyprintk=ttyS0 rootdelay=300
Mar  9 10:43:14 Client03 kernel: [    0.337102] printk: log_buf_len individual max cpu contribution: 4096 bytes
Mar  9 10:43:14 Client03 kernel: [    0.341484] printk: log_buf_len total cpu_extra contributions: 520192 bytes
Mar  9 10:43:14 Client03 kernel: [    0.345963] printk: log_buf_len min size: 262144 bytes
Mar  9 10:43:14 Client03 kernel: [    0.349321] printk: log_buf_len: 1048576 bytes
Mar  9 10:43:14 Client03 kernel: [    0.352129] printk: early log buf free: 251912(96%)
Mar  9 10:43:14 Client03 kernel: [    0.376130] Calgary: detecting Calgary via BIOS EBDA area
Mar  9 10:43:14 Client03 kernel: [    0.376133] Calgary: Unable to locate Rio Grande table in EBDA - bailing!
Mar  9 10:43:14 Client03 kernel: [    0.399000] Memory: 8118156K/8388152K available (12292K kernel code, 2233K rwdata, 3944K rodata, 2360K init, 5524K bss, 269996K reserved, 0K cma-reserved)
Mar  9 10:43:14 Client03 kernel: [    0.405119] SLUB: HWalign=64, Order=0-3, MinObjects=0, CPUs=128, Nodes=1
Mar  9 10:43:14 Client03 kernel: [    0.407779] Kernel/User page tables isolation: enabled
Mar  9 10:43:14 Client03 kernel: [    0.413511] ftrace: allocating 38709 entries in 152 pages
Mar  9 10:43:14 Client03 kernel: [    0.433774] rcu: Hierarchical RCU implementation.
Mar  9 10:43:14 Client03 kernel: [    0.436139] rcu: 	RCU restricting CPUs from NR_CPUS=8192 to nr_cpu_ids=128.
Mar  9 10:43:14 Client03 kernel: [    0.439366] 	Tasks RCU enabled.
Mar  9 10:43:14 Client03 kernel: [    0.440578] rcu: RCU calculated value of scheduler-enlistment delay is 25 jiffies.
Mar  9 10:43:14 Client03 kernel: [    0.443652] rcu: Adjusting geometry for rcu_fanout_leaf=16, nr_cpu_ids=128
Mar  9 10:43:14 Client03 kernel: [    0.449731] NR_IRQS: 524544, nr_irqs: 1448, preallocated irqs: 16
Mar  9 10:43:14 Client03 kernel: [    0.457557] Console: colour VGA+ 80x25
Mar  9 10:43:14 Client03 kernel: [    1.001812] printk: console [tty1] enabled
Mar  9 10:43:14 Client03 kernel: [    1.004970] printk: console [ttyS0] enabled
Mar  9 10:43:14 Client03 kernel: [    1.010369] printk: bootconsole [earlyser0] disabled
Mar  9 10:43:14 Client03 kernel: [    1.016490] ACPI: Core revision 20181213
Mar  9 10:43:14 Client03 kernel: [    1.019302] APIC: Switch to symmetric I/O mode setup
Mar  9 10:43:14 Client03 kernel: [    1.022543] Switched APIC routing to physical flat.
Mar  9 10:43:14 Client03 kernel: [    1.025777] Hyper-V: Using IPI hypercalls
Mar  9 10:43:14 Client03 kernel: [    1.028453] Hyper-V: Using enlightened APIC (xapic mode)
Mar  9 10:43:14 Client03 kernel: [    1.028460] clocksource: hyperv_clocksource_tsc_page: mask: 0xffffffffffffffff max_cycles: 0x24e6a1710, max_idle_ns: 440795202120 ns
Mar  9 10:43:14 Client03 kernel: [    1.058266] Calibrating delay loop (skipped), value calculated using timer frequency.. 4788.91 BogoMIPS (lpj=9577824)
Mar  9 10:43:14 Client03 kernel: [    1.062252] pid_max: default: 131072 minimum: 1024
Mar  9 10:43:14 Client03 kernel: [    1.062252] LSM: Security Framework initializing
Mar  9 10:43:14 Client03 kernel: [    1.062252] Yama: becoming mindful.
Mar  9 10:43:14 Client03 kernel: [    1.062252] AppArmor: AppArmor initialized
Mar  9 10:43:14 Client03 kernel: [    1.062252] Dentry cache hash table entries: 1048576 (order: 11, 8388608 bytes)
Mar  9 10:43:14 Client03 kernel: [    1.062252] Inode-cache hash table entries: 524288 (order: 10, 4194304 bytes)
Mar  9 10:43:14 Client03 kernel: [    1.062252] Mount-cache hash table entries: 16384 (order: 5, 131072 bytes)
Mar  9 10:43:14 Client03 kernel: [    1.062252] Mountpoint-cache hash table entries: 16384 (order: 5, 131072 bytes)
Mar  9 10:43:14 Client03 kernel: [    1.062252] Last level iTLB entries: 4KB 1024, 2MB 1024, 4MB 1024
Mar  9 10:43:14 Client03 kernel: [    1.062252] Last level dTLB entries: 4KB 1024, 2MB 1024, 4MB 1024, 1GB 4
Mar  9 10:43:14 Client03 kernel: [    1.062252] Spectre V1 : Mitigation: usercopy/swapgs barriers and __user pointer sanitization
Mar  9 10:43:14 Client03 kernel: [    1.062252] Spectre V2 : Mitigation: Full generic retpoline
Mar  9 10:43:14 Client03 kernel: [    1.062252] Spectre V2 : Spectre v2 / SpectreRSB mitigation: Filling RSB on context switch
Mar  9 10:43:14 Client03 kernel: [    1.062252] Speculative Store Bypass: Vulnerable
Mar  9 10:43:14 Client03 kernel: [    1.062252] MDS: Mitigation: Clear CPU buffers
Mar  9 10:43:14 Client03 kernel: [    1.062252] Freeing SMP alternatives memory: 36K
Mar  9 10:43:14 Client03 kernel: [    1.062252] smpboot: CPU0: Intel(R) Xeon(R) CPU E5-2673 v3 @ 2.40GHz (family: 0x6, model: 0x3f, stepping: 0x2)
Mar  9 10:43:14 Client03 kernel: [    1.062445] Performance Events: unsupported p6 CPU model 63 no PMU driver, software events only.
Mar  9 10:43:14 Client03 kernel: [    1.066300] rcu: Hierarchical SRCU implementation.
Mar  9 10:43:14 Client03 kernel: [    1.070627] random: crng done (trusting CPU's manufacturer)
Mar  9 10:43:14 Client03 kernel: [    1.074295] NMI watchdog: Perf NMI watchdog permanently disabled
Mar  9 10:43:14 Client03 kernel: [    1.079620] smp: Bringing up secondary CPUs ...
Mar  9 10:43:14 Client03 kernel: [    1.082394] x86: Booting SMP configuration:
Mar  9 10:43:14 Client03 kernel: [    1.086261] .... node  #0, CPUs:          #1
Mar  9 10:43:14 Client03 kernel: [    1.090672] MDS CPU bug present and SMT on, data leak possible. See https://www.kernel.org/doc/html/latest/admin-guide/hw-vuln/mds.html for more details.
Mar  9 10:43:14 Client03 kernel: [    1.098264] smp: Brought up 1 node, 2 CPUs
Mar  9 10:43:14 Client03 kernel: [    1.102258] smpboot: Max logical packages: 64
Mar  9 10:43:14 Client03 kernel: [    1.105249] smpboot: Total of 2 processors activated (9577.82 BogoMIPS)
Mar  9 10:43:14 Client03 kernel: [    1.107012] devtmpfs: initialized
Mar  9 10:43:14 Client03 kernel: [    1.107012] x86/mm: Memory block size: 128MB
Mar  9 10:43:14 Client03 kernel: [    1.111000] PM: Registering ACPI NVS region [mem 0x3ffff000-0x3fffffff] (4096 bytes)
Mar  9 10:43:14 Client03 kernel: [    1.118397] clocksource: jiffies: mask: 0xffffffff max_cycles: 0xffffffff, max_idle_ns: 7645041785100000 ns
Mar  9 10:43:14 Client03 kernel: [    1.122334] futex hash table entries: 32768 (order: 9, 2097152 bytes)
Mar  9 10:43:14 Client03 kernel: [    1.126859] pinctrl core: initialized pinctrl subsystem
Mar  9 10:43:14 Client03 kernel: [    1.130716] RTC time: 10:40:38, date: 2020-03-09
Mar  9 10:43:14 Client03 kernel: [    1.134550] NET: Registered protocol family 16
Mar  9 10:43:14 Client03 kernel: [    1.138359] audit: initializing netlink subsys (disabled)
Mar  9 10:43:14 Client03 kernel: [    1.142280] audit: type=2000 audit(1583750437.084:1): state=initialized audit_enabled=0 res=1
Mar  9 10:43:14 Client03 kernel: [    1.142392] EISA bus registered
Mar  9 10:43:14 Client03 kernel: [    1.150273] cpuidle: using governor ladder
Mar  9 10:43:14 Client03 kernel: [    1.153586] cpuidle: using governor menu
Mar  9 10:43:14 Client03 kernel: [    1.154333] ACPI: bus type PCI registered
Mar  9 10:43:14 Client03 kernel: [    1.158254] acpiphp: ACPI Hot Plug PCI Controller Driver version: 0.5
Mar  9 10:43:14 Client03 kernel: [    1.162799] PCI: Using configuration type 1 for base access
Mar  9 10:43:14 Client03 kernel: [    1.170373] HugeTLB registered 1.00 GiB page size, pre-allocated 0 pages
Mar  9 10:43:14 Client03 kernel: [    1.174257] HugeTLB registered 2.00 MiB page size, pre-allocated 0 pages
Mar  9 10:43:14 Client03 kernel: [    1.182282] ACPI: Added _OSI(Module Device)
Mar  9 10:43:14 Client03 kernel: [    1.186262] ACPI: Added _OSI(Processor Device)
Mar  9 10:43:14 Client03 kernel: [    1.190256] ACPI: Added _OSI(3.0 _SCP Extensions)
Mar  9 10:43:14 Client03 kernel: [    1.198256] ACPI: Added _OSI(Processor Aggregator Device)
Mar  9 10:43:14 Client03 kernel: [    1.206257] ACPI: Added _OSI(Linux-Dell-Video)
Mar  9 10:43:14 Client03 kernel: [    1.210256] ACPI: Added _OSI(Linux-Lenovo-NV-HDMI-Audio)
Mar  9 10:43:14 Client03 kernel: [    1.214256] ACPI: Added _OSI(Linux-HPI-Hybrid-Graphics)
Mar  9 10:43:14 Client03 kernel: [    1.219751] ACPI: 1 ACPI AML tables successfully acquired and loaded
Mar  9 10:43:14 Client03 kernel: [    1.227737] ACPI: Interpreter enabled
Mar  9 10:43:14 Client03 kernel: [    1.230267] ACPI: (supports S0 S5)
Mar  9 10:43:14 Client03 kernel: [    1.232958] ACPI: Using IOAPIC for interrupt routing
Mar  9 10:43:14 Client03 kernel: [    1.238284] PCI: Using host bridge windows from ACPI; if necessary, use "pci=nocrs" and report a bug
Mar  9 10:43:14 Client03 kernel: [    1.242697] ACPI: Enabled 1 GPEs in block 00 to 0F
Mar  9 10:43:14 Client03 kernel: [    1.266019] ACPI: PCI Root Bridge [PCI0] (domain 0000 [bus 00-ff])
Mar  9 10:43:14 Client03 kernel: [    1.270259] acpi PNP0A03:00: _OSC: OS supports [ASPM ClockPM Segments MSI]
Mar  9 10:43:14 Client03 kernel: [    1.274268] acpi PNP0A03:00: fail to add MMCONFIG information, can't access extended PCI configuration space under this bridge.
Mar  9 10:43:14 Client03 kernel: [    1.282396] PCI host bridge to bus 0000:00
Mar  9 10:43:14 Client03 kernel: [    1.282396] pci_bus 0000:00: root bus resource [mem 0xfe0000000-0xfffffffff window]
Mar  9 10:43:14 Client03 kernel: [    1.290256] pci_bus 0000:00: root bus resource [io  0x0000-0x0cf7 window]
Mar  9 10:43:14 Client03 kernel: [    1.294262] pci_bus 0000:00: root bus resource [io  0x0d00-0xffff window]
Mar  9 10:43:14 Client03 kernel: [    1.298256] pci_bus 0000:00: root bus resource [mem 0x000a0000-0x000bffff window]
Mar  9 10:43:14 Client03 kernel: [    1.302254] pci_bus 0000:00: root bus resource [mem 0x40000000-0xfffbffff window]
Mar  9 10:43:14 Client03 kernel: [    1.310256] pci_bus 0000:00: root bus resource [bus 00-ff]
Mar  9 10:43:14 Client03 kernel: [    1.314432] pci 0000:00:00.0: [8086:7192] type 00 class 0x060000
Mar  9 10:43:14 Client03 kernel: [    1.316154] pci 0000:00:07.0: [8086:7110] type 00 class 0x060100
Mar  9 10:43:14 Client03 kernel: [    1.318231] pci 0000:00:07.1: [8086:7111] type 00 class 0x010180
Mar  9 10:43:14 Client03 kernel: [    1.320216] pci 0000:00:07.1: reg 0x20: [io  0xffa0-0xffaf]
Mar  9 10:43:14 Client03 kernel: [    1.320889] pci 0000:00:07.1: legacy IDE quirk: reg 0x10: [io  0x01f0-0x01f7]
Mar  9 10:43:14 Client03 kernel: [    1.326256] pci 0000:00:07.1: legacy IDE quirk: reg 0x14: [io  0x03f6]
Mar  9 10:43:14 Client03 kernel: [    1.330255] pci 0000:00:07.1: legacy IDE quirk: reg 0x18: [io  0x0170-0x0177]
Mar  9 10:43:14 Client03 kernel: [    1.334255] pci 0000:00:07.1: legacy IDE quirk: reg 0x1c: [io  0x0376]
Mar  9 10:43:14 Client03 kernel: [    1.338948] pci 0000:00:07.3: [8086:7113] type 00 class 0x068000
Mar  9 10:43:14 Client03 kernel: [    1.338993] * Found PM-Timer Bug on the chipset. Due to workarounds for a bug,
Mar  9 10:43:14 Client03 kernel: [    1.338993] * this clock source is slow. Consider trying other clock sources
Mar  9 10:43:14 Client03 kernel: [    1.354260] pci 0000:00:07.3: acpi_pm_check_blacklist+0x0/0x40 took 15625 usecs
Mar  9 10:43:14 Client03 kernel: [    1.360172] pci 0000:00:07.3: quirk: [io  0x0400-0x043f] claimed by PIIX4 ACPI
Mar  9 10:43:14 Client03 kernel: [    1.367153] pci 0000:00:08.0: [1414:5353] type 00 class 0x030000
Mar  9 10:43:14 Client03 kernel: [    1.367708] pci 0000:00:08.0: reg 0x10: [mem 0xf8000000-0xfbffffff]
Mar  9 10:43:14 Client03 kernel: [    1.384639] ACPI: PCI Interrupt Link [LNKA] (IRQs 3 4 5 7 9 10 *11 12 14 15)
Mar  9 10:43:14 Client03 kernel: [    1.390473] ACPI: PCI Interrupt Link [LNKB] (IRQs 3 4 5 7 9 10 11 12 14 15) *0, disabled.
Mar  9 10:43:14 Client03 kernel: [    1.394529] ACPI: PCI Interrupt Link [LNKC] (IRQs 3 4 5 7 9 10 11 12 14 15) *0, disabled.
Mar  9 10:43:14 Client03 kernel: [    1.402474] ACPI: PCI Interrupt Link [LNKD] (IRQs 3 4 5 7 9 10 11 12 14 15) *0, disabled.
Mar  9 10:43:14 Client03 kernel: [    1.406612] SCSI subsystem initialized
Mar  9 10:43:14 Client03 kernel: [    1.410272] libata version 3.00 loaded.
Mar  9 10:43:14 Client03 kernel: [    1.410372] pci 0000:00:08.0: vgaarb: setting as boot VGA device
Mar  9 10:43:14 Client03 kernel: [    1.414252] pci 0000:00:08.0: vgaarb: VGA device added: decodes=io+mem,owns=io+mem,locks=none
Mar  9 10:43:14 Client03 kernel: [    1.414256] pci 0000:00:08.0: vgaarb: bridge control possible
Mar  9 10:43:14 Client03 kernel: [    1.418255] vgaarb: loaded
Mar  9 10:43:14 Client03 kernel: [    1.420599] pps_core: LinuxPPS API ver. 1 registered
Mar  9 10:43:14 Client03 kernel: [    1.422254] pps_core: Software ver. 5.3.6 - Copyright 2005-2007 Rodolfo Giometti <giometti@linux.it>
Mar  9 10:43:14 Client03 kernel: [    1.426260] PTP clock support registered
Mar  9 10:43:14 Client03 kernel: [    1.430330] EDAC MC: Ver: 3.0.0
Mar  9 10:43:14 Client03 kernel: [    1.526264] hv_vmbus: Vmbus version:4.0
Mar  9 10:43:14 Client03 kernel: [    1.530833] PCI: Using ACPI for IRQ routing
Mar  9 10:43:14 Client03 kernel: [    1.533710] PCI: pci_cache_line_size set to 64 bytes
Mar  9 10:43:14 Client03 kernel: [    1.534187] e820: reserve RAM buffer [mem 0x0009fc00-0x0009ffff]
Mar  9 10:43:14 Client03 kernel: [    1.534189] e820: reserve RAM buffer [mem 0x3fff0000-0x3fffffff]
Mar  9 10:43:14 Client03 kernel: [    1.534258] NetLabel: Initializing
Mar  9 10:43:14 Client03 kernel: [    1.534258] NetLabel:  domain hash size = 128
Mar  9 10:43:14 Client03 kernel: [    1.537704] NetLabel:  protocols = UNLABELED CIPSOv4 CALIPSO
Mar  9 10:43:14 Client03 kernel: [    1.542281] NetLabel:  unlabeled traffic allowed by default
Mar  9 10:43:14 Client03 kernel: [    1.546344] clocksource: Switched to clocksource hyperv_clocksource_tsc_page
Mar  9 10:43:14 Client03 kernel: [    1.570019] VFS: Disk quotas dquot_6.6.0
Mar  9 10:43:14 Client03 kernel: [    1.578007] VFS: Dquot-cache hash table entries: 512 (order 0, 4096 bytes)
Mar  9 10:43:14 Client03 kernel: [    1.583133] AppArmor: AppArmor Filesystem Enabled
Mar  9 10:43:14 Client03 kernel: [    1.586738] pnp: PnP ACPI init
Mar  9 10:43:14 Client03 kernel: [    1.591632] pnp 00:00: Plug and Play ACPI device, IDs PNP0b00 (active)
Mar  9 10:43:14 Client03 kernel: [    1.591691] pnp 00:01: Plug and Play ACPI device, IDs PNP0303 PNP030b (active)
Mar  9 10:43:14 Client03 kernel: [    1.591729] pnp 00:02: Plug and Play ACPI device, IDs PNP0f03 PNP0f13 (active)
Mar  9 10:43:14 Client03 kernel: [    1.592430] pnp 00:03: [dma 0 disabled]
Mar  9 10:43:14 Client03 kernel: [    1.592460] pnp 00:03: Plug and Play ACPI device, IDs PNP0501 (active)
Mar  9 10:43:14 Client03 kernel: [    1.593148] pnp 00:04: [dma 0 disabled]
Mar  9 10:43:14 Client03 kernel: [    1.593180] pnp 00:04: Plug and Play ACPI device, IDs PNP0501 (active)
Mar  9 10:43:14 Client03 kernel: [    1.593840] pnp 00:05: [dma 2]
Mar  9 10:43:14 Client03 kernel: [    1.593874] pnp 00:05: Plug and Play ACPI device, IDs PNP0700 (active)
Mar  9 10:43:14 Client03 kernel: [    1.593919] system 00:06: [io  0x01e0-0x01ef] has been reserved
Mar  9 10:43:14 Client03 kernel: [    1.597718] system 00:06: [io  0x0160-0x016f] has been reserved
Mar  9 10:43:14 Client03 kernel: [    1.602616] system 00:06: [io  0x0278-0x027f] has been reserved
Mar  9 10:43:14 Client03 kernel: [    1.606413] system 00:06: [io  0x0378-0x037f] has been reserved
Mar  9 10:43:14 Client03 kernel: [    1.610214] system 00:06: [io  0x0678-0x067f] has been reserved
Mar  9 10:43:14 Client03 kernel: [    1.614679] system 00:06: [io  0x0778-0x077f] has been reserved
Mar  9 10:43:14 Client03 kernel: [    1.619002] system 00:06: [io  0x04d0-0x04d1] has been reserved
Mar  9 10:43:14 Client03 kernel: [    1.623132] system 00:06: Plug and Play ACPI device, IDs PNP0c02 (active)
Mar  9 10:43:14 Client03 kernel: [    1.623293] system 00:07: [io  0x0400-0x043f] has been reserved
Mar  9 10:43:14 Client03 kernel: [    1.627484] system 00:07: [io  0x0370-0x0371] has been reserved
Mar  9 10:43:14 Client03 kernel: [    1.631964] system 00:07: [io  0x0440-0x044f] has been reserved
Mar  9 10:43:14 Client03 kernel: [    1.636291] system 00:07: [mem 0xfec00000-0xfec00fff] could not be reserved
Mar  9 10:43:14 Client03 kernel: [    1.641276] system 00:07: [mem 0xfee00000-0xfee00fff] has been reserved
Mar  9 10:43:14 Client03 kernel: [    1.645248] system 00:07: Plug and Play ACPI device, IDs PNP0c02 (active)
Mar  9 10:43:14 Client03 kernel: [    1.645363] system 00:08: [mem 0x00000000-0x0009ffff] could not be reserved
Mar  9 10:43:14 Client03 kernel: [    1.657229] system 00:08: [mem 0x000c0000-0x000dffff] could not be reserved
Mar  9 10:43:14 Client03 kernel: [    1.662371] system 00:08: [mem 0x000e0000-0x000fffff] could not be reserved
Mar  9 10:43:14 Client03 kernel: [    1.676785] system 00:08: [mem 0x00100000-0x3fffffff] could not be reserved
Mar  9 10:43:14 Client03 kernel: [    1.682092] system 00:08: [mem 0xfffc0000-0xffffffff] has been reserved
Mar  9 10:43:14 Client03 kernel: [    1.687826] system 00:08: Plug and Play ACPI device, IDs PNP0c01 (active)
Mar  9 10:43:14 Client03 kernel: [    1.688107] pnp: PnP ACPI: found 9 devices
Mar  9 10:43:14 Client03 kernel: [    1.699033] clocksource: acpi_pm: mask: 0xffffff max_cycles: 0xffffff, max_idle_ns: 2085701024 ns
Mar  9 10:43:14 Client03 kernel: [    1.705312] pci_bus 0000:00: resource 4 [mem 0xfe0000000-0xfffffffff window]
Mar  9 10:43:14 Client03 kernel: [    1.705313] pci_bus 0000:00: resource 5 [io  0x0000-0x0cf7 window]
Mar  9 10:43:14 Client03 kernel: [    1.705315] pci_bus 0000:00: resource 6 [io  0x0d00-0xffff window]
Mar  9 10:43:14 Client03 kernel: [    1.705316] pci_bus 0000:00: resource 7 [mem 0x000a0000-0x000bffff window]
Mar  9 10:43:14 Client03 kernel: [    1.705317] pci_bus 0000:00: resource 8 [mem 0x40000000-0xfffbffff window]
Mar  9 10:43:14 Client03 kernel: [    1.705445] NET: Registered protocol family 2
Mar  9 10:43:14 Client03 kernel: [    1.708807] tcp_listen_portaddr_hash hash table entries: 4096 (order: 4, 65536 bytes)
Mar  9 10:43:14 Client03 kernel: [    1.718541] TCP established hash table entries: 65536 (order: 7, 524288 bytes)
Mar  9 10:43:14 Client03 kernel: [    1.724520] TCP bind hash table entries: 65536 (order: 8, 1048576 bytes)
Mar  9 10:43:14 Client03 kernel: [    1.730110] TCP: Hash tables configured (established 65536 bind 65536)
Mar  9 10:43:14 Client03 kernel: [    1.735041] UDP hash table entries: 4096 (order: 5, 131072 bytes)
Mar  9 10:43:14 Client03 kernel: [    1.740891] UDP-Lite hash table entries: 4096 (order: 5, 131072 bytes)
Mar  9 10:43:14 Client03 kernel: [    1.746327] NET: Registered protocol family 1
Mar  9 10:43:14 Client03 kernel: [    1.749603] NET: Registered protocol family 44
Mar  9 10:43:14 Client03 kernel: [    1.753036] pci 0000:00:00.0: Limiting direct PCI/PCI transfers
Mar  9 10:43:14 Client03 kernel: [    1.757953] pci 0000:00:08.0: Video device with shadowed ROM at [mem 0x000c0000-0x000dffff]
Mar  9 10:43:14 Client03 kernel: [    1.764189] PCI: CLS 0 bytes, default 64
Mar  9 10:43:14 Client03 kernel: [    1.764228] Unpacking initramfs...
Mar  9 10:43:14 Client03 kernel: [    2.076982] Freeing initrd memory: 19648K
Mar  9 10:43:14 Client03 kernel: [    2.080111] PCI-DMA: Using software bounce buffering for IO (SWIOTLB)
Mar  9 10:43:14 Client03 kernel: [    2.087197] software IO TLB: mapped [mem 0x3bff0000-0x3fff0000] (64MB)
Mar  9 10:43:14 Client03 kernel: [    2.092890] check: Scanning for low memory corruption every 60 seconds
Mar  9 10:43:14 Client03 kernel: [    2.099893] Initialise system trusted keyrings
Mar  9 10:43:14 Client03 kernel: [    2.103817] Key type blacklist registered
Mar  9 10:43:14 Client03 kernel: [    2.107066] workingset: timestamp_bits=36 max_order=21 bucket_order=0
Mar  9 10:43:14 Client03 kernel: [    2.113156] zbud: loaded
Mar  9 10:43:14 Client03 kernel: [    2.115955] squashfs: version 4.0 (2009/01/31) Phillip Lougher
Mar  9 10:43:14 Client03 kernel: [    2.120217] fuse init (API version 7.28)
Mar  9 10:43:14 Client03 kernel: [    2.158969] Key type asymmetric registered
Mar  9 10:43:14 Client03 kernel: [    2.161331] Asymmetric key parser 'x509' registered
Mar  9 10:43:14 Client03 kernel: [    2.165694] Block layer SCSI generic (bsg) driver version 0.4 loaded (major 243)
Mar  9 10:43:14 Client03 kernel: [    2.179788] shpchp: Standard Hot Plug PCI Controller Driver version: 0.4
Mar  9 10:43:14 Client03 kernel: [    2.183391] intel_idle: Please enable MWAIT in BIOS SETUP
Mar  9 10:43:14 Client03 kernel: [    2.183468] input: Power Button as /devices/LNXSYSTM:00/LNXPWRBN:00/input/input0
Mar  9 10:43:14 Client03 kernel: [    2.187546] ACPI: Power Button [PWRF]
Mar  9 10:43:14 Client03 kernel: [    2.189951] Serial: 8250/16550 driver, 32 ports, IRQ sharing enabled
Mar  9 10:43:14 Client03 kernel: [    2.219274] 00:03: ttyS0 at I/O 0x3f8 (irq = 4, base_baud = 115200) is a 16550A
Mar  9 10:43:14 Client03 kernel: [    2.250889] 00:04: ttyS1 at I/O 0x2f8 (irq = 3, base_baud = 115200) is a 16550A
Mar  9 10:43:14 Client03 kernel: [    2.256922] Linux agpgart interface v0.103
Mar  9 10:43:14 Client03 kernel: [    2.270411] loop: module loaded
Mar  9 10:43:14 Client03 kernel: [    2.272899] hv_vmbus: registering driver hv_storvsc
Mar  9 10:43:14 Client03 kernel: [    2.276669] ata_piix 0000:00:07.1: version 2.13
Mar  9 10:43:14 Client03 kernel: [    2.276955] ata_piix 0000:00:07.1: Hyper-V Virtual Machine detected, ATA device ignore set
Mar  9 10:43:14 Client03 kernel: [    2.277280] scsi host0: storvsc_host_t
Mar  9 10:43:14 Client03 kernel: [    2.296736] scsi host1: ata_piix
Mar  9 10:43:14 Client03 kernel: [    2.299794] scsi host2: ata_piix
Mar  9 10:43:14 Client03 kernel: [    2.302698] ata1: PATA max UDMA/33 cmd 0x1f0 ctl 0x3f6 bmdma 0xffa0 irq 14
Mar  9 10:43:14 Client03 kernel: [    2.302851] scsi 0:0:0:0: Direct-Access     Msft     Virtual Disk     1.0  PQ: 0 ANSI: 5
Mar  9 10:43:14 Client03 kernel: [    2.308641] ata2: PATA max UDMA/33 cmd 0x170 ctl 0x376 bmdma 0xffa8 irq 15
Mar  9 10:43:14 Client03 kernel: [    2.308840] libphy: Fixed MDIO Bus: probed
Mar  9 10:43:14 Client03 kernel: [    2.315413] sd 0:0:0:0: Attached scsi generic sg0 type 0
Mar  9 10:43:14 Client03 kernel: [    2.331839] tun: Universal TUN/TAP device driver, 1.6
Mar  9 10:43:14 Client03 kernel: [    2.344269] sd 0:0:0:0: [sda] 62916608 512-byte logical blocks: (32.2 GB/30.0 GiB)
Mar  9 10:43:14 Client03 kernel: [    2.350607] PPP generic driver version 2.4.2
Mar  9 10:43:14 Client03 kernel: [    2.351478] sd 0:0:0:0: [sda] 4096-byte physical blocks
Mar  9 10:43:14 Client03 kernel: [    2.358625] i8042: PNP: PS/2 Controller [PNP0303:PS2K,PNP0f03:PS2M] at 0x60,0x64 irq 1,12
Mar  9 10:43:14 Client03 kernel: [    2.361986] sd 0:0:0:0: [sda] Write Protect is off
Mar  9 10:43:14 Client03 kernel: [    2.372039] serio: i8042 KBD port at 0x60,0x64 irq 1
Mar  9 10:43:14 Client03 kernel: [    2.373059] sd 0:0:0:0: [sda] Mode Sense: 0f 00 10 00
Mar  9 10:43:14 Client03 kernel: [    2.376822] serio: i8042 AUX port at 0x60,0x64 irq 12
Mar  9 10:43:14 Client03 kernel: [    2.380953] sd 0:0:0:0: [sda] Write cache: enabled, read cache: enabled, supports DPO and FUA
Mar  9 10:43:14 Client03 kernel: [    2.384950] mousedev: PS/2 mouse device common for all mice
Mar  9 10:43:14 Client03 kernel: [    2.395910] rtc_cmos 00:00: RTC can wake from S4
Mar  9 10:43:14 Client03 kernel: [    2.398276] scsi host3: storvsc_host_t
Mar  9 10:43:14 Client03 kernel: [    2.424601] scsi 3:0:1:0: Direct-Access     Msft     Virtual Disk     1.0  PQ: 0 ANSI: 5
Mar  9 10:43:14 Client03 kernel: [    2.431290] rtc_cmos 00:00: registered as rtc0
Mar  9 10:43:14 Client03 kernel: [    2.431884] sd 3:0:1:0: Attached scsi generic sg1 type 0
Mar  9 10:43:14 Client03 kernel: [    2.435186] rtc_cmos 00:00: alarms up to one month, 114 bytes nvram
Mar  9 10:43:14 Client03 kernel: [    2.442727] sd 3:0:1:0: [sdb] 33554432 512-byte logical blocks: (17.2 GB/16.0 GiB)
Mar  9 10:43:14 Client03 kernel: [    2.446440] device-mapper: uevent: version 1.0.3
Mar  9 10:43:14 Client03 kernel: [    2.451694] sd 3:0:1:0: [sdb] 4096-byte physical blocks
Mar  9 10:43:14 Client03 kernel: [    2.455748] device-mapper: ioctl: 4.39.0-ioctl (2018-04-03) initialised: dm-devel@redhat.com
Mar  9 10:43:14 Client03 kernel: [    2.460022] sd 3:0:1:0: [sdb] Write Protect is off
Mar  9 10:43:14 Client03 kernel: [    2.471738] platform eisa.0: Probing EISA bus 0
Mar  9 10:43:14 Client03 kernel: [    2.476616] sd 3:0:1:0: [sdb] Mode Sense: 0f 00 10 00
Mar  9 10:43:14 Client03 kernel: [    2.480515] GPT:Primary header thinks Alt. header is not at the end of the disk.
Mar  9 10:43:14 Client03 kernel: [    2.480800] scsi host4: storvsc_host_t
Mar  9 10:43:14 Client03 kernel: [    2.486305] GPT:4612095 != 62916607
Mar  9 10:43:14 Client03 kernel: [    2.502629] sd 3:0:1:0: [sdb] Write cache: disabled, read cache: enabled, supports DPO and FUA
Mar  9 10:43:14 Client03 kernel: [    2.506752] GPT:Alternate GPT header not at the end of the disk.
Mar  9 10:43:14 Client03 kernel: [    2.520873] GPT:4612095 != 62916607
Mar  9 10:43:14 Client03 kernel: [    2.524434] GPT: Use GNU Parted to correct GPT errors.
Mar  9 10:43:14 Client03 kernel: [    2.528800]  sda: sda1 sda14 sda15
Mar  9 10:43:14 Client03 kernel: [    2.537973] platform eisa.0: EISA: Cannot allocate resource for mainboard
Mar  9 10:43:14 Client03 kernel: [    2.544675] platform eisa.0: Cannot allocate resource for EISA slot 1
Mar  9 10:43:14 Client03 kernel: [    2.550112] platform eisa.0: Cannot allocate resource for EISA slot 2
Mar  9 10:43:14 Client03 kernel: [    2.556184] platform eisa.0: Cannot allocate resource for EISA slot 3
Mar  9 10:43:14 Client03 kernel: [    2.562348] platform eisa.0: Cannot allocate resource for EISA slot 4
Mar  9 10:43:14 Client03 kernel: [    2.568254] platform eisa.0: Cannot allocate resource for EISA slot 5
Mar  9 10:43:14 Client03 kernel: [    2.573865] platform eisa.0: Cannot allocate resource for EISA slot 6
Mar  9 10:43:14 Client03 kernel: [    2.578885] platform eisa.0: Cannot allocate resource for EISA slot 7
Mar  9 10:43:14 Client03 kernel: [    2.584164] platform eisa.0: Cannot allocate resource for EISA slot 8
Mar  9 10:43:14 Client03 kernel: [    2.589703] platform eisa.0: EISA: Detected 0 cards
Mar  9 10:43:14 Client03 kernel: [    2.596612] NET: Registered protocol family 10
Mar  9 10:43:14 Client03 kernel: [    2.601619] sd 0:0:0:0: [sda] Attached SCSI disk
Mar  9 10:43:14 Client03 kernel: [    2.613906] Segment Routing with IPv6
Mar  9 10:43:14 Client03 kernel: [    2.617528] NET: Registered protocol family 17
Mar  9 10:43:14 Client03 kernel: [    2.621788] Key type dns_resolver registered
Mar  9 10:43:14 Client03 kernel: [    2.632336] scsi host5: storvsc_host_t
Mar  9 10:43:14 Client03 kernel: [    2.698236] mce: Using 1 MCE banks
Mar  9 10:43:14 Client03 kernel: [    2.698827] input: AT Translated Set 2 keyboard as /devices/platform/i8042/serio0/input/input1
Mar  9 10:43:14 Client03 kernel: [    2.704844] RAS: Correctable Errors collector initialized.
Mar  9 10:43:14 Client03 kernel: [    2.710079] ata1.01: host indicates ignore ATA devices, ignored
Mar  9 10:43:14 Client03 kernel: [    2.718237] registered taskstats version 1
Mar  9 10:43:14 Client03 kernel: [    2.721551] Loading compiled-in X.509 certificates
Mar  9 10:43:14 Client03 kernel: [    2.734658] Loaded X.509 cert 'Build time autogenerated kernel key: 9c13c25bb46bb08aadac8fd6055952f30e111a90'
Mar  9 10:43:14 Client03 kernel: [    2.748317] zswap: loaded using pool lzo/zbud
Mar  9 10:43:14 Client03 kernel: [    2.772554] ata2.01: NODEV after polling detection
Mar  9 10:43:14 Client03 kernel: [    2.864379] ata1.00: host indicates ignore ATA devices, ignored
Mar  9 10:43:14 Client03 kernel: [    2.865128] ata2.00: ATAPI: Virtual CD, , max MWDMA2
Mar  9 10:43:14 Client03 kernel: [    2.873242] Key type big_key registered
Mar  9 10:43:14 Client03 kernel: [    2.875636]  sdb: sdb1
Mar  9 10:43:14 Client03 kernel: [    2.879779] Key type trusted registered
Mar  9 10:43:14 Client03 kernel: [    2.880840] scsi: waiting for bus probes to complete ...
Mar  9 10:43:14 Client03 kernel: [    2.890854] Key type encrypted registered
Mar  9 10:43:14 Client03 kernel: [    2.891699] sd 3:0:1:0: [sdb] Attached SCSI disk
Mar  9 10:43:14 Client03 kernel: [    2.894383] AppArmor: AppArmor sha1 policy hashing enabled
Mar  9 10:43:14 Client03 kernel: [    2.906116] ima: No TPM chip found, activating TPM-bypass!
Mar  9 10:43:14 Client03 kernel: [    2.911290] ima: Allocated hash algorithm: sha1
Mar  9 10:43:14 Client03 kernel: [    2.915549] No architecture policies found
Mar  9 10:43:14 Client03 kernel: [    2.915555] scsi 2:0:0:0: CD-ROM            Msft     Virtual CD/ROM   1.0  PQ: 0 ANSI: 5
Mar  9 10:43:14 Client03 kernel: [    2.920223] evm: Initialising EVM extended attributes:
Mar  9 10:43:14 Client03 kernel: [    2.920224] evm: security.selinux
Mar  9 10:43:14 Client03 kernel: [    2.920225] evm: security.SMACK64
Mar  9 10:43:14 Client03 kernel: [    2.920226] evm: security.SMACK64EXEC
Mar  9 10:43:14 Client03 kernel: [    2.920226] evm: security.SMACK64TRANSMUTE
Mar  9 10:43:14 Client03 kernel: [    2.920227] evm: security.SMACK64MMAP
Mar  9 10:43:14 Client03 kernel: [    2.920227] evm: security.apparmor
Mar  9 10:43:14 Client03 kernel: [    2.920228] evm: security.ima
Mar  9 10:43:14 Client03 kernel: [    2.920228] evm: security.capability
Mar  9 10:43:14 Client03 kernel: [    2.920230] evm: HMAC attrs: 0x1
Mar  9 10:43:14 Client03 kernel: [    2.939009] sr 2:0:0:0: [sr0] scsi3-mmc drive: 0x/0x tray
Mar  9 10:43:14 Client03 kernel: [    2.943411]   Magic number: 12:847:678
Mar  9 10:43:14 Client03 kernel: [    2.945831] cdrom: Uniform CD-ROM driver Revision: 3.20
Mar  9 10:43:14 Client03 kernel: [    2.952558] acpi LNXCPU:23: hash matches
Mar  9 10:43:14 Client03 kernel: [    2.983190] sr 2:0:0:0: Attached scsi CD-ROM sr0
Mar  9 10:43:14 Client03 kernel: [    2.983267] sr 2:0:0:0: Attached scsi generic sg2 type 5
Mar  9 10:43:14 Client03 kernel: [    2.994992] rtc_cmos 00:00: setting system clock to 2020-03-09T10:40:40 UTC (1583750440)
Mar  9 10:43:14 Client03 kernel: [    2.996724] Unstable clock detected, switching default tracing clock to "global"
Mar  9 10:43:14 Client03 kernel: [    2.996724] If you want to keep using the local clock, then add:
Mar  9 10:43:14 Client03 kernel: [    2.996724]   "trace_clock=local"
Mar  9 10:43:14 Client03 kernel: [    2.996724] on the kernel command line
Mar  9 10:43:14 Client03 kernel: [    3.017966] Freeing unused decrypted memory: 2040K
Mar  9 10:43:14 Client03 kernel: [    3.023660] Freeing unused kernel image memory: 2360K
Mar  9 10:43:14 Client03 kernel: [    3.034304] Write protecting the kernel read-only data: 18432k
Mar  9 10:43:14 Client03 kernel: [    3.039514] Freeing unused kernel image memory: 2008K
Mar  9 10:43:14 Client03 kernel: [    3.043623] Freeing unused kernel image memory: 152K
Mar  9 10:43:14 Client03 kernel: [    3.066991] x86/mm: Checked W+X mappings: passed, no W+X pages found.
Mar  9 10:43:14 Client03 kernel: [    3.071983] x86/mm: Checking user space page tables
Mar  9 10:43:14 Client03 kernel: [    3.086767] x86/mm: Checked W+X mappings: passed, no W+X pages found.
Mar  9 10:43:14 Client03 kernel: [    3.091926] Run /init as init process
Mar  9 10:43:14 Client03 kernel: [    3.246851] hv_vmbus: registering driver hyperv_fb
Mar  9 10:43:14 Client03 kernel: [    3.259468] hv_vmbus: registering driver hv_netvsc
Mar  9 10:43:14 Client03 kernel: [    3.262696] hyperv_fb: Screen resolution: 1152x864, Color depth: 32
Mar  9 10:43:14 Client03 kernel: [    3.271345] Console: switching to colour frame buffer device 144x54
Mar  9 10:43:14 Client03 kernel: [    3.281017] hv_utils: Registering HyperV Utility Driver
Mar  9 10:43:14 Client03 kernel: [    3.281018] hv_vmbus: registering driver hv_utils
Mar  9 10:43:14 Client03 kernel: [    3.281372] hv_utils: Heartbeat IC version 3.0
Mar  9 10:43:14 Client03 kernel: [    3.292345] hv_utils: Shutdown IC version 3.0
Mar  9 10:43:14 Client03 kernel: [    3.298542] hv_vmbus: registering driver hyperv_keyboard
Mar  9 10:43:14 Client03 kernel: [    3.298740] hv_utils: TimeSync IC version 4.0
Mar  9 10:43:14 Client03 kernel: [    3.318677] hv_utils: VSS IC version 5.0
Mar  9 10:43:14 Client03 kernel: [    3.321493] input: AT Translated Set 2 keyboard as /devices/LNXSYSTM:00/LNXSYBUS:00/PNP0A03:00/device:07/VMBUS:01/d34b2567-b9b6-42b9-8778-0a4ec0b955bf/serio2/input/input3
Mar  9 10:43:14 Client03 kernel: [    3.323127] hidraw: raw HID events driver (C) Jiri Kosina
Mar  9 10:43:14 Client03 kernel: [    3.359846] hv_vmbus: registering driver hid_hyperv
Mar  9 10:43:14 Client03 kernel: [    3.377998] input: Microsoft Vmbus HID-compliant Mouse as /devices/0006:045E:0621.0001/input/input4
Mar  9 10:43:14 Client03 kernel: [    3.387102] hid 0006:045E:0621.0001: input: <UNKNOWN> HID v0.01 Mouse [Microsoft Vmbus HID-compliant Mouse] on 
Mar  9 10:43:14 Client03 kernel: [    3.413969] cryptd: max_cpu_qlen set to 1000
Mar  9 10:43:14 Client03 kernel: [    3.454931] AVX2 version of gcm_enc/dec engaged.
Mar  9 10:43:14 Client03 kernel: [    3.457271] AES CTR mode by8 optimization enabled
Mar  9 10:43:14 Client03 kernel: [    5.758265] raid6: avx2x4   gen() 23054 MB/s
Mar  9 10:43:14 Client03 kernel: [    5.806272] raid6: avx2x4   xor() 14696 MB/s
Mar  9 10:43:14 Client03 kernel: [    5.854265] raid6: avx2x2   gen() 20877 MB/s
Mar  9 10:43:14 Client03 kernel: [    5.902272] raid6: avx2x2   xor() 12503 MB/s
Mar  9 10:43:14 Client03 kernel: [    5.950263] raid6: avx2x1   gen() 17248 MB/s
Mar  9 10:43:14 Client03 kernel: [    5.998263] raid6: avx2x1   xor() 11620 MB/s
Mar  9 10:43:14 Client03 kernel: [    6.046291] raid6: sse2x4   gen() 12374 MB/s
Mar  9 10:43:14 Client03 kernel: [    6.094286] raid6: sse2x4   xor()  7560 MB/s
Mar  9 10:43:14 Client03 kernel: [    6.142275] raid6: sse2x2   gen() 10659 MB/s
Mar  9 10:43:14 Client03 kernel: [    6.190264] raid6: sse2x2   xor()  6596 MB/s
Mar  9 10:43:14 Client03 kernel: [    6.238269] raid6: sse2x1   gen()  8444 MB/s
Mar  9 10:43:14 Client03 kernel: [    6.286263] raid6: sse2x1   xor()  5845 MB/s
Mar  9 10:43:14 Client03 kernel: [    6.289067] raid6: using algorithm avx2x4 gen() 23054 MB/s
Mar  9 10:43:14 Client03 kernel: [    6.293162] raid6: .... xor() 14696 MB/s, rmw enabled
Mar  9 10:43:14 Client03 kernel: [    6.296727] raid6: using avx2x2 recovery algorithm
Mar  9 10:43:14 Client03 kernel: [    6.301202] xor: automatically using best checksumming function   avx       
Mar  9 10:43:14 Client03 kernel: [    6.307583] async_tx: api initialized (async)
Mar  9 10:43:14 Client03 kernel: [    6.365820] Btrfs loaded, crc32c=crc32c-intel
Mar  9 10:43:14 Client03 kernel: [    6.506171] EXT4-fs (sda1): mounted filesystem with ordered data mode. Opts: (null)
Mar  9 10:43:14 Client03 kernel: [    9.657839] systemd[1]: systemd 237 running in system mode. (+PAM +AUDIT +SELINUX +IMA +APPARMOR +SMACK +SYSVINIT +UTMP +LIBCRYPTSETUP +GCRYPT +GNUTLS +ACL +XZ +LZ4 +SECCOMP +BLKID +ELFUTILS +KMOD -IDN2 +IDN -PCRE2 default-hierarchy=hybrid)
Mar  9 10:43:14 Client03 kernel: [    9.672957] systemd[1]: Detected virtualization microsoft.
Mar  9 10:43:14 Client03 kernel: [    9.677377] systemd[1]: Detected architecture x86-64.
Mar  9 10:43:14 Client03 kernel: [    9.720943] systemd[1]: Set hostname to <ubuntu>.
Mar  9 10:43:14 Client03 kernel: [    9.818568] systemd[1]: Initializing machine ID from random generator.
Mar  9 10:43:14 Client03 kernel: [    9.823667] systemd[1]: Installed transient /etc/machine-id file.
Mar  9 10:43:14 Client03 kernel: [   11.548240] systemd[1]: Set up automount Arbitrary Executable File Formats File System Automount Point.
Mar  9 10:43:14 Client03 kernel: [   11.568625] systemd[1]: Created slice User and Session Slice.
Mar  9 10:43:14 Client03 kernel: [   11.578249] systemd[1]: Started Forward Password Requests to Wall Directory Watch.
Mar  9 10:43:14 Client03 kernel: [   11.587333] systemd[1]: Reached target User and Group Name Lookups.
Mar  9 10:43:14 Client03 kernel: [   11.688332] EXT4-fs (sda1): re-mounted. Opts: discard
Mar  9 10:43:14 Client03 kernel: [   11.832485] Loading iSCSI transport class v2.0-870.
Mar  9 10:43:14 Client03 kernel: [   11.926557] systemd-journald[502]: Received request to flush runtime journal from PID 1
Mar  9 10:43:14 Client03 kernel: [   11.970203] iscsi: registered transport (tcp)
Mar  9 10:43:14 Client03 kernel: [   12.299456] iscsi: registered transport (iser)
Mar  9 10:43:14 Client03 kernel: [   12.838390] hv_vmbus: registering driver hv_balloon
Mar  9 10:43:14 Client03 kernel: [   12.841779] hv_balloon: Using Dynamic Memory protocol version 2.0
Mar  9 10:43:14 Client03 kernel: [   13.151079] KVM: vmx: using Hyper-V Enlightened VMCS
Mar  9 10:43:14 Client03 kernel: [   13.310819] hv_utils: KVP IC version 4.0
Mar  9 10:43:14 Client03 kernel: [   15.964967] audit: type=1400 audit(1583750454.095:2): apparmor="STATUS" operation="profile_load" profile="unconfined" name="/sbin/dhclient" pid=833 comm="apparmor_parser"
Mar  9 10:43:14 Client03 kernel: [   15.965977] audit: type=1400 audit(1583750454.095:3): apparmor="STATUS" operation="profile_load" profile="unconfined" name="/usr/lib/NetworkManager/nm-dhcp-client.action" pid=833 comm="apparmor_parser"
Mar  9 10:43:14 Client03 kernel: [   15.968199] audit: type=1400 audit(1583750454.099:4): apparmor="STATUS" operation="profile_load" profile="unconfined" name="/usr/lib/NetworkManager/nm-dhcp-helper" pid=833 comm="apparmor_parser"
Mar  9 10:43:14 Client03 kernel: [   15.968929] audit: type=1400 audit(1583750454.099:5): apparmor="STATUS" operation="profile_load" profile="unconfined" name="/usr/lib/connman/scripts/dhclient-script" pid=833 comm="apparmor_parser"
Mar  9 10:43:14 Client03 kernel: [   15.988536] audit: type=1400 audit(1583750454.119:6): apparmor="STATUS" operation="profile_load" profile="unconfined" name="/usr/bin/lxc-start" pid=850 comm="apparmor_parser"
Mar  9 10:43:14 Client03 kernel: [   16.056870] audit: type=1400 audit(1583750454.187:7): apparmor="STATUS" operation="profile_load" profile="unconfined" name="lxc-container-default" pid=834 comm="apparmor_parser"
Mar  9 10:43:14 Client03 kernel: [   16.057773] audit: type=1400 audit(1583750454.187:8): apparmor="STATUS" operation="profile_load" profile="unconfined" name="lxc-container-default-cgns" pid=834 comm="apparmor_parser"
Mar  9 10:43:14 Client03 kernel: [   16.058709] audit: type=1400 audit(1583750454.191:9): apparmor="STATUS" operation="profile_load" profile="unconfined" name="lxc-container-default-with-mounting" pid=834 comm="apparmor_parser"
Mar  9 10:43:14 Client03 kernel: [   16.059518] audit: type=1400 audit(1583750454.191:10): apparmor="STATUS" operation="profile_load" profile="unconfined" name="lxc-container-default-with-nesting" pid=834 comm="apparmor_parser"
Mar  9 10:43:14 Client03 kernel: [   16.099021] audit: type=1400 audit(1583750454.231:11): apparmor="STATUS" operation="profile_load" profile="unconfined" name="/usr/bin/man" pid=852 comm="apparmor_parser"
Mar  9 10:43:14 Client03 kernel: [   25.581130] UDF-fs: INFO Mounting volume 'UDF Volume', timestamp 2020/03/10 00:00 (1000)
Mar  9 10:43:14 Client03 kernel: [   25.923463] IPv6: ADDRCONF(NETDEV_CHANGE): eth0: link becomes ready
Mar  9 10:43:14 Client03 kernel: [   60.943052] hv_balloon: Max. dynamic memory size: 8192 MB
Mar  9 10:43:14 Client03 kernel: [  146.928080] EXT4-fs (sda1): resizing filesystem from 548091 to 7836155 blocks
Mar  9 10:43:14 Client03 kernel: [  149.924857] EXT4-fs (sda1): resized filesystem to 7836155
Mar  9 10:43:14 Client03 kernel: [  150.568814]  sdb: sdb1
Mar  9 10:43:14 Client03 kernel: [  152.886373] EXT4-fs (sdb1): mounted filesystem with ordered data mode. Opts: (null)
Mar  9 10:43:14 Client03 kernel: [  154.950183] hv_utils: VSS: userspace daemon ver. 129 connected
Mar  9 10:43:14 Client03 kernel: [  155.013986] new mount options do not match the existing superblock, will be ignored
Mar  9 10:43:14 Client03 python3[1277]: 2020/03/09 10:43:14.371919 INFO Daemon Azure Linux Agent Version:2.2.45
Mar  9 10:43:14 Client03 python3[1277]: 2020/03/09 10:43:14.379859 INFO Daemon OS: ubuntu 18.04
Mar  9 10:43:14 Client03 python3[1277]: 2020/03/09 10:43:14.385741 INFO Daemon Python: 3.6.9
Mar  9 10:43:14 Client03 python3[1277]: 2020/03/09 10:43:14.389072 INFO Daemon CGroups Status: The cgroup filesystem is ready to use
Mar  9 10:43:14 Client03 python3[1277]: 2020/03/09 10:43:14.395209 INFO Daemon Run daemon
Mar  9 10:43:14 Client03 python3[1277]: 2020/03/09 10:43:14.404940 INFO Daemon cloud-init is enabled: True
Mar  9 10:43:14 Client03 python3[1277]: 2020/03/09 10:43:14.407729 INFO Daemon Using cloud-init for provisioning
Mar  9 10:43:14 Client03 python3[1277]: 2020/03/09 10:43:14.410776 INFO Daemon Clean protocol
Mar  9 10:43:14 Client03 python3[1277]: 2020/03/09 10:43:14.412863 INFO Daemon Running CloudInit provisioning handler
Mar  9 10:43:14 Client03 python3[1277]: 2020/03/09 10:43:14.419267 INFO Daemon Detect protocol endpoints
Mar  9 10:43:14 Client03 python3[1277]: 2020/03/09 10:43:14.423096 INFO Daemon Clean protocol
Mar  9 10:43:14 Client03 python3[1277]: 2020/03/09 10:43:14.426242 INFO Daemon WireServer endpoint is not found. Rerun dhcp handler
Mar  9 10:43:14 Client03 python3[1277]: 2020/03/09 10:43:14.430692 INFO Daemon Test for route to 168.63.129.16
Mar  9 10:43:14 Client03 python3[1277]: 2020/03/09 10:43:14.434380 INFO Daemon Route to 168.63.129.16 exists
Mar  9 10:43:14 Client03 python3[1277]: 2020/03/09 10:43:14.437893 INFO Daemon Wire server endpoint:168.63.129.16
Mar  9 10:43:14 Client03 python3[1277]: 2020/03/09 10:43:14.447571 INFO Daemon Fabric preferred wire protocol version:2015-04-05
Mar  9 10:43:14 Client03 python3[1277]: 2020/03/09 10:43:14.452377 INFO Daemon Wire protocol version:2012-11-30
Mar  9 10:43:14 Client03 python3[1277]: 2020/03/09 10:43:14.456157 INFO Daemon Server preferred version:2015-04-05
Mar  9 10:43:14 Client03 python3[1277]: 2020/03/09 10:43:14.534936 INFO Daemon ssh host key found at: /etc/ssh/ssh_host_rsa_key.pub
Mar  9 10:43:14 Client03 python3[1277]: 2020/03/09 10:43:14.542804 INFO Daemon Thumbprint obtained from : /etc/ssh/ssh_host_rsa_key.pub
Mar  9 10:43:14 Client03 python3[1277]: 2020/03/09 10:43:14.548359 INFO Daemon Finished provisioning
Mar  9 10:43:15 Client03 python3[1277]: 2020/03/09 10:43:15.561806 INFO Daemon RDMA capabilities are not enabled, skipping
Mar  9 10:43:15 Client03 python3[1277]: 2020/03/09 10:43:15.566550 INFO Daemon Installed Agent WALinuxAgent-2.2.45 is the most current agent
Mar  9 10:43:15 Client03 python3[1277]: 2020/03/09 10:43:15.702457 INFO ExtHandler Agent WALinuxAgent-2.2.45 is running as the goal state agent
Mar  9 10:43:15 Client03 python3[1277]: 2020/03/09 10:43:15.707548 INFO ExtHandler Distro info: ubuntu 18.04, osutil class being used: Ubuntu18OSUtil, agent service name: walinuxagent
Mar  9 10:43:15 Client03 python3[1277]: 2020/03/09 10:43:15.716133 INFO ExtHandler Wire server endpoint:168.63.129.16
Mar  9 10:43:15 Client03 python3[1277]: 2020/03/09 10:43:15.766017 INFO ExtHandler Start env monitor service.
Mar  9 10:43:15 Client03 python3[1277]: 2020/03/09 10:43:15.770312 INFO ExtHandler Configure routes
Mar  9 10:43:15 Client03 python3[1277]: 2020/03/09 10:43:15.773226 INFO ExtHandler Gateway:None
Mar  9 10:43:15 Client03 python3[1277]: 2020/03/09 10:43:15.775940 INFO ExtHandler Routes:None
Mar  9 10:43:15 Client03 python3[1277]: 2020/03/09 10:43:15.778696 INFO ExtHandler Hostname record does not exist, creating [/var/lib/waagent/published_hostname] with hostname [Client03]
Mar  9 10:43:15 Client03 python3[1277]: 2020/03/09 10:43:15.794176 INFO ExtHandler Wire server endpoint:168.63.129.16
Mar  9 10:43:15 Client03 python3[1277]: 2020/03/09 10:43:15.822312 INFO ExtHandler WALinuxAgent-2.2.45 running as process 1498
Mar  9 10:43:15 Client03 python3[1277]: 2020/03/09 10:43:15.828179 INFO ExtHandler CGroups Status: The cgroup filesystem is ready to use
Mar  9 10:43:15 Client03 python3[1277]: 2020/03/09 10:43:15.833338 INFO ExtHandler Started tracking new cgroup: walinuxagent.service, path: /sys/fs/cgroup/cpu/system.slice/walinuxagent.service
Mar  9 10:43:15 Client03 python3[1277]: 2020/03/09 10:43:15.840189 INFO ExtHandler Started tracking new cgroup: walinuxagent.service, path: /sys/fs/cgroup/memory/system.slice/walinuxagent.service
Mar  9 10:43:15 Client03 systemd[1]: Reloading.
Mar  9 10:43:15 Client03 kernel: [  157.835324] bpfilter: Loaded bpfilter_umh pid 1543
Mar  9 10:43:16 Client03 systemd[1]: Created slice Slice for walinuxagent extensions.
Mar  9 10:43:16 Client03 python3[1277]: 2020/03/09 10:43:16.036834 INFO ExtHandler Created slice for walinuxagent extensions system-walinuxagent.extensions.slice
Mar  9 10:43:16 Client03 python3[1277]: 2020/03/09 10:43:16.043626 INFO ExtHandler Wire server endpoint:168.63.129.16
Mar  9 10:43:16 Client03 python3[1277]: 2020/03/09 10:43:16.062431 INFO ExtHandler Route table: [{"Iface": "eth0", "Destination": "0.0.0.0", "Gateway": "10.0.0.1", "Mask": "0.0.0.0", "Flags": "0x0003", "Metric": "100"},{"Iface": "eth0", "Destination": "10.0.0.0", "Gateway": "0.0.0.0", "Mask": "255.0.0.0", "Flags": "0x0001", "Metric": "0"},{"Iface": "eth0", "Destination": "168.63.129.16", "Gateway": "10.0.0.1", "Mask": "255.255.255.255", "Flags": "0x0007", "Metric": "100"},{"Iface": "eth0", "Destination": "169.254.169.254", "Gateway": "10.0.0.1", "Mask": "255.255.255.255", "Flags": "0x0007", "Metric": "100"}]
Mar  9 10:43:16 Client03 python3[1277]: 2020/03/09 10:43:16.083959 INFO ExtHandler Initial NIC state: [{ "name": "lo", "link": "<LOOPBACK,UP,LOWER_UP> mtu 65536 qdisc noqueue state UNKNOWN mode DEFAULT group default qlen 1000\    link/loopback 00:00:00:00:00:00 brd 00:00:00:00:00:00" }, { "name": "eth0", "link": "<BROADCAST,MULTICAST,UP,LOWER_UP> mtu 1500 qdisc mq state UP mode DEFAULT group default qlen 1000\    link/ether 00:0d:3a:20:d5:af brd ff:ff:ff:ff:ff:ff" }]
Mar  9 10:43:16 Client03 python3[1277]: 2020/03/09 10:43:16.354676 INFO ExtHandler Successfully added Azure fabric firewall rules
Mar  9 10:43:16 Client03 python3[1277]: 2020/03/09 10:43:16.366160 INFO ExtHandler Firewall rules:
Mar  9 10:43:16 Client03 python3[1277]: Chain INPUT (policy ACCEPT 4 packets, 12429 bytes)
Mar  9 10:43:16 Client03 python3[1277]:     pkts      bytes target     prot opt in     out     source               destination
Mar  9 10:43:16 Client03 python3[1277]: Chain FORWARD (policy ACCEPT 0 packets, 0 bytes)
Mar  9 10:43:16 Client03 python3[1277]:     pkts      bytes target     prot opt in     out     source               destination
Mar  9 10:43:16 Client03 python3[1277]: Chain OUTPUT (policy ACCEPT 6 packets, 500 bytes)
Mar  9 10:43:16 Client03 python3[1277]:     pkts      bytes target     prot opt in     out     source               destination
Mar  9 10:43:16 Client03 python3[1277]:        0        0 ACCEPT     tcp  --  *      *       0.0.0.0/0            168.63.129.16        owner UID match 0
Mar  9 10:43:16 Client03 python3[1277]:        0        0 DROP       tcp  --  *      *       0.0.0.0/0            168.63.129.16        ctstate INVALID,NEW
Mar  9 10:43:16 Client03 python3[1277]: 2020/03/09 10:43:16.392171 INFO ExtHandler Set block dev timeout: sdb with timeout: 300
Mar  9 10:43:16 Client03 python3[1277]: 2020/03/09 10:43:16.395989 INFO ExtHandler Set block dev timeout: sda with timeout: 300
Mar  9 10:43:16 Client03 python3[1277]: 2020/03/09 10:43:16.585612 INFO ExtHandler Agent WALinuxAgent-2.2.45 discovered update WALinuxAgent-2.2.46 -- exiting
Mar  9 10:43:16 Client03 snapd[1362]: AppArmor status: apparmor is enabled and all features are available
Mar  9 10:43:16 Client03 pollinate[1253]: client verified challenge/response with [https://entropy.ubuntu.com/]
Mar  9 10:43:16 Client03 pollinate[1253]: client hashed response from [https://entropy.ubuntu.com/]
Mar  9 10:43:16 Client03 pollinate[1253]: client successfully seeded [/dev/urandom]
Mar  9 10:43:16 Client03 systemd[1]: Started Pollinate to seed the pseudo random number generator.
Mar  9 10:43:16 Client03 systemd[1]: Starting OpenBSD Secure Shell server...
Mar  9 10:43:17 Client03 systemd[1]: Started OpenBSD Secure Shell server.
Mar  9 10:43:17 Client03 snapd[1362]: daemon.go:346: started snapd/2.42.1+18.04 (series 16; classic) ubuntu/18.04 (amd64) linux/5.0.0-1032-azure.
Mar  9 10:43:17 Client03 snapd[1362]: daemon.go:439: adjusting startup timeout by 30s (pessimistic estimate of 30s plus 5s per snap)
Mar  9 10:43:17 Client03 python3[1277]: 2020/03/09 10:43:17.574720 INFO Daemon Agent WALinuxAgent-2.2.45 launched with command 'python3 -u /usr/sbin/waagent -run-exthandlers' is successfully running
Mar  9 10:43:17 Client03 python3[1277]: 2020/03/09 10:43:17.584322 INFO Daemon Determined Agent WALinuxAgent-2.2.46 to be the latest agent
Mar  9 10:43:17 Client03 python3[1277]: 2020-03-09T10:43:17.994348Z INFO ExtHandler Agent WALinuxAgent-2.2.46 is running as the goal state agent
Mar  9 10:43:17 Client03 python3[1277]: 2020-03-09T10:43:17.999184Z INFO ExtHandler Distro info: ubuntu 18.04, osutil class being used: Ubuntu18OSUtil, agent service name: walinuxagent
Mar  9 10:43:18 Client03 python3[1277]: 2020-03-09T10:43:18.021344Z INFO ExtHandler WireServer endpoint 168.63.129.16 read from file
Mar  9 10:43:18 Client03 python3[1277]: 2020-03-09T10:43:18.026163Z INFO ExtHandler Wire server endpoint:168.63.129.16
Mar  9 10:43:18 Client03 python3[1277]: 2020-03-09T10:43:18.113710Z INFO ExtHandler Start env monitor service.
Mar  9 10:43:18 Client03 python3[1277]: 2020-03-09T10:43:18.118987Z INFO ExtHandler Configure routes
Mar  9 10:43:18 Client03 python3[1277]: 2020-03-09T10:43:18.133075Z INFO ExtHandler Gateway:None
Mar  9 10:43:18 Client03 python3[1277]: 2020-03-09T10:43:18.136440Z INFO ExtHandler Routes:None
Mar  9 10:43:18 Client03 python3[1277]: 2020-03-09T10:43:18.151529Z INFO ExtHandler WireServer endpoint 168.63.129.16 read from file
Mar  9 10:43:18 Client03 python3[1277]: 2020-03-09T10:43:18.155226Z INFO ExtHandler WALinuxAgent-2.2.46 running as process 1646
Mar  9 10:43:18 Client03 python3[1277]: 2020-03-09T10:43:18.155775Z INFO ExtHandler Wire server endpoint:168.63.129.16
Mar  9 10:43:18 Client03 python3[1277]: 2020-03-09T10:43:18.166455Z INFO ExtHandler CGroups Status: The cgroup filesystem is ready to use
Mar  9 10:43:18 Client03 python3[1277]: 2020-03-09T10:43:18.175088Z INFO ExtHandler Started tracking new cgroup: walinuxagent.service, path: /sys/fs/cgroup/cpu/system.slice/walinuxagent.service
Mar  9 10:43:18 Client03 python3[1277]: 2020-03-09T10:43:18.184577Z INFO ExtHandler Started tracking new cgroup: walinuxagent.service, path: /sys/fs/cgroup/memory/system.slice/walinuxagent.service
Mar  9 10:43:18 Client03 python3[1277]: 2020-03-09T10:43:18.188581Z INFO ExtHandler Route table: [{"Iface": "eth0", "Destination": "0.0.0.0", "Gateway": "10.0.0.1", "Mask": "0.0.0.0", "Flags": "0x0003", "Metric": "100"},{"Iface": "eth0", "Destination": "10.0.0.0", "Gateway": "0.0.0.0", "Mask": "255.0.0.0", "Flags": "0x0001", "Metric": "0"},{"Iface": "eth0", "Destination": "168.63.129.16", "Gateway": "10.0.0.1", "Mask": "255.255.255.255", "Flags": "0x0007", "Metric": "100"},{"Iface": "eth0", "Destination": "169.254.169.254", "Gateway": "10.0.0.1", "Mask": "255.255.255.255", "Flags": "0x0007", "Metric": "100"}]
Mar  9 10:43:18 Client03 systemd[1]: Started LXD - container startup/shutdown.
Mar  9 10:43:18 Client03 python3[1277]: 2020-03-09T10:43:18.238938Z INFO ExtHandler Initial NIC state: [{ "name": "lo", "link": "<LOOPBACK,UP,LOWER_UP> mtu 65536 qdisc noqueue state UNKNOWN mode DEFAULT group default qlen 1000\    link/loopback 00:00:00:00:00:00 brd 00:00:00:00:00:00" }, { "name": "eth0", "link": "<BROADCAST,MULTICAST,UP,LOWER_UP> mtu 1500 qdisc mq state UP mode DEFAULT group default qlen 1000\    link/ether 00:0d:3a:20:d5:af brd ff:ff:ff:ff:ff:ff" }]
Mar  9 10:43:18 Client03 systemd[1]: Reloading.
Mar  9 10:43:18 Client03 python3[1277]: 2020-03-09T10:43:18.333208Z INFO ExtHandler Successfully added Azure fabric firewall rules
Mar  9 10:43:18 Client03 python3[1277]: 2020-03-09T10:43:18.357590Z INFO ExtHandler Firewall rules:
Mar  9 10:43:18 Client03 python3[1277]: Chain INPUT (policy ACCEPT 0 packets, 0 bytes)
Mar  9 10:43:18 Client03 python3[1277]:     pkts      bytes target     prot opt in     out     source               destination
Mar  9 10:43:18 Client03 python3[1277]: Chain FORWARD (policy ACCEPT 0 packets, 0 bytes)
Mar  9 10:43:18 Client03 python3[1277]:     pkts      bytes target     prot opt in     out     source               destination
Mar  9 10:43:18 Client03 python3[1277]: Chain OUTPUT (policy ACCEPT 0 packets, 0 bytes)
Mar  9 10:43:18 Client03 python3[1277]:     pkts      bytes target     prot opt in     out     source               destination
Mar  9 10:43:18 Client03 python3[1277]:        0        0 ACCEPT     tcp  --  *      *       0.0.0.0/0            168.63.129.16        owner UID match 0
Mar  9 10:43:18 Client03 python3[1277]:        0        0 DROP       tcp  --  *      *       0.0.0.0/0            168.63.129.16        ctstate INVALID,NEW
Mar  9 10:43:18 Client03 snapd[1362]: helpers.go:104: error trying to compare the snap system key: system-key missing on disk
Mar  9 10:43:18 Client03 systemd[1]: Started Snappy daemon.
Mar  9 10:43:18 Client03 systemd[1]: Starting Wait until snapd is fully seeded...
Mar  9 10:43:18 Client03 python3[1277]: 2020-03-09T10:43:18.491538Z INFO ExtHandler Created slice for walinuxagent extensions system-walinuxagent.extensions.slice
Mar  9 10:43:18 Client03 python3[1277]: 2020-03-09T10:43:18.498052Z INFO ExtHandler WireServer endpoint 168.63.129.16 read from file
Mar  9 10:43:18 Client03 python3[1277]: 2020-03-09T10:43:18.503601Z INFO ExtHandler Wire server endpoint:168.63.129.16
Mar  9 10:43:18 Client03 python3[1277]: 2020-03-09T10:43:18.550801Z INFO ExtHandler WireServer endpoint 168.63.129.16 read from file
Mar  9 10:43:18 Client03 python3[1277]: 2020-03-09T10:43:18.551281Z INFO ExtHandler Wire server endpoint:168.63.129.16
Mar  9 10:43:18 Client03 python3[1277]: 2020-03-09T10:43:18.644039Z INFO ExtHandler WireServer endpoint 168.63.129.16 read from file
Mar  9 10:43:18 Client03 python3[1277]: 2020-03-09T10:43:18.644537Z INFO ExtHandler Wire server endpoint:168.63.129.16
Mar  9 10:43:18 Client03 python3[1277]: 2020-03-09T10:43:18.672175Z INFO ExtHandler ProcessGoalState completed [incarnation 1; 121 ms]
Mar  9 10:43:19 Client03 systemd[1]: Started Wait until snapd is fully seeded.
Mar  9 10:43:19 Client03 systemd[1]: Starting Apply the settings specified in cloud-config...
Mar  9 10:43:20 Client03 systemd[1]: Stopping OpenBSD Secure Shell server...
Mar  9 10:43:20 Client03 systemd[1]: Stopped OpenBSD Secure Shell server.
Mar  9 10:43:20 Client03 systemd[1]: Starting OpenBSD Secure Shell server...
Mar  9 10:43:20 Client03 systemd[1]: Started OpenBSD Secure Shell server.
Mar  9 10:43:23 Client03 snapd[1362]: daemon.go:540: gracefully waiting for running hooks
Mar  9 10:43:23 Client03 snapd[1362]: daemon.go:542: done waiting for running hooks
Mar  9 10:43:23 Client03 snapd[1362]: daemon stop requested to wait for socket activation
Mar  9 10:43:23 Client03 systemd-resolved[1008]: Server returned error NXDOMAIN, mitigating potential DNS violation DVE-2018-0001, retrying transaction with reduced feature level UDP.
Mar  9 10:43:23 Client03 systemd-resolved[1008]: message repeated 3 times: [ Server returned error NXDOMAIN, mitigating potential DNS violation DVE-2018-0001, retrying transaction with reduced feature level UDP.]
Mar  9 10:43:23 Client03 cloud-init[1785]: Cloud-init v. 19.4-33-gbb4131a2-0ubuntu1~18.04.1 running 'modules:config' at Mon, 09 Mar 2020 10:43:20 +0000. Up 161.32 seconds.
Mar  9 10:43:23 Client03 systemd[1]: Started Apply the settings specified in cloud-config.
Mar  9 10:43:23 Client03 systemd[1]: Starting Write warning to Azure ephemeral disk...
Mar  9 10:43:23 Client03 root: Added ephemeral disk warning to /mnt/DATALOSS_WARNING_README.txt
Mar  9 10:43:23 Client03 systemd[1]: Started Write warning to Azure ephemeral disk.
Mar  9 10:43:23 Client03 systemd[1]: Reached target Multi-User System.
Mar  9 10:43:23 Client03 systemd[1]: Starting Execute cloud user/final scripts...
Mar  9 10:43:23 Client03 systemd[1]: Reached target Graphical Interface.
Mar  9 10:43:23 Client03 systemd[1]: Starting Update UTMP about System Runlevel Changes...
Mar  9 10:43:23 Client03 systemd[1]: Started Update UTMP about System Runlevel Changes.
Mar  9 10:43:24 Client03 ec2: 
Mar  9 10:43:24 Client03 ec2: #############################################################
Mar  9 10:43:24 Client03 ec2: -----BEGIN SSH HOST KEY FINGERPRINTS-----
Mar  9 10:43:24 Client03 ec2: 1024 SHA256:R9YtQZBWQkohOiRjc9jZ38P0Ul7tl0q0qqvBReXcxpU root@Client03 (DSA)
Mar  9 10:43:24 Client03 ec2: 256 SHA256:QkYEsiBxeFi32nrcWd4sjoTzRIvos4XkhsC3wY7a4+c root@Client03 (ECDSA)
Mar  9 10:43:24 Client03 ec2: 256 SHA256:sGEXZz6n+DoIIyVTMOaVznIvVHU2X+jMIYalU8tJWLk root@Client03 (ED25519)
Mar  9 10:43:24 Client03 ec2: 2048 SHA256:SwJTaOhkuFDWCpuoSvPbtxLIS96ymdjN7ZJ/usn11wQ root@Client03 (RSA)
Mar  9 10:43:24 Client03 ec2: -----END SSH HOST KEY FINGERPRINTS-----
