LineId,Month,Date,Time,Type,Component,Content,EventId,EventTemplate,ParameterList
1,Mar,8,14:50:48,UbuntuApp,kernel,[  835.164886] kauditd_printk_skb: 29 callbacks suppressed,b183aa7d,[ <*>.<*>] kauditd_printk_skb: <*> callbacks suppressed,"['835.164886', '29']"
2,Mar,8,14:50:48,UbuntuApp,kernel,[  835.164888] audit: type=1305 audit(1583679048.487:82): audit_pid=0 old=6409 auid=4294967295 ses=4294967295 res=1,e5dc5808,[ <*>.<*>] audit: type=<*> audit(<*>.<*>:<*>): <*> old=<*> auid=<*> ses=<*> res=<*>,"['835.164888', '1305', '1583679048.487', '82', 'audit_pid=0', '6409', '4294967295', '4294967295', '1']"
3,Mar,8,14:50:48,UbuntuApp,kernel,"[  835.166048] audit: type=1130 audit(1583679048.487:83): pid=1 uid=0 auid=4294967295 ses=4294967295 msg='unit=auditd comm=""systemd"" exe=""/lib/systemd/systemd"" hostname=? addr=? terminal=? res=success'",6123ddfc,"[ <*>.<*>] audit: type=<*> audit(<*>.<*>:<*>): pid=<*> uid=<*> auid=<*> ses=<*> msg='unit=auditd comm=""systemd"" exe=""/lib/systemd/systemd"" hostname=? addr=? terminal=? res=success'","['835.166048', '1130', '1583679048.487', '83', '1', '0', '4294967295', '4294967295']"
4,Mar,8,14:50:48,UbuntuApp,kernel,"[  835.166052] audit: type=1131 audit(1583679048.487:84): pid=1 uid=0 auid=4294967295 ses=4294967295 msg='unit=auditd comm=""systemd"" exe=""/lib/systemd/systemd"" hostname=? addr=? terminal=? res=success'",6123ddfc,"[ <*>.<*>] audit: type=<*> audit(<*>.<*>:<*>): pid=<*> uid=<*> auid=<*> ses=<*> msg='unit=auditd comm=""systemd"" exe=""/lib/systemd/systemd"" hostname=? addr=? terminal=? res=success'","['835.166052', '1131', '1583679048.487', '84', '1', '0', '4294967295', '4294967295']"
5,Mar,8,14:50:48,UbuntuApp,kernel,[  835.183391] audit: type=1305 audit(1583679048.503:85): audit_enabled=1 old=1 auid=4294967295 ses=4294967295 res=1,e5dc5808,[ <*>.<*>] audit: type=<*> audit(<*>.<*>:<*>): <*> old=<*> auid=<*> ses=<*> res=<*>,"['835.183391', '1305', '1583679048.503', '85', 'audit_enabled=1', '1', '4294967295', '4294967295', '1']"
6,Mar,8,15:04:16,UbuntuApp,kernel,[ 1643.235670] audit: type=1305 audit(1583679856.557:121): audit_pid=0 old=7345 auid=4294967295 ses=4294967295 res=1,e5dc5808,[ <*>.<*>] audit: type=<*> audit(<*>.<*>:<*>): <*> old=<*> auid=<*> ses=<*> res=<*>,"['1643.235670', '1305', '1583679856.557', '121', 'audit_pid=0', '7345', '4294967295', '4294967295', '1']"
7,Mar,8,15:04:16,UbuntuApp,kernel,"[ 1643.239061] audit: type=1131 audit(1583679856.561:122): pid=1 uid=0 auid=4294967295 ses=4294967295 msg='unit=auditd comm=""systemd"" exe=""/lib/systemd/systemd"" hostname=? addr=? terminal=? res=success'",6123ddfc,"[ <*>.<*>] audit: type=<*> audit(<*>.<*>:<*>): pid=<*> uid=<*> auid=<*> ses=<*> msg='unit=auditd comm=""systemd"" exe=""/lib/systemd/systemd"" hostname=? addr=? terminal=? res=success'","['1643.239061', '1131', '1583679856.561', '122', '1', '0', '4294967295', '4294967295']"
8,Mar,8,15:04:16,UbuntuApp,kernel,[ 1643.261136] audit: type=1305 audit(1583679856.585:123): audit_enabled=1 old=1 auid=4294967295 ses=4294967295 res=1,e5dc5808,[ <*>.<*>] audit: type=<*> audit(<*>.<*>:<*>): <*> old=<*> auid=<*> ses=<*> res=<*>,"['1643.261136', '1305', '1583679856.585', '123', 'audit_enabled=1', '1', '4294967295', '4294967295', '1']"
9,Mar,8,16:05:57,UbuntuApp,kernel,[ 5344.191475] hv_utils: Shutdown request received - graceful shutdown initiated,fed60bb0,[ <*>.<*>] hv_utils: Shutdown request received - graceful shutdown initiated,['5344.191475']
10,Mar,8,16:05:57,UbuntuApp,kernel,[ 5344.307129] rfkill: input handler enabled,8f72dbf6,[ <*>.<*>] <*> <*> <*> enabled,"['5344.307129', 'rfkill:', 'input handler']"
11,Mar,9,12:58:38,UbuntuApp,kernel,[    0.000000] Linux version 5.0.0-1032-azure (buildd@lcy01-amd64-016) (gcc version 7.4.0 (Ubuntu 7.4.0-1ubuntu1~18.04.1)) #34-Ubuntu SMP Mon Feb 10 19:37:25 UTC 2020 (Ubuntu 5.0.0-1032.34-azure 5.0.21),be94182a,[ <*>.<*>] Linux version <*>.<*>.<*>-<*>-azure (buildd@lcy01-amd64-<*>) (gcc version <*>.<*>.<*> (Ubuntu <*>.<*>.<*>-1ubuntu1~<*>.<*>.<*>)) #<*>-Ubuntu SMP Mon Feb <*> <*>:<*>:<*> UTC <*> (Ubuntu <*>.<*>.<*>-<*>.<*>-azure <*>.<*>.<*>),"['0.000000', '5', '0.0-1032', '016', '7', '4.0', '7', '4.0', '18', '04.1', '34', '10 19', '37:25', '2020', '5', '0', '0-1032.34', '5', '0.21']"
12,Mar,9,12:58:38,UbuntuApp,kernel,[    0.000000] Command line: BOOT_IMAGE=/boot/vmlinuz-5.0.0-1032-azure root=UUID=5604f71e-1e5f-443c-a99e-b82bb5c201df ro console=tty1 console=ttyS0 earlyprintk=ttyS0 rootdelay=300,114429ff,[ <*>.<*>] Command line: BOOT_IMAGE=/boot/vmlinuz-<*>.<*>.<*>-<*>-azure root=UUID=5604f71e-1e5f-443c-a99e-b82bb5c201df ro console=tty1 console=ttyS0 earlyprintk=ttyS0 rootdelay=<*>,"['0.000000', '5', '0.0-1032', '300']"
13,Mar,9,12:58:38,UbuntuApp,kernel,[    0.000000] KERNEL supported cpus:,965b1ec6,[ <*>.<*>] KERNEL supported cpus:,['0.000000']
14,Mar,9,12:58:38,UbuntuApp,kernel,[    0.000000]   Intel GenuineIntel,936b8562,[ <*>.<*>] <*> <*>,"['0.000000', 'Intel GenuineIntel']"
15,Mar,9,12:58:38,UbuntuApp,kernel,[    0.000000]   AMD AuthenticAMD,936b8562,[ <*>.<*>] <*> <*>,"['0.000000', 'AMD AuthenticAMD']"
16,Mar,9,12:58:38,UbuntuApp,kernel,[    0.000000]   Hygon HygonGenuine,936b8562,[ <*>.<*>] <*> <*>,"['0.000000', 'Hygon HygonGenuine']"
17,Mar,9,12:58:38,UbuntuApp,kernel,[    0.000000]   Centaur CentaurHauls,936b8562,[ <*>.<*>] <*> <*>,"['0.000000', 'Centaur CentaurHauls']"
18,Mar,9,12:58:38,UbuntuApp,kernel,[    0.000000] x86/fpu: Supporting XSAVE feature 0x001: 'x87 floating point registers',fde341ba,[ <*>.<*>] x86/fpu: Supporting XSAVE feature 0x001: 'x87 floating point registers',['0.000000']
19,Mar,9,12:58:38,UbuntuApp,kernel,[    0.000000] x86/fpu: Supporting XSAVE feature 0x002: 'SSE registers',a6660de3,[ <*>.<*>] x86/fpu: Supporting XSAVE feature <*> <*> <*>,"['0.000000', '0x002:', ""'SSE registers'""]"
20,Mar,9,12:58:38,UbuntuApp,kernel,[    0.000000] x86/fpu: Supporting XSAVE feature 0x004: 'AVX registers',a6660de3,[ <*>.<*>] x86/fpu: Supporting XSAVE feature <*> <*> <*>,"['0.000000', '0x004:', ""'AVX registers'""]"
21,Mar,9,12:58:38,UbuntuApp,kernel,"[    0.000000] x86/fpu: xstate_offset[2]:  576, xstate_sizes[2]:  256",94e7a6df,"[ <*>.<*>] x86/fpu: xstate_offset[<*>]: <*>, xstate_sizes[<*>]: <*>","['0.000000', '2', '576', '2', '256']"
22,Mar,9,12:58:38,UbuntuApp,kernel,"[    0.000000] x86/fpu: Enabled xstate features 0x7, context size is 832 bytes, using 'standard' format.",51ae9b48,"[ <*>.<*>] x86/fpu: Enabled xstate features <*> context size is <*> bytes, using <*> format.","['0.000000', '0x7,', '832', ""'standard'""]"
23,Mar,9,12:58:38,UbuntuApp,kernel,[    0.000000] BIOS-provided physical RAM map:,679f5927,[ <*>.<*>] BIOS-provided physical RAM map:,['0.000000']
24,Mar,9,12:58:38,UbuntuApp,kernel,[    0.000000] BIOS-e820: [mem 0x0000000000000000-0x000000000009fbff] usable,d4d60197,[ <*>.<*>] BIOS-e820: [mem <*> <*>,"['0.000000', '0x0000000000000000-0x000000000009fbff] usable']"
25,Mar,9,12:58:38,UbuntuApp,kernel,[    0.000000] BIOS-e820: [mem 0x000000000009fc00-0x000000000009ffff] reserved,d4d60197,[ <*>.<*>] BIOS-e820: [mem <*> <*>,"['0.000000', '0x000000000009fc00-0x000000000009ffff] reserved']"
26,Mar,9,12:58:38,UbuntuApp,kernel,[    0.000000] BIOS-e820: [mem 0x00000000000e0000-0x00000000000fffff] reserved,d4d60197,[ <*>.<*>] BIOS-e820: [mem <*> <*>,"['0.000000', '0x00000000000e0000-0x00000000000fffff] reserved']"
27,Mar,9,12:58:38,UbuntuApp,kernel,[    0.000000] BIOS-e820: [mem 0x0000000000100000-0x000000003ffeffff] usable,d4d60197,[ <*>.<*>] BIOS-e820: [mem <*> <*>,"['0.000000', '0x0000000000100000-0x000000003ffeffff] usable']"
28,Mar,9,12:58:38,UbuntuApp,kernel,[    0.000000] BIOS-e820: [mem 0x000000003fff0000-0x000000003fffefff] ACPI data,976560cf,[ <*>.<*>] BIOS-e820: [mem <*> ACPI <*>,"['0.000000', '0x000000003fff0000-0x000000003fffefff]', 'data']"
29,Mar,9,12:58:38,UbuntuApp,kernel,[    0.000000] BIOS-e820: [mem 0x000000003ffff000-0x000000003fffffff] ACPI NVS,976560cf,[ <*>.<*>] BIOS-e820: [mem <*> ACPI <*>,"['0.000000', '0x000000003ffff000-0x000000003fffffff]', 'NVS']"
30,Mar,9,12:58:38,UbuntuApp,kernel,[    0.000000] BIOS-e820: [mem 0x0000000100000000-0x00000002bfffffff] usable,d4d60197,[ <*>.<*>] BIOS-e820: [mem <*> <*>,"['0.000000', '0x0000000100000000-0x00000002bfffffff] usable']"
31,Mar,9,12:58:38,UbuntuApp,kernel,[    0.000000] printk: bootconsole [earlyser0] enabled,8f72dbf6,[ <*>.<*>] <*> <*> <*> enabled,"['0.000000', 'printk:', 'bootconsole [earlyser0]']"
32,Mar,9,12:58:38,UbuntuApp,kernel,[    0.000000] NX (Execute Disable) protection: active,a2cd9fdb,[ <*>.<*>] NX (Execute Disable) protection: active,['0.000000']
33,Mar,9,12:58:38,UbuntuApp,kernel,[    0.000000] SMBIOS 2.3 present.,271e8bd5,[ <*>.<*>] SMBIOS <*>.<*> present.,"['0.000000', '2.3']"
34,Mar,9,12:58:38,UbuntuApp,kernel,"[    0.000000] DMI: Microsoft Corporation Virtual Machine/Virtual Machine, BIOS 090007  06/02/2017",b20e8a2e,"[ <*>.<*>] DMI: Microsoft Corporation Virtual Machine/Virtual Machine, BIOS <*> <*>/<*>/<*>","['0.000000', '090007  06', '02/2017']"
35,Mar,9,12:58:38,UbuntuApp,kernel,[    0.000000] Hypervisor detected: Microsoft Hyper-V,91ab13e8,[ <*>.<*>] Hypervisor detected: Microsoft Hyper-V,['0.000000']
36,Mar,9,12:58:38,UbuntuApp,kernel,"[    0.000000] Hyper-V: features 0x2e7f, hints 0x44c2c",9d9bfdd0,"[ <*>.<*>] Hyper-V: features 0x2e7f, hints 0x44c2c",['0.000000']
37,Mar,9,12:58:38,UbuntuApp,kernel,[    0.000000] Hyper-V Host Build:14393-10.0-0-0.305,e41e7a65,[ <*>.<*>] Hyper-V Host Build:<*>-<*>.<*>-<*>-<*>.<*>,"['0.000000', '14393-10', '0', '0-0.305']"
38,Mar,9,12:58:38,UbuntuApp,kernel,[    0.000000] Hyper-V: LAPIC Timer Frequency: 0xc3500,14bf15a5,[ <*>.<*>] Hyper-V: LAPIC Timer Frequency: 0xc<*>,"['0.000000', '3500']"
39,Mar,9,12:58:38,UbuntuApp,kernel,[    0.000000] tsc: Marking TSC unstable due to running on Hyper-V,eaf7708b,[ <*>.<*>] tsc: Marking TSC unstable due to running on Hyper-V,['0.000000']
40,Mar,9,12:58:38,UbuntuApp,kernel,[    0.000000] Hyper-V: Using hypercall for remote TLB flush,db4f6103,[ <*>.<*>] Hyper-V: Using hypercall for remote TLB flush,['0.000000']
41,Mar,9,12:58:38,UbuntuApp,kernel,[    0.000000] tsc: Detected 2294.682 MHz processor,835ab552,[ <*>.<*>] tsc: Detected <*>.<*> MHz processor,"['0.000000', '2294.682']"
42,Mar,9,12:58:38,UbuntuApp,kernel,[    0.001565] e820: update [mem 0x00000000-0x00000fff] usable ==> reserved,7f8f754f,[ <*>.<*>] e820: update [mem <*> usable ==> reserved,"['0.001565', '0x00000000-0x00000fff]']"
43,Mar,9,12:58:38,UbuntuApp,kernel,[    0.001567] e820: remove [mem 0x000a0000-0x000fffff] usable,1f70e9aa,[ <*>.<*>] e820: remove [mem 0x000a0000-0x000fffff] usable,['0.001567']
44,Mar,9,12:58:38,UbuntuApp,kernel,[    0.001571] last_pfn = 0x2c0000 max_arch_pfn = 0x400000000,893b62e4,[ <*>.<*>] last_pfn = <*> max_arch_pfn = 0x<*>,"['0.001571', '0x2c0000', '400000000']"
45,Mar,9,12:58:38,UbuntuApp,kernel,[    0.005016] MTRR default type: uncachable,1dbe8e7a,[ <*>.<*>] MTRR <*> <*> <*>,"['0.005016', 'default', 'type: uncachable']"
46,Mar,9,12:58:38,UbuntuApp,kernel,[    0.005018] MTRR fixed ranges enabled:,1dbe8e7a,[ <*>.<*>] MTRR <*> <*> <*>,"['0.005018', 'fixed', 'ranges enabled:']"
47,Mar,9,12:58:38,UbuntuApp,kernel,[    0.005019]   00000-9FFFF write-back,936b8562,[ <*>.<*>] <*> <*>,"['0.005019', '00000-9FFFF write-back']"
48,Mar,9,12:58:38,UbuntuApp,kernel,[    0.005019]   A0000-DFFFF uncachable,936b8562,[ <*>.<*>] <*> <*>,"['0.005019', 'A0000-DFFFF uncachable']"
49,Mar,9,12:58:38,UbuntuApp,kernel,[    0.005020]   E0000-FFFFF write-back,936b8562,[ <*>.<*>] <*> <*>,"['0.005020', 'E0000-FFFFF write-back']"
50,Mar,9,12:58:38,UbuntuApp,kernel,[    0.005020] MTRR variable ranges enabled:,1dbe8e7a,[ <*>.<*>] MTRR <*> <*> <*>,"['0.005020', 'variable', 'ranges enabled:']"
51,Mar,9,12:58:38,UbuntuApp,kernel,[    0.005022]   0 base 00000000000 mask FFFC0000000 write-back,d1b7c0bc,[ <*>.<*>] <*> base <*> mask <*> write-back,"['0.005022', '0', '00000000000', 'FFFC0000000']"
52,Mar,9,12:58:38,UbuntuApp,kernel,[    0.005023]   1 base 00100000000 mask FF000000000 write-back,d1b7c0bc,[ <*>.<*>] <*> base <*> mask <*> write-back,"['0.005023', '1', '00100000000', 'FF000000000']"
53,Mar,9,12:58:38,UbuntuApp,kernel,[    0.005023]   2 disabled,936b8562,[ <*>.<*>] <*> <*>,"['0.005023', '2 disabled']"
54,Mar,9,12:58:38,UbuntuApp,kernel,[    0.005024]   3 disabled,936b8562,[ <*>.<*>] <*> <*>,"['0.005024', '3 disabled']"
55,Mar,9,12:58:38,UbuntuApp,kernel,[    0.005024]   4 disabled,936b8562,[ <*>.<*>] <*> <*>,"['0.005024', '4 disabled']"
56,Mar,9,12:58:38,UbuntuApp,kernel,[    0.005024]   5 disabled,936b8562,[ <*>.<*>] <*> <*>,"['0.005024', '5 disabled']"
57,Mar,9,12:58:38,UbuntuApp,kernel,[    0.005025]   6 disabled,936b8562,[ <*>.<*>] <*> <*>,"['0.005025', '6 disabled']"
58,Mar,9,12:58:38,UbuntuApp,kernel,[    0.005025]   7 disabled,936b8562,[ <*>.<*>] <*> <*>,"['0.005025', '7 disabled']"
59,Mar,9,12:58:38,UbuntuApp,kernel,[    0.005035] x86/PAT: Configuration [0-7]: WB  WC  UC- UC  WB  WP  UC- WT,5414a551,[ <*>.<*>] x86/PAT: Configuration [<*>-<*>]: WB WC UC- UC WB WP UC- WT,"['0.005035', '0-7']"
60,Mar,9,12:58:38,UbuntuApp,kernel,[    0.009080] e820: update [mem 0x40000000-0xffffffff] usable ==> reserved,7f8f754f,[ <*>.<*>] e820: update [mem <*> usable ==> reserved,"['0.009080', '0x40000000-0xffffffff]']"
61,Mar,9,12:58:38,UbuntuApp,kernel,[    0.010965] last_pfn = 0x3fff0 max_arch_pfn = 0x400000000,893b62e4,[ <*>.<*>] last_pfn = <*> max_arch_pfn = 0x<*>,"['0.010965', '0x3fff0', '400000000']"
62,Mar,9,12:58:38,UbuntuApp,kernel,[    0.022260] found SMP MP-table at [mem 0x000ff780-0x000ff78f],849f346f,[ <*>.<*>] found SMP MP-table at [mem 0x000ff780-0x000ff78f],['0.022260']
63,Mar,9,12:58:38,UbuntuApp,kernel,[    0.026209] check: Scanning 1 areas for low memory corruption,5b3d4674,[ <*>.<*>] check: Scanning <*> areas for low memory corruption,"['0.026209', '1']"
64,Mar,9,12:58:38,UbuntuApp,kernel,[    0.030183] Using GB pages for direct mapping,f6c22858,[ <*>.<*>] Using GB pages for direct mapping,['0.030183']
65,Mar,9,12:58:38,UbuntuApp,kernel,"[    0.032938] BRK [0x220402000, 0x220402fff] PGTABLE",bd206d38,[ <*>.<*>] BRK <*> <*> PGTABLE,"['0.032938', '[0x220402000, 0x220402fff]']"
66,Mar,9,12:58:38,UbuntuApp,kernel,"[    0.032940] BRK [0x220403000, 0x220403fff] PGTABLE",bd206d38,[ <*>.<*>] BRK <*> <*> PGTABLE,"['0.032940', '[0x220403000, 0x220403fff]']"
67,Mar,9,12:58:38,UbuntuApp,kernel,"[    0.032941] BRK [0x220404000, 0x220404fff] PGTABLE",bd206d38,[ <*>.<*>] BRK <*> <*> PGTABLE,"['0.032941', '[0x220404000, 0x220404fff]']"
68,Mar,9,12:58:38,UbuntuApp,kernel,"[    0.032964] BRK [0x220405000, 0x220405fff] PGTABLE",bd206d38,[ <*>.<*>] BRK <*> <*> PGTABLE,"['0.032964', '[0x220405000, 0x220405fff]']"
69,Mar,9,12:58:38,UbuntuApp,kernel,"[    0.033005] BRK [0x220406000, 0x220406fff] PGTABLE",bd206d38,[ <*>.<*>] BRK <*> <*> PGTABLE,"['0.033005', '[0x220406000, 0x220406fff]']"
70,Mar,9,12:58:38,UbuntuApp,kernel,[    0.033025] RAMDISK: [mem 0x351e7000-0x368eafff],1c598435,[ <*>.<*>] <*> [mem <*>,"['0.033025', 'RAMDISK:', '0x351e7000-0x368eafff]']"
71,Mar,9,12:58:38,UbuntuApp,kernel,[    0.035838] ACPI: Early table checksum verification disabled,5e4615b4,[ <*>.<*>] ACPI: Early table checksum verification disabled,['0.035838']
72,Mar,9,12:58:38,UbuntuApp,kernel,[    0.039464] ACPI: RSDP 0x00000000000F5BF0 000014 (v00 ACPIAM),ef90a7c4,[ <*>.<*>] ACPI: RSDP 0x00000000000F5BF0 <*> (v00 ACPIAM),"['0.039464', '000014']"
73,Mar,9,12:58:38,UbuntuApp,kernel,[    0.042912] ACPI: RSDT 0x000000003FFF0000 000040 (v01 VRTUAL MICROSFT 06001702 MSFT 00000097),99b568dc,[ <*>.<*>] ACPI: <*> <*> <*> <*> VRTUAL MICROSFT <*> MSFT <*>),"['0.042912', 'RSDT', '0x000000003FFF0000 000040 (v01', '06001702', '00000097']"
74,Mar,9,12:58:38,UbuntuApp,kernel,[    0.048783] ACPI: FACP 0x000000003FFF0200 000081 (v02 VRTUAL MICROSFT 06001702 MSFT 00000097),99b568dc,[ <*>.<*>] ACPI: <*> <*> <*> <*> VRTUAL MICROSFT <*> MSFT <*>),"['0.048783', 'FACP', '0x000000003FFF0200 000081 (v02', '06001702', '00000097']"
75,Mar,9,12:58:38,UbuntuApp,kernel,[    0.054102] ACPI: DSDT 0x000000003FFF1D24 003CBE (v01 MSFTVM MSFTVM02 00000002 INTL 02002026),55f70f8e,[ <*>.<*>] ACPI: DSDT 0x000000003FFF1D24 003CBE (v01 MSFTVM MSFTVM02 <*> INTL <*>),"['0.054102', '00000002', '02002026']"
76,Mar,9,12:58:38,UbuntuApp,kernel,[    0.059307] ACPI: FACS 0x000000003FFFF000 000040,384a7d61,[ <*>.<*>] ACPI: <*> <*> <*>,"['0.059307', 'FACS', '0x000000003FFFF000 000040']"
77,Mar,9,12:58:38,UbuntuApp,kernel,[    0.062490] ACPI: WAET 0x000000003FFF1A80 000028 (v01 VRTUAL MICROSFT 06001702 MSFT 00000097),99b568dc,[ <*>.<*>] ACPI: <*> <*> <*> <*> VRTUAL MICROSFT <*> MSFT <*>),"['0.062490', 'WAET', '0x000000003FFF1A80 000028 (v01', '06001702', '00000097']"
78,Mar,9,12:58:38,UbuntuApp,kernel,[    0.067832] ACPI: SLIC 0x000000003FFF1AC0 000176 (v01 VRTUAL MICROSFT 06001702 MSFT 00000097),99b568dc,[ <*>.<*>] ACPI: <*> <*> <*> <*> VRTUAL MICROSFT <*> MSFT <*>),"['0.067832', 'SLIC', '0x000000003FFF1AC0 000176 (v01', '06001702', '00000097']"
79,Mar,9,12:58:38,UbuntuApp,kernel,[    0.072959] ACPI: OEM0 0x000000003FFF1CC0 000064 (v01 VRTUAL MICROSFT 06001702 MSFT 00000097),99b568dc,[ <*>.<*>] ACPI: <*> <*> <*> <*> VRTUAL MICROSFT <*> MSFT <*>),"['0.072959', 'OEM0', '0x000000003FFF1CC0 000064 (v01', '06001702', '00000097']"
80,Mar,9,12:58:38,UbuntuApp,kernel,[    0.078268] ACPI: SRAT 0x000000003FFF0800 000140 (v02 VRTUAL MICROSFT 00000001 MSFT 00000001),99b568dc,[ <*>.<*>] ACPI: <*> <*> <*> <*> VRTUAL MICROSFT <*> MSFT <*>),"['0.078268', 'SRAT', '0x000000003FFF0800 000140 (v02', '00000001', '00000001']"
81,Mar,9,12:58:38,UbuntuApp,kernel,[    0.083507] ACPI: APIC 0x000000003FFF0300 000452 (v01 VRTUAL MICROSFT 06001702 MSFT 00000097),99b568dc,[ <*>.<*>] ACPI: <*> <*> <*> <*> VRTUAL MICROSFT <*> MSFT <*>),"['0.083507', 'APIC', '0x000000003FFF0300 000452 (v01', '06001702', '00000097']"
82,Mar,9,12:58:38,UbuntuApp,kernel,[    0.088639] ACPI: OEMB 0x000000003FFFF040 000064 (v01 VRTUAL MICROSFT 06001702 MSFT 00000097),99b568dc,[ <*>.<*>] ACPI: <*> <*> <*> <*> VRTUAL MICROSFT <*> MSFT <*>),"['0.088639', 'OEMB', '0x000000003FFFF040 000064 (v01', '06001702', '00000097']"
83,Mar,9,12:58:38,UbuntuApp,kernel,[    0.093709] ACPI: Local APIC address 0xfee00000,33c2304b,[ <*>.<*>] ACPI: Local APIC address 0xfee<*>,"['0.093709', '00000']"
84,Mar,9,12:58:38,UbuntuApp,kernel,[    0.093747] SRAT: PXM 0 -> APIC 0x00 -> Node 0,3a0052b7,[ <*>.<*>] SRAT: PXM <*> -> APIC <*> -> Node <*>,"['0.093747', '0 ->', '0x00 ->', '0']"
85,Mar,9,12:58:38,UbuntuApp,kernel,[    0.096076] SRAT: PXM 0 -> APIC 0x01 -> Node 0,3a0052b7,[ <*>.<*>] SRAT: PXM <*> -> APIC <*> -> Node <*>,"['0.096076', '0 ->', '0x01 ->', '0']"
86,Mar,9,12:58:38,UbuntuApp,kernel,[    0.098806] ACPI: SRAT: Node 0 PXM 0 [mem 0x00000000-0x3fffffff] hotplug,59806dab,[ <*>.<*>] ACPI: SRAT: Node <*> PXM <*> [mem <*> hotplug,"['0.098806', '0', '0', '0x00000000-0x3fffffff]']"
87,Mar,9,12:58:38,UbuntuApp,kernel,[    0.103094] ACPI: SRAT: Node 0 PXM 0 [mem 0x100000000-0x2bfffffff] hotplug,59806dab,[ <*>.<*>] ACPI: SRAT: Node <*> PXM <*> [mem <*> hotplug,"['0.103094', '0', '0', '0x100000000-0x2bfffffff]']"
88,Mar,9,12:58:38,UbuntuApp,kernel,[    0.107511] ACPI: SRAT: Node 0 PXM 0 [mem 0x2c0200000-0xfdfffffff] hotplug,59806dab,[ <*>.<*>] ACPI: SRAT: Node <*> PXM <*> [mem <*> hotplug,"['0.107511', '0', '0', '0x2c0200000-0xfdfffffff]']"
89,Mar,9,12:58:38,UbuntuApp,kernel,[    0.112376] ACPI: SRAT: Node 0 PXM 0 [mem 0x1000000000-0xffffffffff] hotplug,59806dab,[ <*>.<*>] ACPI: SRAT: Node <*> PXM <*> [mem <*> hotplug,"['0.112376', '0', '0', '0x1000000000-0xffffffffff]']"
90,Mar,9,12:58:38,UbuntuApp,kernel,[    0.117080] ACPI: SRAT: Node 0 PXM 0 [mem 0x10000200000-0x1ffffffffff] hotplug,59806dab,[ <*>.<*>] ACPI: SRAT: Node <*> PXM <*> [mem <*> hotplug,"['0.117080', '0', '0', '0x10000200000-0x1ffffffffff]']"
91,Mar,9,12:58:38,UbuntuApp,kernel,[    0.122267] ACPI: SRAT: Node 0 PXM 0 [mem 0x20000200000-0x3ffffffffff] hotplug,59806dab,[ <*>.<*>] ACPI: SRAT: Node <*> PXM <*> [mem <*> hotplug,"['0.122267', '0', '0', '0x20000200000-0x3ffffffffff]']"
92,Mar,9,12:58:38,UbuntuApp,kernel,[    0.126723] NUMA: Node 0 [mem 0x00000000-0x3fffffff] + [mem 0x100000000-0x2bfffffff] -> [mem 0x00000000-0x2bfffffff],2149b3b0,[ <*>.<*>] NUMA: Node <*> [mem 0x00000000-0x3fffffff] + [mem 0x100000000-0x2bfffffff] -> [mem 0x00000000-0x2bfffffff],"['0.126723', '0']"
93,Mar,9,12:58:38,UbuntuApp,kernel,[    0.134495] NODE_DATA(0) allocated [mem 0x2bffd5000-0x2bfffffff],b6667f9b,[ <*>.<*>] <*> <*> [mem <*>,"['0.134495', 'NODE_DATA(0) allocated', '0x2bffd5000-0x2bfffffff]']"
94,Mar,9,12:58:38,UbuntuApp,kernel,[    0.138435] Zone ranges:,936b8562,[ <*>.<*>] <*> <*>,"['0.138435', 'Zone ranges:']"
95,Mar,9,12:58:38,UbuntuApp,kernel,[    0.140042]   DMA      [mem 0x0000000000001000-0x0000000000ffffff],1c598435,[ <*>.<*>] <*> [mem <*>,"['0.140042', 'DMA', '0x0000000000001000-0x0000000000ffffff]']"
96,Mar,9,12:58:38,UbuntuApp,kernel,[    0.144061]   DMA32    [mem 0x0000000001000000-0x00000000ffffffff],1c598435,[ <*>.<*>] <*> [mem <*>,"['0.144061', 'DMA32', '0x0000000001000000-0x00000000ffffffff]']"
97,Mar,9,12:58:38,UbuntuApp,kernel,[    0.147835]   Normal   [mem 0x0000000100000000-0x00000002bfffffff],1c598435,[ <*>.<*>] <*> [mem <*>,"['0.147835', 'Normal', '0x0000000100000000-0x00000002bfffffff]']"
98,Mar,9,12:58:38,UbuntuApp,kernel,[    0.152665]   Device   empty,936b8562,[ <*>.<*>] <*> <*>,"['0.152665', 'Device   empty']"
99,Mar,9,12:58:38,UbuntuApp,kernel,[    0.154316] Movable zone start for each node,64c52242,[ <*>.<*>] Movable zone start for each node,['0.154316']
100,Mar,9,12:58:38,UbuntuApp,kernel,[    0.157491] Early memory node ranges,a091d2c8,[ <*>.<*>] Early memory node ranges,['0.157491']
101,Mar,9,12:58:38,UbuntuApp,kernel,[    0.160354]   node   0: [mem 0x0000000000001000-0x000000000009efff],b6667f9b,[ <*>.<*>] <*> <*> [mem <*>,"['0.160354', 'node   0:', '0x0000000000001000-0x000000000009efff]']"
102,Mar,9,12:58:38,UbuntuApp,kernel,[    0.164190]   node   0: [mem 0x0000000000100000-0x000000003ffeffff],b6667f9b,[ <*>.<*>] <*> <*> [mem <*>,"['0.164190', 'node   0:', '0x0000000000100000-0x000000003ffeffff]']"
103,Mar,9,12:58:38,UbuntuApp,kernel,[    0.168454]   node   0: [mem 0x0000000100000000-0x00000002bfffffff],b6667f9b,[ <*>.<*>] <*> <*> [mem <*>,"['0.168454', 'node   0:', '0x0000000100000000-0x00000002bfffffff]']"
104,Mar,9,12:58:38,UbuntuApp,kernel,[    0.172180] Zeroed struct page in unavailable ranges: 114 pages,466785ab,[ <*>.<*>] Zeroed struct page in unavailable ranges: <*> pages,"['0.172180', '114']"
105,Mar,9,12:58:38,UbuntuApp,kernel,[    0.172182] Initmem setup node 0 [mem 0x0000000000001000-0x00000002bfffffff],9b9613f5,[ <*>.<*>] Initmem setup node <*> [mem 0x0000000000001000-0x00000002bfffffff],"['0.172182', '0']"
106,Mar,9,12:58:38,UbuntuApp,kernel,[    0.180811] On node 0 totalpages: 2097038,6d7e682c,[ <*>.<*>] On node <*> totalpages: <*>,"['0.180811', '0', '2097038']"
107,Mar,9,12:58:38,UbuntuApp,kernel,[    0.180812]   DMA zone: 64 pages used for memmap,8f605fdb,[ <*>.<*>] <*> zone: <*> pages used for memmap,"['0.180812', 'DMA', '64']"
108,Mar,9,12:58:38,UbuntuApp,kernel,[    0.180812]   DMA zone: 21 pages reserved,4f135b04,[ <*>.<*>] DMA zone: <*> pages reserved,"['0.180812', '21']"
109,Mar,9,12:58:38,UbuntuApp,kernel,"[    0.180813]   DMA zone: 3998 pages, LIFO batch:0",c61c09e1,"[ <*>.<*>] <*> zone: <*> pages, LIFO batch:<*>","['0.180813', 'DMA', '3998', '0']"
110,Mar,9,12:58:38,UbuntuApp,kernel,[    0.180979]   DMA32 zone: 4032 pages used for memmap,8f605fdb,[ <*>.<*>] <*> zone: <*> pages used for memmap,"['0.180979', 'DMA32', '4032']"
111,Mar,9,12:58:38,UbuntuApp,kernel,"[    0.180980]   DMA32 zone: 258032 pages, LIFO batch:63",c61c09e1,"[ <*>.<*>] <*> zone: <*> pages, LIFO batch:<*>","['0.180980', 'DMA32', '258032', '63']"
112,Mar,9,12:58:38,UbuntuApp,kernel,[    0.189877]   Normal zone: 28672 pages used for memmap,8f605fdb,[ <*>.<*>] <*> zone: <*> pages used for memmap,"['0.189877', 'Normal', '28672']"
113,Mar,9,12:58:38,UbuntuApp,kernel,"[    0.189878]   Normal zone: 1835008 pages, LIFO batch:63",c61c09e1,"[ <*>.<*>] <*> zone: <*> pages, LIFO batch:<*>","['0.189878', 'Normal', '1835008', '63']"
114,Mar,9,12:58:38,UbuntuApp,kernel,[    0.239358] ACPI: PM-Timer IO Port: 0x408,b78b9daf,[ <*>.<*>] ACPI: PM-Timer IO Port: 0x<*>,"['0.239358', '408']"
115,Mar,9,12:58:38,UbuntuApp,kernel,[    0.242258] ACPI: Local APIC address 0xfee00000,33c2304b,[ <*>.<*>] ACPI: Local APIC address 0xfee<*>,"['0.242258', '00000']"
116,Mar,9,12:58:38,UbuntuApp,kernel,[    0.242280] ACPI: LAPIC_NMI (acpi_id[0xff] dfl dfl lint[0x1]),dd7dce95,[ <*>.<*>] ACPI: LAPIC_NMI (acpi_id[0xff] dfl dfl lint[0x1]),['0.242280']
117,Mar,9,12:58:38,UbuntuApp,kernel,"[    0.249901] IOAPIC[0]: apic_id 0, version 17, address 0xfec00000, GSI 0-23",a7e15138,"[ <*>.<*>] IOAPIC[<*>]: apic_id <*>, version <*>, address 0xfec00000, GSI <*>-<*>","['0.249901', '0', '0', '17', '0-23']"
118,Mar,9,12:58:38,UbuntuApp,kernel,[    0.255335] ACPI: INT_SRC_OVR (bus 0 bus_irq 0 global_irq 2 dfl dfl),14e2150c,[ <*>.<*>] ACPI: INT_SRC_OVR (bus <*> bus_irq <*> global_irq <*> <*> <*>,"['0.255335', '0', '0', '2', 'dfl dfl)']"
119,Mar,9,12:58:38,UbuntuApp,kernel,[    0.259386] ACPI: INT_SRC_OVR (bus 0 bus_irq 9 global_irq 9 high level),14e2150c,[ <*>.<*>] ACPI: INT_SRC_OVR (bus <*> bus_irq <*> global_irq <*> <*> <*>,"['0.259386', '0', '9', '9', 'high level)']"
120,Mar,9,12:58:38,UbuntuApp,kernel,[    0.268666] ACPI: IRQ0 used by override.,908df579,[ <*>.<*>] ACPI: <*> used by override.,"['0.268666', 'IRQ0']"
121,Mar,9,12:58:38,UbuntuApp,kernel,[    0.268668] ACPI: IRQ9 used by override.,908df579,[ <*>.<*>] ACPI: <*> used by override.,"['0.268668', 'IRQ9']"
122,Mar,9,12:58:38,UbuntuApp,kernel,[    0.268670] Using ACPI (MADT) for SMP configuration information,2d06faa7,[ <*>.<*>] Using ACPI (MADT) for SMP configuration information,['0.268670']
123,Mar,9,12:58:38,UbuntuApp,kernel,"[    0.272310] smpboot: Allowing 128 CPUs, 126 hotplug CPUs",9b8c143d,"[ <*>.<*>] smpboot: Allowing <*> CPUs, <*> hotplug CPUs","['0.272310', '128', '126']"
124,Mar,9,12:58:38,UbuntuApp,kernel,[    0.276418] PM: Registered nosave memory: [mem 0x00000000-0x00000fff],adb3b7e0,[ <*>.<*>] PM: Registered nosave memory: [mem <*>,"['0.276418', '0x00000000-0x00000fff]']"
125,Mar,9,12:58:38,UbuntuApp,kernel,[    0.280852] PM: Registered nosave memory: [mem 0x0009f000-0x0009ffff],adb3b7e0,[ <*>.<*>] PM: Registered nosave memory: [mem <*>,"['0.280852', '0x0009f000-0x0009ffff]']"
126,Mar,9,12:58:38,UbuntuApp,kernel,[    0.284815] PM: Registered nosave memory: [mem 0x000a0000-0x000dffff],adb3b7e0,[ <*>.<*>] PM: Registered nosave memory: [mem <*>,"['0.284815', '0x000a0000-0x000dffff]']"
127,Mar,9,12:58:38,UbuntuApp,kernel,[    0.288944] PM: Registered nosave memory: [mem 0x000e0000-0x000fffff],adb3b7e0,[ <*>.<*>] PM: Registered nosave memory: [mem <*>,"['0.288944', '0x000e0000-0x000fffff]']"
128,Mar,9,12:58:38,UbuntuApp,kernel,[    0.293459] PM: Registered nosave memory: [mem 0x3fff0000-0x3fffefff],adb3b7e0,[ <*>.<*>] PM: Registered nosave memory: [mem <*>,"['0.293459', '0x3fff0000-0x3fffefff]']"
129,Mar,9,12:58:38,UbuntuApp,kernel,[    0.297798] PM: Registered nosave memory: [mem 0x3ffff000-0x3fffffff],adb3b7e0,[ <*>.<*>] PM: Registered nosave memory: [mem <*>,"['0.297798', '0x3ffff000-0x3fffffff]']"
130,Mar,9,12:58:38,UbuntuApp,kernel,[    0.301674] PM: Registered nosave memory: [mem 0x40000000-0xffffffff],adb3b7e0,[ <*>.<*>] PM: Registered nosave memory: [mem <*>,"['0.301674', '0x40000000-0xffffffff]']"
131,Mar,9,12:58:38,UbuntuApp,kernel,[    0.306528] [mem 0x40000000-0xffffffff] available for PCI devices,3f07a14b,[ <*>.<*>] [mem 0x40000000-0xffffffff] available for PCI devices,['0.306528']
132,Mar,9,12:58:38,UbuntuApp,kernel,[    0.309937] Booting paravirtualized kernel on bare hardware,8d50c11c,[ <*>.<*>] Booting paravirtualized kernel on bare hardware,['0.309937']
133,Mar,9,12:58:38,UbuntuApp,kernel,"[    0.314903] clocksource: refined-jiffies: mask: 0xffffffff max_cycles: 0xffffffff, max_idle_ns: 7645519600211568 ns",86aa80c1,[ <*>.<*>] clocksource: <*> mask: <*> max_cycles: <*> max_idle_ns: <*> ns,"['0.314903', 'refined-jiffies:', '0xffffffff', '0xffffffff,', '7645519600211568']"
134,Mar,9,12:58:38,UbuntuApp,kernel,[    0.322738] random: get_random_bytes called from start_kernel+0x93/0x503 with crng_init=0,443bf847,[ <*>.<*>] random: get_random_bytes called from start_kernel+0x93/0x503 with crng_init=<*>,"['0.322738', '0']"
135,Mar,9,12:58:38,UbuntuApp,kernel,[    0.328082] setup_percpu: NR_CPUS:8192 nr_cpumask_bits:128 nr_cpu_ids:128 nr_node_ids:1,179bb8e8,[ <*>.<*>] setup_percpu: NR_CPUS:<*> nr_cpumask_bits:<*> nr_cpu_ids:<*> nr_node_ids:<*>,"['0.328082', '8192', '128', '128', '1']"
136,Mar,9,12:58:38,UbuntuApp,kernel,[    0.341871] percpu: Embedded 45 pages/cpu s147456 r8192 d28672 u262144,e239aa8c,[ <*>.<*>] percpu: Embedded <*> pages/cpu s147456 r8192 d28672 u<*>,"['0.341871', '45', '262144']"
137,Mar,9,12:58:38,UbuntuApp,kernel,[    0.346819] pcpu-alloc: s147456 r8192 d28672 u262144 alloc=1*2097152,9389e3c2,[ <*>.<*>] pcpu-alloc: s147456 r8192 d28672 u262144 alloc=<*>*<*>,"['0.346819', '1*2097152']"
138,Mar,9,12:58:38,UbuntuApp,kernel,[    0.346821] pcpu-alloc: [0] 000 001 002 003 004 005 006 007,30022ec8,[ <*>.<*>] pcpu-alloc: [<*>] <*> <*> <*> <*> <*> <*> <*> <*>,"['0.346821', '0', '000', '001', '002', '003 004 005 006 007']"
139,Mar,9,12:58:38,UbuntuApp,kernel,[    0.346823] pcpu-alloc: [0] 008 009 010 011 012 013 014 015,30022ec8,[ <*>.<*>] pcpu-alloc: [<*>] <*> <*> <*> <*> <*> <*> <*> <*>,"['0.346823', '0', '008', '009', '010', '011 012 013 014 015']"
140,Mar,9,12:58:38,UbuntuApp,kernel,[    0.346824] pcpu-alloc: [0] 016 017 018 019 020 021 022 023,30022ec8,[ <*>.<*>] pcpu-alloc: [<*>] <*> <*> <*> <*> <*> <*> <*> <*>,"['0.346824', '0', '016', '017', '018', '019 020 021 022 023']"
141,Mar,9,12:58:38,UbuntuApp,kernel,[    0.346826] pcpu-alloc: [0] 024 025 026 027 028 029 030 031,30022ec8,[ <*>.<*>] pcpu-alloc: [<*>] <*> <*> <*> <*> <*> <*> <*> <*>,"['0.346826', '0', '024', '025', '026', '027 028 029 030 031']"
142,Mar,9,12:58:38,UbuntuApp,kernel,[    0.346828] pcpu-alloc: [0] 032 033 034 035 036 037 038 039,30022ec8,[ <*>.<*>] pcpu-alloc: [<*>] <*> <*> <*> <*> <*> <*> <*> <*>,"['0.346828', '0', '032', '033', '034', '035 036 037 038 039']"
143,Mar,9,12:58:38,UbuntuApp,kernel,[    0.346829] pcpu-alloc: [0] 040 041 042 043 044 045 046 047,30022ec8,[ <*>.<*>] pcpu-alloc: [<*>] <*> <*> <*> <*> <*> <*> <*> <*>,"['0.346829', '0', '040', '041', '042', '043 044 045 046 047']"
144,Mar,9,12:58:38,UbuntuApp,kernel,[    0.346831] pcpu-alloc: [0] 048 049 050 051 052 053 054 055,30022ec8,[ <*>.<*>] pcpu-alloc: [<*>] <*> <*> <*> <*> <*> <*> <*> <*>,"['0.346831', '0', '048', '049', '050', '051 052 053 054 055']"
145,Mar,9,12:58:38,UbuntuApp,kernel,[    0.346833] pcpu-alloc: [0] 056 057 058 059 060 061 062 063,30022ec8,[ <*>.<*>] pcpu-alloc: [<*>] <*> <*> <*> <*> <*> <*> <*> <*>,"['0.346833', '0', '056', '057', '058', '059 060 061 062 063']"
146,Mar,9,12:58:38,UbuntuApp,kernel,[    0.346834] pcpu-alloc: [0] 064 065 066 067 068 069 070 071,30022ec8,[ <*>.<*>] pcpu-alloc: [<*>] <*> <*> <*> <*> <*> <*> <*> <*>,"['0.346834', '0', '064', '065', '066', '067 068 069 070 071']"
147,Mar,9,12:58:38,UbuntuApp,kernel,[    0.346836] pcpu-alloc: [0] 072 073 074 075 076 077 078 079,30022ec8,[ <*>.<*>] pcpu-alloc: [<*>] <*> <*> <*> <*> <*> <*> <*> <*>,"['0.346836', '0', '072', '073', '074', '075 076 077 078 079']"
148,Mar,9,12:58:38,UbuntuApp,kernel,[    0.346838] pcpu-alloc: [0] 080 081 082 083 084 085 086 087,30022ec8,[ <*>.<*>] pcpu-alloc: [<*>] <*> <*> <*> <*> <*> <*> <*> <*>,"['0.346838', '0', '080', '081', '082', '083 084 085 086 087']"
149,Mar,9,12:58:38,UbuntuApp,kernel,[    0.346839] pcpu-alloc: [0] 088 089 090 091 092 093 094 095,30022ec8,[ <*>.<*>] pcpu-alloc: [<*>] <*> <*> <*> <*> <*> <*> <*> <*>,"['0.346839', '0', '088', '089', '090', '091 092 093 094 095']"
150,Mar,9,12:58:38,UbuntuApp,kernel,[    0.346841] pcpu-alloc: [0] 096 097 098 099 100 101 102 103,30022ec8,[ <*>.<*>] pcpu-alloc: [<*>] <*> <*> <*> <*> <*> <*> <*> <*>,"['0.346841', '0', '096', '097', '098', '099 100 101 102 103']"
151,Mar,9,12:58:38,UbuntuApp,kernel,[    0.346842] pcpu-alloc: [0] 104 105 106 107 108 109 110 111,30022ec8,[ <*>.<*>] pcpu-alloc: [<*>] <*> <*> <*> <*> <*> <*> <*> <*>,"['0.346842', '0', '104', '105', '106', '107 108 109 110 111']"
152,Mar,9,12:58:38,UbuntuApp,kernel,[    0.346844] pcpu-alloc: [0] 112 113 114 115 116 117 118 119,30022ec8,[ <*>.<*>] pcpu-alloc: [<*>] <*> <*> <*> <*> <*> <*> <*> <*>,"['0.346844', '0', '112', '113', '114', '115 116 117 118 119']"
153,Mar,9,12:58:38,UbuntuApp,kernel,[    0.346845] pcpu-alloc: [0] 120 121 122 123 124 125 126 127,30022ec8,[ <*>.<*>] pcpu-alloc: [<*>] <*> <*> <*> <*> <*> <*> <*> <*>,"['0.346845', '0', '120', '121', '122', '123 124 125 126 127']"
154,Mar,9,12:58:38,UbuntuApp,kernel,[    0.346871] Hyper-V: PV spinlocks enabled,8f72dbf6,[ <*>.<*>] <*> <*> <*> enabled,"['0.346871', 'Hyper-V:', 'PV spinlocks']"
155,Mar,9,12:58:38,UbuntuApp,kernel,"[    0.349295] PV qspinlock hash table entries: 512 (order: 1, 8192 bytes)",e2564448,"[ <*>.<*>] <*> <*> hash table entries: <*> <*> <*>, <*> bytes)","['0.349295', 'PV qspinlock', '512', '(order: 1', '8192']"
156,Mar,9,12:58:38,UbuntuApp,kernel,"[    0.353481] Built 1 zonelists, mobility grouping on.  Total pages: 2064249",6111a56b,"[ <*>.<*>] Built <*> zonelists, mobility grouping on. Total pages: <*>","['0.353481', '1', '2064249']"
157,Mar,9,12:58:38,UbuntuApp,kernel,[    0.357369] Policy zone: Normal,fea59dea,[ <*>.<*>] Policy zone: Normal,['0.357369']
158,Mar,9,12:58:38,UbuntuApp,kernel,[    0.359205] Kernel command line: BOOT_IMAGE=/boot/vmlinuz-5.0.0-1032-azure root=UUID=5604f71e-1e5f-443c-a99e-b82bb5c201df ro console=tty1 console=ttyS0 earlyprintk=ttyS0 rootdelay=300,96f4d3c0,[ <*>.<*>] Kernel command line: BOOT_IMAGE=/boot/vmlinuz-<*>.<*>.<*>-<*>-azure root=UUID=5604f71e-1e5f-443c-a99e-b82bb5c201df ro console=tty1 console=ttyS0 earlyprintk=ttyS0 rootdelay=<*>,"['0.359205', '5', '0.0-1032', '300']"
159,Mar,9,12:58:38,UbuntuApp,kernel,[    0.369847] printk: log_buf_len individual max cpu contribution: 4096 bytes,4bf266f9,[ <*>.<*>] printk: log_buf_len individual max cpu contribution: <*> bytes,"['0.369847', '4096']"
160,Mar,9,12:58:38,UbuntuApp,kernel,[    0.373941] printk: log_buf_len total cpu_extra contributions: 520192 bytes,eb09db24,[ <*>.<*>] printk: log_buf_len total cpu_extra contributions: <*> bytes,"['0.373941', '520192']"
161,Mar,9,12:58:38,UbuntuApp,kernel,[    0.377781] printk: log_buf_len min size: 262144 bytes,87a236f5,[ <*>.<*>] printk: log_buf_len min size: <*> bytes,"['0.377781', '262144']"
162,Mar,9,12:58:38,UbuntuApp,kernel,[    0.381057] printk: log_buf_len: 1048576 bytes,ae7520bd,[ <*>.<*>] printk: <*> <*> <*>,"['0.381057', 'log_buf_len:', '1048576 bytes']"
163,Mar,9,12:58:38,UbuntuApp,kernel,[    0.383556] printk: early log buf free: 251912(96%),3836433f,[ <*>.<*>] printk: early log buf free: <*>(<*>%),"['0.383556', '251912(96']"
164,Mar,9,12:58:38,UbuntuApp,kernel,[    0.402853] Calgary: detecting Calgary via BIOS EBDA area,0ab61629,[ <*>.<*>] Calgary: detecting Calgary via BIOS EBDA area,['0.402853']
165,Mar,9,12:58:38,UbuntuApp,kernel,[    0.402856] Calgary: Unable to locate Rio Grande table in EBDA - bailing!,610ef30a,[ <*>.<*>] Calgary: Unable to locate Rio Grande table in EBDA - bailing!,['0.402856']
166,Mar,9,12:58:38,UbuntuApp,kernel,"[    0.428769] Memory: 8114236K/8388152K available (12292K kernel code, 2233K rwdata, 3944K rodata, 2360K init, 5524K bss, 273916K reserved, 0K cma-reserved)",ee5e35c9,"[ <*>.<*>] Memory: 8114236K/8388152K available (12292K kernel code, 2233K rwdata, 3944K rodata, 2360K init, 5524K bss, 273916K reserved, 0K cma-reserved)",['0.428769']
167,Mar,9,12:58:38,UbuntuApp,kernel,"[    0.437819] SLUB: HWalign=64, Order=0-3, MinObjects=0, CPUs=128, Nodes=1",0650e733,"[ <*>.<*>] SLUB: HWalign=<*>, Order=<*>-<*>, MinObjects=<*>, CPUs=<*>, Nodes=<*>","['0.437819', '64', '0-3', '0', '128', '1']"
168,Mar,9,12:58:38,UbuntuApp,kernel,[    0.441982] Kernel/User page tables isolation: enabled,1c356206,[ <*>.<*>] Kernel/User page tables isolation: enabled,['0.441982']
169,Mar,9,12:58:38,UbuntuApp,kernel,[    0.445143] ftrace: allocating 38709 entries in 152 pages,bff63748,[ <*>.<*>] ftrace: allocating <*> entries in <*> pages,"['0.445143', '38709', '152']"
170,Mar,9,12:58:38,UbuntuApp,kernel,[    0.465305] rcu: Hierarchical RCU implementation.,a4a8ef32,[ <*>.<*>] rcu: Hierarchical <*> implementation.,"['0.465305', 'RCU']"
171,Mar,9,12:58:38,UbuntuApp,kernel,[    0.468136] rcu: 	RCU restricting CPUs from NR_CPUS=8192 to nr_cpu_ids=128.,b21b8830,[ <*>.<*>] rcu: RCU restricting CPUs from NR_CPUS=<*> to nr_cpu_ids=<*>.,"['0.468136', '8192', '128']"
172,Mar,9,12:58:38,UbuntuApp,kernel,[    0.471825] 	Tasks RCU enabled.,0b9385e9,[ <*>.<*>] Tasks RCU enabled.,['0.471825']
173,Mar,9,12:58:38,UbuntuApp,kernel,[    0.473357] rcu: RCU calculated value of scheduler-enlistment delay is 25 jiffies.,47b028da,[ <*>.<*>] rcu: RCU calculated value of scheduler-enlistment delay is <*> jiffies.,"['0.473357', '25']"
174,Mar,9,12:58:38,UbuntuApp,kernel,"[    0.477429] rcu: Adjusting geometry for rcu_fanout_leaf=16, nr_cpu_ids=128",b2110681,"[ <*>.<*>] rcu: Adjusting geometry for rcu_fanout_leaf=<*>, nr_cpu_ids=<*>","['0.477429', '16', '128']"
175,Mar,9,12:58:38,UbuntuApp,kernel,"[    0.484495] NR_IRQS: 524544, nr_irqs: 1448, preallocated irqs: 16",448ffa05,"[ <*>.<*>] NR_IRQS: <*>, nr_irqs: <*>, preallocated irqs: <*>","['0.484495', '524544', '1448', '16']"
176,Mar,9,12:58:38,UbuntuApp,kernel,[    0.494898] Console: colour VGA+ 80x25,ba5a5b44,[ <*>.<*>] Console: colour VGA+ 80x<*>,"['0.494898', '25']"
177,Mar,9,12:58:38,UbuntuApp,kernel,[    1.013438] printk: console [tty1] enabled,8f72dbf6,[ <*>.<*>] <*> <*> <*> enabled,"['1.013438', 'printk:', 'console [tty1]']"
178,Mar,9,12:58:38,UbuntuApp,kernel,[    1.016643] printk: console [ttyS0] enabled,8f72dbf6,[ <*>.<*>] <*> <*> <*> enabled,"['1.016643', 'printk:', 'console [ttyS0]']"
179,Mar,9,12:58:38,UbuntuApp,kernel,[    1.022630] printk: bootconsole [earlyser0] disabled,ae7520bd,[ <*>.<*>] printk: <*> <*> <*>,"['1.022630', 'bootconsole', '[earlyser0] disabled']"
180,Mar,9,12:58:38,UbuntuApp,kernel,[    1.028836] ACPI: Core revision 20181213,384a7d61,[ <*>.<*>] ACPI: <*> <*> <*>,"['1.028836', 'Core', 'revision 20181213']"
181,Mar,9,12:58:38,UbuntuApp,kernel,[    1.031929] APIC: Switch to symmetric I/O mode setup,78932e3c,[ <*>.<*>] APIC: Switch to symmetric I/O mode setup,['1.031929']
182,Mar,9,12:58:38,UbuntuApp,kernel,[    1.035696] Switched APIC routing to physical flat.,e5c5d87b,[ <*>.<*>] Switched APIC routing to physical flat.,['1.035696']
183,Mar,9,12:58:38,UbuntuApp,kernel,[    1.039356] Hyper-V: Using IPI hypercalls,cc148139,[ <*>.<*>] Hyper-V: Using IPI hypercalls,['1.039356']
184,Mar,9,12:58:38,UbuntuApp,kernel,[    1.042159] Hyper-V: Using enlightened APIC (xapic mode),ce2a1825,[ <*>.<*>] Hyper-V: Using enlightened APIC (xapic mode),['1.042159']
185,Mar,9,12:58:38,UbuntuApp,kernel,"[    1.042165] clocksource: hyperv_clocksource_tsc_page: mask: 0xffffffffffffffff max_cycles: 0x24e6a1710, max_idle_ns: 440795202120 ns",86aa80c1,[ <*>.<*>] clocksource: <*> mask: <*> max_cycles: <*> max_idle_ns: <*> ns,"['1.042165', 'hyperv_clocksource_tsc_page:', '0xffffffffffffffff', '0x24e6a1710,', '440795202120']"
186,Mar,9,12:58:38,UbuntuApp,kernel,"[    1.084402] Calibrating delay loop (skipped), value calculated using timer frequency.. 4589.36 BogoMIPS (lpj=9178728)",21d515eb,"[ <*>.<*>] Calibrating delay loop (skipped), value calculated using timer frequency.. <*>.<*> BogoMIPS (lpj=<*>)","['1.084402', '4589.36', '9178728']"
187,Mar,9,12:58:38,UbuntuApp,kernel,[    1.088387] pid_max: default: 131072 minimum: 1024,f518058d,[ <*>.<*>] pid_max: default: <*> minimum: <*>,"['1.088387', '131072', '1024']"
188,Mar,9,12:58:38,UbuntuApp,kernel,[    1.088387] LSM: Security Framework initializing,4a44d82f,[ <*>.<*>] LSM: Security Framework initializing,['1.088387']
189,Mar,9,12:58:38,UbuntuApp,kernel,[    1.088387] Yama: becoming mindful.,2824e23c,[ <*>.<*>] Yama: becoming mindful.,['1.088387']
190,Mar,9,12:58:38,UbuntuApp,kernel,[    1.088387] AppArmor: AppArmor initialized,39dbb8e6,[ <*>.<*>] <*> <*> initialized,"['1.088387', 'AppArmor: AppArmor']"
191,Mar,9,12:58:38,UbuntuApp,kernel,"[    1.088387] Dentry cache hash table entries: 1048576 (order: 11, 8388608 bytes)",e2564448,"[ <*>.<*>] <*> <*> hash table entries: <*> <*> <*>, <*> bytes)","['1.088387', 'Dentry cache', '1048576', '(order: 11', '8388608']"
192,Mar,9,12:58:38,UbuntuApp,kernel,"[    1.088387] Inode-cache hash table entries: 524288 (order: 10, 4194304 bytes)",6a78c96c,"[ <*>.<*>] <*> hash table entries: <*> (order: <*>, <*> bytes)","['1.088387', 'Inode-cache', '524288', '10', '4194304']"
193,Mar,9,12:58:38,UbuntuApp,kernel,"[    1.088387] Mount-cache hash table entries: 16384 (order: 5, 131072 bytes)",6a78c96c,"[ <*>.<*>] <*> hash table entries: <*> (order: <*>, <*> bytes)","['1.088387', 'Mount-cache', '16384', '5', '131072']"
194,Mar,9,12:58:38,UbuntuApp,kernel,"[    1.088387] Mountpoint-cache hash table entries: 16384 (order: 5, 131072 bytes)",6a78c96c,"[ <*>.<*>] <*> hash table entries: <*> (order: <*>, <*> bytes)","['1.088387', 'Mountpoint-cache', '16384', '5', '131072']"
195,Mar,9,12:58:38,UbuntuApp,kernel,"[    1.088387] Last level iTLB entries: 4KB 64, 2MB 8, 4MB 8",fd5fafaf,"[ <*>.<*>] Last level iTLB entries: 4KB <*>, 2MB <*>, 4MB <*>","['1.088387', '64', '8', '8']"
196,Mar,9,12:58:38,UbuntuApp,kernel,"[    1.088387] Last level dTLB entries: 4KB 64, 2MB 0, 4MB 0, 1GB 4",7e4285f0,"[ <*>.<*>] Last level dTLB entries: 4KB <*>, 2MB <*>, 4MB <*>, 1GB <*>","['1.088387', '64', '0', '0', '4']"
197,Mar,9,12:58:38,UbuntuApp,kernel,[    1.088387] Spectre V1 : Mitigation: usercopy/swapgs barriers and __user pointer sanitization,0a5fefa9,[ <*>.<*>] Spectre V1 : Mitigation: usercopy/swapgs barriers and __user pointer sanitization,['1.088387']
198,Mar,9,12:58:38,UbuntuApp,kernel,[    1.088387] Spectre V2 : Mitigation: Full generic retpoline,2b81bf58,[ <*>.<*>] Spectre V2 : Mitigation: Full generic retpoline,['1.088387']
199,Mar,9,12:58:38,UbuntuApp,kernel,[    1.088387] Spectre V2 : Spectre v2 / SpectreRSB mitigation: Filling RSB on context switch,0b47a21f,[ <*>.<*>] Spectre V2 : Spectre v2 / SpectreRSB mitigation: Filling RSB on context switch,['1.088387']
200,Mar,9,12:58:38,UbuntuApp,kernel,[    1.088387] Speculative Store Bypass: Vulnerable,e996fac8,[ <*>.<*>] Speculative Store Bypass: Vulnerable,['1.088387']
201,Mar,9,12:58:38,UbuntuApp,kernel,[    1.088387] TAA: Mitigation: Clear CPU buffers,c336bf06,[ <*>.<*>] <*> Mitigation: Clear CPU buffers,"['1.088387', 'TAA:']"
202,Mar,9,12:58:38,UbuntuApp,kernel,[    1.088387] MDS: Mitigation: Clear CPU buffers,c336bf06,[ <*>.<*>] <*> Mitigation: Clear CPU buffers,"['1.088387', 'MDS:']"
203,Mar,9,12:58:38,UbuntuApp,kernel,[    1.088387] Freeing SMP alternatives memory: 36K,b69059a5,[ <*>.<*>] Freeing <*> <*> memory: <*>,"['1.088387', 'SMP alternatives', '36K']"
204,Mar,9,12:58:38,UbuntuApp,kernel,"[    1.088387] smpboot: CPU0: Intel(R) Xeon(R) CPU E5-2673 v4 @ 2.30GHz (family: 0x6, model: 0x4f, stepping: 0x1)",91c6cedc,"[ <*>.<*>] smpboot: CPU0: Intel(R) Xeon(R) <*> <*> <*> @ <*> (family: 0x6, model: <*> stepping: <*>","['1.088387', 'CPU', 'E5-2673 v4', '2.30GHz', '0x4f,', '0x1)']"
205,Mar,9,12:58:38,UbuntuApp,kernel,"[    1.088622] Performance Events: unsupported p6 CPU model 79 no PMU driver, software events only.",af43d4d4,"[ <*>.<*>] Performance Events: unsupported p6 CPU model <*> no PMU driver, software events only.","['1.088622', '79']"
206,Mar,9,12:58:38,UbuntuApp,kernel,[    1.092434] rcu: Hierarchical SRCU implementation.,a4a8ef32,[ <*>.<*>] rcu: Hierarchical <*> implementation.,"['1.092434', 'SRCU']"
207,Mar,9,12:58:38,UbuntuApp,kernel,[    1.096965] random: crng done (trusting CPU's manufacturer),dcaf4674,[ <*>.<*>] random: crng done (trusting CPU's manufacturer),['1.096965']
208,Mar,9,12:58:38,UbuntuApp,kernel,[    1.100418] NMI watchdog: Perf NMI watchdog permanently disabled,5fbc9904,[ <*>.<*>] NMI watchdog: Perf NMI watchdog permanently disabled,['1.100418']
209,Mar,9,12:58:38,UbuntuApp,kernel,[    1.106271] smp: Bringing up secondary CPUs ...,b2081125,[ <*>.<*>] smp: Bringing up secondary CPUs ...,['1.106271']
210,Mar,9,12:58:38,UbuntuApp,kernel,[    1.108543] x86: Booting SMP configuration:,0a1ec610,[ <*>.<*>] x86: Booting SMP configuration:,['1.108543']
211,Mar,9,12:58:38,UbuntuApp,kernel,"[    1.112394] .... node  #0, CPUs:          #1",3388cb84,"[ <*>.<*>] .... node #<*>, CPUs: #<*>","['1.112394', '0', '1']"
212,Mar,9,12:58:38,UbuntuApp,kernel,"[    1.113852] MDS CPU bug present and SMT on, data leak possible. See https://www.kernel.org/doc/html/latest/admin-guide/hw-vuln/mds.html for more details.",2e12bf3b,"[ <*>.<*>] <*> CPU bug present and SMT on, data leak possible. See <*> for more details.","['1.113852', 'MDS', 'https://www.kernel.org/doc/html/latest/admin-guide/hw-vuln/mds.html']"
213,Mar,9,12:58:38,UbuntuApp,kernel,"[    1.120391] TAA CPU bug present and SMT on, data leak possible. See https://www.kernel.org/doc/html/latest/admin-guide/hw-vuln/tsx_async_abort.html for more details.",2e12bf3b,"[ <*>.<*>] <*> CPU bug present and SMT on, data leak possible. See <*> for more details.","['1.120391', 'TAA', 'https://www.kernel.org/doc/html/latest/admin-guide/hw-vuln/tsx_async_abort.html']"
214,Mar,9,12:58:38,UbuntuApp,kernel,"[    1.124392] smp: Brought up 1 node, 2 CPUs",84ff81ae,"[ <*>.<*>] smp: Brought up <*> node, <*> CPUs","['1.124392', '1', '2']"
215,Mar,9,12:58:38,UbuntuApp,kernel,[    1.128390] smpboot: Max logical packages: 64,bb2b44d1,[ <*>.<*>] smpboot: Max logical packages: <*>,"['1.128390', '64']"
216,Mar,9,12:58:38,UbuntuApp,kernel,[    1.132392] smpboot: Total of 2 processors activated (9178.72 BogoMIPS),674ff42a,[ <*>.<*>] smpboot: Total of <*> processors activated (<*>.<*> BogoMIPS),"['1.132392', '2', '9178.72']"
217,Mar,9,12:58:38,UbuntuApp,kernel,[    1.137122] devtmpfs: initialized,936b8562,[ <*>.<*>] <*> <*>,"['1.137122', 'devtmpfs: initialized']"
218,Mar,9,12:58:38,UbuntuApp,kernel,[    1.140473] x86/mm: Memory block size: 128MB,515f329c,[ <*>.<*>] x86/mm: Memory block size: 128MB,['1.140473']
219,Mar,9,12:58:38,UbuntuApp,kernel,[    1.144428] PM: Registering ACPI NVS region [mem 0x3ffff000-0x3fffffff] (4096 bytes),5360d077,[ <*>.<*>] PM: Registering ACPI NVS region [mem 0x3ffff000-0x3fffffff] (<*> bytes),"['1.144428', '4096']"
220,Mar,9,12:58:38,UbuntuApp,kernel,"[    1.148550] clocksource: jiffies: mask: 0xffffffff max_cycles: 0xffffffff, max_idle_ns: 7645041785100000 ns",86aa80c1,[ <*>.<*>] clocksource: <*> mask: <*> max_cycles: <*> max_idle_ns: <*> ns,"['1.148550', 'jiffies:', '0xffffffff', '0xffffffff,', '7645041785100000']"
221,Mar,9,12:58:38,UbuntuApp,kernel,"[    1.156458] futex hash table entries: 32768 (order: 9, 2097152 bytes)",6a78c96c,"[ <*>.<*>] <*> hash table entries: <*> (order: <*>, <*> bytes)","['1.156458', 'futex', '32768', '9', '2097152']"
222,Mar,9,12:58:38,UbuntuApp,kernel,[    1.161145] pinctrl core: initialized pinctrl subsystem,09628428,[ <*>.<*>] pinctrl core: initialized pinctrl subsystem,['1.161145']
223,Mar,9,12:58:38,UbuntuApp,kernel,"[    1.168871] RTC time: 11:58:15, date: 2020-03-09",0b45c280,"[ <*>.<*>] RTC time: <*>:<*>:<*>, date: <*>-<*>-<*>","['1.168871', '11', '58:15', '2020', '03-09']"
224,Mar,9,12:58:38,UbuntuApp,kernel,[    1.172810] NET: Registered protocol family 16,87d471e6,[ <*>.<*>] NET: Registered protocol family <*>,"['1.172810', '16']"
225,Mar,9,12:58:38,UbuntuApp,kernel,[    1.176500] audit: initializing netlink subsys (disabled),4b0e5b36,[ <*>.<*>] audit: initializing netlink subsys (disabled),['1.176500']
226,Mar,9,12:58:38,UbuntuApp,kernel,[    1.180420] audit: type=2000 audit(1583755094.096:1): state=initialized audit_enabled=0 res=1,74417e93,[ <*>.<*>] audit: type=<*> audit(<*>.<*>:<*>): state=initialized audit_enabled=<*> res=<*>,"['1.180420', '2000', '1583755094.096', '1', '0', '1']"
227,Mar,9,12:58:38,UbuntuApp,kernel,[    1.180534] EISA bus registered,cd3fa45b,[ <*>.<*>] EISA bus registered,['1.180534']
228,Mar,9,12:58:38,UbuntuApp,kernel,[    1.188412] cpuidle: using governor ladder,ebf1d118,[ <*>.<*>] cpuidle: using governor <*>,"['1.188412', 'ladder']"
229,Mar,9,12:58:38,UbuntuApp,kernel,[    1.192408] cpuidle: using governor menu,ebf1d118,[ <*>.<*>] cpuidle: using governor <*>,"['1.192408', 'menu']"
230,Mar,9,12:58:38,UbuntuApp,kernel,[    1.196461] ACPI: bus type PCI registered,35356d63,[ <*>.<*>] ACPI: bus type PCI registered,['1.196461']
231,Mar,9,12:58:38,UbuntuApp,kernel,[    1.199501] acpiphp: ACPI Hot Plug PCI Controller Driver version: 0.5,572a6a6a,[ <*>.<*>] <*> <*> Hot Plug PCI Controller Driver version: <*>.<*>,"['1.199501', 'acpiphp: ACPI', '0.5']"
232,Mar,9,12:58:38,UbuntuApp,kernel,[    1.200871] PCI: Using configuration type 1 for base access,4e0fd40b,[ <*>.<*>] PCI: Using configuration type <*> for base access,"['1.200871', '1']"
233,Mar,9,12:58:38,UbuntuApp,kernel,"[    1.205701] HugeTLB registered 1.00 GiB page size, pre-allocated 0 pages",ed0c38b8,"[ <*>.<*>] HugeTLB registered <*>.<*> <*> page size, pre-allocated <*> pages","['1.205701', '1.00', 'GiB', '0']"
234,Mar,9,12:58:38,UbuntuApp,kernel,"[    1.208398] HugeTLB registered 2.00 MiB page size, pre-allocated 0 pages",ed0c38b8,"[ <*>.<*>] HugeTLB registered <*>.<*> <*> page size, pre-allocated <*> pages","['1.208398', '2.00', 'MiB', '0']"
235,Mar,9,12:58:38,UbuntuApp,kernel,[    1.212641] ACPI: Added _OSI(Module Device),384a7d61,[ <*>.<*>] ACPI: <*> <*> <*>,"['1.212641', 'Added', '_OSI(Module Device)']"
236,Mar,9,12:58:38,UbuntuApp,kernel,[    1.216395] ACPI: Added _OSI(Processor Device),384a7d61,[ <*>.<*>] ACPI: <*> <*> <*>,"['1.216395', 'Added', '_OSI(Processor Device)']"
237,Mar,9,12:58:38,UbuntuApp,kernel,[    1.220395] ACPI: Added _OSI(3.0 _SCP Extensions),382e1fc9,[ <*>.<*>] ACPI: Added <*> <*> <*>,"['1.220395', '_OSI(3.0', '_SCP Extensions)']"
238,Mar,9,12:58:38,UbuntuApp,kernel,[    1.224389] ACPI: Added _OSI(Processor Aggregator Device),382e1fc9,[ <*>.<*>] ACPI: Added <*> <*> <*>,"['1.224389', '_OSI(Processor', 'Aggregator Device)']"
239,Mar,9,12:58:38,UbuntuApp,kernel,[    1.228041] ACPI: Added _OSI(Linux-Dell-Video),c1870ad0,[ <*>.<*>] ACPI: <*> <*>,"['1.228041', 'Added _OSI(Linux-Dell-Video)']"
240,Mar,9,12:58:38,UbuntuApp,kernel,[    1.228390] ACPI: Added _OSI(Linux-Lenovo-NV-HDMI-Audio),c1870ad0,[ <*>.<*>] ACPI: <*> <*>,"['1.228390', 'Added _OSI(Linux-Lenovo-NV-HDMI-Audio)']"
241,Mar,9,12:58:38,UbuntuApp,kernel,[    1.232390] ACPI: Added _OSI(Linux-HPI-Hybrid-Graphics),c1870ad0,[ <*>.<*>] ACPI: <*> <*>,"['1.232390', 'Added _OSI(Linux-HPI-Hybrid-Graphics)']"
242,Mar,9,12:58:38,UbuntuApp,kernel,[    1.240764] ACPI: 1 ACPI AML tables successfully acquired and loaded,bfc45663,[ <*>.<*>] ACPI: <*> ACPI AML tables successfully acquired and loaded,"['1.240764', '1']"
243,Mar,9,12:58:38,UbuntuApp,kernel,[    1.247254] ACPI: Interpreter enabled,c1870ad0,[ <*>.<*>] ACPI: <*> <*>,"['1.247254', 'Interpreter enabled']"
244,Mar,9,12:58:38,UbuntuApp,kernel,[    1.248399] ACPI: (supports S0 S5),384a7d61,[ <*>.<*>] ACPI: <*> <*> <*>,"['1.248399', '(supports', 'S0 S5)']"
245,Mar,9,12:58:38,UbuntuApp,kernel,[    1.252389] ACPI: Using IOAPIC for interrupt routing,a19890d6,[ <*>.<*>] <*> Using <*> for <*> routing,"['1.252389', 'ACPI:', 'IOAPIC', 'interrupt']"
246,Mar,9,12:58:38,UbuntuApp,kernel,"[    1.256411] PCI: Using host bridge windows from ACPI; if necessary, use ""pci=nocrs"" and report a bug",7ca6598a,"[ <*>.<*>] PCI: Using host bridge windows from ACPI; if necessary, use ""pci=nocrs"" and report a bug",['1.256411']
247,Mar,9,12:58:38,UbuntuApp,kernel,[    1.260653] ACPI: Enabled 1 GPEs in block 00 to 0F,dd22b4d7,[ <*>.<*>] ACPI: Enabled <*> GPEs in block <*> to 0F,"['1.260653', '1', '00']"
248,Mar,9,12:58:38,UbuntuApp,kernel,[    1.287746] ACPI: PCI Root Bridge [PCI0] (domain 0000 [bus 00-ff]),4cc075f1,[ <*>.<*>] ACPI: PCI Root Bridge [PCI0] (domain <*> [bus <*>-ff]),"['1.287746', '0000', '00']"
249,Mar,9,12:58:38,UbuntuApp,kernel,[    1.288394] acpi PNP0A03:00: _OSC: OS supports [ASPM ClockPM Segments MSI],6a4e7cff,[ <*>.<*>] acpi PNP0A03:<*>: _OSC: OS supports [ASPM ClockPM Segments MSI],"['1.288394', '00']"
250,Mar,9,12:58:38,UbuntuApp,kernel,"[    1.292403] acpi PNP0A03:00: fail to add MMCONFIG information, can't access extended PCI configuration space under this bridge.",cfb932ab,"[ <*>.<*>] acpi PNP0A03:<*>: fail to add MMCONFIG information, can't access extended PCI configuration space under this bridge.","['1.292403', '00']"
251,Mar,9,12:58:38,UbuntuApp,kernel,[    1.296560] PCI host bridge to bus 0000:00,7c45b630,[ <*>.<*>] PCI host bridge to bus <*>:<*>,"['1.296560', '0000:00']"
252,Mar,9,12:58:38,UbuntuApp,kernel,[    1.299294] pci_bus 0000:00: root bus resource [mem 0xfe0000000-0xfffffffff window],6124e846,[ <*>.<*>] pci_bus <*>:<*>: root bus resource <*> <*> window],"['1.299294', '0000:00', '[mem 0xfe0000000-0xfffffffff']"
253,Mar,9,12:58:38,UbuntuApp,kernel,[    1.300392] pci_bus 0000:00: root bus resource [io  0x0000-0x0cf7 window],6124e846,[ <*>.<*>] pci_bus <*>:<*>: root bus resource <*> <*> window],"['1.300392', '0000:00', '[io  0x0000-0x0cf7']"
254,Mar,9,12:58:38,UbuntuApp,kernel,[    1.304392] pci_bus 0000:00: root bus resource [io  0x0d00-0xffff window],6124e846,[ <*>.<*>] pci_bus <*>:<*>: root bus resource <*> <*> window],"['1.304392', '0000:00', '[io  0x0d00-0xffff']"
255,Mar,9,12:58:38,UbuntuApp,kernel,[    1.308392] pci_bus 0000:00: root bus resource [mem 0x000a0000-0x000bffff window],6124e846,[ <*>.<*>] pci_bus <*>:<*>: root bus resource <*> <*> window],"['1.308392', '0000:00', '[mem 0x000a0000-0x000bffff']"
256,Mar,9,12:58:38,UbuntuApp,kernel,[    1.312392] pci_bus 0000:00: root bus resource [mem 0x40000000-0xfffbffff window],6124e846,[ <*>.<*>] pci_bus <*>:<*>: root bus resource <*> <*> window],"['1.312392', '0000:00', '[mem 0x40000000-0xfffbffff']"
257,Mar,9,12:58:38,UbuntuApp,kernel,[    1.316392] pci_bus 0000:00: root bus resource [bus 00-ff],5a1ebdfa,[ <*>.<*>] pci_bus <*>:<*>: root bus resource [bus <*>-ff],"['1.316392', '0000:00', '00']"
258,Mar,9,12:58:38,UbuntuApp,kernel,[    1.320564] pci 0000:00:00.0: [8086:7192] type 00 class 0x060000,8d015fe4,[ <*>.<*>] pci <*>:<*>:<*>.<*>: [<*>:<*>] type <*> class 0x<*>,"['1.320564', '0000', '00:00.0', '8086:7192', '00', '060000']"
259,Mar,9,12:58:38,UbuntuApp,kernel,[    1.325853] pci 0000:00:07.0: [8086:7110] type 00 class 0x060100,8d015fe4,[ <*>.<*>] pci <*>:<*>:<*>.<*>: [<*>:<*>] type <*> class 0x<*>,"['1.325853', '0000', '00:07.0', '8086:7110', '00', '060100']"
260,Mar,9,12:58:38,UbuntuApp,kernel,[    1.328811] pci 0000:00:07.1: [8086:7111] type 00 class 0x010180,8d015fe4,[ <*>.<*>] pci <*>:<*>:<*>.<*>: [<*>:<*>] type <*> class 0x<*>,"['1.328811', '0000', '00:07.1', '8086:7111', '00', '010180']"
261,Mar,9,12:58:38,UbuntuApp,kernel,[    1.331526] pci 0000:00:07.1: reg 0x20: [io  0xffa0-0xffaf],32a4060e,[ <*>.<*>] pci <*>:<*>:<*>.<*>: <*> <*> <*> <*>,"['1.331526', '0000', '00:07.1', 'reg', '0x20: [io  0xffa0-0xffaf]']"
262,Mar,9,12:58:38,UbuntuApp,kernel,[    1.332467] pci 0000:00:07.1: legacy IDE quirk: reg 0x10: [io  0x01f0-0x01f7],181635a5,[ <*>.<*>] pci <*>:<*>:<*>.<*>: legacy IDE quirk: reg <*> [io <*>,"['1.332467', '0000', '00:07.1', '0x10:', '0x01f0-0x01f7]']"
263,Mar,9,12:58:38,UbuntuApp,kernel,[    1.336390] pci 0000:00:07.1: legacy IDE quirk: reg 0x14: [io  0x03f6],181635a5,[ <*>.<*>] pci <*>:<*>:<*>.<*>: legacy IDE quirk: reg <*> [io <*>,"['1.336390', '0000', '00:07.1', '0x14:', '0x03f6]']"
264,Mar,9,12:58:38,UbuntuApp,kernel,[    1.340390] pci 0000:00:07.1: legacy IDE quirk: reg 0x18: [io  0x0170-0x0177],181635a5,[ <*>.<*>] pci <*>:<*>:<*>.<*>: legacy IDE quirk: reg <*> [io <*>,"['1.340390', '0000', '00:07.1', '0x18:', '0x0170-0x0177]']"
265,Mar,9,12:58:38,UbuntuApp,kernel,[    1.344389] pci 0000:00:07.1: legacy IDE quirk: reg 0x1c: [io  0x0376],181635a5,[ <*>.<*>] pci <*>:<*>:<*>.<*>: legacy IDE quirk: reg <*> [io <*>,"['1.344389', '0000', '00:07.1', '0x1c:', '0x0376]']"
266,Mar,9,12:58:38,UbuntuApp,kernel,[    1.348983] pci 0000:00:07.3: [8086:7113] type 00 class 0x068000,8d015fe4,[ <*>.<*>] pci <*>:<*>:<*>.<*>: [<*>:<*>] type <*> class 0x<*>,"['1.348983', '0000', '00:07.3', '8086:7113', '00', '068000']"
267,Mar,9,12:58:38,UbuntuApp,kernel,"[    1.349020] * Found PM-Timer Bug on the chipset. Due to workarounds for a bug,",8a2b7de3,"[ <*>.<*>] * Found PM-Timer Bug on the chipset. Due to workarounds for a bug,",['1.349020']
268,Mar,9,12:58:38,UbuntuApp,kernel,[    1.349020] * this clock source is slow. Consider trying other clock sources,62865f1f,[ <*>.<*>] * this clock source is slow. Consider trying other clock sources,['1.349020']
269,Mar,9,12:58:38,UbuntuApp,kernel,[    1.355063] pci 0000:00:07.3: quirk: [io  0x0400-0x043f] claimed by PIIX4 ACPI,41ab7ff6,[ <*>.<*>] pci <*>:<*>:<*>.<*>: quirk: [io 0x0400-0x043f] claimed by PIIX4 ACPI,"['1.355063', '0000', '00:07.3']"
270,Mar,9,12:58:38,UbuntuApp,kernel,[    1.357472] pci 0000:00:08.0: [1414:5353] type 00 class 0x030000,8d015fe4,[ <*>.<*>] pci <*>:<*>:<*>.<*>: [<*>:<*>] type <*> class 0x<*>,"['1.357472', '0000', '00:08.0', '1414:5353', '00', '030000']"
271,Mar,9,12:58:38,UbuntuApp,kernel,[    1.358446] pci 0000:00:08.0: reg 0x10: [mem 0xf8000000-0xfbffffff],32a4060e,[ <*>.<*>] pci <*>:<*>:<*>.<*>: <*> <*> <*> <*>,"['1.358446', '0000', '00:08.0', 'reg', '0x10: [mem 0xf8000000-0xfbffffff]']"
272,Mar,9,12:58:38,UbuntuApp,kernel,[    1.379089] ACPI: PCI Interrupt Link [LNKA] (IRQs 3 4 5 7 9 10 *11 12 14 15),36d5d52a,[ <*>.<*>] ACPI: PCI Interrupt Link [LNKA] (IRQs <*> <*> <*> <*> <*> <*> *<*> <*> <*> <*>),"['1.379089', '3', '4', '5 7 9 10', '11', '12 14 15']"
273,Mar,9,12:58:38,UbuntuApp,kernel,"[    1.380680] ACPI: PCI Interrupt Link [LNKB] (IRQs 3 4 5 7 9 10 11 12 14 15) *0, disabled.",314bf718,"[ <*>.<*>] ACPI: PCI Interrupt Link <*> (IRQs <*> <*> <*> <*> <*> <*> <*> <*> <*> <*>) *<*>, disabled.","['1.380680', '[LNKB]', '3', '4', '5', '7', '9 10 11 12 14 15', '0']"
274,Mar,9,12:58:38,UbuntuApp,kernel,"[    1.384656] ACPI: PCI Interrupt Link [LNKC] (IRQs 3 4 5 7 9 10 11 12 14 15) *0, disabled.",314bf718,"[ <*>.<*>] ACPI: PCI Interrupt Link <*> (IRQs <*> <*> <*> <*> <*> <*> <*> <*> <*> <*>) *<*>, disabled.","['1.384656', '[LNKC]', '3', '4', '5', '7', '9 10 11 12 14 15', '0']"
275,Mar,9,12:58:38,UbuntuApp,kernel,"[    1.388626] ACPI: PCI Interrupt Link [LNKD] (IRQs 3 4 5 7 9 10 11 12 14 15) *0, disabled.",314bf718,"[ <*>.<*>] ACPI: PCI Interrupt Link <*> (IRQs <*> <*> <*> <*> <*> <*> <*> <*> <*> <*>) *<*>, disabled.","['1.388626', '[LNKD]', '3', '4', '5', '7', '9 10 11 12 14 15', '0']"
276,Mar,9,12:58:38,UbuntuApp,kernel,[    1.392774] SCSI subsystem initialized,39dbb8e6,[ <*>.<*>] <*> <*> initialized,"['1.392774', 'SCSI subsystem']"
277,Mar,9,12:58:38,UbuntuApp,kernel,[    1.396459] libata version 3.00 loaded.,1c5da341,[ <*>.<*>] libata version <*>.<*> loaded.,"['1.396459', '3.00']"
278,Mar,9,12:58:38,UbuntuApp,kernel,[    1.396482] pci 0000:00:08.0: vgaarb: setting as boot VGA device,624c855c,[ <*>.<*>] pci <*>:<*>:<*>.<*>: vgaarb: setting as boot VGA device,"['1.396482', '0000', '00:08.0']"
279,Mar,9,12:58:38,UbuntuApp,kernel,"[    1.400387] pci 0000:00:08.0: vgaarb: VGA device added: decodes=io+mem,owns=io+mem,locks=none",0c975011,"[ <*>.<*>] pci <*>:<*>:<*>.<*>: vgaarb: VGA device added: decodes=io+mem,owns=io+mem,locks=none","['1.400387', '0000', '00:08.0']"
280,Mar,9,12:58:38,UbuntuApp,kernel,[    1.400393] pci 0000:00:08.0: vgaarb: bridge control possible,32a4060e,[ <*>.<*>] pci <*>:<*>:<*>.<*>: <*> <*> <*> <*>,"['1.400393', '0000', '00:08.0', 'vgaarb:', 'bridge control possible']"
281,Mar,9,12:58:38,UbuntuApp,kernel,[    1.404390] vgaarb: loaded,936b8562,[ <*>.<*>] <*> <*>,"['1.404390', 'vgaarb: loaded']"
282,Mar,9,12:58:38,UbuntuApp,kernel,[    1.406739] pps_core: LinuxPPS API ver. 1 registered,47dded99,[ <*>.<*>] pps_core: LinuxPPS API ver. <*> registered,"['1.406739', '1']"
283,Mar,9,12:58:38,UbuntuApp,kernel,[    1.408389] pps_core: Software ver. 5.3.6 - Copyright 2005-2007 Rodolfo Giometti <giometti@linux.it>,5062e8d4,[ <*>.<*>] pps_core: Software ver. <*>.<*>.<*> - Copyright <*>-<*> Rodolfo Giometti <giometti@linux.it>,"['1.408389', '5', '3.6', '2005-2007']"
284,Mar,9,12:58:38,UbuntuApp,kernel,[    1.412393] PTP clock support registered,dbd17d1c,[ <*>.<*>] <*> <*> <*> registered,"['1.412393', 'PTP', 'clock support']"
285,Mar,9,12:58:38,UbuntuApp,kernel,[    1.415504] EDAC MC: Ver: 3.0.0,d9a4db27,[ <*>.<*>] <*> <*> <*> <*>.<*>.<*>,"['1.415504', 'EDAC', 'MC: Ver: 3', '0.0']"
286,Mar,9,12:58:38,UbuntuApp,kernel,[    1.416981] hv_vmbus: Vmbus version:4.0,b4f56b29,[ <*>.<*>] hv_vmbus: Vmbus version:<*>.<*>,"['1.416981', '4.0']"
287,Mar,9,12:58:38,UbuntuApp,kernel,[    1.420432] PCI: Using ACPI for IRQ routing,a19890d6,[ <*>.<*>] <*> Using <*> for <*> routing,"['1.420432', 'PCI:', 'ACPI', 'IRQ']"
288,Mar,9,12:58:38,UbuntuApp,kernel,[    1.428395] PCI: pci_cache_line_size set to 64 bytes,a5db758e,[ <*>.<*>] PCI: pci_cache_line_size set to <*> bytes,"['1.428395', '64']"
289,Mar,9,12:58:38,UbuntuApp,kernel,[    1.429000] e820: reserve RAM buffer [mem 0x0009fc00-0x0009ffff],4790cbc8,[ <*>.<*>] e820: reserve RAM buffer [mem <*>,"['1.429000', '0x0009fc00-0x0009ffff]']"
290,Mar,9,12:58:38,UbuntuApp,kernel,[    1.429001] e820: reserve RAM buffer [mem 0x3fff0000-0x3fffffff],4790cbc8,[ <*>.<*>] e820: reserve RAM buffer [mem <*>,"['1.429001', '0x3fff0000-0x3fffffff]']"
291,Mar,9,12:58:38,UbuntuApp,kernel,[    1.429368] NetLabel: Initializing,936b8562,[ <*>.<*>] <*> <*>,"['1.429368', 'NetLabel: Initializing']"
292,Mar,9,12:58:38,UbuntuApp,kernel,[    1.432052] NetLabel:  domain hash size = 128,47e096b1,[ <*>.<*>] NetLabel: domain hash size = <*>,"['1.432052', '128']"
293,Mar,9,12:58:38,UbuntuApp,kernel,[    1.464393] NetLabel:  protocols = UNLABELED CIPSOv4 CALIPSO,e79f8145,[ <*>.<*>] NetLabel: protocols = UNLABELED CIPSOv4 CALIPSO,['1.464393']
294,Mar,9,12:58:38,UbuntuApp,kernel,[    1.468406] NetLabel:  unlabeled traffic allowed by default,68b4478a,[ <*>.<*>] NetLabel: unlabeled traffic allowed by default,['1.468406']
295,Mar,9,12:58:38,UbuntuApp,kernel,[    1.472479] clocksource: Switched to clocksource hyperv_clocksource_tsc_page,1f32fb91,[ <*>.<*>] clocksource: Switched to clocksource hyperv_clocksource_tsc_page,['1.472479']
296,Mar,9,12:58:38,UbuntuApp,kernel,[    1.496806] VFS: Disk quotas dquot_6.6.0,33812074,[ <*>.<*>] VFS: Disk quotas dquot_<*>.<*>.<*>,"['1.496806', '6', '6.0']"
297,Mar,9,12:58:38,UbuntuApp,kernel,"[    1.500134] VFS: Dquot-cache hash table entries: 512 (order 0, 4096 bytes)",e2564448,"[ <*>.<*>] <*> <*> hash table entries: <*> <*> <*>, <*> bytes)","['1.500134', 'VFS: Dquot-cache', '512', '(order 0', '4096']"
298,Mar,9,12:58:38,UbuntuApp,kernel,[    1.505473] AppArmor: AppArmor Filesystem Enabled,83ce5f94,[ <*>.<*>] AppArmor: AppArmor Filesystem Enabled,['1.505473']
299,Mar,9,12:58:38,UbuntuApp,kernel,[    1.509142] pnp: PnP ACPI init,1faaa63f,[ <*>.<*>] pnp: PnP ACPI init,['1.509142']
300,Mar,9,12:58:38,UbuntuApp,kernel,"[    1.511877] pnp 00:00: Plug and Play ACPI device, IDs PNP0b00 (active)",bddfdc42,"[ <*>.<*>] <*> <*>:<*>: Plug and Play ACPI device, IDs <*> (active)","['1.511877', 'pnp 00', '00', 'PNP0b00']"
301,Mar,9,12:58:38,UbuntuApp,kernel,"[    1.511937] pnp 00:01: Plug and Play ACPI device, IDs PNP0303 PNP030b (active)",3f6b66d2,"[ <*>.<*>] pnp <*>:<*>: Plug and Play ACPI device, IDs <*> <*> (active)","['1.511937', '00:01', 'PNP0303 PNP030b']"
302,Mar,9,12:58:38,UbuntuApp,kernel,"[    1.511973] pnp 00:02: Plug and Play ACPI device, IDs PNP0f03 PNP0f13 (active)",3f6b66d2,"[ <*>.<*>] pnp <*>:<*>: Plug and Play ACPI device, IDs <*> <*> (active)","['1.511973', '00:02', 'PNP0f03 PNP0f13']"
303,Mar,9,12:58:38,UbuntuApp,kernel,[    1.512753] pnp 00:03: [dma 0 disabled],d7764389,[ <*>.<*>] pnp <*>:<*>: [dma <*> disabled],"['1.512753', '00:03', '0']"
304,Mar,9,12:58:38,UbuntuApp,kernel,"[    1.512775] pnp 00:03: Plug and Play ACPI device, IDs PNP0501 (active)",bddfdc42,"[ <*>.<*>] <*> <*>:<*>: Plug and Play ACPI device, IDs <*> (active)","['1.512775', 'pnp 00', '03', 'PNP0501']"
305,Mar,9,12:58:38,UbuntuApp,kernel,[    1.513512] pnp 00:04: [dma 0 disabled],d7764389,[ <*>.<*>] pnp <*>:<*>: [dma <*> disabled],"['1.513512', '00:04', '0']"
306,Mar,9,12:58:38,UbuntuApp,kernel,"[    1.513543] pnp 00:04: Plug and Play ACPI device, IDs PNP0501 (active)",bddfdc42,"[ <*>.<*>] <*> <*>:<*>: Plug and Play ACPI device, IDs <*> (active)","['1.513543', 'pnp 00', '04', 'PNP0501']"
307,Mar,9,12:58:38,UbuntuApp,kernel,[    1.514318] pnp 00:05: [dma 2],0c328929,[ <*>.<*>] pnp <*>:<*>: [dma <*>],"['1.514318', '00:05', '2']"
308,Mar,9,12:58:38,UbuntuApp,kernel,"[    1.514349] pnp 00:05: Plug and Play ACPI device, IDs PNP0700 (active)",bddfdc42,"[ <*>.<*>] <*> <*>:<*>: Plug and Play ACPI device, IDs <*> (active)","['1.514349', 'pnp 00', '05', 'PNP0700']"
309,Mar,9,12:58:38,UbuntuApp,kernel,[    1.514385] system 00:06: [io  0x01e0-0x01ef] has been reserved,d9819c5a,[ <*>.<*>] system <*>:<*>: <*> <*> has been reserved,"['1.514385', '00:06', '[io  0x01e0-0x01ef]']"
310,Mar,9,12:58:38,UbuntuApp,kernel,[    1.520279] system 00:06: [io  0x0160-0x016f] has been reserved,d9819c5a,[ <*>.<*>] system <*>:<*>: <*> <*> has been reserved,"['1.520279', '00:06', '[io  0x0160-0x016f]']"
311,Mar,9,12:58:38,UbuntuApp,kernel,[    1.524663] system 00:06: [io  0x0278-0x027f] has been reserved,d9819c5a,[ <*>.<*>] system <*>:<*>: <*> <*> has been reserved,"['1.524663', '00:06', '[io  0x0278-0x027f]']"
312,Mar,9,12:58:38,UbuntuApp,kernel,[    1.529030] system 00:06: [io  0x0378-0x037f] has been reserved,d9819c5a,[ <*>.<*>] system <*>:<*>: <*> <*> has been reserved,"['1.529030', '00:06', '[io  0x0378-0x037f]']"
313,Mar,9,12:58:38,UbuntuApp,kernel,[    1.533224] system 00:06: [io  0x0678-0x067f] has been reserved,d9819c5a,[ <*>.<*>] system <*>:<*>: <*> <*> has been reserved,"['1.533224', '00:06', '[io  0x0678-0x067f]']"
314,Mar,9,12:58:38,UbuntuApp,kernel,[    1.537635] system 00:06: [io  0x0778-0x077f] has been reserved,d9819c5a,[ <*>.<*>] system <*>:<*>: <*> <*> has been reserved,"['1.537635', '00:06', '[io  0x0778-0x077f]']"
315,Mar,9,12:58:38,UbuntuApp,kernel,[    1.541886] system 00:06: [io  0x04d0-0x04d1] has been reserved,d9819c5a,[ <*>.<*>] system <*>:<*>: <*> <*> has been reserved,"['1.541886', '00:06', '[io  0x04d0-0x04d1]']"
316,Mar,9,12:58:38,UbuntuApp,kernel,"[    1.546270] system 00:06: Plug and Play ACPI device, IDs PNP0c02 (active)",bddfdc42,"[ <*>.<*>] <*> <*>:<*>: Plug and Play ACPI device, IDs <*> (active)","['1.546270', 'system 00', '06', 'PNP0c02']"
317,Mar,9,12:58:38,UbuntuApp,kernel,[    1.546442] system 00:07: [io  0x0400-0x043f] has been reserved,d9819c5a,[ <*>.<*>] system <*>:<*>: <*> <*> has been reserved,"['1.546442', '00:07', '[io  0x0400-0x043f]']"
318,Mar,9,12:58:38,UbuntuApp,kernel,[    1.550512] system 00:07: [io  0x0370-0x0371] has been reserved,d9819c5a,[ <*>.<*>] system <*>:<*>: <*> <*> has been reserved,"['1.550512', '00:07', '[io  0x0370-0x0371]']"
319,Mar,9,12:58:38,UbuntuApp,kernel,[    1.554647] system 00:07: [io  0x0440-0x044f] has been reserved,d9819c5a,[ <*>.<*>] system <*>:<*>: <*> <*> has been reserved,"['1.554647', '00:07', '[io  0x0440-0x044f]']"
320,Mar,9,12:58:38,UbuntuApp,kernel,[    1.559963] system 00:07: [mem 0xfec00000-0xfec00fff] could not be reserved,e270d668,[ <*>.<*>] system <*>:<*>: [mem <*> could not be reserved,"['1.559963', '00:07', '0xfec00000-0xfec00fff]']"
321,Mar,9,12:58:38,UbuntuApp,kernel,[    1.565347] system 00:07: [mem 0xfee00000-0xfee00fff] has been reserved,d9819c5a,[ <*>.<*>] system <*>:<*>: <*> <*> has been reserved,"['1.565347', '00:07', '[mem 0xfee00000-0xfee00fff]']"
322,Mar,9,12:58:38,UbuntuApp,kernel,"[    1.570355] system 00:07: Plug and Play ACPI device, IDs PNP0c02 (active)",bddfdc42,"[ <*>.<*>] <*> <*>:<*>: Plug and Play ACPI device, IDs <*> (active)","['1.570355', 'system 00', '07', 'PNP0c02']"
323,Mar,9,12:58:38,UbuntuApp,kernel,[    1.570485] system 00:08: [mem 0x00000000-0x0009ffff] could not be reserved,e270d668,[ <*>.<*>] system <*>:<*>: [mem <*> could not be reserved,"['1.570485', '00:08', '0x00000000-0x0009ffff]']"
324,Mar,9,12:58:38,UbuntuApp,kernel,[    1.576409] system 00:08: [mem 0x000c0000-0x000dffff] could not be reserved,e270d668,[ <*>.<*>] system <*>:<*>: [mem <*> could not be reserved,"['1.576409', '00:08', '0x000c0000-0x000dffff]']"
325,Mar,9,12:58:38,UbuntuApp,kernel,[    1.582489] system 00:08: [mem 0x000e0000-0x000fffff] could not be reserved,e270d668,[ <*>.<*>] system <*>:<*>: [mem <*> could not be reserved,"['1.582489', '00:08', '0x000e0000-0x000fffff]']"
326,Mar,9,12:58:38,UbuntuApp,kernel,[    1.595335] system 00:08: [mem 0x00100000-0x3fffffff] could not be reserved,e270d668,[ <*>.<*>] system <*>:<*>: [mem <*> could not be reserved,"['1.595335', '00:08', '0x00100000-0x3fffffff]']"
327,Mar,9,12:58:38,UbuntuApp,kernel,[    1.600177] system 00:08: [mem 0xfffc0000-0xffffffff] has been reserved,d9819c5a,[ <*>.<*>] system <*>:<*>: <*> <*> has been reserved,"['1.600177', '00:08', '[mem 0xfffc0000-0xffffffff]']"
328,Mar,9,12:58:38,UbuntuApp,kernel,"[    1.604643] system 00:08: Plug and Play ACPI device, IDs PNP0c01 (active)",bddfdc42,"[ <*>.<*>] <*> <*>:<*>: Plug and Play ACPI device, IDs <*> (active)","['1.604643', 'system 00', '08', 'PNP0c01']"
329,Mar,9,12:58:38,UbuntuApp,kernel,[    1.604916] pnp: PnP ACPI: found 9 devices,f89824e6,[ <*>.<*>] pnp: PnP ACPI: found <*> devices,"['1.604916', '9']"
330,Mar,9,12:58:38,UbuntuApp,kernel,"[    1.616340] clocksource: acpi_pm: mask: 0xffffff max_cycles: 0xffffff, max_idle_ns: 2085701024 ns",86aa80c1,[ <*>.<*>] clocksource: <*> mask: <*> max_cycles: <*> max_idle_ns: <*> ns,"['1.616340', 'acpi_pm:', '0xffffff', '0xffffff,', '2085701024']"
331,Mar,9,12:58:38,UbuntuApp,kernel,[    1.622941] pci_bus 0000:00: resource 4 [mem 0xfe0000000-0xfffffffff window],b390ddbe,[ <*>.<*>] pci_bus <*>:<*>: resource <*> <*> <*> window],"['1.622941', '0000:00', '4', '[mem 0xfe0000000-0xfffffffff']"
332,Mar,9,12:58:38,UbuntuApp,kernel,[    1.622942] pci_bus 0000:00: resource 5 [io  0x0000-0x0cf7 window],b390ddbe,[ <*>.<*>] pci_bus <*>:<*>: resource <*> <*> <*> window],"['1.622942', '0000:00', '5', '[io  0x0000-0x0cf7']"
333,Mar,9,12:58:38,UbuntuApp,kernel,[    1.622943] pci_bus 0000:00: resource 6 [io  0x0d00-0xffff window],b390ddbe,[ <*>.<*>] pci_bus <*>:<*>: resource <*> <*> <*> window],"['1.622943', '0000:00', '6', '[io  0x0d00-0xffff']"
334,Mar,9,12:58:38,UbuntuApp,kernel,[    1.622944] pci_bus 0000:00: resource 7 [mem 0x000a0000-0x000bffff window],b390ddbe,[ <*>.<*>] pci_bus <*>:<*>: resource <*> <*> <*> window],"['1.622944', '0000:00', '7', '[mem 0x000a0000-0x000bffff']"
335,Mar,9,12:58:38,UbuntuApp,kernel,[    1.622945] pci_bus 0000:00: resource 8 [mem 0x40000000-0xfffbffff window],b390ddbe,[ <*>.<*>] pci_bus <*>:<*>: resource <*> <*> <*> window],"['1.622945', '0000:00', '8', '[mem 0x40000000-0xfffbffff']"
336,Mar,9,12:58:38,UbuntuApp,kernel,[    1.623104] NET: Registered protocol family 2,87d471e6,[ <*>.<*>] NET: Registered protocol family <*>,"['1.623104', '2']"
337,Mar,9,12:58:38,UbuntuApp,kernel,"[    1.626918] tcp_listen_portaddr_hash hash table entries: 4096 (order: 4, 65536 bytes)",6a78c96c,"[ <*>.<*>] <*> hash table entries: <*> (order: <*>, <*> bytes)","['1.626918', 'tcp_listen_portaddr_hash', '4096', '4', '65536']"
338,Mar,9,12:58:38,UbuntuApp,kernel,"[    1.633413] TCP established hash table entries: 65536 (order: 7, 524288 bytes)",e2564448,"[ <*>.<*>] <*> <*> hash table entries: <*> <*> <*>, <*> bytes)","['1.633413', 'TCP established', '65536', '(order: 7', '524288']"
339,Mar,9,12:58:38,UbuntuApp,kernel,"[    1.639377] TCP bind hash table entries: 65536 (order: 8, 1048576 bytes)",e2564448,"[ <*>.<*>] <*> <*> hash table entries: <*> <*> <*>, <*> bytes)","['1.639377', 'TCP bind', '65536', '(order: 8', '1048576']"
340,Mar,9,12:58:38,UbuntuApp,kernel,[    1.644722] TCP: Hash tables configured (established 65536 bind 65536),a9c6a646,[ <*>.<*>] TCP: Hash tables configured (established <*> bind <*>),"['1.644722', '65536', '65536']"
341,Mar,9,12:58:38,UbuntuApp,kernel,"[    1.649898] UDP hash table entries: 4096 (order: 5, 131072 bytes)",6a78c96c,"[ <*>.<*>] <*> hash table entries: <*> (order: <*>, <*> bytes)","['1.649898', 'UDP', '4096', '5', '131072']"
342,Mar,9,12:58:38,UbuntuApp,kernel,"[    1.654403] UDP-Lite hash table entries: 4096 (order: 5, 131072 bytes)",6a78c96c,"[ <*>.<*>] <*> hash table entries: <*> (order: <*>, <*> bytes)","['1.654403', 'UDP-Lite', '4096', '5', '131072']"
343,Mar,9,12:58:38,UbuntuApp,kernel,[    1.659916] NET: Registered protocol family 1,87d471e6,[ <*>.<*>] NET: Registered protocol family <*>,"['1.659916', '1']"
344,Mar,9,12:58:38,UbuntuApp,kernel,[    1.663683] NET: Registered protocol family 44,87d471e6,[ <*>.<*>] NET: Registered protocol family <*>,"['1.663683', '44']"
345,Mar,9,12:58:38,UbuntuApp,kernel,[    1.668775] pci 0000:00:00.0: Limiting direct PCI/PCI transfers,32a4060e,[ <*>.<*>] pci <*>:<*>:<*>.<*>: <*> <*> <*> <*>,"['1.668775', '0000', '00:00.0', 'Limiting', 'direct PCI/PCI transfers']"
346,Mar,9,12:58:38,UbuntuApp,kernel,[    1.674432] pci 0000:00:08.0: Video device with shadowed ROM at [mem 0x000c0000-0x000dffff],6f240111,[ <*>.<*>] pci <*>:<*>:<*>.<*>: Video device with shadowed ROM at [mem 0x000c0000-0x000dffff],"['1.674432', '0000', '00:08.0']"
347,Mar,9,12:58:38,UbuntuApp,kernel,"[    1.680646] PCI: CLS 0 bytes, default 64",4158f22b,"[ <*>.<*>] PCI: CLS <*> bytes, default <*>","['1.680646', '0', '64']"
348,Mar,9,12:58:38,UbuntuApp,kernel,[    1.680691] Unpacking initramfs...,936b8562,[ <*>.<*>] <*> <*>,"['1.680691', 'Unpacking initramfs...']"
349,Mar,9,12:58:38,UbuntuApp,kernel,[    2.055311] Freeing initrd memory: 23568K,fa42244b,[ <*>.<*>] Freeing initrd memory: 23568K,['2.055311']
350,Mar,9,12:58:38,UbuntuApp,kernel,[    2.058199] PCI-DMA: Using software bounce buffering for IO (SWIOTLB),e5f603b3,[ <*>.<*>] PCI-DMA: Using software bounce buffering for IO (SWIOTLB),['2.058199']
351,Mar,9,12:58:38,UbuntuApp,kernel,[    2.062575] software IO TLB: mapped [mem 0x3bff0000-0x3fff0000] (64MB),f8156a21,[ <*>.<*>] software IO TLB: mapped [mem 0x3bff0000-0x3fff0000] (64MB),['2.062575']
352,Mar,9,12:58:38,UbuntuApp,kernel,[    2.067600] check: Scanning for low memory corruption every 60 seconds,44ef95da,[ <*>.<*>] check: Scanning for low memory corruption every <*> seconds,"['2.067600', '60']"
353,Mar,9,12:58:38,UbuntuApp,kernel,[    2.075652] Initialise system trusted keyrings,21a70e82,[ <*>.<*>] Initialise system trusted keyrings,['2.075652']
354,Mar,9,12:58:38,UbuntuApp,kernel,[    2.078940] Key type blacklist registered,dbd17d1c,[ <*>.<*>] <*> <*> <*> registered,"['2.078940', 'Key', 'type blacklist']"
355,Mar,9,12:58:38,UbuntuApp,kernel,[    2.082165] workingset: timestamp_bits=36 max_order=21 bucket_order=0,f1c1ebff,[ <*>.<*>] workingset: timestamp_bits=<*> max_order=<*> bucket_order=<*>,"['2.082165', '36', '21', '0']"
356,Mar,9,12:58:38,UbuntuApp,kernel,[    2.088051] zbud: loaded,936b8562,[ <*>.<*>] <*> <*>,"['2.088051', 'zbud: loaded']"
357,Mar,9,12:58:38,UbuntuApp,kernel,[    2.090855] squashfs: version 4.0 (2009/01/31) Phillip Lougher,f4b6394d,[ <*>.<*>] squashfs: version <*>.<*> (<*>/<*>/<*>) Phillip Lougher,"['2.090855', '4.0', '2009', '01/31']"
358,Mar,9,12:58:38,UbuntuApp,kernel,[    2.095260] fuse init (API version 7.28),2d9471a3,[ <*>.<*>] fuse init (API version <*>.<*>),"['2.095260', '7.28']"
359,Mar,9,12:58:38,UbuntuApp,kernel,[    2.136770] Key type asymmetric registered,dbd17d1c,[ <*>.<*>] <*> <*> <*> registered,"['2.136770', 'Key', 'type asymmetric']"
360,Mar,9,12:58:38,UbuntuApp,kernel,[    2.139924] Asymmetric key parser 'x509' registered,3ecc6026,[ <*>.<*>] Asymmetric key parser 'x509' registered,['2.139924']
361,Mar,9,12:58:38,UbuntuApp,kernel,[    2.143741] Block layer SCSI generic (bsg) driver version 0.4 loaded (major 243),669e3ce3,[ <*>.<*>] Block layer SCSI generic (bsg) driver version <*>.<*> loaded (major <*>),"['2.143741', '0.4', '243']"
362,Mar,9,12:58:38,UbuntuApp,kernel,[    2.149922] shpchp: Standard Hot Plug PCI Controller Driver version: 0.4,572a6a6a,[ <*>.<*>] <*> <*> Hot Plug PCI Controller Driver version: <*>.<*>,"['2.149922', 'shpchp: Standard', '0.4']"
363,Mar,9,12:58:38,UbuntuApp,kernel,[    2.154825] intel_idle: Please enable MWAIT in BIOS SETUP,4b4d22f6,[ <*>.<*>] intel_idle: Please enable MWAIT in BIOS SETUP,['2.154825']
364,Mar,9,12:58:38,UbuntuApp,kernel,[    2.154909] input: Power Button as /devices/LNXSYSTM:00/LNXPWRBN:00/input/input0,f2dc1a2f,[ <*>.<*>] input: Power Button as /devices/LNXSYSTM:<*>/LNXPWRBN:<*>/input/input<*>,"['2.154909', '00', '00', '0']"
365,Mar,9,12:58:38,UbuntuApp,kernel,[    2.160499] ACPI: Power Button [PWRF],384a7d61,[ <*>.<*>] ACPI: <*> <*> <*>,"['2.160499', 'Power', 'Button [PWRF]']"
366,Mar,9,12:58:38,UbuntuApp,kernel,"[    2.163696] Serial: 8250/16550 driver, 32 ports, IRQ sharing enabled",ea64f415,"[ <*>.<*>] Serial: <*>/<*> driver, <*> ports, IRQ sharing enabled","['2.163696', '8250/16550', '32']"
367,Mar,9,12:58:38,UbuntuApp,kernel,"[    2.196806] 00:03: ttyS0 at I/O 0x3f8 (irq = 4, base_baud = 115200) is a 16550A",7e28a5dc,"[ <*>.<*>] <*>:<*>: <*> at I/O <*> (irq = <*>, base_baud = <*>) is a 16550A","['2.196806', '00:03', 'ttyS0', '0x3f8', '4', '115200']"
368,Mar,9,12:58:38,UbuntuApp,kernel,"[    2.231664] 00:04: ttyS1 at I/O 0x2f8 (irq = 3, base_baud = 115200) is a 16550A",7e28a5dc,"[ <*>.<*>] <*>:<*>: <*> at I/O <*> (irq = <*>, base_baud = <*>) is a 16550A","['2.231664', '00:04', 'ttyS1', '0x2f8', '3', '115200']"
369,Mar,9,12:58:38,UbuntuApp,kernel,[    2.239456] Linux agpgart interface v0.103,2614401b,[ <*>.<*>] Linux agpgart interface v0.<*>,"['2.239456', '103']"
370,Mar,9,12:58:38,UbuntuApp,kernel,[    2.255046] loop: module loaded,0ae41d87,[ <*>.<*>] loop: module loaded,['2.255046']
371,Mar,9,12:58:38,UbuntuApp,kernel,[    2.257732] hv_vmbus: registering driver hv_storvsc,12bef385,[ <*>.<*>] hv_vmbus: registering driver <*>,"['2.257732', 'hv_storvsc']"
372,Mar,9,12:58:38,UbuntuApp,kernel,[    2.262277] ata_piix 0000:00:07.1: version 2.13,48f9cb4d,[ <*>.<*>] <*> <*> version <*>,"['2.262277', 'ata_piix 0000:00:07.1:', '2.13']"
373,Mar,9,12:58:38,UbuntuApp,kernel,"[    2.262500] ata_piix 0000:00:07.1: Hyper-V Virtual Machine detected, ATA device ignore set",26b1b5d7,"[ <*>.<*>] ata_piix <*>:<*>:<*>.<*>: Hyper-V Virtual Machine detected, ATA device ignore set","['2.262500', '0000', '00:07.1']"
374,Mar,9,12:58:38,UbuntuApp,kernel,[    2.263223] scsi host0: storvsc_host_t,9ebf0a1a,[ <*>.<*>] scsi <*> <*>,"['2.263223', 'host0: storvsc_host_t']"
375,Mar,9,12:58:38,UbuntuApp,kernel,[    2.287816] scsi host1: ata_piix,9ebf0a1a,[ <*>.<*>] scsi <*> <*>,"['2.287816', 'host1: ata_piix']"
376,Mar,9,12:58:38,UbuntuApp,kernel,[    2.291957] scsi host2: ata_piix,9ebf0a1a,[ <*>.<*>] scsi <*> <*>,"['2.291957', 'host2: ata_piix']"
377,Mar,9,12:58:38,UbuntuApp,kernel,[    2.295891] ata1: PATA max UDMA/33 cmd 0x1f0 ctl 0x3f6 bmdma 0xffa0 irq 14,fa004d8c,[ <*>.<*>] <*> PATA max UDMA/<*> cmd <*> ctl <*> bmdma <*> irq <*>,"['2.295891', 'ata1:', '33', '0x1f0', '0x3f6', '0xffa0', '14']"
378,Mar,9,12:58:38,UbuntuApp,kernel,[    2.296049] scsi 0:0:0:0: Direct-Access     Msft     Virtual Disk     1.0  PQ: 0 ANSI: 5,4cf15d88,[ <*>.<*>] scsi <*>:<*>:<*>:<*>: Direct-Access Msft Virtual Disk <*>.<*> PQ: <*> ANSI: <*>,"['2.296049', '0', '0:0:0', '1.0', '0', '5']"
379,Mar,9,12:58:38,UbuntuApp,kernel,[    2.301979] ata2: PATA max UDMA/33 cmd 0x170 ctl 0x376 bmdma 0xffa8 irq 15,fa004d8c,[ <*>.<*>] <*> PATA max UDMA/<*> cmd <*> ctl <*> bmdma <*> irq <*>,"['2.301979', 'ata2:', '33', '0x170', '0x376', '0xffa8', '15']"
380,Mar,9,12:58:38,UbuntuApp,kernel,[    2.302274] libphy: Fixed MDIO Bus: probed,557f1a34,[ <*>.<*>] libphy: Fixed MDIO Bus: probed,['2.302274']
381,Mar,9,12:58:38,UbuntuApp,kernel,[    2.309947] sd 0:0:0:0: Attached scsi generic sg0 type 0,88fbcf1e,[ <*>.<*>] sd <*>:<*>:<*>:<*>: Attached scsi generic <*> type <*>,"['2.309947', '0', '0:0:0', 'sg0', '0']"
382,Mar,9,12:58:38,UbuntuApp,kernel,"[    2.317203] tun: Universal TUN/TAP device driver, 1.6",0a220e22,"[ <*>.<*>] tun: Universal TUN/TAP device driver, <*>.<*>","['2.317203', '1.6']"
383,Mar,9,12:58:38,UbuntuApp,kernel,[    2.328079] sd 0:0:0:0: [sda] 62916608 512-byte logical blocks: (32.2 GB/30.0 GiB),9f727691,[ <*>.<*>] sd <*>:<*>:<*>:<*>: <*> <*> <*>-byte logical blocks: (<*>.<*> GB/<*>.<*> GiB),"['2.328079', '0', '0:0:0', '[sda]', '62916608 512', '32.2', '30.0']"
384,Mar,9,12:58:38,UbuntuApp,kernel,[    2.336209] PPP generic driver version 2.4.2,0946490e,[ <*>.<*>] PPP generic driver version <*>.<*>.<*>,"['2.336209', '2', '4.2']"
385,Mar,9,12:58:38,UbuntuApp,kernel,[    2.337631] sd 0:0:0:0: [sda] 4096-byte physical blocks,bbce10d5,[ <*>.<*>] sd <*>:<*>:<*>:<*>: <*> <*> <*> <*>,"['2.337631', '0', '0:0:0', '[sda]', '4096-byte physical blocks']"
386,Mar,9,12:58:38,UbuntuApp,kernel,[    2.337743] sd 0:0:0:0: [sda] Write Protect is off,10c5c754,[ <*>.<*>] sd <*>:<*>:<*>:<*>: <*> Write Protect is off,"['2.337743', '0', '0:0:0', '[sda]']"
387,Mar,9,12:58:38,UbuntuApp,kernel,"[    2.356604] i8042: PNP: PS/2 Controller [PNP0303:PS2K,PNP0f03:PS2M] at 0x60,0x64 irq 1,12",4ef74bfa,"[ <*>.<*>] i8042: PNP: PS/<*> Controller [PNP0303:PS2K,PNP0f03:PS2M] at 0x60,0x64 irq <*>,<*>","['2.356604', '2', '1,12']"
388,Mar,9,12:58:38,UbuntuApp,kernel,[    2.360897] sd 0:0:0:0: [sda] Mode Sense: 0f 00 10 00,735161ce,[ <*>.<*>] sd <*>:<*>:<*>:<*>: <*> Mode Sense: 0f <*> <*> <*>,"['2.360897', '0', '0:0:0', '[sda]', '00', '10 00']"
389,Mar,9,12:58:38,UbuntuApp,kernel,"[    2.361244] sd 0:0:0:0: [sda] Write cache: enabled, read cache: enabled, supports DPO and FUA",ffdecc77,"[ <*>.<*>] sd <*>:<*>:<*>:<*>: <*> Write cache: <*> read cache: enabled, supports DPO and FUA","['2.361244', '0', '0:0:0', '[sda]', 'enabled,']"
390,Mar,9,12:58:38,UbuntuApp,kernel,"[    2.384879] serio: i8042 KBD port at 0x60,0x64 irq 1",82ad81cc,"[ <*>.<*>] serio: i8042 <*> port at 0x60,0x64 irq <*>","['2.384879', 'KBD', '1']"
391,Mar,9,12:58:38,UbuntuApp,kernel,"[    2.405026] serio: i8042 AUX port at 0x60,0x64 irq 12",82ad81cc,"[ <*>.<*>] serio: i8042 <*> port at 0x60,0x64 irq <*>","['2.405026', 'AUX', '12']"
392,Mar,9,12:58:38,UbuntuApp,kernel,[    2.409872]  sda: sda1 sda14 sda15,909da0e6,[ <*>.<*>] sda: sda1 sda14 sda<*>,"['2.409872', '15']"
393,Mar,9,12:58:38,UbuntuApp,kernel,[    2.414362] mousedev: PS/2 mouse device common for all mice,dbaeb175,[ <*>.<*>] mousedev: PS/<*> mouse device common for all mice,"['2.414362', '2']"
394,Mar,9,12:58:38,UbuntuApp,kernel,[    2.417825] scsi host3: storvsc_host_t,9ebf0a1a,[ <*>.<*>] scsi <*> <*>,"['2.417825', 'host3: storvsc_host_t']"
395,Mar,9,12:58:38,UbuntuApp,kernel,[    2.426959] rtc_cmos 00:00: RTC can wake from S4,516bbbf1,[ <*>.<*>] rtc_cmos <*>:<*>: RTC can wake from S<*>,"['2.426959', '00:00', '4']"
396,Mar,9,12:58:38,UbuntuApp,kernel,[    2.448191] sd 0:0:0:0: [sda] Attached SCSI disk,bbce10d5,[ <*>.<*>] sd <*>:<*>:<*>:<*>: <*> <*> <*> <*>,"['2.448191', '0', '0:0:0', '[sda]', 'Attached SCSI disk']"
397,Mar,9,12:58:38,UbuntuApp,kernel,[    2.466223] scsi 3:0:1:0: Direct-Access     Msft     Virtual Disk     1.0  PQ: 0 ANSI: 5,4cf15d88,[ <*>.<*>] scsi <*>:<*>:<*>:<*>: Direct-Access Msft Virtual Disk <*>.<*> PQ: <*> ANSI: <*>,"['2.466223', '3', '0:1:0', '1.0', '0', '5']"
398,Mar,9,12:58:38,UbuntuApp,kernel,[    2.467668] rtc_cmos 00:00: registered as rtc0,fcfaf745,[ <*>.<*>] rtc_cmos <*>:<*>: registered as rtc<*>,"['2.467668', '00:00', '0']"
399,Mar,9,12:58:38,UbuntuApp,kernel,"[    2.485177] rtc_cmos 00:00: alarms up to one month, 114 bytes nvram",139c403f,"[ <*>.<*>] rtc_cmos <*>:<*>: alarms up to one month, <*> bytes nvram","['2.485177', '00:00', '114']"
400,Mar,9,12:58:38,UbuntuApp,kernel,[    2.485761] sd 3:0:1:0: Attached scsi generic sg1 type 0,88fbcf1e,[ <*>.<*>] sd <*>:<*>:<*>:<*>: Attached scsi generic <*> type <*>,"['2.485761', '3', '0:1:0', 'sg1', '0']"
401,Mar,9,12:58:38,UbuntuApp,kernel,[    2.495272] device-mapper: uevent: version 1.0.3,d9a4db27,[ <*>.<*>] <*> <*> <*> <*>.<*>.<*>,"['2.495272', 'device-mapper:', 'uevent: version 1', '0.3']"
402,Mar,9,12:58:38,UbuntuApp,kernel,[    2.506440] input: AT Translated Set 2 keyboard as /devices/platform/i8042/serio0/input/input1,d15b796b,[ <*>.<*>] input: AT Translated Set <*> keyboard as <*>,"['2.506440', '2', '/devices/platform/i8042/serio0/input/input1']"
403,Mar,9,12:58:38,UbuntuApp,kernel,[    2.508113] device-mapper: ioctl: 4.39.0-ioctl (2018-04-03) initialised: dm-devel@redhat.com,5bb267ad,[ <*>.<*>] device-mapper: ioctl: <*>.<*>.<*>-ioctl (<*>-<*>-<*>) initialised: dm-devel@redhat.com,"['2.508113', '4', '39.0', '2018', '04-03']"
404,Mar,9,12:58:38,UbuntuApp,kernel,"[    2.527508] ata1.01: host indicates ignore ATA devices, ignored",eaf7c3db,"[ <*>.<*>] ata1.<*>: host indicates ignore ATA devices, ignored","['2.527508', '01']"
405,Mar,9,12:58:38,UbuntuApp,kernel,[    2.534268] platform eisa.0: Probing EISA bus 0,2de64ea0,[ <*>.<*>] platform eisa.<*>: <*> <*> <*> <*>,"['2.534268', '0', 'Probing', 'EISA bus 0']"
406,Mar,9,12:58:38,UbuntuApp,kernel,"[    2.537072] ata1.00: host indicates ignore ATA devices, ignored",eaf7c3db,"[ <*>.<*>] ata1.<*>: host indicates ignore ATA devices, ignored","['2.537072', '00']"
407,Mar,9,12:58:38,UbuntuApp,kernel,[    2.541631] platform eisa.0: EISA: Cannot allocate resource for mainboard,be358a3d,[ <*>.<*>] platform eisa.<*>: EISA: Cannot allocate resource for mainboard,"['2.541631', '0']"
408,Mar,9,12:58:38,UbuntuApp,kernel,[    2.546592] platform eisa.0: Cannot allocate resource for EISA slot 1,0ad8dabf,[ <*>.<*>] platform eisa.<*>: Cannot allocate resource for EISA slot <*>,"['2.546592', '0', '1']"
409,Mar,9,12:58:38,UbuntuApp,kernel,[    2.548505] sd 3:0:1:0: [sdb] 33554432 512-byte logical blocks: (17.2 GB/16.0 GiB),9f727691,[ <*>.<*>] sd <*>:<*>:<*>:<*>: <*> <*> <*>-byte logical blocks: (<*>.<*> GB/<*>.<*> GiB),"['2.548505', '3', '0:1:0', '[sdb]', '33554432 512', '17.2', '16.0']"
410,Mar,9,12:58:38,UbuntuApp,kernel,[    2.555932] platform eisa.0: Cannot allocate resource for EISA slot 2,0ad8dabf,[ <*>.<*>] platform eisa.<*>: Cannot allocate resource for EISA slot <*>,"['2.555932', '0', '2']"
411,Mar,9,12:58:38,UbuntuApp,kernel,[    2.563105] sd 3:0:1:0: [sdb] 4096-byte physical blocks,bbce10d5,[ <*>.<*>] sd <*>:<*>:<*>:<*>: <*> <*> <*> <*>,"['2.563105', '3', '0:1:0', '[sdb]', '4096-byte physical blocks']"
412,Mar,9,12:58:38,UbuntuApp,kernel,[    2.573813] platform eisa.0: Cannot allocate resource for EISA slot 3,0ad8dabf,[ <*>.<*>] platform eisa.<*>: Cannot allocate resource for EISA slot <*>,"['2.573813', '0', '3']"
413,Mar,9,12:58:38,UbuntuApp,kernel,[    2.585238] sd 3:0:1:0: [sdb] Write Protect is off,10c5c754,[ <*>.<*>] sd <*>:<*>:<*>:<*>: <*> Write Protect is off,"['2.585238', '3', '0:1:0', '[sdb]']"
414,Mar,9,12:58:38,UbuntuApp,kernel,[    2.594065] platform eisa.0: Cannot allocate resource for EISA slot 4,0ad8dabf,[ <*>.<*>] platform eisa.<*>: Cannot allocate resource for EISA slot <*>,"['2.594065', '0', '4']"
415,Mar,9,12:58:38,UbuntuApp,kernel,[    2.606604] sd 3:0:1:0: [sdb] Mode Sense: 0f 00 10 00,735161ce,[ <*>.<*>] sd <*>:<*>:<*>:<*>: <*> Mode Sense: 0f <*> <*> <*>,"['2.606604', '3', '0:1:0', '[sdb]', '00', '10 00']"
416,Mar,9,12:58:38,UbuntuApp,kernel,[    2.612695] platform eisa.0: Cannot allocate resource for EISA slot 5,0ad8dabf,[ <*>.<*>] platform eisa.<*>: Cannot allocate resource for EISA slot <*>,"['2.612695', '0', '5']"
417,Mar,9,12:58:38,UbuntuApp,kernel,"[    2.613047] sd 3:0:1:0: [sdb] Write cache: disabled, read cache: enabled, supports DPO and FUA",ffdecc77,"[ <*>.<*>] sd <*>:<*>:<*>:<*>: <*> Write cache: <*> read cache: enabled, supports DPO and FUA","['2.613047', '3', '0:1:0', '[sdb]', 'disabled,']"
418,Mar,9,12:58:38,UbuntuApp,kernel,[    2.623651] platform eisa.0: Cannot allocate resource for EISA slot 6,0ad8dabf,[ <*>.<*>] platform eisa.<*>: Cannot allocate resource for EISA slot <*>,"['2.623651', '0', '6']"
419,Mar,9,12:58:38,UbuntuApp,kernel,[    2.623653] platform eisa.0: Cannot allocate resource for EISA slot 7,0ad8dabf,[ <*>.<*>] platform eisa.<*>: Cannot allocate resource for EISA slot <*>,"['2.623653', '0', '7']"
420,Mar,9,12:58:38,UbuntuApp,kernel,[    2.634942] scsi host4: storvsc_host_t,9ebf0a1a,[ <*>.<*>] scsi <*> <*>,"['2.634942', 'host4: storvsc_host_t']"
421,Mar,9,12:58:38,UbuntuApp,kernel,[    2.643390] platform eisa.0: Cannot allocate resource for EISA slot 8,0ad8dabf,[ <*>.<*>] platform eisa.<*>: Cannot allocate resource for EISA slot <*>,"['2.643390', '0', '8']"
422,Mar,9,12:58:38,UbuntuApp,kernel,[    2.650542]  sdb: sdb1,936b8562,[ <*>.<*>] <*> <*>,"['2.650542', 'sdb: sdb1']"
423,Mar,9,12:58:38,UbuntuApp,kernel,[    2.657099] platform eisa.0: EISA: Detected 0 cards,2de64ea0,[ <*>.<*>] platform eisa.<*>: <*> <*> <*> <*>,"['2.657099', '0', 'EISA:', 'Detected 0 cards']"
424,Mar,9,12:58:38,UbuntuApp,kernel,[    2.674687] NET: Registered protocol family 10,87d471e6,[ <*>.<*>] NET: Registered protocol family <*>,"['2.674687', '10']"
425,Mar,9,12:58:38,UbuntuApp,kernel,[    2.681765] scsi host5: storvsc_host_t,9ebf0a1a,[ <*>.<*>] scsi <*> <*>,"['2.681765', 'host5: storvsc_host_t']"
426,Mar,9,12:58:38,UbuntuApp,kernel,[    2.685937] sd 3:0:1:0: [sdb] Attached SCSI disk,bbce10d5,[ <*>.<*>] sd <*>:<*>:<*>:<*>: <*> <*> <*> <*>,"['2.685937', '3', '0:1:0', '[sdb]', 'Attached SCSI disk']"
427,Mar,9,12:58:38,UbuntuApp,kernel,[    2.697265] Segment Routing with IPv6,26c4f486,[ <*>.<*>] Segment Routing with IPv<*>,"['2.697265', '6']"
428,Mar,9,12:58:38,UbuntuApp,kernel,[    2.700216] NET: Registered protocol family 17,87d471e6,[ <*>.<*>] NET: Registered protocol family <*>,"['2.700216', '17']"
429,Mar,9,12:58:38,UbuntuApp,kernel,[    2.704062] Key type dns_resolver registered,dbd17d1c,[ <*>.<*>] <*> <*> <*> registered,"['2.704062', 'Key', 'type dns_resolver']"
430,Mar,9,12:58:38,UbuntuApp,kernel,[    2.707544] mce: Using 1 MCE banks,48176c35,[ <*>.<*>] mce: Using <*> MCE banks,"['2.707544', '1']"
431,Mar,9,12:58:38,UbuntuApp,kernel,[    2.710546] RAS: Correctable Errors collector initialized.,329258f5,[ <*>.<*>] RAS: Correctable Errors collector initialized.,['2.710546']
432,Mar,9,12:58:38,UbuntuApp,kernel,[    2.714653] registered taskstats version 1,48f9cb4d,[ <*>.<*>] <*> <*> version <*>,"['2.714653', 'registered taskstats', '1']"
433,Mar,9,12:58:38,UbuntuApp,kernel,[    2.717887] Loading compiled-in X.509 certificates,9a257afa,[ <*>.<*>] Loading compiled-in X.<*> certificates,"['2.717887', '509']"
434,Mar,9,12:58:38,UbuntuApp,kernel,[    2.723568] Loaded X.509 cert 'Build time autogenerated kernel key: 9c13c25bb46bb08aadac8fd6055952f30e111a90',e0570adb,[ <*>.<*>] Loaded X.<*> cert 'Build time autogenerated kernel key: 9c13c25bb46bb08aadac8fd6055952f30e111a90',"['2.723568', '509']"
435,Mar,9,12:58:38,UbuntuApp,kernel,[    2.730273] zswap: loaded using pool lzo/zbud,18f18ee6,[ <*>.<*>] zswap: loaded using pool lzo/zbud,['2.730273']
436,Mar,9,12:58:38,UbuntuApp,kernel,[    2.740833] Key type big_key registered,dbd17d1c,[ <*>.<*>] <*> <*> <*> registered,"['2.740833', 'Key', 'type big_key']"
437,Mar,9,12:58:38,UbuntuApp,kernel,[    2.744012] Key type trusted registered,dbd17d1c,[ <*>.<*>] <*> <*> <*> registered,"['2.744012', 'Key', 'type trusted']"
438,Mar,9,12:58:38,UbuntuApp,kernel,[    2.749731] Key type encrypted registered,dbd17d1c,[ <*>.<*>] <*> <*> <*> registered,"['2.749731', 'Key', 'type encrypted']"
439,Mar,9,12:58:38,UbuntuApp,kernel,[    2.753048] AppArmor: AppArmor sha1 policy hashing enabled,c9165bad,[ <*>.<*>] AppArmor: AppArmor sha1 policy hashing enabled,['2.753048']
440,Mar,9,12:58:38,UbuntuApp,kernel,"[    2.757326] ima: No TPM chip found, activating TPM-bypass!",d7543f09,"[ <*>.<*>] ima: No TPM chip found, activating TPM-bypass!",['2.757326']
441,Mar,9,12:58:38,UbuntuApp,kernel,[    2.761935] ima: Allocated hash algorithm: sha1,7adc29a9,[ <*>.<*>] ima: Allocated hash algorithm: sha<*>,"['2.761935', '1']"
442,Mar,9,12:58:38,UbuntuApp,kernel,[    2.765451] No architecture policies found,98199832,[ <*>.<*>] No architecture policies found,['2.765451']
443,Mar,9,12:58:38,UbuntuApp,kernel,[    2.768316] evm: Initialising EVM extended attributes:,d0626d7a,[ <*>.<*>] evm: Initialising EVM extended attributes:,['2.768316']
444,Mar,9,12:58:38,UbuntuApp,kernel,[    2.772187] evm: security.selinux,936b8562,[ <*>.<*>] <*> <*>,"['2.772187', 'evm: security.selinux']"
445,Mar,9,12:58:38,UbuntuApp,kernel,[    2.774746] evm: security.SMACK64,936b8562,[ <*>.<*>] <*> <*>,"['2.774746', 'evm: security.SMACK64']"
446,Mar,9,12:58:38,UbuntuApp,kernel,[    2.777723] evm: security.SMACK64EXEC,936b8562,[ <*>.<*>] <*> <*>,"['2.777723', 'evm: security.SMACK64EXEC']"
447,Mar,9,12:58:38,UbuntuApp,kernel,[    2.780649] evm: security.SMACK64TRANSMUTE,936b8562,[ <*>.<*>] <*> <*>,"['2.780649', 'evm: security.SMACK64TRANSMUTE']"
448,Mar,9,12:58:38,UbuntuApp,kernel,[    2.783830] evm: security.SMACK64MMAP,936b8562,[ <*>.<*>] <*> <*>,"['2.783830', 'evm: security.SMACK64MMAP']"
449,Mar,9,12:58:38,UbuntuApp,kernel,[    2.786841] evm: security.apparmor,936b8562,[ <*>.<*>] <*> <*>,"['2.786841', 'evm: security.apparmor']"
450,Mar,9,12:58:38,UbuntuApp,kernel,[    2.789607] evm: security.ima,936b8562,[ <*>.<*>] <*> <*>,"['2.789607', 'evm: security.ima']"
451,Mar,9,12:58:38,UbuntuApp,kernel,[    2.791874] evm: security.capability,936b8562,[ <*>.<*>] <*> <*>,"['2.791874', 'evm: security.capability']"
452,Mar,9,12:58:38,UbuntuApp,kernel,[    2.794673] evm: HMAC attrs: 0x1,b86827a7,[ <*>.<*>] evm: HMAC attrs: 0x<*>,"['2.794673', '1']"
453,Mar,9,12:58:38,UbuntuApp,kernel,[    2.797690]   Magic number: 12:265:984,7eec6703,[ <*>.<*>] Magic number: <*>:<*>:<*>,"['2.797690', '12', '265:984']"
454,Mar,9,12:58:38,UbuntuApp,kernel,[    2.801510] rtc_cmos 00:00: setting system clock to 2020-03-09T11:58:17 UTC (1583755097),841f29af,[ <*>.<*>] rtc_cmos <*>:<*>: setting system clock to <*> UTC (<*>),"['2.801510', '00:00', '2020-03-09T11:58:17', '1583755097']"
455,Mar,9,12:58:38,UbuntuApp,kernel,"[    2.807664] Unstable clock detected, switching default tracing clock to ""global""",efffaa04,"[ <*>.<*>] Unstable clock detected, switching default tracing clock to ""global""",['2.807664']
456,Mar,9,12:58:38,UbuntuApp,kernel,"[    2.807664] If you want to keep using the local clock, then add:",50e8f7c1,"[ <*>.<*>] If you want to keep using the local clock, then add:",['2.807664']
457,Mar,9,12:58:38,UbuntuApp,kernel,"[    2.807664]   ""trace_clock=local""",4be41c2d,"[ <*>.<*>] ""trace_clock=local""",['2.807664']
458,Mar,9,12:58:38,UbuntuApp,kernel,[    2.807664] on the kernel command line,486444a8,[ <*>.<*>] on the kernel command line,['2.807664']
459,Mar,9,12:58:38,UbuntuApp,kernel,[    2.823428] Freeing unused decrypted memory: 2040K,b69059a5,[ <*>.<*>] Freeing <*> <*> memory: <*>,"['2.823428', 'unused decrypted', '2040K']"
460,Mar,9,12:58:38,UbuntuApp,kernel,[    2.827503] Freeing unused kernel image memory: 2360K,8cde047a,[ <*>.<*>] Freeing unused kernel image memory: <*>,"['2.827503', '2360K']"
461,Mar,9,12:58:38,UbuntuApp,kernel,[    2.836431] Write protecting the kernel read-only data: 18432k,19fad870,[ <*>.<*>] Write protecting the kernel read-only data: 18432k,['2.836431']
462,Mar,9,12:58:38,UbuntuApp,kernel,[    2.841177] Freeing unused kernel image memory: 2008K,8cde047a,[ <*>.<*>] Freeing unused kernel image memory: <*>,"['2.841177', '2008K']"
463,Mar,9,12:58:38,UbuntuApp,kernel,[    2.844790] Freeing unused kernel image memory: 152K,8cde047a,[ <*>.<*>] Freeing unused kernel image memory: <*>,"['2.844790', '152K']"
464,Mar,9,12:58:38,UbuntuApp,kernel,"[    2.859628] x86/mm: Checked W+X mappings: passed, no W+X pages found.",0456e59a,"[ <*>.<*>] x86/mm: Checked W+X mappings: passed, no W+X pages found.",['2.859628']
465,Mar,9,12:58:38,UbuntuApp,kernel,[    2.864396] x86/mm: Checking user space page tables,03c80a6b,[ <*>.<*>] x86/mm: Checking user space page tables,['2.864396']
466,Mar,9,12:58:38,UbuntuApp,kernel,"[    2.878816] x86/mm: Checked W+X mappings: passed, no W+X pages found.",0456e59a,"[ <*>.<*>] x86/mm: Checked W+X mappings: passed, no W+X pages found.",['2.878816']
467,Mar,9,12:58:38,UbuntuApp,kernel,[    2.884367] Run /init as init process,40c073a4,[ <*>.<*>] Run /init as init process,['2.884367']
468,Mar,9,12:58:38,UbuntuApp,kernel,[    3.002445] hv_vmbus: registering driver hyperv_fb,12bef385,[ <*>.<*>] hv_vmbus: registering driver <*>,"['3.002445', 'hyperv_fb']"
469,Mar,9,12:58:38,UbuntuApp,kernel,"[    3.011235] hyperv_fb: Screen resolution: 1152x864, Color depth: 32",e4ecf407,"[ <*>.<*>] hyperv_fb: Screen resolution: 1152x864, Color depth: <*>","['3.011235', '32']"
470,Mar,9,12:58:38,UbuntuApp,kernel,[    3.019969] Console: switching to colour frame buffer device 144x54,68ea4992,[ <*>.<*>] Console: switching to colour frame buffer device 144x<*>,"['3.019969', '54']"
471,Mar,9,12:58:38,UbuntuApp,kernel,[    3.042882] hv_utils: Registering HyperV Utility Driver,f3d3b6f6,[ <*>.<*>] hv_utils: Registering HyperV Utility Driver,['3.042882']
472,Mar,9,12:58:38,UbuntuApp,kernel,[    3.047203] hv_vmbus: registering driver hv_utils,12bef385,[ <*>.<*>] hv_vmbus: registering driver <*>,"['3.047203', 'hv_utils']"
473,Mar,9,12:58:38,UbuntuApp,kernel,[    3.058128] hv_vmbus: registering driver hyperv_keyboard,12bef385,[ <*>.<*>] hv_vmbus: registering driver <*>,"['3.058128', 'hyperv_keyboard']"
474,Mar,9,12:58:38,UbuntuApp,kernel,[    3.063098] hidraw: raw HID events driver (C) Jiri Kosina,0b48689c,[ <*>.<*>] hidraw: raw HID events driver (C) Jiri Kosina,['3.063098']
475,Mar,9,12:58:38,UbuntuApp,kernel,[    3.068431] hv_vmbus: registering driver hv_netvsc,12bef385,[ <*>.<*>] hv_vmbus: registering driver <*>,"['3.068431', 'hv_netvsc']"
476,Mar,9,12:58:38,UbuntuApp,kernel,[    3.072827] input: AT Translated Set 2 keyboard as /devices/LNXSYSTM:00/LNXSYBUS:00/PNP0A03:00/device:07/VMBUS:01/d34b2567-b9b6-42b9-8778-0a4ec0b955bf/serio2/input/input3,d15b796b,[ <*>.<*>] input: AT Translated Set <*> keyboard as <*>,"['3.072827', '2', '/devices/LNXSYSTM:00/LNXSYBUS:00/PNP0A03:00/device:07/VMBUS:01/d34b2567-b9b6-42b9-8778-0a4ec0b955bf/serio2/input/input3']"
477,Mar,9,12:58:38,UbuntuApp,kernel,[    3.086318] hv_utils: Heartbeat IC version 3.0,46912ed2,[ <*>.<*>] hv_utils: <*> IC version <*>.<*>,"['3.086318', 'Heartbeat', '3.0']"
478,Mar,9,12:58:38,UbuntuApp,kernel,[    3.089978] hv_utils: Shutdown IC version 3.0,46912ed2,[ <*>.<*>] hv_utils: <*> IC version <*>.<*>,"['3.089978', 'Shutdown', '3.0']"
479,Mar,9,12:58:38,UbuntuApp,kernel,[    3.094379] hv_utils: TimeSync IC version 4.0,46912ed2,[ <*>.<*>] hv_utils: <*> IC version <*>.<*>,"['3.094379', 'TimeSync', '4.0']"
480,Mar,9,12:58:38,UbuntuApp,kernel,[    3.098325] hv_utils: VSS IC version 5.0,46912ed2,[ <*>.<*>] hv_utils: <*> IC version <*>.<*>,"['3.098325', 'VSS', '5.0']"
481,Mar,9,12:58:38,UbuntuApp,kernel,[    3.108027] hv_vmbus: registering driver hid_hyperv,12bef385,[ <*>.<*>] hv_vmbus: registering driver <*>,"['3.108027', 'hid_hyperv']"
482,Mar,9,12:58:38,UbuntuApp,kernel,[    3.112521] input: Microsoft Vmbus HID-compliant Mouse as /devices/0006:045E:0621.0001/input/input4,e5d797dd,[ <*>.<*>] input: Microsoft Vmbus HID-compliant Mouse as /devices/<*>:045E:<*>.<*>/input/input<*>,"['3.112521', '0006', '0621.0001', '4']"
