Client03 Mar  9 10:43:14 Client03 kernel: [    0.000000] Linux version 5.0.0-1032-azure (buildd@lcy01-amd64-016) (gcc version 7.4.0 (Ubuntu 7.4.0-1ubuntu1~18.04.1)) #34-Ubuntu SMP Mon Feb 10 19:37:25 UTC 2020 (Ubuntu 5.0.0-1032.34-azure 5.0.21)
Client03 Mar  9 10:43:14 Client03 kernel: [    0.000000] Command line: BOOT_IMAGE=/boot/vmlinuz-5.0.0-1032-azure root=UUID=5604f71e-1e5f-443c-a99e-b82bb5c201df ro console=tty1 console=ttyS0 earlyprintk=ttyS0 rootdelay=300
Client03 Mar  9 10:43:14 Client03 kernel: [    0.000000] KERNEL supported cpus:
Client03 Mar  9 10:43:14 Client03 kernel: [    0.000000]   Intel GenuineIntel
Client03 Mar  9 10:43:14 Client03 kernel: [    0.000000]   AMD AuthenticAMD
Client03 Mar  9 10:43:14 Client03 kernel: [    0.000000]   Hygon HygonGenuine
Client03 Mar  9 10:43:14 Client03 kernel: [    0.000000]   Centaur CentaurHauls
Client03 Mar  9 10:43:14 Client03 kernel: [    0.000000] x86/fpu: Supporting XSAVE feature 0x001: 'x87 floating point registers'
Client03 Mar  9 10:43:14 Client03 kernel: [    0.000000] x86/fpu: Supporting XSAVE feature 0x002: 'SSE registers'
Client03 Mar  9 10:43:14 Client03 kernel: [    0.000000] x86/fpu: Supporting XSAVE feature 0x004: 'AVX registers'
Client03 Mar  9 10:43:14 Client03 kernel: [    0.000000] x86/fpu: xstate_offset[2]:  576, xstate_sizes[2]:  256
Client03 Mar  9 10:43:14 Client03 kernel: [    0.000000] x86/fpu: Enabled xstate features 0x7, context size is 832 bytes, using 'standard' format.
Client03 Mar  9 10:43:14 Client03 kernel: [    0.000000] BIOS-provided physical RAM map:
Client03 Mar  9 10:43:14 Client03 kernel: [    0.000000] BIOS-e820: [mem 0x0000000000000000-0x000000000009fbff] usable
Client03 Mar  9 10:43:14 Client03 kernel: [    0.000000] BIOS-e820: [mem 0x000000000009fc00-0x000000000009ffff] reserved
Client03 Mar  9 10:43:14 Client03 kernel: [    0.000000] BIOS-e820: [mem 0x00000000000e0000-0x00000000000fffff] reserved
Client03 Mar  9 10:43:14 Client03 kernel: [    0.000000] BIOS-e820: [mem 0x0000000000100000-0x000000003ffeffff] usable
Client03 Mar  9 10:43:14 Client03 kernel: [    0.000000] BIOS-e820: [mem 0x000000003fff0000-0x000000003fffefff] ACPI data
Client03 Mar  9 10:43:14 Client03 kernel: [    0.000000] BIOS-e820: [mem 0x000000003ffff000-0x000000003fffffff] ACPI NVS
Client03 Mar  9 10:43:14 Client03 kernel: [    0.000000] BIOS-e820: [mem 0x0000000100000000-0x00000002bfffffff] usable
Client03 Mar  9 10:43:14 Client03 kernel: [    0.000000] printk: bootconsole [earlyser0] enabled
Client03 Mar  9 10:43:14 Client03 kernel: [    0.000000] NX (Execute Disable) protection: active
Client03 Mar  9 10:43:14 Client03 kernel: [    0.000000] SMBIOS 2.3 present.
Client03 Mar  9 10:43:14 Client03 kernel: [    0.000000] DMI: Microsoft Corporation Virtual Machine/Virtual Machine, BIOS 090007  06/02/2017
Client03 Mar  9 10:43:14 Client03 kernel: [    0.000000] Hypervisor detected: Microsoft Hyper-V
Client03 Mar  9 10:43:14 Client03 kernel: [    0.000000] Hyper-V: features 0x2e7f, hints 0x44c2c
Client03 Mar  9 10:43:14 Client03 kernel: [    0.000000] Hyper-V Host Build:14393-10.0-0-0.305
Client03 Mar  9 10:43:14 Client03 kernel: [    0.000000] Hyper-V: LAPIC Timer Frequency: 0xc3500
Client03 Mar  9 10:43:14 Client03 kernel: [    0.000000] tsc: Marking TSC unstable due to running on Hyper-V
Client03 Mar  9 10:43:14 Client03 kernel: [    0.000000] Hyper-V: Using hypercall for remote TLB flush
Client03 Mar  9 10:43:14 Client03 kernel: [    0.000000] tsc: Detected 2394.456 MHz processor
Client03 Mar  9 10:43:14 Client03 kernel: [    0.001428] e820: update [mem 0x00000000-0x00000fff] usable ==> reserved
Client03 Mar  9 10:43:14 Client03 kernel: [    0.001430] e820: remove [mem 0x000a0000-0x000fffff] usable
Client03 Mar  9 10:43:14 Client03 kernel: [    0.001434] last_pfn = 0x2c0000 max_arch_pfn = 0x400000000
Client03 Mar  9 10:43:14 Client03 kernel: [    0.004531] MTRR default type: uncachable
Client03 Mar  9 10:43:14 Client03 kernel: [    0.004532] MTRR fixed ranges enabled:
Client03 Mar  9 10:43:14 Client03 kernel: [    0.004533]   00000-9FFFF write-back
Client03 Mar  9 10:43:14 Client03 kernel: [    0.004534]   A0000-DFFFF uncachable
Client03 Mar  9 10:43:14 Client03 kernel: [    0.004534]   E0000-FFFFF write-back
Client03 Mar  9 10:43:14 Client03 kernel: [    0.004535] MTRR variable ranges enabled:
Client03 Mar  9 10:43:14 Client03 kernel: [    0.004536]   0 base 00000000000 mask FFFC0000000 write-back
Client03 Mar  9 10:43:14 Client03 kernel: [    0.004537]   1 base 00100000000 mask FF000000000 write-back
Client03 Mar  9 10:43:14 Client03 kernel: [    0.004538]   2 disabled
Client03 Mar  9 10:43:14 Client03 kernel: [    0.004538]   3 disabled
Client03 Mar  9 10:43:14 Client03 kernel: [    0.004539]   4 disabled
Client03 Mar  9 10:43:14 Client03 kernel: [    0.004539]   5 disabled
Client03 Mar  9 10:43:14 Client03 kernel: [    0.004539]   6 disabled
Client03 Mar  9 10:43:14 Client03 kernel: [    0.004540]   7 disabled
Client03 Mar  9 10:43:14 Client03 kernel: [    0.004550] x86/PAT: Configuration [0-7]: WB  WC  UC- UC  WB  WP  UC- WT  
Client03 Mar  9 10:43:14 Client03 kernel: [    0.008516] e820: update [mem 0x40000000-0xffffffff] usable ==> reserved
Client03 Mar  9 10:43:14 Client03 kernel: [    0.010290] last_pfn = 0x3fff0 max_arch_pfn = 0x400000000
Client03 Mar  9 10:43:14 Client03 kernel: [    0.020843] found SMP MP-table at [mem 0x000ff780-0x000ff78f]
Client03 Mar  9 10:43:14 Client03 kernel: [    0.024332] check: Scanning 1 areas for low memory corruption
Client03 Mar  9 10:43:14 Client03 kernel: [    0.027431] Using GB pages for direct mapping
Client03 Mar  9 10:43:14 Client03 kernel: [    0.029956] BRK [0x1cda02000, 0x1cda02fff] PGTABLE
Client03 Mar  9 10:43:14 Client03 kernel: [    0.029958] BRK [0x1cda03000, 0x1cda03fff] PGTABLE
Client03 Mar  9 10:43:14 Client03 kernel: [    0.029959] BRK [0x1cda04000, 0x1cda04fff] PGTABLE
Client03 Mar  9 10:43:14 Client03 kernel: [    0.029981] BRK [0x1cda05000, 0x1cda05fff] PGTABLE
Client03 Mar  9 10:43:14 Client03 kernel: [    0.030017] BRK [0x1cda06000, 0x1cda06fff] PGTABLE
Client03 Mar  9 10:43:14 Client03 kernel: [    0.030034] RAMDISK: [mem 0x3598f000-0x36cbefff]
Client03 Mar  9 10:43:14 Client03 kernel: [    0.032757] ACPI: Early table checksum verification disabled
Client03 Mar  9 10:43:14 Client03 kernel: [    0.035898] ACPI: RSDP 0x00000000000F5BF0 000014 (v00 ACPIAM)
Client03 Mar  9 10:43:14 Client03 kernel: [    0.039120] ACPI: RSDT 0x000000003FFF0000 000040 (v01 VRTUAL MICROSFT 06001702 MSFT 00000097)
Client03 Mar  9 10:43:14 Client03 kernel: [    0.046008] ACPI: FACP 0x000000003FFF0200 000081 (v02 VRTUAL MICROSFT 06001702 MSFT 00000097)
Client03 Mar  9 10:43:14 Client03 kernel: [    0.051272] ACPI: DSDT 0x000000003FFF1D24 003CBE (v01 MSFTVM MSFTVM02 00000002 INTL 02002026)
Client03 Mar  9 10:43:14 Client03 kernel: [    0.056548] ACPI: FACS 0x000000003FFFF000 000040
Client03 Mar  9 10:43:14 Client03 kernel: [    0.059278] ACPI: WAET 0x000000003FFF1A80 000028 (v01 VRTUAL MICROSFT 06001702 MSFT 00000097)
Client03 Mar  9 10:43:14 Client03 kernel: [    0.064196] ACPI: SLIC 0x000000003FFF1AC0 000176 (v01 VRTUAL MICROSFT 06001702 MSFT 00000097)
Client03 Mar  9 10:43:14 Client03 kernel: [    0.069008] ACPI: OEM0 0x000000003FFF1CC0 000064 (v01 VRTUAL MICROSFT 06001702 MSFT 00000097)
Client03 Mar  9 10:43:14 Client03 kernel: [    0.073751] ACPI: SRAT 0x000000003FFF0800 000140 (v02 VRTUAL MICROSFT 00000001 MSFT 00000001)
Client03 Mar  9 10:43:14 Client03 kernel: [    0.078470] ACPI: APIC 0x000000003FFF0300 000452 (v01 VRTUAL MICROSFT 06001702 MSFT 00000097)
Client03 Mar  9 10:43:14 Client03 kernel: [    0.083417] ACPI: OEMB 0x000000003FFFF040 000064 (v01 VRTUAL MICROSFT 06001702 MSFT 00000097)
Client03 Mar  9 10:43:14 Client03 kernel: [    0.088705] ACPI: Local APIC address 0xfee00000
Client03 Mar  9 10:43:14 Client03 kernel: [    0.088743] SRAT: PXM 0 -> APIC 0x00 -> Node 0
Client03 Mar  9 10:43:14 Client03 kernel: [    0.091468] SRAT: PXM 0 -> APIC 0x01 -> Node 0
Client03 Mar  9 10:43:14 Client03 kernel: [    0.094447] ACPI: SRAT: Node 0 PXM 0 [mem 0x00000000-0x3fffffff] hotplug
Client03 Mar  9 10:43:14 Client03 kernel: [    0.098610] ACPI: SRAT: Node 0 PXM 0 [mem 0x100000000-0x2bfffffff] hotplug
Client03 Mar  9 10:43:14 Client03 kernel: [    0.107800] ACPI: SRAT: Node 0 PXM 0 [mem 0x2c0200000-0xfdfffffff] hotplug
Client03 Mar  9 10:43:14 Client03 kernel: [    0.111720] ACPI: SRAT: Node 0 PXM 0 [mem 0x1000000000-0xffffffffff] hotplug
Client03 Mar  9 10:43:14 Client03 kernel: [    0.115920] ACPI: SRAT: Node 0 PXM 0 [mem 0x10000200000-0x1ffffffffff] hotplug
Client03 Mar  9 10:43:14 Client03 kernel: [    0.120473] ACPI: SRAT: Node 0 PXM 0 [mem 0x20000200000-0x3ffffffffff] hotplug
Client03 Mar  9 10:43:14 Client03 kernel: [    0.125089] NUMA: Node 0 [mem 0x00000000-0x3fffffff] + [mem 0x100000000-0x2bfffffff] -> [mem 0x00000000-0x2bfffffff]
Client03 Mar  9 10:43:14 Client03 kernel: [    0.131971] NODE_DATA(0) allocated [mem 0x2bffd5000-0x2bfffffff]
Client03 Mar  9 10:43:14 Client03 kernel: [    0.136167] Zone ranges:
Client03 Mar  9 10:43:14 Client03 kernel: [    0.137964]   DMA      [mem 0x0000000000001000-0x0000000000ffffff]
Client03 Mar  9 10:43:14 Client03 kernel: [    0.142025]   DMA32    [mem 0x0000000001000000-0x00000000ffffffff]
Client03 Mar  9 10:43:14 Client03 kernel: [    0.145689]   Normal   [mem 0x0000000100000000-0x00000002bfffffff]
Client03 Mar  9 10:43:14 Client03 kernel: [    0.153572]   Device   empty
Client03 Mar  9 10:43:14 Client03 kernel: [    0.155232] Movable zone start for each node
Client03 Mar  9 10:43:14 Client03 kernel: [    0.157883] Early memory node ranges
Client03 Mar  9 10:43:14 Client03 kernel: [    0.160120]   node   0: [mem 0x0000000000001000-0x000000000009efff]
Client03 Mar  9 10:43:14 Client03 kernel: [    0.164077]   node   0: [mem 0x0000000000100000-0x000000003ffeffff]
Client03 Mar  9 10:43:14 Client03 kernel: [    0.168219]   node   0: [mem 0x0000000100000000-0x00000002bfffffff]
Client03 Mar  9 10:43:14 Client03 kernel: [    0.172079] Zeroed struct page in unavailable ranges: 114 pages
Client03 Mar  9 10:43:14 Client03 kernel: [    0.172081] Initmem setup node 0 [mem 0x0000000000001000-0x00000002bfffffff]
Client03 Mar  9 10:43:14 Client03 kernel: [    0.177730] On node 0 totalpages: 2097038
Client03 Mar  9 10:43:14 Client03 kernel: [    0.177732]   DMA zone: 64 pages used for memmap
Client03 Mar  9 10:43:14 Client03 kernel: [    0.177733]   DMA zone: 21 pages reserved
Client03 Mar  9 10:43:14 Client03 kernel: [    0.177734]   DMA zone: 3998 pages, LIFO batch:0
Client03 Mar  9 10:43:14 Client03 kernel: [    0.177874]   DMA32 zone: 4032 pages used for memmap
Client03 Mar  9 10:43:14 Client03 kernel: [    0.177875]   DMA32 zone: 258032 pages, LIFO batch:63
Client03 Mar  9 10:43:14 Client03 kernel: [    0.186426]   Normal zone: 28672 pages used for memmap
Client03 Mar  9 10:43:14 Client03 kernel: [    0.186427]   Normal zone: 1835008 pages, LIFO batch:63
Client03 Mar  9 10:43:14 Client03 kernel: [    0.231267] ACPI: PM-Timer IO Port: 0x408
Client03 Mar  9 10:43:14 Client03 kernel: [    0.232702] ACPI: Local APIC address 0xfee00000
Client03 Mar  9 10:43:14 Client03 kernel: [    0.232712] ACPI: LAPIC_NMI (acpi_id[0xff] dfl dfl lint[0x1])
Client03 Mar  9 10:43:14 Client03 kernel: [    0.235988] IOAPIC[0]: apic_id 0, version 17, address 0xfec00000, GSI 0-23
Client03 Mar  9 10:43:14 Client03 kernel: [    0.239240] ACPI: INT_SRC_OVR (bus 0 bus_irq 0 global_irq 2 dfl dfl)
Client03 Mar  9 10:43:14 Client03 kernel: [    0.243166] ACPI: INT_SRC_OVR (bus 0 bus_irq 9 global_irq 9 high level)
Client03 Mar  9 10:43:14 Client03 kernel: [    0.247412] ACPI: IRQ0 used by override.
Client03 Mar  9 10:43:14 Client03 kernel: [    0.247413] ACPI: IRQ9 used by override.
Client03 Mar  9 10:43:14 Client03 kernel: [    0.247416] Using ACPI (MADT) for SMP configuration information
Client03 Mar  9 10:43:14 Client03 kernel: [    0.251045] smpboot: Allowing 128 CPUs, 126 hotplug CPUs
Client03 Mar  9 10:43:14 Client03 kernel: [    0.254167] PM: Registered nosave memory: [mem 0x00000000-0x00000fff]
Client03 Mar  9 10:43:14 Client03 kernel: [    0.257507] PM: Registered nosave memory: [mem 0x0009f000-0x0009ffff]
Client03 Mar  9 10:43:14 Client03 kernel: [    0.261772] PM: Registered nosave memory: [mem 0x000a0000-0x000dffff]
Client03 Mar  9 10:43:14 Client03 kernel: [    0.265838] PM: Registered nosave memory: [mem 0x000e0000-0x000fffff]
Client03 Mar  9 10:43:14 Client03 kernel: [    0.269801] PM: Registered nosave memory: [mem 0x3fff0000-0x3fffefff]
Client03 Mar  9 10:43:14 Client03 kernel: [    0.273787] PM: Registered nosave memory: [mem 0x3ffff000-0x3fffffff]
Client03 Mar  9 10:43:14 Client03 kernel: [    0.277979] PM: Registered nosave memory: [mem 0x40000000-0xffffffff]
Client03 Mar  9 10:43:14 Client03 kernel: [    0.282432] [mem 0x40000000-0xffffffff] available for PCI devices
Client03 Mar  9 10:43:14 Client03 kernel: [    0.286307] Booting paravirtualized kernel on bare hardware
Client03 Mar  9 10:43:14 Client03 kernel: [    0.289886] clocksource: refined-jiffies: mask: 0xffffffff max_cycles: 0xffffffff, max_idle_ns: 7645519600211568 ns
Client03 Mar  9 10:43:14 Client03 kernel: [    0.296541] random: get_random_bytes called from start_kernel+0x93/0x503 with crng_init=0
Client03 Mar  9 10:43:14 Client03 kernel: [    0.301574] setup_percpu: NR_CPUS:8192 nr_cpumask_bits:128 nr_cpu_ids:128 nr_node_ids:1
Client03 Mar  9 10:43:14 Client03 kernel: [    0.314212] percpu: Embedded 45 pages/cpu s147456 r8192 d28672 u262144
Client03 Mar  9 10:43:14 Client03 kernel: [    0.316917] pcpu-alloc: s147456 r8192 d28672 u262144 alloc=1*2097152
Client03 Mar  9 10:43:14 Client03 kernel: [    0.316918] pcpu-alloc: [0] 000 001 002 003 004 005 006 007 
Client03 Mar  9 10:43:14 Client03 kernel: [    0.316920] pcpu-alloc: [0] 008 009 010 011 012 013 014 015 
Client03 Mar  9 10:43:14 Client03 kernel: [    0.316922] pcpu-alloc: [0] 016 017 018 019 020 021 022 023 
Client03 Mar  9 10:43:14 Client03 kernel: [    0.316924] pcpu-alloc: [0] 024 025 026 027 028 029 030 031 
Client03 Mar  9 10:43:14 Client03 kernel: [    0.316926] pcpu-alloc: [0] 032 033 034 035 036 037 038 039 
Client03 Mar  9 10:43:14 Client03 kernel: [    0.316927] pcpu-alloc: [0] 040 041 042 043 044 045 046 047 
Client03 Mar  9 10:43:14 Client03 kernel: [    0.316929] pcpu-alloc: [0] 048 049 050 051 052 053 054 055 
Client03 Mar  9 10:43:14 Client03 kernel: [    0.316931] pcpu-alloc: [0] 056 057 058 059 060 061 062 063 
Client03 Mar  9 10:43:14 Client03 kernel: [    0.316932] pcpu-alloc: [0] 064 065 066 067 068 069 070 071 
Client03 Mar  9 10:43:14 Client03 kernel: [    0.316934] pcpu-alloc: [0] 072 073 074 075 076 077 078 079 
Client03 Mar  9 10:43:14 Client03 kernel: [    0.316936] pcpu-alloc: [0] 080 081 082 083 084 085 086 087 
Client03 Mar  9 10:43:14 Client03 kernel: [    0.316937] pcpu-alloc: [0] 088 089 090 091 092 093 094 095 
Client03 Mar  9 10:43:14 Client03 kernel: [    0.316939] pcpu-alloc: [0] 096 097 098 099 100 101 102 103 
Client03 Mar  9 10:43:14 Client03 kernel: [    0.316941] pcpu-alloc: [0] 104 105 106 107 108 109 110 111 
Client03 Mar  9 10:43:14 Client03 kernel: [    0.316943] pcpu-alloc: [0] 112 113 114 115 116 117 118 119 
Client03 Mar  9 10:43:14 Client03 kernel: [    0.316944] pcpu-alloc: [0] 120 121 122 123 124 125 126 127 
Client03 Mar  9 10:43:14 Client03 kernel: [    0.316980] Hyper-V: PV spinlocks enabled
Client03 Mar  9 10:43:14 Client03 kernel: [    0.318658] PV qspinlock hash table entries: 512 (order: 1, 8192 bytes)
Client03 Mar  9 10:43:14 Client03 kernel: [    0.322318] Built 1 zonelists, mobility grouping on.  Total pages: 2064249
Client03 Mar  9 10:43:14 Client03 kernel: [    0.325960] Policy zone: Normal
Client03 Mar  9 10:43:14 Client03 kernel: [    0.327532] Kernel command line: BOOT_IMAGE=/boot/vmlinuz-5.0.0-1032-azure root=UUID=5604f71e-1e5f-443c-a99e-b82bb5c201df ro console=tty1 console=ttyS0 earlyprintk=ttyS0 rootdelay=300
Client03 Mar  9 10:43:14 Client03 kernel: [    0.337102] printk: log_buf_len individual max cpu contribution: 4096 bytes
Client03 Mar  9 10:43:14 Client03 kernel: [    0.341484] printk: log_buf_len total cpu_extra contributions: 520192 bytes
Client03 Mar  9 10:43:14 Client03 kernel: [    0.345963] printk: log_buf_len min size: 262144 bytes
Client03 Mar  9 10:43:14 Client03 kernel: [    0.349321] printk: log_buf_len: 1048576 bytes
Client03 Mar  9 10:43:14 Client03 kernel: [    0.352129] printk: early log buf free: 251912(96%)
Client03 Mar  9 10:43:14 Client03 kernel: [    0.376130] Calgary: detecting Calgary via BIOS EBDA area
Client03 Mar  9 10:43:14 Client03 kernel: [    0.376133] Calgary: Unable to locate Rio Grande table in EBDA - bailing!
Client03 Mar  9 10:43:14 Client03 kernel: [    0.399000] Memory: 8118156K/8388152K available (12292K kernel code, 2233K rwdata, 3944K rodata, 2360K init, 5524K bss, 269996K reserved, 0K cma-reserved)
Client03 Mar  9 10:43:14 Client03 kernel: [    0.405119] SLUB: HWalign=64, Order=0-3, MinObjects=0, CPUs=128, Nodes=1
Client03 Mar  9 10:43:14 Client03 kernel: [    0.407779] Kernel/User page tables isolation: enabled
Client03 Mar  9 10:43:14 Client03 kernel: [    0.413511] ftrace: allocating 38709 entries in 152 pages
Client03 Mar  9 10:43:14 Client03 kernel: [    0.433774] rcu: Hierarchical RCU implementation.
Client03 Mar  9 10:43:14 Client03 kernel: [    0.436139] rcu: 	RCU restricting CPUs from NR_CPUS=8192 to nr_cpu_ids=128.
Client03 Mar  9 10:43:14 Client03 kernel: [    0.439366] 	Tasks RCU enabled.
Client03 Mar  9 10:43:14 Client03 kernel: [    0.440578] rcu: RCU calculated value of scheduler-enlistment delay is 25 jiffies.
Client03 Mar  9 10:43:14 Client03 kernel: [    0.443652] rcu: Adjusting geometry for rcu_fanout_leaf=16, nr_cpu_ids=128
Client03 Mar  9 10:43:14 Client03 kernel: [    0.449731] NR_IRQS: 524544, nr_irqs: 1448, preallocated irqs: 16
Client03 Mar  9 10:43:14 Client03 kernel: [    0.457557] Console: colour VGA+ 80x25
Client03 Mar  9 10:43:14 Client03 kernel: [    1.001812] printk: console [tty1] enabled
Client03 Mar  9 10:43:14 Client03 kernel: [    1.004970] printk: console [ttyS0] enabled
Client03 Mar  9 10:43:14 Client03 kernel: [    1.010369] printk: bootconsole [earlyser0] disabled
Client03 Mar  9 10:43:14 Client03 kernel: [    1.016490] ACPI: Core revision 20181213
Client03 Mar  9 10:43:14 Client03 kernel: [    1.019302] APIC: Switch to symmetric I/O mode setup
Client03 Mar  9 10:43:14 Client03 kernel: [    1.022543] Switched APIC routing to physical flat.
Client03 Mar  9 10:43:14 Client03 kernel: [    1.025777] Hyper-V: Using IPI hypercalls
Client03 Mar  9 10:43:14 Client03 kernel: [    1.028453] Hyper-V: Using enlightened APIC (xapic mode)
Client03 Mar  9 10:43:14 Client03 kernel: [    1.028460] clocksource: hyperv_clocksource_tsc_page: mask: 0xffffffffffffffff max_cycles: 0x24e6a1710, max_idle_ns: 440795202120 ns
Client03 Mar  9 10:43:14 Client03 kernel: [    1.058266] Calibrating delay loop (skipped), value calculated using timer frequency.. 4788.91 BogoMIPS (lpj=9577824)
Client03 Mar  9 10:43:14 Client03 kernel: [    1.062252] pid_max: default: 131072 minimum: 1024
Client03 Mar  9 10:43:14 Client03 kernel: [    1.062252] LSM: Security Framework initializing
Client03 Mar  9 10:43:14 Client03 kernel: [    1.062252] Yama: becoming mindful.
Client03 Mar  9 10:43:14 Client03 kernel: [    1.062252] AppArmor: AppArmor initialized
Client03 Mar  9 10:43:14 Client03 kernel: [    1.062252] Dentry cache hash table entries: 1048576 (order: 11, 8388608 bytes)
Client03 Mar  9 10:43:14 Client03 kernel: [    1.062252] Inode-cache hash table entries: 524288 (order: 10, 4194304 bytes)
Client03 Mar  9 10:43:14 Client03 kernel: [    1.062252] Mount-cache hash table entries: 16384 (order: 5, 131072 bytes)
Client03 Mar  9 10:43:14 Client03 kernel: [    1.062252] Mountpoint-cache hash table entries: 16384 (order: 5, 131072 bytes)
Client03 Mar  9 10:43:14 Client03 kernel: [    1.062252] Last level iTLB entries: 4KB 1024, 2MB 1024, 4MB 1024
Client03 Mar  9 10:43:14 Client03 kernel: [    1.062252] Last level dTLB entries: 4KB 1024, 2MB 1024, 4MB 1024, 1GB 4
Client03 Mar  9 10:43:14 Client03 kernel: [    1.062252] Spectre V1 : Mitigation: usercopy/swapgs barriers and __user pointer sanitization
Client03 Mar  9 10:43:14 Client03 kernel: [    1.062252] Spectre V2 : Mitigation: Full generic retpoline
Client03 Mar  9 10:43:14 Client03 kernel: [    1.062252] Spectre V2 : Spectre v2 / SpectreRSB mitigation: Filling RSB on context switch
Client03 Mar  9 10:43:14 Client03 kernel: [    1.062252] Speculative Store Bypass: Vulnerable
Client03 Mar  9 10:43:14 Client03 kernel: [    1.062252] MDS: Mitigation: Clear CPU buffers
Client03 Mar  9 10:43:14 Client03 kernel: [    1.062252] Freeing SMP alternatives memory: 36K
Client03 Mar  9 10:43:14 Client03 kernel: [    1.062252] smpboot: CPU0: Intel(R) Xeon(R) CPU E5-2673 v3 @ 2.40GHz (family: 0x6, model: 0x3f, stepping: 0x2)
Client03 Mar  9 10:43:14 Client03 kernel: [    1.062445] Performance Events: unsupported p6 CPU model 63 no PMU driver, software events only.
Client03 Mar  9 10:43:14 Client03 kernel: [    1.066300] rcu: Hierarchical SRCU implementation.
Client03 Mar  9 10:43:14 Client03 kernel: [    1.070627] random: crng done (trusting CPU's manufacturer)
Client03 Mar  9 10:43:14 Client03 kernel: [    1.074295] NMI watchdog: Perf NMI watchdog permanently disabled
Client03 Mar  9 10:43:14 Client03 kernel: [    1.079620] smp: Bringing up secondary CPUs ...
Client03 Mar  9 10:43:14 Client03 kernel: [    1.082394] x86: Booting SMP configuration:
Client03 Mar  9 10:43:14 Client03 kernel: [    1.086261] .... node  #0, CPUs:          #1
Client03 Mar  9 10:43:14 Client03 kernel: [    1.090672] MDS CPU bug present and SMT on, data leak possible. See https://www.kernel.org/doc/html/latest/admin-guide/hw-vuln/mds.html for more details.
Client03 Mar  9 10:43:14 Client03 kernel: [    1.098264] smp: Brought up 1 node, 2 CPUs
Client03 Mar  9 10:43:14 Client03 kernel: [    1.102258] smpboot: Max logical packages: 64
Client03 Mar  9 10:43:14 Client03 kernel: [    1.105249] smpboot: Total of 2 processors activated (9577.82 BogoMIPS)
Client03 Mar  9 10:43:14 Client03 kernel: [    1.107012] devtmpfs: initialized
Client03 Mar  9 10:43:14 Client03 kernel: [    1.107012] x86/mm: Memory block size: 128MB
Client03 Mar  9 10:43:14 Client03 kernel: [    1.111000] PM: Registering ACPI NVS region [mem 0x3ffff000-0x3fffffff] (4096 bytes)
Client03 Mar  9 10:43:14 Client03 kernel: [    1.118397] clocksource: jiffies: mask: 0xffffffff max_cycles: 0xffffffff, max_idle_ns: 7645041785100000 ns
Client03 Mar  9 10:43:14 Client03 kernel: [    1.122334] futex hash table entries: 32768 (order: 9, 2097152 bytes)
Client03 Mar  9 10:43:14 Client03 kernel: [    1.126859] pinctrl core: initialized pinctrl subsystem
Client03 Mar  9 10:43:14 Client03 kernel: [    1.130716] RTC time: 10:40:38, date: 2020-03-09
Client03 Mar  9 10:43:14 Client03 kernel: [    1.134550] NET: Registered protocol family 16
Client03 Mar  9 10:43:14 Client03 kernel: [    1.138359] audit: initializing netlink subsys (disabled)
Client03 Mar  9 10:43:14 Client03 kernel: [    1.142280] audit: type=2000 audit(1583750437.084:1): state=initialized audit_enabled=0 res=1
Client03 Mar  9 10:43:14 Client03 kernel: [    1.142392] EISA bus registered
Client03 Mar  9 10:43:14 Client03 kernel: [    1.150273] cpuidle: using governor ladder
Client03 Mar  9 10:43:14 Client03 kernel: [    1.153586] cpuidle: using governor menu
Client03 Mar  9 10:43:14 Client03 kernel: [    1.154333] ACPI: bus type PCI registered
Client03 Mar  9 10:43:14 Client03 kernel: [    1.158254] acpiphp: ACPI Hot Plug PCI Controller Driver version: 0.5
Client03 Mar  9 10:43:14 Client03 kernel: [    1.162799] PCI: Using configuration type 1 for base access
Client03 Mar  9 10:43:14 Client03 kernel: [    1.170373] HugeTLB registered 1.00 GiB page size, pre-allocated 0 pages
Client03 Mar  9 10:43:14 Client03 kernel: [    1.174257] HugeTLB registered 2.00 MiB page size, pre-allocated 0 pages
Client03 Mar  9 10:43:14 Client03 kernel: [    1.182282] ACPI: Added _OSI(Module Device)
Client03 Mar  9 10:43:14 Client03 kernel: [    1.186262] ACPI: Added _OSI(Processor Device)
Client03 Mar  9 10:43:14 Client03 kernel: [    1.190256] ACPI: Added _OSI(3.0 _SCP Extensions)
Client03 Mar  9 10:43:14 Client03 kernel: [    1.198256] ACPI: Added _OSI(Processor Aggregator Device)
Client03 Mar  9 10:43:14 Client03 kernel: [    1.206257] ACPI: Added _OSI(Linux-Dell-Video)
Client03 Mar  9 10:43:14 Client03 kernel: [    1.210256] ACPI: Added _OSI(Linux-Lenovo-NV-HDMI-Audio)
Client03 Mar  9 10:43:14 Client03 kernel: [    1.214256] ACPI: Added _OSI(Linux-HPI-Hybrid-Graphics)
Client03 Mar  9 10:43:14 Client03 kernel: [    1.219751] ACPI: 1 ACPI AML tables successfully acquired and loaded
Client03 Mar  9 10:43:14 Client03 kernel: [    1.227737] ACPI: Interpreter enabled
Client03 Mar  9 10:43:14 Client03 kernel: [    1.230267] ACPI: (supports S0 S5)
Client03 Mar  9 10:43:14 Client03 kernel: [    1.232958] ACPI: Using IOAPIC for interrupt routing
Client03 Mar  9 10:43:14 Client03 kernel: [    1.238284] PCI: Using host bridge windows from ACPI; if necessary, use "pci=nocrs" and report a bug
Client03 Mar  9 10:43:14 Client03 kernel: [    1.242697] ACPI: Enabled 1 GPEs in block 00 to 0F
Client03 Mar  9 10:43:14 Client03 kernel: [    1.266019] ACPI: PCI Root Bridge [PCI0] (domain 0000 [bus 00-ff])
Client03 Mar  9 10:43:14 Client03 kernel: [    1.270259] acpi PNP0A03:00: _OSC: OS supports [ASPM ClockPM Segments MSI]
Client03 Mar  9 10:43:14 Client03 kernel: [    1.274268] acpi PNP0A03:00: fail to add MMCONFIG information, can't access extended PCI configuration space under this bridge.
Client03 Mar  9 10:43:14 Client03 kernel: [    1.282396] PCI host bridge to bus 0000:00
Client03 Mar  9 10:43:14 Client03 kernel: [    1.282396] pci_bus 0000:00: root bus resource [mem 0xfe0000000-0xfffffffff window]
Client03 Mar  9 10:43:14 Client03 kernel: [    1.290256] pci_bus 0000:00: root bus resource [io  0x0000-0x0cf7 window]
Client03 Mar  9 10:43:14 Client03 kernel: [    1.294262] pci_bus 0000:00: root bus resource [io  0x0d00-0xffff window]
Client03 Mar  9 10:43:14 Client03 kernel: [    1.298256] pci_bus 0000:00: root bus resource [mem 0x000a0000-0x000bffff window]
Client03 Mar  9 10:43:14 Client03 kernel: [    1.302254] pci_bus 0000:00: root bus resource [mem 0x40000000-0xfffbffff window]
Client03 Mar  9 10:43:14 Client03 kernel: [    1.310256] pci_bus 0000:00: root bus resource [bus 00-ff]
Client03 Mar  9 10:43:14 Client03 kernel: [    1.314432] pci 0000:00:00.0: [8086:7192] type 00 class 0x060000
Client03 Mar  9 10:43:14 Client03 kernel: [    1.316154] pci 0000:00:07.0: [8086:7110] type 00 class 0x060100
Client03 Mar  9 10:43:14 Client03 kernel: [    1.318231] pci 0000:00:07.1: [8086:7111] type 00 class 0x010180
Client03 Mar  9 10:43:14 Client03 kernel: [    1.320216] pci 0000:00:07.1: reg 0x20: [io  0xffa0-0xffaf]
Client03 Mar  9 10:43:14 Client03 kernel: [    1.320889] pci 0000:00:07.1: legacy IDE quirk: reg 0x10: [io  0x01f0-0x01f7]
Client03 Mar  9 10:43:14 Client03 kernel: [    1.326256] pci 0000:00:07.1: legacy IDE quirk: reg 0x14: [io  0x03f6]
Client03 Mar  9 10:43:14 Client03 kernel: [    1.330255] pci 0000:00:07.1: legacy IDE quirk: reg 0x18: [io  0x0170-0x0177]
Client03 Mar  9 10:43:14 Client03 kernel: [    1.334255] pci 0000:00:07.1: legacy IDE quirk: reg 0x1c: [io  0x0376]
Client03 Mar  9 10:43:14 Client03 kernel: [    1.338948] pci 0000:00:07.3: [8086:7113] type 00 class 0x068000
Client03 Mar  9 10:43:14 Client03 kernel: [    1.338993] * Found PM-Timer Bug on the chipset. Due to workarounds for a bug,
Client03 Mar  9 10:43:14 Client03 kernel: [    1.338993] * this clock source is slow. Consider trying other clock sources
Client03 Mar  9 10:43:14 Client03 kernel: [    1.354260] pci 0000:00:07.3: acpi_pm_check_blacklist+0x0/0x40 took 15625 usecs
Client03 Mar  9 10:43:14 Client03 kernel: [    1.360172] pci 0000:00:07.3: quirk: [io  0x0400-0x043f] claimed by PIIX4 ACPI
Client03 Mar  9 10:43:14 Client03 kernel: [    1.367153] pci 0000:00:08.0: [1414:5353] type 00 class 0x030000
Client03 Mar  9 10:43:14 Client03 kernel: [    1.367708] pci 0000:00:08.0: reg 0x10: [mem 0xf8000000-0xfbffffff]
Client03 Mar  9 10:43:14 Client03 kernel: [    1.384639] ACPI: PCI Interrupt Link [LNKA] (IRQs 3 4 5 7 9 10 *11 12 14 15)
Client03 Mar  9 10:43:14 Client03 kernel: [    1.390473] ACPI: PCI Interrupt Link [LNKB] (IRQs 3 4 5 7 9 10 11 12 14 15) *0, disabled.
Client03 Mar  9 10:43:14 Client03 kernel: [    1.394529] ACPI: PCI Interrupt Link [LNKC] (IRQs 3 4 5 7 9 10 11 12 14 15) *0, disabled.
Client03 Mar  9 10:43:14 Client03 kernel: [    1.402474] ACPI: PCI Interrupt Link [LNKD] (IRQs 3 4 5 7 9 10 11 12 14 15) *0, disabled.
Client03 Mar  9 10:43:14 Client03 kernel: [    1.406612] SCSI subsystem initialized
Client03 Mar  9 10:43:14 Client03 kernel: [    1.410272] libata version 3.00 loaded.
Client03 Mar  9 10:43:14 Client03 kernel: [    1.410372] pci 0000:00:08.0: vgaarb: setting as boot VGA device
Client03 Mar  9 10:43:14 Client03 kernel: [    1.414252] pci 0000:00:08.0: vgaarb: VGA device added: decodes=io+mem,owns=io+mem,locks=none
Client03 Mar  9 10:43:14 Client03 kernel: [    1.414256] pci 0000:00:08.0: vgaarb: bridge control possible
Client03 Mar  9 10:43:14 Client03 kernel: [    1.418255] vgaarb: loaded
Client03 Mar  9 10:43:14 Client03 kernel: [    1.420599] pps_core: LinuxPPS API ver. 1 registered
Client03 Mar  9 10:43:14 Client03 kernel: [    1.422254] pps_core: Software ver. 5.3.6 - Copyright 2005-2007 Rodolfo Giometti <giometti@linux.it>
Client03 Mar  9 10:43:14 Client03 kernel: [    1.426260] PTP clock support registered
Client03 Mar  9 10:43:14 Client03 kernel: [    1.430330] EDAC MC: Ver: 3.0.0
Client03 Mar  9 10:43:14 Client03 kernel: [    1.526264] hv_vmbus: Vmbus version:4.0
Client03 Mar  9 10:43:14 Client03 kernel: [    1.530833] PCI: Using ACPI for IRQ routing
Client03 Mar  9 10:43:14 Client03 kernel: [    1.533710] PCI: pci_cache_line_size set to 64 bytes
Client03 Mar  9 10:43:14 Client03 kernel: [    1.534187] e820: reserve RAM buffer [mem 0x0009fc00-0x0009ffff]
Client03 Mar  9 10:43:14 Client03 kernel: [    1.534189] e820: reserve RAM buffer [mem 0x3fff0000-0x3fffffff]
Client03 Mar  9 10:43:14 Client03 kernel: [    1.534258] NetLabel: Initializing
Client03 Mar  9 10:43:14 Client03 kernel: [    1.534258] NetLabel:  domain hash size = 128
Client03 Mar  9 10:43:14 Client03 kernel: [    1.537704] NetLabel:  protocols = UNLABELED CIPSOv4 CALIPSO
Client03 Mar  9 10:43:14 Client03 kernel: [    1.542281] NetLabel:  unlabeled traffic allowed by default
Client03 Mar  9 10:43:14 Client03 kernel: [    1.546344] clocksource: Switched to clocksource hyperv_clocksource_tsc_page
Client03 Mar  9 10:43:14 Client03 kernel: [    1.570019] VFS: Disk quotas dquot_6.6.0
Client03 Mar  9 10:43:14 Client03 kernel: [    1.578007] VFS: Dquot-cache hash table entries: 512 (order 0, 4096 bytes)
Client03 Mar  9 10:43:14 Client03 kernel: [    1.583133] AppArmor: AppArmor Filesystem Enabled
Client03 Mar  9 10:43:14 Client03 kernel: [    1.586738] pnp: PnP ACPI init
Client03 Mar  9 10:43:14 Client03 kernel: [    1.591632] pnp 00:00: Plug and Play ACPI device, IDs PNP0b00 (active)
Client03 Mar  9 10:43:14 Client03 kernel: [    1.591691] pnp 00:01: Plug and Play ACPI device, IDs PNP0303 PNP030b (active)
Client03 Mar  9 10:43:14 Client03 kernel: [    1.591729] pnp 00:02: Plug and Play ACPI device, IDs PNP0f03 PNP0f13 (active)
Client03 Mar  9 10:43:14 Client03 kernel: [    1.592430] pnp 00:03: [dma 0 disabled]
Client03 Mar  9 10:43:14 Client03 kernel: [    1.592460] pnp 00:03: Plug and Play ACPI device, IDs PNP0501 (active)
Client03 Mar  9 10:43:14 Client03 kernel: [    1.593148] pnp 00:04: [dma 0 disabled]
Client03 Mar  9 10:43:14 Client03 kernel: [    1.593180] pnp 00:04: Plug and Play ACPI device, IDs PNP0501 (active)
Client03 Mar  9 10:43:14 Client03 kernel: [    1.593840] pnp 00:05: [dma 2]
Client03 Mar  9 10:43:14 Client03 kernel: [    1.593874] pnp 00:05: Plug and Play ACPI device, IDs PNP0700 (active)
Client03 Mar  9 10:43:14 Client03 kernel: [    1.593919] system 00:06: [io  0x01e0-0x01ef] has been reserved
Client03 Mar  9 10:43:14 Client03 kernel: [    1.597718] system 00:06: [io  0x0160-0x016f] has been reserved
Client03 Mar  9 10:43:14 Client03 kernel: [    1.602616] system 00:06: [io  0x0278-0x027f] has been reserved
Client03 Mar  9 10:43:14 Client03 kernel: [    1.606413] system 00:06: [io  0x0378-0x037f] has been reserved
Client03 Mar  9 10:43:14 Client03 kernel: [    1.610214] system 00:06: [io  0x0678-0x067f] has been reserved
Client03 Mar  9 10:43:14 Client03 kernel: [    1.614679] system 00:06: [io  0x0778-0x077f] has been reserved
Client03 Mar  9 10:43:14 Client03 kernel: [    1.619002] system 00:06: [io  0x04d0-0x04d1] has been reserved
Client03 Mar  9 10:43:14 Client03 kernel: [    1.623132] system 00:06: Plug and Play ACPI device, IDs PNP0c02 (active)
Client03 Mar  9 10:43:14 Client03 kernel: [    1.623293] system 00:07: [io  0x0400-0x043f] has been reserved
Client03 Mar  9 10:43:14 Client03 kernel: [    1.627484] system 00:07: [io  0x0370-0x0371] has been reserved
Client03 Mar  9 10:43:14 Client03 kernel: [    1.631964] system 00:07: [io  0x0440-0x044f] has been reserved
Client03 Mar  9 10:43:14 Client03 kernel: [    1.636291] system 00:07: [mem 0xfec00000-0xfec00fff] could not be reserved
Client03 Mar  9 10:43:14 Client03 kernel: [    1.641276] system 00:07: [mem 0xfee00000-0xfee00fff] has been reserved
Client03 Mar  9 10:43:14 Client03 kernel: [    1.645248] system 00:07: Plug and Play ACPI device, IDs PNP0c02 (active)
Client03 Mar  9 10:43:14 Client03 kernel: [    1.645363] system 00:08: [mem 0x00000000-0x0009ffff] could not be reserved
Client03 Mar  9 10:43:14 Client03 kernel: [    1.657229] system 00:08: [mem 0x000c0000-0x000dffff] could not be reserved
Client03 Mar  9 10:43:14 Client03 kernel: [    1.662371] system 00:08: [mem 0x000e0000-0x000fffff] could not be reserved
Client03 Mar  9 10:43:14 Client03 kernel: [    1.676785] system 00:08: [mem 0x00100000-0x3fffffff] could not be reserved
Client03 Mar  9 10:43:14 Client03 kernel: [    1.682092] system 00:08: [mem 0xfffc0000-0xffffffff] has been reserved
Client03 Mar  9 10:43:14 Client03 kernel: [    1.687826] system 00:08: Plug and Play ACPI device, IDs PNP0c01 (active)
Client03 Mar  9 10:43:14 Client03 kernel: [    1.688107] pnp: PnP ACPI: found 9 devices
Client03 Mar  9 10:43:14 Client03 kernel: [    1.699033] clocksource: acpi_pm: mask: 0xffffff max_cycles: 0xffffff, max_idle_ns: 2085701024 ns
Client03 Mar  9 10:43:14 Client03 kernel: [    1.705312] pci_bus 0000:00: resource 4 [mem 0xfe0000000-0xfffffffff window]
Client03 Mar  9 10:43:14 Client03 kernel: [    1.705313] pci_bus 0000:00: resource 5 [io  0x0000-0x0cf7 window]
Client03 Mar  9 10:43:14 Client03 kernel: [    1.705315] pci_bus 0000:00: resource 6 [io  0x0d00-0xffff window]
Client03 Mar  9 10:43:14 Client03 kernel: [    1.705316] pci_bus 0000:00: resource 7 [mem 0x000a0000-0x000bffff window]
Client03 Mar  9 10:43:14 Client03 kernel: [    1.705317] pci_bus 0000:00: resource 8 [mem 0x40000000-0xfffbffff window]
Client03 Mar  9 10:43:14 Client03 kernel: [    1.705445] NET: Registered protocol family 2
Client03 Mar  9 10:43:14 Client03 kernel: [    1.708807] tcp_listen_portaddr_hash hash table entries: 4096 (order: 4, 65536 bytes)
Client03 Mar  9 10:43:14 Client03 kernel: [    1.718541] TCP established hash table entries: 65536 (order: 7, 524288 bytes)
Client03 Mar  9 10:43:14 Client03 kernel: [    1.724520] TCP bind hash table entries: 65536 (order: 8, 1048576 bytes)
Client03 Mar  9 10:43:14 Client03 kernel: [    1.730110] TCP: Hash tables configured (established 65536 bind 65536)
Client03 Mar  9 10:43:14 Client03 kernel: [    1.735041] UDP hash table entries: 4096 (order: 5, 131072 bytes)
Client03 Mar  9 10:43:14 Client03 kernel: [    1.740891] UDP-Lite hash table entries: 4096 (order: 5, 131072 bytes)
Client03 Mar  9 10:43:14 Client03 kernel: [    1.746327] NET: Registered protocol family 1
Client03 Mar  9 10:43:14 Client03 kernel: [    1.749603] NET: Registered protocol family 44
Client03 Mar  9 10:43:14 Client03 kernel: [    1.753036] pci 0000:00:00.0: Limiting direct PCI/PCI transfers
Client03 Mar  9 10:43:14 Client03 kernel: [    1.757953] pci 0000:00:08.0: Video device with shadowed ROM at [mem 0x000c0000-0x000dffff]
Client03 Mar  9 10:43:14 Client03 kernel: [    1.764189] PCI: CLS 0 bytes, default 64
Client03 Mar  9 10:43:14 Client03 kernel: [    1.764228] Unpacking initramfs...
Client03 Mar  9 10:43:14 Client03 kernel: [    2.076982] Freeing initrd memory: 19648K
Client03 Mar  9 10:43:14 Client03 kernel: [    2.080111] PCI-DMA: Using software bounce buffering for IO (SWIOTLB)
Client03 Mar  9 10:43:14 Client03 kernel: [    2.087197] software IO TLB: mapped [mem 0x3bff0000-0x3fff0000] (64MB)
Client03 Mar  9 10:43:14 Client03 kernel: [    2.092890] check: Scanning for low memory corruption every 60 seconds
Client03 Mar  9 10:43:14 Client03 kernel: [    2.099893] Initialise system trusted keyrings
Client03 Mar  9 10:43:14 Client03 kernel: [    2.103817] Key type blacklist registered
Client03 Mar  9 10:43:14 Client03 kernel: [    2.107066] workingset: timestamp_bits=36 max_order=21 bucket_order=0
Client03 Mar  9 10:43:14 Client03 kernel: [    2.113156] zbud: loaded
Client03 Mar  9 10:43:14 Client03 kernel: [    2.115955] squashfs: version 4.0 (2009/01/31) Phillip Lougher
Client03 Mar  9 10:43:14 Client03 kernel: [    2.120217] fuse init (API version 7.28)
Client03 Mar  9 10:43:14 Client03 kernel: [    2.158969] Key type asymmetric registered
Client03 Mar  9 10:43:14 Client03 kernel: [    2.161331] Asymmetric key parser 'x509' registered
Client03 Mar  9 10:43:14 Client03 kernel: [    2.165694] Block layer SCSI generic (bsg) driver version 0.4 loaded (major 243)
Client03 Mar  9 10:43:14 Client03 kernel: [    2.179788] shpchp: Standard Hot Plug PCI Controller Driver version: 0.4
Client03 Mar  9 10:43:14 Client03 kernel: [    2.183391] intel_idle: Please enable MWAIT in BIOS SETUP
Client03 Mar  9 10:43:14 Client03 kernel: [    2.183468] input: Power Button as /devices/LNXSYSTM:00/LNXPWRBN:00/input/input0
Client03 Mar  9 10:43:14 Client03 kernel: [    2.187546] ACPI: Power Button [PWRF]
Client03 Mar  9 10:43:14 Client03 kernel: [    2.189951] Serial: 8250/16550 driver, 32 ports, IRQ sharing enabled
Client03 Mar  9 10:43:14 Client03 kernel: [    2.219274] 00:03: ttyS0 at I/O 0x3f8 (irq = 4, base_baud = 115200) is a 16550A
Client03 Mar  9 10:43:14 Client03 kernel: [    2.250889] 00:04: ttyS1 at I/O 0x2f8 (irq = 3, base_baud = 115200) is a 16550A
Client03 Mar  9 10:43:14 Client03 kernel: [    2.256922] Linux agpgart interface v0.103
Client03 Mar  9 10:43:14 Client03 kernel: [    2.270411] loop: module loaded
Client03 Mar  9 10:43:14 Client03 kernel: [    2.272899] hv_vmbus: registering driver hv_storvsc
Client03 Mar  9 10:43:14 Client03 kernel: [    2.276669] ata_piix 0000:00:07.1: version 2.13
Client03 Mar  9 10:43:14 Client03 kernel: [    2.276955] ata_piix 0000:00:07.1: Hyper-V Virtual Machine detected, ATA device ignore set
Client03 Mar  9 10:43:14 Client03 kernel: [    2.277280] scsi host0: storvsc_host_t
Client03 Mar  9 10:43:14 Client03 kernel: [    2.296736] scsi host1: ata_piix
Client03 Mar  9 10:43:14 Client03 kernel: [    2.299794] scsi host2: ata_piix
Client03 Mar  9 10:43:14 Client03 kernel: [    2.302698] ata1: PATA max UDMA/33 cmd 0x1f0 ctl 0x3f6 bmdma 0xffa0 irq 14
Client03 Mar  9 10:43:14 Client03 kernel: [    2.302851] scsi 0:0:0:0: Direct-Access     Msft     Virtual Disk     1.0  PQ: 0 ANSI: 5
Client03 Mar  9 10:43:14 Client03 kernel: [    2.308641] ata2: PATA max UDMA/33 cmd 0x170 ctl 0x376 bmdma 0xffa8 irq 15
Client03 Mar  9 10:43:14 Client03 kernel: [    2.308840] libphy: Fixed MDIO Bus: probed
Client03 Mar  9 10:43:14 Client03 kernel: [    2.315413] sd 0:0:0:0: Attached scsi generic sg0 type 0
Client03 Mar  9 10:43:14 Client03 kernel: [    2.331839] tun: Universal TUN/TAP device driver, 1.6
Client03 Mar  9 10:43:14 Client03 kernel: [    2.344269] sd 0:0:0:0: [sda] 62916608 512-byte logical blocks: (32.2 GB/30.0 GiB)
Client03 Mar  9 10:43:14 Client03 kernel: [    2.350607] PPP generic driver version 2.4.2
Client03 Mar  9 10:43:14 Client03 kernel: [    2.351478] sd 0:0:0:0: [sda] 4096-byte physical blocks
Client03 Mar  9 10:43:14 Client03 kernel: [    2.358625] i8042: PNP: PS/2 Controller [PNP0303:PS2K,PNP0f03:PS2M] at 0x60,0x64 irq 1,12
Client03 Mar  9 10:43:14 Client03 kernel: [    2.361986] sd 0:0:0:0: [sda] Write Protect is off
Client03 Mar  9 10:43:14 Client03 kernel: [    2.372039] serio: i8042 KBD port at 0x60,0x64 irq 1
Client03 Mar  9 10:43:14 Client03 kernel: [    2.373059] sd 0:0:0:0: [sda] Mode Sense: 0f 00 10 00
Client03 Mar  9 10:43:14 Client03 kernel: [    2.376822] serio: i8042 AUX port at 0x60,0x64 irq 12
Client03 Mar  9 10:43:14 Client03 kernel: [    2.380953] sd 0:0:0:0: [sda] Write cache: enabled, read cache: enabled, supports DPO and FUA
Client03 Mar  9 10:43:14 Client03 kernel: [    2.384950] mousedev: PS/2 mouse device common for all mice
Client03 Mar  9 10:43:14 Client03 kernel: [    2.395910] rtc_cmos 00:00: RTC can wake from S4
Client03 Mar  9 10:43:14 Client03 kernel: [    2.398276] scsi host3: storvsc_host_t
Client03 Mar  9 10:43:14 Client03 kernel: [    2.424601] scsi 3:0:1:0: Direct-Access     Msft     Virtual Disk     1.0  PQ: 0 ANSI: 5
Client03 Mar  9 10:43:14 Client03 kernel: [    2.431290] rtc_cmos 00:00: registered as rtc0
Client03 Mar  9 10:43:14 Client03 kernel: [    2.431884] sd 3:0:1:0: Attached scsi generic sg1 type 0
Client03 Mar  9 10:43:14 Client03 kernel: [    2.435186] rtc_cmos 00:00: alarms up to one month, 114 bytes nvram
Client03 Mar  9 10:43:14 Client03 kernel: [    2.442727] sd 3:0:1:0: [sdb] 33554432 512-byte logical blocks: (17.2 GB/16.0 GiB)
Client03 Mar  9 10:43:14 Client03 kernel: [    2.446440] device-mapper: uevent: version 1.0.3
Client03 Mar  9 10:43:14 Client03 kernel: [    2.451694] sd 3:0:1:0: [sdb] 4096-byte physical blocks
Client03 Mar  9 10:43:14 Client03 kernel: [    2.455748] device-mapper: ioctl: 4.39.0-ioctl (2018-04-03) initialised: dm-devel@redhat.com
Client03 Mar  9 10:43:14 Client03 kernel: [    2.460022] sd 3:0:1:0: [sdb] Write Protect is off
Client03 Mar  9 10:43:14 Client03 kernel: [    2.471738] platform eisa.0: Probing EISA bus 0
Client03 Mar  9 10:43:14 Client03 kernel: [    2.476616] sd 3:0:1:0: [sdb] Mode Sense: 0f 00 10 00
Client03 Mar  9 10:43:14 Client03 kernel: [    2.480515] GPT:Primary header thinks Alt. header is not at the end of the disk.
Client03 Mar  9 10:43:14 Client03 kernel: [    2.480800] scsi host4: storvsc_host_t
Client03 Mar  9 10:43:14 Client03 kernel: [    2.486305] GPT:4612095 != 62916607
Client03 Mar  9 10:43:14 Client03 kernel: [    2.502629] sd 3:0:1:0: [sdb] Write cache: disabled, read cache: enabled, supports DPO and FUA
Client03 Mar  9 10:43:14 Client03 kernel: [    2.506752] GPT:Alternate GPT header not at the end of the disk.
Client03 Mar  9 10:43:14 Client03 kernel: [    2.520873] GPT:4612095 != 62916607
Client03 Mar  9 10:43:14 Client03 kernel: [    2.524434] GPT: Use GNU Parted to correct GPT errors.
Client03 Mar  9 10:43:14 Client03 kernel: [    2.528800]  sda: sda1 sda14 sda15
Client03 Mar  9 10:43:14 Client03 kernel: [    2.537973] platform eisa.0: EISA: Cannot allocate resource for mainboard
Client03 Mar  9 10:43:14 Client03 kernel: [    2.544675] platform eisa.0: Cannot allocate resource for EISA slot 1
Client03 Mar  9 10:43:14 Client03 kernel: [    2.550112] platform eisa.0: Cannot allocate resource for EISA slot 2
Client03 Mar  9 10:43:14 Client03 kernel: [    2.556184] platform eisa.0: Cannot allocate resource for EISA slot 3
Client03 Mar  9 10:43:14 Client03 kernel: [    2.562348] platform eisa.0: Cannot allocate resource for EISA slot 4
Client03 Mar  9 10:43:14 Client03 kernel: [    2.568254] platform eisa.0: Cannot allocate resource for EISA slot 5
Client03 Mar  9 10:43:14 Client03 kernel: [    2.573865] platform eisa.0: Cannot allocate resource for EISA slot 6
Client03 Mar  9 10:43:14 Client03 kernel: [    2.578885] platform eisa.0: Cannot allocate resource for EISA slot 7
Client03 Mar  9 10:43:14 Client03 kernel: [    2.584164] platform eisa.0: Cannot allocate resource for EISA slot 8
Client03 Mar  9 10:43:14 Client03 kernel: [    2.589703] platform eisa.0: EISA: Detected 0 cards
Client03 Mar  9 10:43:14 Client03 kernel: [    2.596612] NET: Registered protocol family 10
Client03 Mar  9 10:43:14 Client03 kernel: [    2.601619] sd 0:0:0:0: [sda] Attached SCSI disk
Client03 Mar  9 10:43:14 Client03 kernel: [    2.613906] Segment Routing with IPv6
Client03 Mar  9 10:43:14 Client03 kernel: [    2.617528] NET: Registered protocol family 17
Client03 Mar  9 10:43:14 Client03 kernel: [    2.621788] Key type dns_resolver registered
Client03 Mar  9 10:43:14 Client03 kernel: [    2.632336] scsi host5: storvsc_host_t
Client03 Mar  9 10:43:14 Client03 kernel: [    2.698236] mce: Using 1 MCE banks
Client03 Mar  9 10:43:14 Client03 kernel: [    2.698827] input: AT Translated Set 2 keyboard as /devices/platform/i8042/serio0/input/input1
Client03 Mar  9 10:43:14 Client03 kernel: [    2.704844] RAS: Correctable Errors collector initialized.
Client03 Mar  9 10:43:14 Client03 kernel: [    2.710079] ata1.01: host indicates ignore ATA devices, ignored
Client03 Mar  9 10:43:14 Client03 kernel: [    2.718237] registered taskstats version 1
Client03 Mar  9 10:43:14 Client03 kernel: [    2.721551] Loading compiled-in X.509 certificates
Client03 Mar  9 10:43:14 Client03 kernel: [    2.734658] Loaded X.509 cert 'Build time autogenerated kernel key: 9c13c25bb46bb08aadac8fd6055952f30e111a90'
Client03 Mar  9 10:43:14 Client03 kernel: [    2.748317] zswap: loaded using pool lzo/zbud
Client03 Mar  9 10:43:14 Client03 kernel: [    2.772554] ata2.01: NODEV after polling detection
Client03 Mar  9 10:43:14 Client03 kernel: [    2.864379] ata1.00: host indicates ignore ATA devices, ignored
Client03 Mar  9 10:43:14 Client03 kernel: [    2.865128] ata2.00: ATAPI: Virtual CD, , max MWDMA2
Client03 Mar  9 10:43:14 Client03 kernel: [    2.873242] Key type big_key registered
Client03 Mar  9 10:43:14 Client03 kernel: [    2.875636]  sdb: sdb1
Client03 Mar  9 10:43:14 Client03 kernel: [    2.879779] Key type trusted registered
Client03 Mar  9 10:43:14 Client03 kernel: [    2.880840] scsi: waiting for bus probes to complete ...
Client03 Mar  9 10:43:14 Client03 kernel: [    2.890854] Key type encrypted registered
Client03 Mar  9 10:43:14 Client03 kernel: [    2.891699] sd 3:0:1:0: [sdb] Attached SCSI disk
Client03 Mar  9 10:43:14 Client03 kernel: [    2.894383] AppArmor: AppArmor sha1 policy hashing enabled
Client03 Mar  9 10:43:14 Client03 kernel: [    2.906116] ima: No TPM chip found, activating TPM-bypass!
Client03 Mar  9 10:43:14 Client03 kernel: [    2.911290] ima: Allocated hash algorithm: sha1
Client03 Mar  9 10:43:14 Client03 kernel: [    2.915549] No architecture policies found
Client03 Mar  9 10:43:14 Client03 kernel: [    2.915555] scsi 2:0:0:0: CD-ROM            Msft     Virtual CD/ROM   1.0  PQ: 0 ANSI: 5
Client03 Mar  9 10:43:14 Client03 kernel: [    2.920223] evm: Initialising EVM extended attributes:
Client03 Mar  9 10:43:14 Client03 kernel: [    2.920224] evm: security.selinux
Client03 Mar  9 10:43:14 Client03 kernel: [    2.920225] evm: security.SMACK64
Client03 Mar  9 10:43:14 Client03 kernel: [    2.920226] evm: security.SMACK64EXEC
Client03 Mar  9 10:43:14 Client03 kernel: [    2.920226] evm: security.SMACK64TRANSMUTE
Client03 Mar  9 10:43:14 Client03 kernel: [    2.920227] evm: security.SMACK64MMAP
Client03 Mar  9 10:43:14 Client03 kernel: [    2.920227] evm: security.apparmor
Client03 Mar  9 10:43:14 Client03 kernel: [    2.920228] evm: security.ima
Client03 Mar  9 10:43:14 Client03 kernel: [    2.920228] evm: security.capability
Client03 Mar  9 10:43:14 Client03 kernel: [    2.920230] evm: HMAC attrs: 0x1
Client03 Mar  9 10:43:14 Client03 kernel: [    2.939009] sr 2:0:0:0: [sr0] scsi3-mmc drive: 0x/0x tray
Client03 Mar  9 10:43:14 Client03 kernel: [    2.943411]   Magic number: 12:847:678
Client03 Mar  9 10:43:14 Client03 kernel: [    2.945831] cdrom: Uniform CD-ROM driver Revision: 3.20
Client03 Mar  9 10:43:14 Client03 kernel: [    2.952558] acpi LNXCPU:23: hash matches
Client03 Mar  9 10:43:14 Client03 kernel: [    2.983190] sr 2:0:0:0: Attached scsi CD-ROM sr0
Client03 Mar  9 10:43:14 Client03 kernel: [    2.983267] sr 2:0:0:0: Attached scsi generic sg2 type 5
Client03 Mar  9 10:43:14 Client03 kernel: [    2.994992] rtc_cmos 00:00: setting system clock to 2020-03-09T10:40:40 UTC (1583750440)
Client03 Mar  9 10:43:14 Client03 kernel: [    2.996724] Unstable clock detected, switching default tracing clock to "global"
Client03 Mar  9 10:43:14 Client03 kernel: [    2.996724] If you want to keep using the local clock, then add:
Client03 Mar  9 10:43:14 Client03 kernel: [    2.996724]   "trace_clock=local"
Client03 Mar  9 10:43:14 Client03 kernel: [    2.996724] on the kernel command line
Client03 Mar  9 10:43:14 Client03 kernel: [    3.017966] Freeing unused decrypted memory: 2040K
Client03 Mar  9 10:43:14 Client03 kernel: [    3.023660] Freeing unused kernel image memory: 2360K
Client03 Mar  9 10:43:14 Client03 kernel: [    3.034304] Write protecting the kernel read-only data: 18432k
Client03 Mar  9 10:43:14 Client03 kernel: [    3.039514] Freeing unused kernel image memory: 2008K
Client03 Mar  9 10:43:14 Client03 kernel: [    3.043623] Freeing unused kernel image memory: 152K
Client03 Mar  9 10:43:14 Client03 kernel: [    3.066991] x86/mm: Checked W+X mappings: passed, no W+X pages found.
Client03 Mar  9 10:43:14 Client03 kernel: [    3.071983] x86/mm: Checking user space page tables
Client03 Mar  9 10:43:14 Client03 kernel: [    3.086767] x86/mm: Checked W+X mappings: passed, no W+X pages found.
Client03 Mar  9 10:43:14 Client03 kernel: [    3.091926] Run /init as init process
Client03 Mar  9 10:43:14 Client03 kernel: [    3.246851] hv_vmbus: registering driver hyperv_fb
Client03 Mar  9 10:43:14 Client03 kernel: [    3.259468] hv_vmbus: registering driver hv_netvsc
Client03 Mar  9 10:43:14 Client03 kernel: [    3.262696] hyperv_fb: Screen resolution: 1152x864, Color depth: 32
Client03 Mar  9 10:43:14 Client03 kernel: [    3.271345] Console: switching to colour frame buffer device 144x54
Client03 Mar  9 10:43:14 Client03 kernel: [    3.281017] hv_utils: Registering HyperV Utility Driver
Client03 Mar  9 10:43:14 Client03 kernel: [    3.281018] hv_vmbus: registering driver hv_utils
Client03 Mar  9 10:43:14 Client03 kernel: [    3.281372] hv_utils: Heartbeat IC version 3.0
Client03 Mar  9 10:43:14 Client03 kernel: [    3.292345] hv_utils: Shutdown IC version 3.0
Client03 Mar  9 10:43:14 Client03 kernel: [    3.298542] hv_vmbus: registering driver hyperv_keyboard
Client03 Mar  9 10:43:14 Client03 kernel: [    3.298740] hv_utils: TimeSync IC version 4.0
Client03 Mar  9 10:43:14 Client03 kernel: [    3.318677] hv_utils: VSS IC version 5.0
Client03 Mar  9 10:43:14 Client03 kernel: [    3.321493] input: AT Translated Set 2 keyboard as /devices/LNXSYSTM:00/LNXSYBUS:00/PNP0A03:00/device:07/VMBUS:01/d34b2567-b9b6-42b9-8778-0a4ec0b955bf/serio2/input/input3
Client03 Mar  9 10:43:14 Client03 kernel: [    3.323127] hidraw: raw HID events driver (C) Jiri Kosina
Client03 Mar  9 10:43:14 Client03 kernel: [    3.359846] hv_vmbus: registering driver hid_hyperv
Client03 Mar  9 10:43:14 Client03 kernel: [    3.377998] input: Microsoft Vmbus HID-compliant Mouse as /devices/0006:045E:0621.0001/input/input4
Client03 Mar  9 10:43:14 Client03 kernel: [    3.387102] hid 0006:045E:0621.0001: input: <UNKNOWN> HID v0.01 Mouse [Microsoft Vmbus HID-compliant Mouse] on 
Client03 Mar  9 10:43:14 Client03 kernel: [    3.413969] cryptd: max_cpu_qlen set to 1000
Client03 Mar  9 10:43:14 Client03 kernel: [    3.454931] AVX2 version of gcm_enc/dec engaged.
Client03 Mar  9 10:43:14 Client03 kernel: [    3.457271] AES CTR mode by8 optimization enabled
Client03 Mar  9 10:43:14 Client03 kernel: [    5.758265] raid6: avx2x4   gen() 23054 MB/s
Client03 Mar  9 10:43:14 Client03 kernel: [    5.806272] raid6: avx2x4   xor() 14696 MB/s
Client03 Mar  9 10:43:14 Client03 kernel: [    5.854265] raid6: avx2x2   gen() 20877 MB/s
Client03 Mar  9 10:43:14 Client03 kernel: [    5.902272] raid6: avx2x2   xor() 12503 MB/s
Client03 Mar  9 10:43:14 Client03 kernel: [    5.950263] raid6: avx2x1   gen() 17248 MB/s
Client03 Mar  9 10:43:14 Client03 kernel: [    5.998263] raid6: avx2x1   xor() 11620 MB/s
Client03 Mar  9 10:43:14 Client03 kernel: [    6.046291] raid6: sse2x4   gen() 12374 MB/s
Client03 Mar  9 10:43:14 Client03 kernel: [    6.094286] raid6: sse2x4   xor()  7560 MB/s
Client03 Mar  9 10:43:14 Client03 kernel: [    6.142275] raid6: sse2x2   gen() 10659 MB/s
Client03 Mar  9 10:43:14 Client03 kernel: [    6.190264] raid6: sse2x2   xor()  6596 MB/s
Client03 Mar  9 10:43:14 Client03 kernel: [    6.238269] raid6: sse2x1   gen()  8444 MB/s
Client03 Mar  9 10:43:14 Client03 kernel: [    6.286263] raid6: sse2x1   xor()  5845 MB/s
Client03 Mar  9 10:43:14 Client03 kernel: [    6.289067] raid6: using algorithm avx2x4 gen() 23054 MB/s
Client03 Mar  9 10:43:14 Client03 kernel: [    6.293162] raid6: .... xor() 14696 MB/s, rmw enabled
Client03 Mar  9 10:43:14 Client03 kernel: [    6.296727] raid6: using avx2x2 recovery algorithm
Client03 Mar  9 10:43:14 Client03 kernel: [    6.301202] xor: automatically using best checksumming function   avx       
Client03 Mar  9 10:43:14 Client03 kernel: [    6.307583] async_tx: api initialized (async)
Client03 Mar  9 10:43:14 Client03 kernel: [    6.365820] Btrfs loaded, crc32c=crc32c-intel
Client03 Mar  9 10:43:14 Client03 kernel: [    6.506171] EXT4-fs (sda1): mounted filesystem with ordered data mode. Opts: (null)
Client03 Mar  9 10:43:14 Client03 kernel: [   11.688332] EXT4-fs (sda1): re-mounted. Opts: discard
Client03 Mar  9 10:43:14 Client03 kernel: [   11.832485] Loading iSCSI transport class v2.0-870.
Client03 Mar  9 10:43:14 Client03 kernel: [   11.970203] iscsi: registered transport (tcp)
Client03 Mar  9 10:43:14 Client03 kernel: [   12.299456] iscsi: registered transport (iser)
Client03 Mar  9 10:43:14 Client03 kernel: [   12.838390] hv_vmbus: registering driver hv_balloon
Client03 Mar  9 10:43:14 Client03 kernel: [   12.841779] hv_balloon: Using Dynamic Memory protocol version 2.0
Client03 Mar  9 10:43:14 Client03 kernel: [   13.151079] KVM: vmx: using Hyper-V Enlightened VMCS
Client03 Mar  9 10:43:14 Client03 kernel: [   13.310819] hv_utils: KVP IC version 4.0
Client03 Mar  9 10:43:14 Client03 kernel: [   15.964967] audit: type=1400 audit(1583750454.095:2): apparmor="STATUS" operation="profile_load" profile="unconfined" name="/sbin/dhclient" pid=833 comm="apparmor_parser"
Client03 Mar  9 10:43:14 Client03 kernel: [   15.965977] audit: type=1400 audit(1583750454.095:3): apparmor="STATUS" operation="profile_load" profile="unconfined" name="/usr/lib/NetworkManager/nm-dhcp-client.action" pid=833 comm="apparmor_parser"
Client03 Mar  9 10:43:14 Client03 kernel: [   15.968199] audit: type=1400 audit(1583750454.099:4): apparmor="STATUS" operation="profile_load" profile="unconfined" name="/usr/lib/NetworkManager/nm-dhcp-helper" pid=833 comm="apparmor_parser"
Client03 Mar  9 10:43:14 Client03 kernel: [   15.968929] audit: type=1400 audit(1583750454.099:5): apparmor="STATUS" operation="profile_load" profile="unconfined" name="/usr/lib/connman/scripts/dhclient-script" pid=833 comm="apparmor_parser"
Client03 Mar  9 10:43:14 Client03 kernel: [   15.988536] audit: type=1400 audit(1583750454.119:6): apparmor="STATUS" operation="profile_load" profile="unconfined" name="/usr/bin/lxc-start" pid=850 comm="apparmor_parser"
Client03 Mar  9 10:43:14 Client03 kernel: [   16.056870] audit: type=1400 audit(1583750454.187:7): apparmor="STATUS" operation="profile_load" profile="unconfined" name="lxc-container-default" pid=834 comm="apparmor_parser"
Client03 Mar  9 10:43:14 Client03 kernel: [   16.057773] audit: type=1400 audit(1583750454.187:8): apparmor="STATUS" operation="profile_load" profile="unconfined" name="lxc-container-default-cgns" pid=834 comm="apparmor_parser"
Client03 Mar  9 10:43:14 Client03 kernel: [   16.058709] audit: type=1400 audit(1583750454.191:9): apparmor="STATUS" operation="profile_load" profile="unconfined" name="lxc-container-default-with-mounting" pid=834 comm="apparmor_parser"
Client03 Mar  9 10:43:14 Client03 kernel: [   16.059518] audit: type=1400 audit(1583750454.191:10): apparmor="STATUS" operation="profile_load" profile="unconfined" name="lxc-container-default-with-nesting" pid=834 comm="apparmor_parser"
Client03 Mar  9 10:43:14 Client03 kernel: [   16.099021] audit: type=1400 audit(1583750454.231:11): apparmor="STATUS" operation="profile_load" profile="unconfined" name="/usr/bin/man" pid=852 comm="apparmor_parser"
Client03 Mar  9 10:43:14 Client03 kernel: [   25.581130] UDF-fs: INFO Mounting volume 'UDF Volume', timestamp 2020/03/10 00:00 (1000)
Client03 Mar  9 10:43:14 Client03 kernel: [   25.923463] IPv6: ADDRCONF(NETDEV_CHANGE): eth0: link becomes ready
Client03 Mar  9 10:43:14 Client03 kernel: [   60.943052] hv_balloon: Max. dynamic memory size: 8192 MB
Client03 Mar  9 10:43:14 Client03 kernel: [  146.928080] EXT4-fs (sda1): resizing filesystem from 548091 to 7836155 blocks
Client03 Mar  9 10:43:14 Client03 kernel: [  149.924857] EXT4-fs (sda1): resized filesystem to 7836155
Client03 Mar  9 10:43:14 Client03 kernel: [  150.568814]  sdb: sdb1
Client03 Mar  9 10:43:14 Client03 kernel: [  152.886373] EXT4-fs (sdb1): mounted filesystem with ordered data mode. Opts: (null)
Client03 Mar  9 10:43:14 Client03 kernel: [  154.950183] hv_utils: VSS: userspace daemon ver. 129 connected
Client03 Mar  9 10:43:14 Client03 kernel: [  155.013986] new mount options do not match the existing superblock, will be ignored
Client03 Mar  9 10:43:15 Client03 kernel: [  157.835324] bpfilter: Loaded bpfilter_umh pid 1543
Client03 Mar  9 10:57:24 Client03 kernel: [ 1006.067836] hv_utils: Shutdown request received - graceful shutdown initiated
Client03 Mar  9 12:12:47 Client03 kernel: [    0.000000] Linux version 5.0.0-1032-azure (buildd@lcy01-amd64-016) (gcc version 7.4.0 (Ubuntu 7.4.0-1ubuntu1~18.04.1)) #34-Ubuntu SMP Mon Feb 10 19:37:25 UTC 2020 (Ubuntu 5.0.0-1032.34-azure 5.0.21)
Client03 Mar  9 12:12:47 Client03 kernel: [    0.000000] Command line: BOOT_IMAGE=/boot/vmlinuz-5.0.0-1032-azure root=UUID=5604f71e-1e5f-443c-a99e-b82bb5c201df ro console=tty1 console=ttyS0 earlyprintk=ttyS0 rootdelay=300
Client03 Mar  9 12:12:47 Client03 kernel: [    0.000000] KERNEL supported cpus:
Client03 Mar  9 12:12:47 Client03 kernel: [    0.000000]   Intel GenuineIntel
Client03 Mar  9 12:12:47 Client03 kernel: [    0.000000]   AMD AuthenticAMD
Client03 Mar  9 12:12:47 Client03 kernel: [    0.000000]   Hygon HygonGenuine
Client03 Mar  9 12:12:47 Client03 kernel: [    0.000000]   Centaur CentaurHauls
Client03 Mar  9 12:12:47 Client03 kernel: [    0.000000] x86/fpu: Supporting XSAVE feature 0x001: 'x87 floating point registers'
Client03 Mar  9 12:12:47 Client03 kernel: [    0.000000] x86/fpu: Supporting XSAVE feature 0x002: 'SSE registers'
Client03 Mar  9 12:12:47 Client03 kernel: [    0.000000] x86/fpu: Supporting XSAVE feature 0x004: 'AVX registers'
Client03 Mar  9 12:12:47 Client03 kernel: [    0.000000] x86/fpu: xstate_offset[2]:  576, xstate_sizes[2]:  256
Client03 Mar  9 12:12:47 Client03 kernel: [    0.000000] x86/fpu: Enabled xstate features 0x7, context size is 832 bytes, using 'standard' format.
Client03 Mar  9 12:12:47 Client03 kernel: [    0.000000] BIOS-provided physical RAM map:
Client03 Mar  9 12:12:47 Client03 kernel: [    0.000000] BIOS-e820: [mem 0x0000000000000000-0x000000000009fbff] usable
Client03 Mar  9 12:12:47 Client03 kernel: [    0.000000] BIOS-e820: [mem 0x000000000009fc00-0x000000000009ffff] reserved
Client03 Mar  9 12:12:47 Client03 kernel: [    0.000000] BIOS-e820: [mem 0x00000000000e0000-0x00000000000fffff] reserved
Client03 Mar  9 12:12:47 Client03 kernel: [    0.000000] BIOS-e820: [mem 0x0000000000100000-0x000000003ffeffff] usable
Client03 Mar  9 12:12:47 Client03 kernel: [    0.000000] BIOS-e820: [mem 0x000000003fff0000-0x000000003fffefff] ACPI data
Client03 Mar  9 12:12:47 Client03 kernel: [    0.000000] BIOS-e820: [mem 0x000000003ffff000-0x000000003fffffff] ACPI NVS
Client03 Mar  9 12:12:47 Client03 kernel: [    0.000000] BIOS-e820: [mem 0x0000000100000000-0x00000002bfffffff] usable
Client03 Mar  9 12:12:47 Client03 kernel: [    0.000000] printk: bootconsole [earlyser0] enabled
Client03 Mar  9 12:12:47 Client03 kernel: [    0.000000] NX (Execute Disable) protection: active
Client03 Mar  9 12:12:47 Client03 kernel: [    0.000000] SMBIOS 2.3 present.
Client03 Mar  9 12:12:47 Client03 kernel: [    0.000000] DMI: Microsoft Corporation Virtual Machine/Virtual Machine, BIOS 090007  06/02/2017
Client03 Mar  9 12:12:47 Client03 kernel: [    0.000000] Hypervisor detected: Microsoft Hyper-V
Client03 Mar  9 12:12:47 Client03 kernel: [    0.000000] Hyper-V: features 0x2e7f, hints 0x44c2c
Client03 Mar  9 12:12:47 Client03 kernel: [    0.000000] Hyper-V Host Build:14393-10.0-0-0.305
Client03 Mar  9 12:12:47 Client03 kernel: [    0.000000] Hyper-V: LAPIC Timer Frequency: 0xc3500
Client03 Mar  9 12:12:47 Client03 kernel: [    0.000000] tsc: Marking TSC unstable due to running on Hyper-V
Client03 Mar  9 12:12:47 Client03 kernel: [    0.000000] Hyper-V: Using hypercall for remote TLB flush
Client03 Mar  9 12:12:47 Client03 kernel: [    0.000000] tsc: Detected 2294.689 MHz processor
Client03 Mar  9 12:12:47 Client03 kernel: [    0.001555] e820: update [mem 0x00000000-0x00000fff] usable ==> reserved
Client03 Mar  9 12:12:47 Client03 kernel: [    0.001557] e820: remove [mem 0x000a0000-0x000fffff] usable
Client03 Mar  9 12:12:47 Client03 kernel: [    0.001561] last_pfn = 0x2c0000 max_arch_pfn = 0x400000000
Client03 Mar  9 12:12:47 Client03 kernel: [    0.004943] MTRR default type: uncachable
Client03 Mar  9 12:12:47 Client03 kernel: [    0.004944] MTRR fixed ranges enabled:
Client03 Mar  9 12:12:47 Client03 kernel: [    0.004945]   00000-9FFFF write-back
Client03 Mar  9 12:12:47 Client03 kernel: [    0.004946]   A0000-DFFFF uncachable
Client03 Mar  9 12:12:47 Client03 kernel: [    0.004947]   E0000-FFFFF write-back
Client03 Mar  9 12:12:47 Client03 kernel: [    0.004947] MTRR variable ranges enabled:
Client03 Mar  9 12:12:47 Client03 kernel: [    0.004949]   0 base 00000000000 mask FFFC0000000 write-back
Client03 Mar  9 12:12:47 Client03 kernel: [    0.004950]   1 base 00100000000 mask FF000000000 write-back
Client03 Mar  9 12:12:47 Client03 kernel: [    0.004950]   2 disabled
Client03 Mar  9 12:12:47 Client03 kernel: [    0.004951]   3 disabled
Client03 Mar  9 12:12:47 Client03 kernel: [    0.004951]   4 disabled
Client03 Mar  9 12:12:47 Client03 kernel: [    0.004951]   5 disabled
Client03 Mar  9 12:12:47 Client03 kernel: [    0.004952]   6 disabled
Client03 Mar  9 12:12:47 Client03 kernel: [    0.004952]   7 disabled
Client03 Mar  9 12:12:47 Client03 kernel: [    0.004963] x86/PAT: Configuration [0-7]: WB  WC  UC- UC  WB  WP  UC- WT  
Client03 Mar  9 12:12:47 Client03 kernel: [    0.008876] e820: update [mem 0x40000000-0xffffffff] usable ==> reserved
Client03 Mar  9 12:12:47 Client03 kernel: [    0.010639] last_pfn = 0x3fff0 max_arch_pfn = 0x400000000
Client03 Mar  9 12:12:47 Client03 kernel: [    0.021796] found SMP MP-table at [mem 0x000ff780-0x000ff78f]
Client03 Mar  9 12:12:47 Client03 kernel: [    0.025338] check: Scanning 1 areas for low memory corruption
Client03 Mar  9 12:12:47 Client03 kernel: [    0.028745] Using GB pages for direct mapping
Client03 Mar  9 12:12:47 Client03 kernel: [    0.031564] BRK [0x287e02000, 0x287e02fff] PGTABLE
Client03 Mar  9 12:12:47 Client03 kernel: [    0.031567] BRK [0x287e03000, 0x287e03fff] PGTABLE
Client03 Mar  9 12:12:47 Client03 kernel: [    0.031568] BRK [0x287e04000, 0x287e04fff] PGTABLE
Client03 Mar  9 12:12:47 Client03 kernel: [    0.031591] BRK [0x287e05000, 0x287e05fff] PGTABLE
Client03 Mar  9 12:12:47 Client03 kernel: [    0.031627] BRK [0x287e06000, 0x287e06fff] PGTABLE
Client03 Mar  9 12:12:47 Client03 kernel: [    0.031644] RAMDISK: [mem 0x3598f000-0x36cbefff]
Client03 Mar  9 12:12:47 Client03 kernel: [    0.034369] ACPI: Early table checksum verification disabled
Client03 Mar  9 12:12:47 Client03 kernel: [    0.037680] ACPI: RSDP 0x00000000000F5BF0 000014 (v00 ACPIAM)
Client03 Mar  9 12:12:47 Client03 kernel: [    0.041046] ACPI: RSDT 0x000000003FFF0000 000040 (v01 VRTUAL MICROSFT 06001702 MSFT 00000097)
Client03 Mar  9 12:12:47 Client03 kernel: [    0.045945] ACPI: FACP 0x000000003FFF0200 000081 (v02 VRTUAL MICROSFT 06001702 MSFT 00000097)
Client03 Mar  9 12:12:47 Client03 kernel: [    0.051113] ACPI: DSDT 0x000000003FFF1D24 003CBE (v01 MSFTVM MSFTVM02 00000002 INTL 02002026)
Client03 Mar  9 12:12:47 Client03 kernel: [    0.056093] ACPI: FACS 0x000000003FFFF000 000040
Client03 Mar  9 12:12:47 Client03 kernel: [    0.058949] ACPI: WAET 0x000000003FFF1A80 000028 (v01 VRTUAL MICROSFT 06001702 MSFT 00000097)
Client03 Mar  9 12:12:47 Client03 kernel: [    0.064110] ACPI: SLIC 0x000000003FFF1AC0 000176 (v01 VRTUAL MICROSFT 06001702 MSFT 00000097)
Client03 Mar  9 12:12:47 Client03 kernel: [    0.069534] ACPI: OEM0 0x000000003FFF1CC0 000064 (v01 VRTUAL MICROSFT 06001702 MSFT 00000097)
Client03 Mar  9 12:12:47 Client03 kernel: [    0.074795] ACPI: SRAT 0x000000003FFF0800 000140 (v02 VRTUAL MICROSFT 00000001 MSFT 00000001)
Client03 Mar  9 12:12:47 Client03 kernel: [    0.079994] ACPI: APIC 0x000000003FFF0300 000452 (v01 VRTUAL MICROSFT 06001702 MSFT 00000097)
Client03 Mar  9 12:12:47 Client03 kernel: [    0.085572] ACPI: OEMB 0x000000003FFFF040 000064 (v01 VRTUAL MICROSFT 06001702 MSFT 00000097)
Client03 Mar  9 12:12:47 Client03 kernel: [    0.090946] ACPI: Local APIC address 0xfee00000
Client03 Mar  9 12:12:47 Client03 kernel: [    0.090990] SRAT: PXM 0 -> APIC 0x00 -> Node 0
Client03 Mar  9 12:12:47 Client03 kernel: [    0.093616] SRAT: PXM 0 -> APIC 0x01 -> Node 0
Client03 Mar  9 12:12:47 Client03 kernel: [    0.096372] ACPI: SRAT: Node 0 PXM 0 [mem 0x00000000-0x3fffffff] hotplug
Client03 Mar  9 12:12:47 Client03 kernel: [    0.100484] ACPI: SRAT: Node 0 PXM 0 [mem 0x100000000-0x2bfffffff] hotplug
Client03 Mar  9 12:12:47 Client03 kernel: [    0.104560] ACPI: SRAT: Node 0 PXM 0 [mem 0x2c0200000-0xfdfffffff] hotplug
Client03 Mar  9 12:12:47 Client03 kernel: [    0.108461] ACPI: SRAT: Node 0 PXM 0 [mem 0x1000000000-0xffffffffff] hotplug
Client03 Mar  9 12:12:47 Client03 kernel: [    0.112571] ACPI: SRAT: Node 0 PXM 0 [mem 0x10000200000-0x1ffffffffff] hotplug
Client03 Mar  9 12:12:47 Client03 kernel: [    0.116851] ACPI: SRAT: Node 0 PXM 0 [mem 0x20000200000-0x3ffffffffff] hotplug
Client03 Mar  9 12:12:47 Client03 kernel: [    0.121415] NUMA: Node 0 [mem 0x00000000-0x3fffffff] + [mem 0x100000000-0x2bfffffff] -> [mem 0x00000000-0x2bfffffff]
Client03 Mar  9 12:12:47 Client03 kernel: [    0.128713] NODE_DATA(0) allocated [mem 0x2bffd5000-0x2bfffffff]
Client03 Mar  9 12:12:47 Client03 kernel: [    0.132884] Zone ranges:
Client03 Mar  9 12:12:47 Client03 kernel: [    0.134566]   DMA      [mem 0x0000000000001000-0x0000000000ffffff]
Client03 Mar  9 12:12:47 Client03 kernel: [    0.139115]   DMA32    [mem 0x0000000001000000-0x00000000ffffffff]
Client03 Mar  9 12:12:47 Client03 kernel: [    0.142949]   Normal   [mem 0x0000000100000000-0x00000002bfffffff]
Client03 Mar  9 12:12:47 Client03 kernel: [    0.146714]   Device   empty
Client03 Mar  9 12:12:47 Client03 kernel: [    0.148570] Movable zone start for each node
Client03 Mar  9 12:12:47 Client03 kernel: [    0.153238] Early memory node ranges
Client03 Mar  9 12:12:47 Client03 kernel: [    0.155622]   node   0: [mem 0x0000000000001000-0x000000000009efff]
Client03 Mar  9 12:12:47 Client03 kernel: [    0.159675]   node   0: [mem 0x0000000000100000-0x000000003ffeffff]
Client03 Mar  9 12:12:47 Client03 kernel: [    0.163852]   node   0: [mem 0x0000000100000000-0x00000002bfffffff]
Client03 Mar  9 12:12:47 Client03 kernel: [    0.169588] Zeroed struct page in unavailable ranges: 114 pages
Client03 Mar  9 12:12:47 Client03 kernel: [    0.169590] Initmem setup node 0 [mem 0x0000000000001000-0x00000002bfffffff]
Client03 Mar  9 12:12:47 Client03 kernel: [    0.179544] On node 0 totalpages: 2097038
Client03 Mar  9 12:12:47 Client03 kernel: [    0.179545]   DMA zone: 64 pages used for memmap
Client03 Mar  9 12:12:47 Client03 kernel: [    0.179546]   DMA zone: 21 pages reserved
Client03 Mar  9 12:12:47 Client03 kernel: [    0.179547]   DMA zone: 3998 pages, LIFO batch:0
Client03 Mar  9 12:12:47 Client03 kernel: [    0.179693]   DMA32 zone: 4032 pages used for memmap
Client03 Mar  9 12:12:47 Client03 kernel: [    0.179693]   DMA32 zone: 258032 pages, LIFO batch:63
Client03 Mar  9 12:12:47 Client03 kernel: [    0.189843]   Normal zone: 28672 pages used for memmap
Client03 Mar  9 12:12:47 Client03 kernel: [    0.189845]   Normal zone: 1835008 pages, LIFO batch:63
Client03 Mar  9 12:12:47 Client03 kernel: [    0.242804] ACPI: PM-Timer IO Port: 0x408
Client03 Mar  9 12:12:47 Client03 kernel: [    0.245355] ACPI: Local APIC address 0xfee00000
Client03 Mar  9 12:12:47 Client03 kernel: [    0.245366] ACPI: LAPIC_NMI (acpi_id[0xff] dfl dfl lint[0x1])
Client03 Mar  9 12:12:47 Client03 kernel: [    0.249436] IOAPIC[0]: apic_id 0, version 17, address 0xfec00000, GSI 0-23
Client03 Mar  9 12:12:47 Client03 kernel: [    0.253325] ACPI: INT_SRC_OVR (bus 0 bus_irq 0 global_irq 2 dfl dfl)
Client03 Mar  9 12:12:47 Client03 kernel: [    0.256937] ACPI: INT_SRC_OVR (bus 0 bus_irq 9 global_irq 9 high level)
Client03 Mar  9 12:12:47 Client03 kernel: [    0.260884] ACPI: IRQ0 used by override.
Client03 Mar  9 12:12:47 Client03 kernel: [    0.260885] ACPI: IRQ9 used by override.
Client03 Mar  9 12:12:47 Client03 kernel: [    0.260888] Using ACPI (MADT) for SMP configuration information
Client03 Mar  9 12:12:47 Client03 kernel: [    0.264734] smpboot: Allowing 128 CPUs, 126 hotplug CPUs
Client03 Mar  9 12:12:47 Client03 kernel: [    0.267865] PM: Registered nosave memory: [mem 0x00000000-0x00000fff]
Client03 Mar  9 12:12:47 Client03 kernel: [    0.271581] PM: Registered nosave memory: [mem 0x0009f000-0x0009ffff]
Client03 Mar  9 12:12:47 Client03 kernel: [    0.275860] PM: Registered nosave memory: [mem 0x000a0000-0x000dffff]
Client03 Mar  9 12:12:47 Client03 kernel: [    0.279832] PM: Registered nosave memory: [mem 0x000e0000-0x000fffff]
Client03 Mar  9 12:12:47 Client03 kernel: [    0.284201] PM: Registered nosave memory: [mem 0x3fff0000-0x3fffefff]
Client03 Mar  9 12:12:47 Client03 kernel: [    0.288906] PM: Registered nosave memory: [mem 0x3ffff000-0x3fffffff]
Client03 Mar  9 12:12:47 Client03 kernel: [    0.292733] PM: Registered nosave memory: [mem 0x40000000-0xffffffff]
Client03 Mar  9 12:12:47 Client03 kernel: [    0.296750] [mem 0x40000000-0xffffffff] available for PCI devices
Client03 Mar  9 12:12:47 Client03 kernel: [    0.300542] Booting paravirtualized kernel on bare hardware
Client03 Mar  9 12:12:47 Client03 kernel: [    0.310969] clocksource: refined-jiffies: mask: 0xffffffff max_cycles: 0xffffffff, max_idle_ns: 7645519600211568 ns
Client03 Mar  9 12:12:47 Client03 kernel: [    0.318561] random: get_random_bytes called from start_kernel+0x93/0x503 with crng_init=0
Client03 Mar  9 12:12:47 Client03 kernel: [    0.323442] setup_percpu: NR_CPUS:8192 nr_cpumask_bits:128 nr_cpu_ids:128 nr_node_ids:1
Client03 Mar  9 12:12:47 Client03 kernel: [    0.340771] percpu: Embedded 45 pages/cpu s147456 r8192 d28672 u262144
Client03 Mar  9 12:12:47 Client03 kernel: [    0.351277] pcpu-alloc: s147456 r8192 d28672 u262144 alloc=1*2097152
Client03 Mar  9 12:12:47 Client03 kernel: [    0.351278] pcpu-alloc: [0] 000 001 002 003 004 005 006 007 
Client03 Mar  9 12:12:47 Client03 kernel: [    0.351281] pcpu-alloc: [0] 008 009 010 011 012 013 014 015 
Client03 Mar  9 12:12:47 Client03 kernel: [    0.351283] pcpu-alloc: [0] 016 017 018 019 020 021 022 023 
Client03 Mar  9 12:12:47 Client03 kernel: [    0.351285] pcpu-alloc: [0] 024 025 026 027 028 029 030 031 
Client03 Mar  9 12:12:47 Client03 kernel: [    0.351286] pcpu-alloc: [0] 032 033 034 035 036 037 038 039 
Client03 Mar  9 12:12:47 Client03 kernel: [    0.351288] pcpu-alloc: [0] 040 041 042 043 044 045 046 047 
Client03 Mar  9 12:12:47 Client03 kernel: [    0.351290] pcpu-alloc: [0] 048 049 050 051 052 053 054 055 
Client03 Mar  9 12:12:47 Client03 kernel: [    0.351292] pcpu-alloc: [0] 056 057 058 059 060 061 062 063 
Client03 Mar  9 12:12:47 Client03 kernel: [    0.351294] pcpu-alloc: [0] 064 065 066 067 068 069 070 071 
Client03 Mar  9 12:12:47 Client03 kernel: [    0.351295] pcpu-alloc: [0] 072 073 074 075 076 077 078 079 
Client03 Mar  9 12:12:47 Client03 kernel: [    0.351297] pcpu-alloc: [0] 080 081 082 083 084 085 086 087 
Client03 Mar  9 12:12:47 Client03 kernel: [    0.351299] pcpu-alloc: [0] 088 089 090 091 092 093 094 095 
Client03 Mar  9 12:12:47 Client03 kernel: [    0.351301] pcpu-alloc: [0] 096 097 098 099 100 101 102 103 
Client03 Mar  9 12:12:47 Client03 kernel: [    0.351302] pcpu-alloc: [0] 104 105 106 107 108 109 110 111 
Client03 Mar  9 12:12:47 Client03 kernel: [    0.351304] pcpu-alloc: [0] 112 113 114 115 116 117 118 119 
Client03 Mar  9 12:12:47 Client03 kernel: [    0.351306] pcpu-alloc: [0] 120 121 122 123 124 125 126 127 
Client03 Mar  9 12:12:47 Client03 kernel: [    0.351348] Hyper-V: PV spinlocks enabled
Client03 Mar  9 12:12:47 Client03 kernel: [    0.353817] PV qspinlock hash table entries: 512 (order: 1, 8192 bytes)
Client03 Mar  9 12:12:47 Client03 kernel: [    0.357919] Built 1 zonelists, mobility grouping on.  Total pages: 2064249
Client03 Mar  9 12:12:47 Client03 kernel: [    0.362114] Policy zone: Normal
Client03 Mar  9 12:12:47 Client03 kernel: [    0.364038] Kernel command line: BOOT_IMAGE=/boot/vmlinuz-5.0.0-1032-azure root=UUID=5604f71e-1e5f-443c-a99e-b82bb5c201df ro console=tty1 console=ttyS0 earlyprintk=ttyS0 rootdelay=300
Client03 Mar  9 12:12:47 Client03 kernel: [    0.374718] printk: log_buf_len individual max cpu contribution: 4096 bytes
Client03 Mar  9 12:12:47 Client03 kernel: [    0.380275] printk: log_buf_len total cpu_extra contributions: 520192 bytes
Client03 Mar  9 12:12:47 Client03 kernel: [    0.385798] printk: log_buf_len min size: 262144 bytes
Client03 Mar  9 12:12:47 Client03 kernel: [    0.389414] printk: log_buf_len: 1048576 bytes
Client03 Mar  9 12:12:47 Client03 kernel: [    0.392043] printk: early log buf free: 251912(96%)
Client03 Mar  9 12:12:47 Client03 kernel: [    0.409532] Calgary: detecting Calgary via BIOS EBDA area
Client03 Mar  9 12:12:47 Client03 kernel: [    0.409534] Calgary: Unable to locate Rio Grande table in EBDA - bailing!
Client03 Mar  9 12:12:47 Client03 kernel: [    0.435732] Memory: 8118156K/8388152K available (12292K kernel code, 2233K rwdata, 3944K rodata, 2360K init, 5524K bss, 269996K reserved, 0K cma-reserved)
Client03 Mar  9 12:12:47 Client03 kernel: [    0.444706] SLUB: HWalign=64, Order=0-3, MinObjects=0, CPUs=128, Nodes=1
Client03 Mar  9 12:12:47 Client03 kernel: [    0.448614] Kernel/User page tables isolation: enabled
Client03 Mar  9 12:12:47 Client03 kernel: [    0.451574] ftrace: allocating 38709 entries in 152 pages
Client03 Mar  9 12:12:47 Client03 kernel: [    0.472194] rcu: Hierarchical RCU implementation.
Client03 Mar  9 12:12:47 Client03 kernel: [    0.574165] rcu: 	RCU restricting CPUs from NR_CPUS=8192 to nr_cpu_ids=128.
Client03 Mar  9 12:12:47 Client03 kernel: [    0.578256] 	Tasks RCU enabled.
Client03 Mar  9 12:12:47 Client03 kernel: [    0.580149] rcu: RCU calculated value of scheduler-enlistment delay is 25 jiffies.
Client03 Mar  9 12:12:47 Client03 kernel: [    0.586918] rcu: Adjusting geometry for rcu_fanout_leaf=16, nr_cpu_ids=128
Client03 Mar  9 12:12:47 Client03 kernel: [    0.594354] NR_IRQS: 524544, nr_irqs: 1448, preallocated irqs: 16
Client03 Mar  9 12:12:47 Client03 kernel: [    0.604193] Console: colour VGA+ 80x25
Client03 Mar  9 12:12:47 Client03 kernel: [    1.129966] printk: console [tty1] enabled
Client03 Mar  9 12:12:47 Client03 kernel: [    1.133000] printk: console [ttyS0] enabled
Client03 Mar  9 12:12:47 Client03 kernel: [    1.139258] printk: bootconsole [earlyser0] disabled
Client03 Mar  9 12:12:47 Client03 kernel: [    1.146753] ACPI: Core revision 20181213
Client03 Mar  9 12:12:47 Client03 kernel: [    1.149691] APIC: Switch to symmetric I/O mode setup
Client03 Mar  9 12:12:47 Client03 kernel: [    1.153801] Switched APIC routing to physical flat.
Client03 Mar  9 12:12:47 Client03 kernel: [    1.157242] Hyper-V: Using IPI hypercalls
Client03 Mar  9 12:12:47 Client03 kernel: [    1.160110] Hyper-V: Using enlightened APIC (xapic mode)
Client03 Mar  9 12:12:47 Client03 kernel: [    1.160122] clocksource: hyperv_clocksource_tsc_page: mask: 0xffffffffffffffff max_cycles: 0x24e6a1710, max_idle_ns: 440795202120 ns
Client03 Mar  9 12:12:47 Client03 kernel: [    1.200266] Calibrating delay loop (skipped), value calculated using timer frequency.. 4589.37 BogoMIPS (lpj=9178756)
Client03 Mar  9 12:12:47 Client03 kernel: [    1.204252] pid_max: default: 131072 minimum: 1024
Client03 Mar  9 12:12:47 Client03 kernel: [    1.204252] LSM: Security Framework initializing
Client03 Mar  9 12:12:47 Client03 kernel: [    1.204252] Yama: becoming mindful.
Client03 Mar  9 12:12:47 Client03 kernel: [    1.204252] AppArmor: AppArmor initialized
Client03 Mar  9 12:12:47 Client03 kernel: [    1.204252] Dentry cache hash table entries: 1048576 (order: 11, 8388608 bytes)
Client03 Mar  9 12:12:47 Client03 kernel: [    1.204252] Inode-cache hash table entries: 524288 (order: 10, 4194304 bytes)
Client03 Mar  9 12:12:47 Client03 kernel: [    1.204252] Mount-cache hash table entries: 16384 (order: 5, 131072 bytes)
Client03 Mar  9 12:12:47 Client03 kernel: [    1.204252] Mountpoint-cache hash table entries: 16384 (order: 5, 131072 bytes)
Client03 Mar  9 12:12:47 Client03 kernel: [    1.204252] Last level iTLB entries: 4KB 64, 2MB 8, 4MB 8
Client03 Mar  9 12:12:47 Client03 kernel: [    1.204252] Last level dTLB entries: 4KB 64, 2MB 0, 4MB 0, 1GB 4
Client03 Mar  9 12:12:47 Client03 kernel: [    1.204252] Spectre V1 : Mitigation: usercopy/swapgs barriers and __user pointer sanitization
Client03 Mar  9 12:12:47 Client03 kernel: [    1.204252] Spectre V2 : Mitigation: Full generic retpoline
Client03 Mar  9 12:12:47 Client03 kernel: [    1.204252] Spectre V2 : Spectre v2 / SpectreRSB mitigation: Filling RSB on context switch
Client03 Mar  9 12:12:47 Client03 kernel: [    1.204252] Speculative Store Bypass: Vulnerable
Client03 Mar  9 12:12:47 Client03 kernel: [    1.204252] TAA: Mitigation: Clear CPU buffers
Client03 Mar  9 12:12:47 Client03 kernel: [    1.204252] MDS: Mitigation: Clear CPU buffers
Client03 Mar  9 12:12:47 Client03 kernel: [    1.204252] Freeing SMP alternatives memory: 36K
Client03 Mar  9 12:12:47 Client03 kernel: [    1.204252] smpboot: CPU0: Intel(R) Xeon(R) CPU E5-2673 v4 @ 2.30GHz (family: 0x6, model: 0x4f, stepping: 0x1)
Client03 Mar  9 12:12:47 Client03 kernel: [    1.204488] Performance Events: unsupported p6 CPU model 79 no PMU driver, software events only.
Client03 Mar  9 12:12:47 Client03 kernel: [    1.208302] rcu: Hierarchical SRCU implementation.
Client03 Mar  9 12:12:47 Client03 kernel: [    1.212554] random: crng done (trusting CPU's manufacturer)
Client03 Mar  9 12:12:47 Client03 kernel: [    1.216254] NMI watchdog: Perf NMI watchdog permanently disabled
Client03 Mar  9 12:12:47 Client03 kernel: [    1.221680] smp: Bringing up secondary CPUs ...
Client03 Mar  9 12:12:47 Client03 kernel: [    1.224431] x86: Booting SMP configuration:
Client03 Mar  9 12:12:47 Client03 kernel: [    1.227267] .... node  #0, CPUs:          #1
Client03 Mar  9 12:12:47 Client03 kernel: [    1.232266] MDS CPU bug present and SMT on, data leak possible. See https://www.kernel.org/doc/html/latest/admin-guide/hw-vuln/mds.html for more details.
Client03 Mar  9 12:12:47 Client03 kernel: [    1.236258] TAA CPU bug present and SMT on, data leak possible. See https://www.kernel.org/doc/html/latest/admin-guide/hw-vuln/tsx_async_abort.html for more details.
Client03 Mar  9 12:12:47 Client03 kernel: [    1.240258] smp: Brought up 1 node, 2 CPUs
Client03 Mar  9 12:12:47 Client03 kernel: [    1.244254] smpboot: Max logical packages: 64
Client03 Mar  9 12:12:47 Client03 kernel: [    1.248256] smpboot: Total of 2 processors activated (9178.75 BogoMIPS)
Client03 Mar  9 12:12:47 Client03 kernel: [    1.253103] devtmpfs: initialized
Client03 Mar  9 12:12:47 Client03 kernel: [    1.256362] x86/mm: Memory block size: 128MB
Client03 Mar  9 12:12:47 Client03 kernel: [    1.265211] PM: Registering ACPI NVS region [mem 0x3ffff000-0x3fffffff] (4096 bytes)
Client03 Mar  9 12:12:47 Client03 kernel: [    1.272400] clocksource: jiffies: mask: 0xffffffff max_cycles: 0xffffffff, max_idle_ns: 7645041785100000 ns
Client03 Mar  9 12:12:47 Client03 kernel: [    1.276333] futex hash table entries: 32768 (order: 9, 2097152 bytes)
Client03 Mar  9 12:12:47 Client03 kernel: [    1.281091] pinctrl core: initialized pinctrl subsystem
Client03 Mar  9 12:12:47 Client03 kernel: [    1.284882] RTC time: 12:12:11, date: 2020-03-09
Client03 Mar  9 12:12:47 Client03 kernel: [    1.288614] NET: Registered protocol family 16
Client03 Mar  9 12:12:47 Client03 kernel: [    1.292356] audit: initializing netlink subsys (disabled)
Client03 Mar  9 12:12:47 Client03 kernel: [    1.296297] audit: type=2000 audit(1583755930.096:1): state=initialized audit_enabled=0 res=1
Client03 Mar  9 12:12:47 Client03 kernel: [    1.296319] EISA bus registered
Client03 Mar  9 12:12:47 Client03 kernel: [    1.304289] cpuidle: using governor ladder
Client03 Mar  9 12:12:47 Client03 kernel: [    1.308275] cpuidle: using governor menu
Client03 Mar  9 12:12:47 Client03 kernel: [    1.316363] ACPI: bus type PCI registered
Client03 Mar  9 12:12:47 Client03 kernel: [    1.319656] acpiphp: ACPI Hot Plug PCI Controller Driver version: 0.5
Client03 Mar  9 12:12:47 Client03 kernel: [    1.324843] PCI: Using configuration type 1 for base access
Client03 Mar  9 12:12:47 Client03 kernel: [    1.333472] HugeTLB registered 1.00 GiB page size, pre-allocated 0 pages
Client03 Mar  9 12:12:47 Client03 kernel: [    1.336263] HugeTLB registered 2.00 MiB page size, pre-allocated 0 pages
Client03 Mar  9 12:12:47 Client03 kernel: [    1.344490] ACPI: Added _OSI(Module Device)
Client03 Mar  9 12:12:47 Client03 kernel: [    1.348260] ACPI: Added _OSI(Processor Device)
Client03 Mar  9 12:12:47 Client03 kernel: [    1.348263] ACPI: Added _OSI(3.0 _SCP Extensions)
Client03 Mar  9 12:12:47 Client03 kernel: [    1.352256] ACPI: Added _OSI(Processor Aggregator Device)
Client03 Mar  9 12:12:47 Client03 kernel: [    1.356256] ACPI: Added _OSI(Linux-Dell-Video)
Client03 Mar  9 12:12:47 Client03 kernel: [    1.359638] ACPI: Added _OSI(Linux-Lenovo-NV-HDMI-Audio)
Client03 Mar  9 12:12:47 Client03 kernel: [    1.364255] ACPI: Added _OSI(Linux-HPI-Hybrid-Graphics)
Client03 Mar  9 12:12:47 Client03 kernel: [    1.369844] ACPI: 1 ACPI AML tables successfully acquired and loaded
Client03 Mar  9 12:12:47 Client03 kernel: [    1.377951] ACPI: Interpreter enabled
Client03 Mar  9 12:12:47 Client03 kernel: [    1.388269] ACPI: (supports S0 S5)
Client03 Mar  9 12:12:47 Client03 kernel: [    1.388269] ACPI: Using IOAPIC for interrupt routing
Client03 Mar  9 12:12:47 Client03 kernel: [    1.392294] PCI: Using host bridge windows from ACPI; if necessary, use "pci=nocrs" and report a bug
Client03 Mar  9 12:12:47 Client03 kernel: [    1.400616] ACPI: Enabled 1 GPEs in block 00 to 0F
Client03 Mar  9 12:12:47 Client03 kernel: [    1.424790] ACPI: PCI Root Bridge [PCI0] (domain 0000 [bus 00-ff])
Client03 Mar  9 12:12:47 Client03 kernel: [    1.432259] acpi PNP0A03:00: _OSC: OS supports [ASPM ClockPM Segments MSI]
Client03 Mar  9 12:12:47 Client03 kernel: [    1.436270] acpi PNP0A03:00: fail to add MMCONFIG information, can't access extended PCI configuration space under this bridge.
Client03 Mar  9 12:12:47 Client03 kernel: [    1.444443] PCI host bridge to bus 0000:00
Client03 Mar  9 12:12:47 Client03 kernel: [    1.448256] pci_bus 0000:00: root bus resource [mem 0xfe0000000-0xfffffffff window]
Client03 Mar  9 12:12:47 Client03 kernel: [    1.452258] pci_bus 0000:00: root bus resource [io  0x0000-0x0cf7 window]
Client03 Mar  9 12:12:47 Client03 kernel: [    1.456267] pci_bus 0000:00: root bus resource [io  0x0d00-0xffff window]
Client03 Mar  9 12:12:47 Client03 kernel: [    1.464257] pci_bus 0000:00: root bus resource [mem 0x000a0000-0x000bffff window]
Client03 Mar  9 12:12:47 Client03 kernel: [    1.472257] pci_bus 0000:00: root bus resource [mem 0x40000000-0xfffbffff window]
Client03 Mar  9 12:12:47 Client03 kernel: [    1.484260] pci_bus 0000:00: root bus resource [bus 00-ff]
Client03 Mar  9 12:12:47 Client03 kernel: [    1.488463] pci 0000:00:00.0: [8086:7192] type 00 class 0x060000
Client03 Mar  9 12:12:47 Client03 kernel: [    1.493062] pci 0000:00:07.0: [8086:7110] type 00 class 0x060100
Client03 Mar  9 12:12:47 Client03 kernel: [    1.499305] pci 0000:00:07.1: [8086:7111] type 00 class 0x010180
Client03 Mar  9 12:12:47 Client03 kernel: [    1.502125] pci 0000:00:07.1: reg 0x20: [io  0xffa0-0xffaf]
Client03 Mar  9 12:12:47 Client03 kernel: [    1.503429] pci 0000:00:07.1: legacy IDE quirk: reg 0x10: [io  0x01f0-0x01f7]
Client03 Mar  9 12:12:47 Client03 kernel: [    1.512257] pci 0000:00:07.1: legacy IDE quirk: reg 0x14: [io  0x03f6]
Client03 Mar  9 12:12:47 Client03 kernel: [    1.516256] pci 0000:00:07.1: legacy IDE quirk: reg 0x18: [io  0x0170-0x0177]
Client03 Mar  9 12:12:47 Client03 kernel: [    1.524256] pci 0000:00:07.1: legacy IDE quirk: reg 0x1c: [io  0x0376]
Client03 Mar  9 12:12:47 Client03 kernel: [    1.528299] pci 0000:00:07.3: [8086:7113] type 00 class 0x068000
Client03 Mar  9 12:12:47 Client03 kernel: [    1.528334] * Found PM-Timer Bug on the chipset. Due to workarounds for a bug,
Client03 Mar  9 12:12:47 Client03 kernel: [    1.528334] * this clock source is slow. Consider trying other clock sources
Client03 Mar  9 12:12:47 Client03 kernel: [    1.540261] pci 0000:00:07.3: acpi_pm_check_blacklist+0x0/0x40 took 11718 usecs
Client03 Mar  9 12:12:47 Client03 kernel: [    1.549057] pci 0000:00:07.3: quirk: [io  0x0400-0x043f] claimed by PIIX4 ACPI
Client03 Mar  9 12:12:47 Client03 kernel: [    1.557411] pci 0000:00:08.0: [1414:5353] type 00 class 0x030000
Client03 Mar  9 12:12:47 Client03 kernel: [    1.558029] pci 0000:00:08.0: reg 0x10: [mem 0xf8000000-0xfbffffff]
Client03 Mar  9 12:12:47 Client03 kernel: [    1.603022] ACPI: PCI Interrupt Link [LNKA] (IRQs 3 4 5 7 9 10 *11 12 14 15)
Client03 Mar  9 12:12:47 Client03 kernel: [    1.612485] ACPI: PCI Interrupt Link [LNKB] (IRQs 3 4 5 7 9 10 11 12 14 15) *0, disabled.
Client03 Mar  9 12:12:47 Client03 kernel: [    1.620579] ACPI: PCI Interrupt Link [LNKC] (IRQs 3 4 5 7 9 10 11 12 14 15) *0, disabled.
Client03 Mar  9 12:12:47 Client03 kernel: [    1.628528] ACPI: PCI Interrupt Link [LNKD] (IRQs 3 4 5 7 9 10 11 12 14 15) *0, disabled.
Client03 Mar  9 12:12:47 Client03 kernel: [    1.636681] SCSI subsystem initialized
Client03 Mar  9 12:12:47 Client03 kernel: [    1.640326] libata version 3.00 loaded.
Client03 Mar  9 12:12:47 Client03 kernel: [    1.640415] pci 0000:00:08.0: vgaarb: setting as boot VGA device
Client03 Mar  9 12:12:47 Client03 kernel: [    1.644252] pci 0000:00:08.0: vgaarb: VGA device added: decodes=io+mem,owns=io+mem,locks=none
Client03 Mar  9 12:12:47 Client03 kernel: [    1.644256] pci 0000:00:08.0: vgaarb: bridge control possible
Client03 Mar  9 12:12:47 Client03 kernel: [    1.648255] vgaarb: loaded
Client03 Mar  9 12:12:47 Client03 kernel: [    1.652316] pps_core: LinuxPPS API ver. 1 registered
Client03 Mar  9 12:12:47 Client03 kernel: [    1.656254] pps_core: Software ver. 5.3.6 - Copyright 2005-2007 Rodolfo Giometti <giometti@linux.it>
Client03 Mar  9 12:12:47 Client03 kernel: [    1.660266] PTP clock support registered
Client03 Mar  9 12:12:47 Client03 kernel: [    1.663429] EDAC MC: Ver: 3.0.0
Client03 Mar  9 12:12:47 Client03 kernel: [    1.664405] hv_vmbus: Vmbus version:4.0
Client03 Mar  9 12:12:47 Client03 kernel: [    1.667007] PCI: Using ACPI for IRQ routing
Client03 Mar  9 12:12:47 Client03 kernel: [    1.676261] PCI: pci_cache_line_size set to 64 bytes
Client03 Mar  9 12:12:47 Client03 kernel: [    1.677107] e820: reserve RAM buffer [mem 0x0009fc00-0x0009ffff]
Client03 Mar  9 12:12:47 Client03 kernel: [    1.677109] e820: reserve RAM buffer [mem 0x3fff0000-0x3fffffff]
Client03 Mar  9 12:12:47 Client03 kernel: [    1.677533] NetLabel: Initializing
Client03 Mar  9 12:12:47 Client03 kernel: [    1.680256] NetLabel:  domain hash size = 128
Client03 Mar  9 12:12:47 Client03 kernel: [    1.684255] NetLabel:  protocols = UNLABELED CIPSOv4 CALIPSO
Client03 Mar  9 12:12:47 Client03 kernel: [    1.692285] NetLabel:  unlabeled traffic allowed by default
Client03 Mar  9 12:12:47 Client03 kernel: [    1.700336] clocksource: Switched to clocksource hyperv_clocksource_tsc_page
Client03 Mar  9 12:12:47 Client03 kernel: [    1.723265] VFS: Disk quotas dquot_6.6.0
Client03 Mar  9 12:12:47 Client03 kernel: [    1.727486] VFS: Dquot-cache hash table entries: 512 (order 0, 4096 bytes)
Client03 Mar  9 12:12:47 Client03 kernel: [    1.735043] AppArmor: AppArmor Filesystem Enabled
Client03 Mar  9 12:12:47 Client03 kernel: [    1.738844] pnp: PnP ACPI init
Client03 Mar  9 12:12:47 Client03 kernel: [    1.741505] pnp 00:00: Plug and Play ACPI device, IDs PNP0b00 (active)
Client03 Mar  9 12:12:47 Client03 kernel: [    1.741587] pnp 00:01: Plug and Play ACPI device, IDs PNP0303 PNP030b (active)
Client03 Mar  9 12:12:47 Client03 kernel: [    1.741639] pnp 00:02: Plug and Play ACPI device, IDs PNP0f03 PNP0f13 (active)
Client03 Mar  9 12:12:47 Client03 kernel: [    1.742459] pnp 00:03: [dma 0 disabled]
Client03 Mar  9 12:12:47 Client03 kernel: [    1.742484] pnp 00:03: Plug and Play ACPI device, IDs PNP0501 (active)
Client03 Mar  9 12:12:47 Client03 kernel: [    1.743218] pnp 00:04: [dma 0 disabled]
Client03 Mar  9 12:12:47 Client03 kernel: [    1.743241] pnp 00:04: Plug and Play ACPI device, IDs PNP0501 (active)
Client03 Mar  9 12:12:47 Client03 kernel: [    1.744123] pnp 00:05: [dma 2]
Client03 Mar  9 12:12:47 Client03 kernel: [    1.744162] pnp 00:05: Plug and Play ACPI device, IDs PNP0700 (active)
Client03 Mar  9 12:12:47 Client03 kernel: [    1.744203] system 00:06: [io  0x01e0-0x01ef] has been reserved
Client03 Mar  9 12:12:47 Client03 kernel: [    1.748329] system 00:06: [io  0x0160-0x016f] has been reserved
Client03 Mar  9 12:12:47 Client03 kernel: [    1.754567] system 00:06: [io  0x0278-0x027f] has been reserved
Client03 Mar  9 12:12:47 Client03 kernel: [    1.758602] system 00:06: [io  0x0378-0x037f] has been reserved
Client03 Mar  9 12:12:47 Client03 kernel: [    1.762752] system 00:06: [io  0x0678-0x067f] has been reserved
Client03 Mar  9 12:12:47 Client03 kernel: [    1.766859] system 00:06: [io  0x0778-0x077f] has been reserved
Client03 Mar  9 12:12:47 Client03 kernel: [    1.771132] system 00:06: [io  0x04d0-0x04d1] has been reserved
Client03 Mar  9 12:12:47 Client03 kernel: [    1.775296] system 00:06: Plug and Play ACPI device, IDs PNP0c02 (active)
Client03 Mar  9 12:12:47 Client03 kernel: [    1.775452] system 00:07: [io  0x0400-0x043f] has been reserved
Client03 Mar  9 12:12:47 Client03 kernel: [    1.780657] system 00:07: [io  0x0370-0x0371] has been reserved
Client03 Mar  9 12:12:47 Client03 kernel: [    1.785750] system 00:07: [io  0x0440-0x044f] has been reserved
Client03 Mar  9 12:12:47 Client03 kernel: [    1.794741] system 00:07: [mem 0xfec00000-0xfec00fff] could not be reserved
Client03 Mar  9 12:12:47 Client03 kernel: [    1.799388] system 00:07: [mem 0xfee00000-0xfee00fff] has been reserved
Client03 Mar  9 12:12:47 Client03 kernel: [    1.806422] system 00:07: Plug and Play ACPI device, IDs PNP0c02 (active)
Client03 Mar  9 12:12:47 Client03 kernel: [    1.806604] system 00:08: [mem 0x00000000-0x0009ffff] could not be reserved
Client03 Mar  9 12:12:47 Client03 kernel: [    1.811646] system 00:08: [mem 0x000c0000-0x000dffff] could not be reserved
Client03 Mar  9 12:12:47 Client03 kernel: [    1.816319] system 00:08: [mem 0x000e0000-0x000fffff] could not be reserved
Client03 Mar  9 12:12:47 Client03 kernel: [    1.821318] system 00:08: [mem 0x00100000-0x3fffffff] could not be reserved
Client03 Mar  9 12:12:47 Client03 kernel: [    1.826212] system 00:08: [mem 0xfffc0000-0xffffffff] has been reserved
Client03 Mar  9 12:12:47 Client03 kernel: [    1.830819] system 00:08: Plug and Play ACPI device, IDs PNP0c01 (active)
Client03 Mar  9 12:12:47 Client03 kernel: [    1.831109] pnp: PnP ACPI: found 9 devices
Client03 Mar  9 12:12:47 Client03 kernel: [    1.842254] clocksource: acpi_pm: mask: 0xffffff max_cycles: 0xffffff, max_idle_ns: 2085701024 ns
Client03 Mar  9 12:12:47 Client03 kernel: [    1.851677] pci_bus 0000:00: resource 4 [mem 0xfe0000000-0xfffffffff window]
Client03 Mar  9 12:12:47 Client03 kernel: [    1.851679] pci_bus 0000:00: resource 5 [io  0x0000-0x0cf7 window]
Client03 Mar  9 12:12:47 Client03 kernel: [    1.851680] pci_bus 0000:00: resource 6 [io  0x0d00-0xffff window]
Client03 Mar  9 12:12:47 Client03 kernel: [    1.851682] pci_bus 0000:00: resource 7 [mem 0x000a0000-0x000bffff window]
Client03 Mar  9 12:12:47 Client03 kernel: [    1.851683] pci_bus 0000:00: resource 8 [mem 0x40000000-0xfffbffff window]
Client03 Mar  9 12:12:47 Client03 kernel: [    1.851824] NET: Registered protocol family 2
Client03 Mar  9 12:12:47 Client03 kernel: [    1.858460] tcp_listen_portaddr_hash hash table entries: 4096 (order: 4, 65536 bytes)
Client03 Mar  9 12:12:47 Client03 kernel: [    1.864585] TCP established hash table entries: 65536 (order: 7, 524288 bytes)
Client03 Mar  9 12:12:47 Client03 kernel: [    1.870514] TCP bind hash table entries: 65536 (order: 8, 1048576 bytes)
Client03 Mar  9 12:12:47 Client03 kernel: [    1.875627] TCP: Hash tables configured (established 65536 bind 65536)
Client03 Mar  9 12:12:47 Client03 kernel: [    1.880477] UDP hash table entries: 4096 (order: 5, 131072 bytes)
Client03 Mar  9 12:12:47 Client03 kernel: [    1.885198] UDP-Lite hash table entries: 4096 (order: 5, 131072 bytes)
Client03 Mar  9 12:12:47 Client03 kernel: [    1.890333] NET: Registered protocol family 1
Client03 Mar  9 12:12:47 Client03 kernel: [    1.893900] NET: Registered protocol family 44
Client03 Mar  9 12:12:47 Client03 kernel: [    1.897705] pci 0000:00:00.0: Limiting direct PCI/PCI transfers
Client03 Mar  9 12:12:47 Client03 kernel: [    1.902056] pci 0000:00:08.0: Video device with shadowed ROM at [mem 0x000c0000-0x000dffff]
Client03 Mar  9 12:12:47 Client03 kernel: [    1.908429] PCI: CLS 0 bytes, default 64
Client03 Mar  9 12:12:47 Client03 kernel: [    1.908474] Unpacking initramfs...
Client03 Mar  9 12:12:47 Client03 kernel: [    2.236191] Freeing initrd memory: 19648K
Client03 Mar  9 12:12:47 Client03 kernel: [    2.239497] PCI-DMA: Using software bounce buffering for IO (SWIOTLB)
Client03 Mar  9 12:12:47 Client03 kernel: [    2.244930] software IO TLB: mapped [mem 0x3bff0000-0x3fff0000] (64MB)
Client03 Mar  9 12:12:47 Client03 kernel: [    2.253919] check: Scanning for low memory corruption every 60 seconds
Client03 Mar  9 12:12:47 Client03 kernel: [    2.261892] Initialise system trusted keyrings
Client03 Mar  9 12:12:47 Client03 kernel: [    2.266029] Key type blacklist registered
Client03 Mar  9 12:12:47 Client03 kernel: [    2.269929] workingset: timestamp_bits=36 max_order=21 bucket_order=0
Client03 Mar  9 12:12:47 Client03 kernel: [    2.276013] zbud: loaded
Client03 Mar  9 12:12:47 Client03 kernel: [    2.278957] squashfs: version 4.0 (2009/01/31) Phillip Lougher
Client03 Mar  9 12:12:47 Client03 kernel: [    2.283648] fuse init (API version 7.28)
Client03 Mar  9 12:12:47 Client03 kernel: [    2.325148] Key type asymmetric registered
Client03 Mar  9 12:12:47 Client03 kernel: [    2.328596] Asymmetric key parser 'x509' registered
Client03 Mar  9 12:12:47 Client03 kernel: [    2.332283] Block layer SCSI generic (bsg) driver version 0.4 loaded (major 243)
Client03 Mar  9 12:12:47 Client03 kernel: [    2.337571] shpchp: Standard Hot Plug PCI Controller Driver version: 0.4
Client03 Mar  9 12:12:47 Client03 kernel: [    2.342392] intel_idle: Please enable MWAIT in BIOS SETUP
Client03 Mar  9 12:12:47 Client03 kernel: [    2.342548] input: Power Button as /devices/LNXSYSTM:00/LNXPWRBN:00/input/input0
Client03 Mar  9 12:12:47 Client03 kernel: [    2.350760] ACPI: Power Button [PWRF]
Client03 Mar  9 12:12:47 Client03 kernel: [    2.354103] Serial: 8250/16550 driver, 32 ports, IRQ sharing enabled
Client03 Mar  9 12:12:47 Client03 kernel: [    2.388168] 00:03: ttyS0 at I/O 0x3f8 (irq = 4, base_baud = 115200) is a 16550A
Client03 Mar  9 12:12:47 Client03 kernel: [    2.421491] 00:04: ttyS1 at I/O 0x2f8 (irq = 3, base_baud = 115200) is a 16550A
Client03 Mar  9 12:12:47 Client03 kernel: [    2.428484] Linux agpgart interface v0.103
Client03 Mar  9 12:12:47 Client03 kernel: [    2.448605] loop: module loaded
Client03 Mar  9 12:12:47 Client03 kernel: [    2.452741] hv_vmbus: registering driver hv_storvsc
Client03 Mar  9 12:12:47 Client03 kernel: [    2.456678] ata_piix 0000:00:07.1: version 2.13
Client03 Mar  9 12:12:47 Client03 kernel: [    2.457050] ata_piix 0000:00:07.1: Hyper-V Virtual Machine detected, ATA device ignore set
Client03 Mar  9 12:12:47 Client03 kernel: [    2.459369] scsi host0: storvsc_host_t
Client03 Mar  9 12:12:47 Client03 kernel: [    2.475942] scsi host1: ata_piix
Client03 Mar  9 12:12:47 Client03 kernel: [    2.482688] scsi 0:0:0:0: Direct-Access     Msft     Virtual Disk     1.0  PQ: 0 ANSI: 5
Client03 Mar  9 12:12:47 Client03 kernel: [    2.494618] scsi host2: ata_piix
Client03 Mar  9 12:12:47 Client03 kernel: [    2.497258] ata1: PATA max UDMA/33 cmd 0x1f0 ctl 0x3f6 bmdma 0xffa0 irq 14
Client03 Mar  9 12:12:47 Client03 kernel: [    2.502099] ata2: PATA max UDMA/33 cmd 0x170 ctl 0x376 bmdma 0xffa8 irq 15
Client03 Mar  9 12:12:47 Client03 kernel: [    2.513633] sd 0:0:0:0: Attached scsi generic sg0 type 0
Client03 Mar  9 12:12:47 Client03 kernel: [    2.516763] sd 0:0:0:0: [sda] 62916608 512-byte logical blocks: (32.2 GB/30.0 GiB)
Client03 Mar  9 12:12:47 Client03 kernel: [    2.530126] libphy: Fixed MDIO Bus: probed
Client03 Mar  9 12:12:47 Client03 kernel: [    2.538119] sd 0:0:0:0: [sda] 4096-byte physical blocks
Client03 Mar  9 12:12:47 Client03 kernel: [    2.543579] tun: Universal TUN/TAP device driver, 1.6
Client03 Mar  9 12:12:47 Client03 kernel: [    2.550701] sd 0:0:0:0: [sda] Write Protect is off
Client03 Mar  9 12:12:47 Client03 kernel: [    2.555413] PPP generic driver version 2.4.2
Client03 Mar  9 12:12:47 Client03 kernel: [    2.560290] sd 0:0:0:0: [sda] Mode Sense: 0f 00 10 00
Client03 Mar  9 12:12:47 Client03 kernel: [    2.560595] sd 0:0:0:0: [sda] Write cache: enabled, read cache: enabled, supports DPO and FUA
Client03 Mar  9 12:12:47 Client03 kernel: [    2.574880] i8042: PNP: PS/2 Controller [PNP0303:PS2K,PNP0f03:PS2M] at 0x60,0x64 irq 1,12
Client03 Mar  9 12:12:47 Client03 kernel: [    2.594093] scsi host3: storvsc_host_t
Client03 Mar  9 12:12:47 Client03 kernel: [    2.602485] serio: i8042 KBD port at 0x60,0x64 irq 1
